✔ physical scale 150/170 and common baseline (6.854709ms)
✔ physical scale 170/170 and common baseline (0.543833ms)
✔ physical scale 187/170 and common baseline (0.23825ms)
✔ absent invalid and zero artwork do not invent renderer or images (32.4765ms)
✔ null RECOMMENDED never creates a ski (0.342708ms)
✔ null SHORTER never creates a ski (0.217583ms)
✔ null LONGER never creates a ski (0.142667ms)
✔ missing avatar omits only that layer (3.851375ms)
✔ missing boot omits only that layer (0.239583ms)
✔ missing jacket omits only that layer (2.291959ms)
✔ missing pants omits only that layer (0.175459ms)
✔ missing ski does not synthesize a product (36.512291ms)
✔ APPEARANCE_1 is presentation only (3.225583ms)
✔ APPEARANCE_2 is presentation only (8.817958ms)
✔ GENERIC_REFERENCE carries no model-name alt (4.388667ms)
✔ EXACT_PROMISE carries no model-name alt (2.174166ms)
✔ WEAR preserves overlays without any ski ratio (3.3705ms)
✔ SNOWBOARD mapper supplies no renderer payload (0.094416ms)
✔ invalid physical numbers and mismatched ratio are unavailable (0.202292ms)
✔ normalized overlay placement is deterministic; no mutation or business callbacks (2.089542ms)
✔ bilingual measurements and full disclaimer meaning are textual (1.495042ms)
✔ unsafe refs and nonaligned physical anchors do not become image URLs (0.482625ms)
✔ generated WebP alpha fixtures obey all five canonical artboards and physical bounds (213.299125ms)
✔ guest renderer uses only scoped same-origin image paths, never staff URLs or free hosts (2.101834ms)
✔ invalid guest scope cannot fall back to less restrictive staff image paths (0.11725ms)
✔ Avatar zero visuals leaves exact business object unchanged (1.01825ms)
✔ Avatar all inactive leaves exact business object unchanged (0.147041ms)
✔ Avatar rights denied leaves exact business object unchanged (0.112125ms)
✔ Avatar copies all three exact offered lengths and ratios, without changing selection/price/checks (0.1905ms)
✔ REGULAR never acquires a model guarantee even if a model photo/legacy promise is present (0.143667ms)
✔ PREMIUM uses only exact model/season/variant/length promise; mismatches use permitted generic (0.154ms)
✔ missing candidate stays null and cannot be fabricated by a generic fallback (0.06025ms)
✔ invalid height null produces no visualization/ratio (0.04775ms)
✔ invalid height 0 produces no visualization/ratio (0.041583ms)
✔ invalid height -1 produces no visualization/ratio (0.071041ms)
✔ invalid height NaN produces no visualization/ratio (0.048083ms)
✔ invalid height Infinity produces no visualization/ratio (0.029667ms)
✔ invalid candidate length 0 is not corrected to another size (0.056708ms)
✔ invalid candidate length -1 is not corrected to another size (0.03225ms)
✔ invalid candidate length NaN is not corrected to another size (0.029917ms)
✔ invalid candidate length Infinity is not corrected to another size (0.029166ms)
✔ WEAR-only has no ski ratios and illustrates only existing wear layers (0.083ms)
✔ SNOWBOARD is never mapped to ski visualization or queried (0.051ms)
✔ appearance is optional presentation and unknown types never choose a body (0.108959ms)
✔ expired/invalid rights timestamp 2034-12-31T00:00:00Z excludes fallback (0.038375ms)
✔ expired/invalid rights timestamp 2035-01-01T00:00:00Z excludes fallback (0.031875ms)
✔ expired/invalid rights timestamp invalid excludes fallback (0.024333ms)
✔ ambiguous generic defaults are refused and mapper output is deterministic across metadata order (0.078833ms)
✔ visual DB failure preserves business result; authorization/business errors remain errors before visual read (0.236292ms)
✔ a mismatched profile never supplies another member visualization (0.030125ms)
✔ frozen R15 hosted runner still refuses the extended plan before any DB operation (7.506417ms)
✔ non-finite ratios cannot create a body-only visualization of an invalid ski input (0.103209ms)
✔ visual fallback preserves price/business errors and labels optional generic layers (0.262667ms)
✔ private release plans exact revisions and applies complete manifest/current/audit/outbox result atomically in fixture (9.809292ms)
✔ stale draft, current pointer, media checksum or expired rights cannot reuse a prior validation (3.269666ms)
✔ no partial release or hidden language fallback; internal/unprocessed photos and stale translation reject (1.098333ms)
✔ restore creates a new private release and rechecks current rights/commercial mapping; never rewrites history (0.409125ms)
✔ server-stored bulk plan commits good targets and preserves invalid ones; idempotent response loss does not repeat revisions (18.286083ms)
✔ two editors of same revision: only one commits; old immutable content remains (1.18475ms)
✔ revocation after lock wait stops a previously authorized edit and replay (0.1965ms)
✔ release current/audit/outbox commit once; another actor cannot steal a prepared plan (1.487209ms)
✔ rights or draft change after release preview fails without partial pointer/outbox update (1.712792ms)
✔ strict scope is deterministic and rejects free URL, query and oversized revision (1.483917ms)
✔ invalid guest image shape denies before auth/DB tsConfirmed=true (9.409791ms)
✔ invalid guest image shape denies before auth/DB cac1c162ac/extra (0.2155ms)
✔ invalid guest image shape denies before auth/DB f49babcac1c162ac (0.138125ms)
✔ invalid guest image shape denies before auth/DB 000000000101/BAD (0.12725ms)
✔ invalid guest image shape denies before auth/DB f49babcac1c162ac (0.106625ms)
✔ POST and absent runtime cannot read bytes (0.366667ms)
✔ metadata has only appearance payloads and private cache headers (1.224125ms)
✔ offered image reauthorizes owner around byte IO and returns only WebP (19.191167ms)
✔ a currently eligible image outside the member offer is still forbidden (0.251208ms)
✔ race after bytes: revoked context fails closed (5.951125ms)
✔ race after bytes: replaced preview fails closed (5.294125ms)
✔ race after bytes: replaced grant fails closed (5.283458ms)
✔ cross-site and failed authentication produce empty private404 (0.275208ms)
✔ staff BOOKING_VIEW with missing HOLD_VIEW rejects before bytes (0.156ms)
✔ staff BOOKING_VIEW with missing QUOTE_VIEW rejects before bytes (0.042917ms)
✔ Tokyo golden AM/PM, whole-date occupancy, month/year boundaries and inclusive ten days (13.999917ms)
✔ bundle completeness, forbidden client expiry/identity, unique group member and variant candidates (2.508375ms)
✔ period solver finds flexible A155 constrained B150; bounded exhaustion is indeterminate (47.054208ms)
✔ payment contract never converts UNKNOWN to failure or late success to inventory confirmation (0.094459ms)
✔ E07 contract: 17:00 schedule is no receipt; sealed/departed additions denied; protected receipt still needs E07 (0.29125ms)
✔ cross-store source custody fence overlaps all later use, but not an earlier unrelated date (2.383083ms)
✔ P5 media backup requires exact private encrypted off-host manifest and actual restore acknowledgement (17.444792ms)
✔ real decoder re-encodes and strips EXIF; identical bytes never inherit binding rights (121.299708ms)
✔ traversal, disguised SVG/HTML, extension mismatch, invalid decode and duplicate filename reject before any storage (7.261459ms)
✔ P0 bounded320/640/960/1440/1920 WebP and JPEG derivatives preserve aspect and strip metadata (378.957292ms)
✔ projection PENDING existing business semantics (85.520625ms)
✔ projection COMPLETED existing business semantics (2.522875ms)
✔ projection FAILED existing business semantics (6.923792ms)
✔ projection CANCELED existing business semantics (0.464583ms)
✔ identity or provider contract mismatch providerId (0.201083ms)
✔ identity or provider contract mismatch referenceId (0.137959ms)
✔ identity or provider contract mismatch idempotencyKey (0.098292ms)
✔ identity or provider contract mismatch merchantId (0.498292ms)
✔ identity or provider contract mismatch locationId (0.387625ms)
✔ identity or provider contract mismatch amountJpy (0.299959ms)
✔ identity or provider contract mismatch currency (0.130458ms)
✔ identity or provider contract mismatch status (0.072959ms)
✔ identity or provider contract mismatch updatedAt (0.104ms)
✔ identity or provider contract mismatch completedAt (0.077708ms)
✔ bounded JPY amount 0 (0.102084ms)
✔ bounded JPY amount -1 (0.06675ms)
✔ bounded JPY amount 1.1 (0.185875ms)
✔ bounded JPY amount 100000001 (0.265792ms)
✔ bounded JPY amount 9007199254740992 (0.4885ms)
✔ expired hold does not force confirmation/reacquire/refund (1.85475ms)
✔ missing gear does not force confirmation/reacquire/refund (0.748458ms)
✔ missing wear does not force confirmation/reacquire/refund (0.6145ms)
✔ transfer attention does not force confirmation/reacquire/refund (0.6245ms)
✔ canceled transfer does not force confirmation/reacquire/refund (0.665917ms)
✔ overdue unready transfer does not force confirmation/reacquire/refund (0.673958ms)
✔ snapshot hash does not force confirmation/reacquire/refund (0.517375ms)
✔ quote relation does not force confirmation/reacquire/refund (0.423541ms)
✔ quote hash does not force confirmation/reacquire/refund (3.193542ms)
✔ coupon redemption does not force confirmation/reacquire/refund (0.628959ms)
✔ missing quote does not force confirmation/reacquire/refund (0.625833ms)
✔ fixed allocation does not force confirmation/reacquire/refund (7.208917ms)
✔ released hold does not force confirmation/reacquire/refund (0.785459ms)
✔ successful hold does not force confirmation/reacquire/refund (17.054458ms)
✔ wrong reservation does not force confirmation/reacquire/refund (0.36425ms)
✔ wrong actor does not force confirmation/reacquire/refund (0.315375ms)
✔ production mode does not force confirmation/reacquire/refund (0.292875ms)
✔ return due exact boundary is closed even with remaining hold time (0.636959ms)
✔ early-discount qualification remains tied to provider completed time (0.551541ms)
✔ chargeReady and snapshot conditions cannot be tampered even with a recomputed hash (6.0995ms)
✔ same timestamp changed payload is BLOCK_CONFLICT, overriding only the new projection path (0.629666ms)
✔ terminal completed and duplicate/stale observations never downgrade (3.538083ms)
✔ FAILED cannot be silently upgraded or retried (4.428625ms)
✔ CANCELED cannot be silently upgraded or retried (0.239167ms)
✔ completed truth in REVIEW requires an operator even if conditions later look repaired (0.478625ms)
✔ invalid projection reference truthFingerprint (1.003875ms)
✔ invalid projection reference observationFingerprint (4.197167ms)
✔ invalid projection reference expectedRevision (0.947375ms)
✔ invalid projection reference truthRevision (0.187459ms)
✔ invalid projection reference bookingId (0.151708ms)
✔ invalid projection reference attemptId (0.138459ms)
✔ invalid projection reference jobId (0.604875ms)
✔ untrusted persisted source fails environment (5.339667ms)
✔ untrusted persisted source fails state (2.38825ms)
✔ untrusted persisted source fails securityBlocked (0.215917ms)
✔ untrusted persisted source fails truthRevision (0.487583ms)
✔ untrusted persisted source fails decision (0.26ms)
✔ untrusted persisted source fails decisionFingerprint (0.181625ms)
✔ untrusted persisted source fails contextFingerprint (0.237083ms)
✔ untrusted persisted source fails paymentId (0.541875ms)
✔ untrusted persisted source fails merchantId (0.226959ms)
✔ untrusted persisted source fails observation (3.091625ms)
✔ only ten normalized provider fields cross the source boundary (0.473041ms)
✔ claim contract checks gear, wear, exact quantity and variant/model promise without inferred substitution (2.078584ms)
✔ Premium exact model/season/length stays in claim validation (0.752708ms)
✔ actual repository + scripted SQL: completion is one transaction, frozen commercial contract, safe audit (26.31825ms)
✔ two simultaneous projects commit once; replay checks precede old revision and changed source (3.775792ms)
✔ COMMIT response loss replays stored result without second projection/notification/history (1.875791ms)
✔ crash at BEGIN rolls back all business/history/journal changes (0.345208ms)
✔ crash at SET LOCAL rolls back all business/history/journal changes (0.251917ms)
✔ crash at SELECT pg_advisory_xact_lock(71820600) rolls back all business/history/journal changes (0.222666ms)
✔ crash at UPDATE rental_payment_attempts rolls back all business/history/journal changes (0.590584ms)
✔ crash at UPDATE rental_bookings rolls back all business/history/journal changes (0.967792ms)
✔ crash at UPDATE inventory_holds rolls back all business/history/journal changes (2.063625ms)
✔ crash at INSERT INTO payment_projection.heads rolls back all business/history/journal changes (2.269ms)
✔ crash at INSERT INTO payment_projection.events rolls back all business/history/journal changes (1.936875ms)
✔ crash at INSERT INTO payment_projection.job_receipts rolls back all business/history/journal changes (0.52625ms)
✔ crash at COMMIT rolls back all business/history/journal changes (0.43625ms)
✔ stale transaction revision rejects even after proposed writes and rolls back (0.410792ms)
✔ expired HOLD persists completed provider truth but not reservation or stock resurrection (0.472834ms)
✔ missing GEAR witness blocks completed projection in actual repository path (0.363ms)
✔ missing WEAR witness blocks completed projection in actual repository path (0.345041ms)
✔ DB time is sampled after locks and before first business write (0.484042ms)
✔ transfer deadline crossing during source lock wait blocks at final decision (0.552959ms)
✔ PENDING repository transition keeps hold witness and TTL (0.414417ms)
✔ FAILED repository transition keeps hold witness and TTL (0.384042ms)
✔ CANCELED repository transition keeps hold witness and TTL (1.690291ms)
✔ normal or production database name is blocked before business lock (1.093083ms)
✔ source mutation blocks and performs no updates; attempt/version mismatch does not acquire source locks (0.472375ms)
✔ production constructor/method gate and no ambient HTTP (0.440542ms)
✔ same observation proof does not cross from Square Sandbox to a simulation booking (0.170875ms)
✔ expiry after first write is fenced by SQL and rolls back; same key later records blocked truth (0.894917ms)
✔ new R12 generation of an already projected observation links a new receipt without business/audit replay (1.16525ms)
✔ new job reference cannot borrow an old projection receipt without current source verification (1.358208ms)
✔ tampered saved result is rejected rather than returned as trusted internal data (2.547833ms)
✔ provider truth accepts PENDING as a proposal, UNKNOWN is local knowledge only (11.811916ms)
✔ provider truth accepts COMPLETED as a proposal, UNKNOWN is local knowledge only (0.541583ms)
✔ provider truth accepts FAILED as a proposal, UNKNOWN is local knowledge only (3.389583ms)
✔ provider truth accepts CANCELED as a proposal, UNKNOWN is local knowledge only (0.315583ms)
✔ evidence mismatch blocks providerId (0.130625ms)
✔ evidence mismatch blocks referenceId (0.224792ms)
✔ evidence mismatch blocks idempotencyKey (0.25825ms)
✔ evidence mismatch blocks merchantId (0.971209ms)
✔ evidence mismatch blocks locationId (0.139542ms)
✔ evidence mismatch blocks amountJpy (0.159459ms)
✔ evidence mismatch blocks currency (0.095542ms)
✔ evidence mismatch blocks status (0.084458ms)
✔ evidence mismatch blocks updatedAt (0.112916ms)
✔ evidence mismatch blocks completedAt (0.090583ms)
✔ invalid provider response/time null (0.258584ms)
✔ invalid provider response/time {} (0.069417ms)
✔ invalid provider response/time {"providerId":"payment-fixture","referen (0.104875ms)
✔ invalid provider response/time {"providerId":"payment-fixture","referen (0.154375ms)
✔ invalid provider response/time {"providerId":"payment-fixture","referen (0.12725ms)
✔ invalid provider response/time {"providerId":"payment-fixture","referen (0.084458ms)
✔ duplicate fingerprint is canonical across key order and time zone; no receipt time in decision identity (0.280458ms)
✔ COMPLETED plus stale PENDING cannot downgrade; equal-time PENDING to COMPLETED is existing accepted behavior (0.328708ms)
✔ FAILED terminal does not restart, contradictory COMPLETED requires review (0.522209ms)
✔ CANCELED terminal does not restart, contradictory COMPLETED requires review (0.330542ms)
✔ retry budget is deterministic/bounded; input errors are not silently clamped (1.160167ms)
✔ receiver -> durable signal -> dispatcher -> one payment job: dedupe and out-of-order coalesce; no lookup before ACK (28.415292ms)
✔ two workers, crash after claim, lease expiry and stale finalize fencing (shared-store fixture) (0.481333ms)
✔ dispatcher crash is atomic; future signal remains eligible after restart (0.24675ms)
✔ crash after provider response before finalize performs another read under new lease, never another payment (2.029916ms)
✔ lost finalize response after commit is recoverable by durable state without another lookup (0.260458ms)
✔ new signal during lookup remains READY work; terminal receives new generation without reversing old job (0.32175ms)
✔ AUTH_BLOCKED stays BLOCKED across new events; no automatic restart (0.167417ms)
✔ RATE_LIMITED stays BLOCKED across new events; no automatic restart (0.068333ms)
✔ NOT_FOUND_BLOCKED stays BLOCKED across new events; no automatic restart (0.058958ms)
✔ INVALID_RESPONSE_BLOCKED stays BLOCKED across new events; no automatic restart (0.052584ms)
✔ EVIDENCE_MISMATCH_BLOCKED stays BLOCKED across new events; no automatic restart (0.049458ms)
✔ NETWORK_RETRYABLE retries only when due; cap5 never resets on event (0.169084ms)
✔ PROVIDER_5XX_RETRYABLE retries only when due; cap5 never resets on event (0.114541ms)
✔ PENDING is not a terminal job; pending duplicate polls within budget and can reach COMPLETED (0.198917ms)
✔ deadline, final-attempt crash and fixture timeout are bounded with no real wait (0.119333ms)
✔ missing/wrong context stops before lookup; stale after context read also stops (0.10375ms)
✔ conflicting redelivery invalidates live lease and prevents automatic generation (0.069791ms)
✔ Square fixture HTTP401 -> AUTH_BLOCKED (0.122125ms)
✔ Square fixture HTTP403 -> AUTH_BLOCKED (0.028958ms)
✔ Square fixture HTTP429 -> RATE_LIMITED (0.021708ms)
✔ Square fixture HTTP404 -> NOT_FOUND_BLOCKED (0.021875ms)
✔ Square fixture HTTP500 -> PROVIDER_5XX_RETRYABLE (0.02225ms)
✔ Square fixture HTTP503 -> PROVIDER_5XX_RETRYABLE (0.02175ms)
✔ Square fixture HTTP400 -> INVALID_RESPONSE_BLOCKED (0.057542ms)
✔ Square fixture HTTP302 -> INVALID_RESPONSE_BLOCKED (0.036375ms)
✔ Square fixture normalized observations, malformed response and network failures never leak raw payload/error (0.263625ms)
✔ worker fake-only path never invokes ambient fetch; diagnostics have no raw body/session/credential (0.140708ms)
✔ duplicate internal truth cannot bypass a contradictory FAILED business context (0.073625ms)
✔ AUTH_BLOCKED stops remaining batch and persists merchant circuit for new payments (0.210917ms)
✔ RATE_LIMITED stops remaining batch and persists merchant circuit for new payments (0.086167ms)
✔ internal stop codes and malformed provider port output are invalid response, not provider authority (0.125292ms)
✔ unlinked hash-conflicted inbox signal does not become a job in dispatcher fixture (0.040125ms)
✔ stale PENDING while newer PENDING exists remains retry work, not terminal (0.181042ms)
✔ cutoff crossed inside lookup cannot store an accepted observation (0.346042ms)
✔ R2 SDK transport fixture: private immutable object, conditional replay, no public ACL or default network (49.010834ms)
✔ R2 presigning uses SDK and bounded original-only tickets; rights withdrawal requires matched purge receipt (9.249542ms)
✔ owner rules use independent explicit targets and +1cm, no DIN or BSL computation (1.442709ms)
✔ 145/150/155, anchored direction choice and deterministic shorter tie (0.395375ms)
✔ original absolute window includes both boundaries and excludes one centimetre outside (0.150959ms)
✔ real exact-size variant IDs, no age/class substitution, no hidden larger boots or text guessing (0.575666ms)
✔ snowboard does not require detailed age/weight/level, ski age13 boundary and forged fields reject (3.226ms)
✔ Argon2id has independent salts and verifies only the supplied password (235.608958ms)
✔ canonical email is case/outer-space stable; password policy adds no composition rules (0.257083ms)
✔ role, permission and ALL scope are independently required for staff management (0.070584ms)
✔ staff input cannot grant unimplemented refund permissions or forge subject (0.465083ms)
✔ ordinary runtime without owned development connection fails closed and cannot attach a remote DB (0.169834ms)
ℹ tests 253
ℹ suites 0
ℹ pass 253
ℹ fail 0
ℹ cancelled 0
ℹ skipped 0
ℹ todo 0
ℹ duration_ms 1265.071916
