PASS 0001–0031 original hashes unchanged; exactly one additive0032
PASS populated0031 upgrades without rewriting existing visual/content/business rows
PASS binding immutable: id
PASS binding immutable: layer
PASS binding immutable: avatar_type
PASS binding immutable: match_kind
PASS binding immutable: model_id
PASS binding immutable: variant_id
PASS binding immutable: season
PASS binding immutable: ski_length_cm
PASS binding immutable: media_id
PASS binding immutable: derivative_sha256
PASS binding immutable: revision_id
PASS binding immutable: release_id
PASS binding immutable: created_at
PASS state and normalized presentation remain editable
PASS dedicated narrow reader resolves current metadata and only granted bytes
PASS narrow role rejects workspace JSON
PASS narrow role rejects raw media bytes
PASS narrow role rejects immutable revisions
PASS narrow role rejects unfiltered visual metadata
PASS narrow role rejects guest credentials
PASS narrow role rejects saved business preview
PASS narrow role rejects visual update
PASS narrow role rejects business delete
PASS narrow role rejects workspace update
PASS narrow role rejects DDL
PASS metadata view is not writable and UPDATE privilege is absent
PASS PUBLIC cannot call byte function; search_path and role cannot escalate
PASS qualified derivative function resists temporary-table shadowing
PASS narrow view preserves exact PREMIUM variant/season/length and new immutable release binding
PASS current-rights check cannot be bypassed using an old caller timestamp
Owned upgrade PostgreSQL closed.
