
> zao-rental@0.1.0 build
> next build apps/web --webpack

▲ Next.js 16.3.4 (webpack)
✓ Running next.config.ts took 13ms

  Creating an optimized production build ...
✓ Compiled successfully in 2.1s
  Running TypeScript ...
  Finished TypeScript in 1362ms ...
  Collecting page data using 11 workers ...
  Generating static pages using 11 workers (0/6) ...
  Generating static pages using 11 workers (1/6) 
  Generating static pages using 11 workers (2/6) 
  Generating static pages using 11 workers (4/6) 
✓ Generating static pages using 11 workers (6/6) in 462ms
  Finalizing page optimization ...
  Collecting build traces ...

Route (app)
┌ ○ /
├ ○ /_not-found
├ ƒ /admin
├ ƒ /api/admin
├ ƒ /api/auth/[...all]
├ ƒ /api/health
├ ƒ /api/holds/[[...record]]
├ ƒ /api/ledger/[resource]/[[...record]]
├ ƒ /api/quotes/[[...record]]
├ ƒ /api/recommendations/[[...record]]
├ ƒ /api/session
├ ƒ /api/staff
├ ƒ /api/staff-users/[[...record]]
├ ƒ /api/transfers/[[...record]]
├ ○ /customer
├ ƒ /staff
├ ƒ /staff/holds
├ ƒ /staff/ledger
├ ƒ /staff/login
├ ○ /staff/logout
├ ƒ /staff/password
├ ƒ /staff/quotes
├ ƒ /staff/recommendations
├ ƒ /staff/transfers
└ ƒ /staff/users


○  (Static)   prerendered as static content
ƒ  (Dynamic)  server-rendered on demand

