✔ operator two browser request callbacks dispatch only once; fsynced record survives response loss (31.758958ms)
✔ separate operator processes race for the same reservation: exactly one wins (63.370292ms)
✔ operator two browser request callbacks dispatch only once; fsynced record survives response loss (37.104417ms)
✔ separate operator processes race for the same reservation: exactly one wins (73.346542ms)
✔ R6 pure preflight exposes only flags/enums and requires no merchant metadata (6.148334ms)
✔ R6 blocks DEPLOYMENT_NOT_PREVIEW before fetch VERCEL_ENV (24.098833ms)
✔ R6 blocks NOT_SANDBOX before fetch SQUARE_ENVIRONMENT (0.50125ms)
✔ R6 blocks API_VERSION_MISMATCH before fetch SQUARE_API_VERSION (0.352917ms)
✔ R6 blocks APPLICATION_ID_INVALID before fetch SQUARE_SANDBOX_APPLICATION_ID (0.33675ms)
✔ R6 blocks APPLICATION_ID_INVALID before fetch SQUARE_SANDBOX_APPLICATION_ID (0.266875ms)
✔ R6 blocks LOCATION_ID_INVALID before fetch SQUARE_SANDBOX_LOCATION_ID (0.202834ms)
✔ R6 blocks LOCATION_ID_INVALID before fetch SQUARE_SANDBOX_LOCATION_ID (0.189416ms)
✔ R6 blocks CREDENTIAL_MISSING before fetch SQUARE_SANDBOX_ACCESS_TOKEN (5.218541ms)
✔ R6 blocks CREDENTIAL_FORMAT_INVALID before fetch SQUARE_SANDBOX_ACCESS_TOKEN (0.3605ms)
✔ R6 blocks PUBLIC_CREDENTIAL_EXPOSURE before fetch NEXT_PUBLIC_SQUARE_ACCESS_TOKEN (0.259125ms)
✔ R6 blocks CONFIGURATION_INVALID before fetch SQUARE_SANDBOX_MERCHANT_ID (0.214541ms)
✔ R6 blocks CONFIGURATION_INVALID before fetch SQUARE_SANDBOX_NOTIFICATION_URL (0.154166ms)
✔ R6 catches credentials reflected in unrelated NEXT_PUBLIC keys without returning values (0.065208ms)
✔ R6 GET preflight repeats safely; production and wrong intent are rejected (0.270625ms)
✔ R6 validates body, exact same-origin browser intent and method before dispatch (0.534334ms)
✔ R6 PASS and concurrent streamed one-shot issue only two exact Sandbox fetches (3.676916ms)
✔ R6 merchant failures terminate before locations and cannot be retried (0.889333ms)
✔ R6 location mismatch/state/capability results preserve their bounded evidence (1.065084ms)
✔ R6 network/unknown outcome stays structured and never retries (0.263667ms)
✔ R6 reflected token and raw provider diagnostics never appear in safe output (0.335667ms)
✔ R6 unexpected pre-dispatch internal exception has structured zero-dispatch output (0.142375ms)
✔ Square S1 service performs only exact two read-only Sandbox lookups on happy path (21.806958ms)
✔ Square S1 service fails fast on merchant lookup auth/429/5xx/network/timeout/schema and does not call locations (43.267792ms)
✔ Square S1 service enforces merchant active/Japanese/JPY and configured main location (8.839334ms)
✔ Square S1 service validates configured location state/currency/country/merchant and card capability (1.371958ms)
✔ Square S1 transport rejects non-identity endpoints, queries, and payment paths before credential read (0.86775ms)
✔ Square S1 acceptance blocks non-sandbox, non-POST, missing intent, and body/query inputs before fetch (3.16875ms)
✔ Square S1 acceptance rejects VERCEL_ENV=production even when SQUARE_ENVIRONMENT is SANDBOX (0.11225ms)
✔ Square S1 transport enforces strict identity headers/credentials and rejects redirect responses before body parse (0.164041ms)
✔ Square S1 acceptance redacts its actual injected synthetic token reflected in merchant identity (0.336708ms)
✔ Square S1 transport fails closed on oversized location payload (1.396666ms)
✔ Square S1 transport fails schema when provider content-type is not application/json (0.133833ms)
✔ Square S1 acceptance never exposes raw provider diagnostic body (0.234084ms)
✔ Square S1 acceptance hides secret fields and does not surface raw provider payload in response (0.286666ms)
✔ Square S1 acceptance applies an in-instance once guard without distributed semantics (0.350541ms)
✔ Square S1 accepts an empty streamed POST from Next Node adapter; concurrent duplicate never sends more than two calls in one instance (0.478834ms)
✔ R9 immutable manifest and fingerprint match; any identity/amount/source/key change fails (8.12625ms)
✔ R9 preflight is provider-free, booleans/enums only; local guard verification is explicitly separate (27.269208ms)
✔ R9 runtime preflight blocks VERCEL_ENV production (0.414583ms)
✔ R9 runtime preflight blocks VERCEL_ENV undefined (3.323083ms)
✔ R9 runtime preflight blocks SQUARE_ENVIRONMENT PRODUCTION (3.4105ms)
✔ R9 runtime preflight blocks SQUARE_API_VERSION 2025-01-01 (1.148917ms)
✔ R9 runtime preflight blocks SQUARE_SANDBOX_MERCHANT_ID other (0.338583ms)
✔ R9 runtime preflight blocks SQUARE_SANDBOX_APPLICATION_ID undefined (0.221709ms)
✔ R9 runtime preflight blocks SQUARE_SANDBOX_LOCATION_ID undefined (0.210041ms)
✔ R9 runtime preflight blocks SQUARE_SANDBOX_ACCESS_TOKEN undefined (0.2515ms)
✔ R9 runtime preflight blocks SQUARE_SANDBOX_ACCESS_TOKEN invalid token (0.159625ms)
✔ R9 runtime preflight blocks NEXT_PUBLIC_SQUARE_ACCESS_TOKEN fixture-public (0.203917ms)
✔ R9 client body/query/method/origin/intent cannot supply payment parameters (0.603833ms)
✔ R9 exact completed payment PASS uses one create and zero unnecessary lookup (17.273625ms)
✔ R9 same-instance concurrent empty streams allow one controlled create (0.716459ms)
✔ R9 pending safe ID allows exactly one conditional GET; same key is never POSTed twice (1.541958ms)
✔ R9 still-pending lookup stops; malformed or absent provider ID never looks up (18.685292ms)
✔ R9 money/reference/location mismatches fail without lookup (5.134959ms)
✔ R9 missing/invalid completion date is not PASS; one safe-ID lookup still must satisfy timestamps (0.928375ms)
✔ R9 lookup ID mismatch cannot establish PASS (0.35325ms)
✔ R9 HTTP 401 stops without retry (0.393041ms)
✔ R9 HTTP 403 stops without retry (0.24725ms)
✔ R9 HTTP 429 stops without retry (0.227834ms)
✔ R9 HTTP 400 stops without retry (0.236416ms)
✔ R9 HTTP 500 stops without retry (0.243833ms)
✔ R9 network/parse/secret-reflection failures never leak raw response or exception (0.799417ms)
✔ R9 timeout aborts and preserves UNKNOWN; ignored transport does not create a retry (19.096833ms)
✔ R9 narrow transport rejects Production, refund, S1, query, wrong source/key/amount before credential access (0.438334ms)
✔ R10 immutable manifest pins existing payment/100JPY/key/reason and rejects altered identity (10.896958ms)
✔ R10 preflight has no provider call and exposes only safe flags/enums (16.866791ms)
✔ R10 preflight blocks VERCEL_ENV production (13.733916ms)
✔ R10 preflight blocks VERCEL_ENV undefined (0.517959ms)
✔ R10 preflight blocks SQUARE_ENVIRONMENT PRODUCTION (0.466ms)
✔ R10 preflight blocks SQUARE_API_VERSION 2025-01-01 (0.310625ms)
✔ R10 preflight blocks SQUARE_SANDBOX_MERCHANT_ID other (0.343875ms)
✔ R10 preflight blocks SQUARE_SANDBOX_APPLICATION_ID undefined (0.834208ms)
✔ R10 preflight blocks SQUARE_SANDBOX_LOCATION_ID undefined (0.279ms)
✔ R10 preflight blocks SQUARE_SANDBOX_ACCESS_TOKEN undefined (0.28875ms)
✔ R10 preflight blocks SQUARE_SANDBOX_ACCESS_TOKEN invalid token (0.279042ms)
✔ R10 preflight blocks NEXT_PUBLIC_SQUARE_ACCESS_TOKEN fixture-public (0.259041ms)
✔ R10 operator cannot inject payment/amount/key/location/query/body/method/origin (0.745417ms)
✔ R10 successful lookup then exact full refund: 1GET/1POST/0conditional, no CreatePayment (26.947167ms)
✔ R10 same-instance concurrent operator requests allow one whole workflow (1.592709ms)
✔ R10 mismatched or previously refunded Payment blocks refund and keeps GET budget1 (2.815ms)
✔ R10 malformed Payment or contradictory errors cannot authorize refund (0.629209ms)
✔ R10 only valid PENDING refund permits exactly one bound GetRefund (1.450167ms)
✔ R10 malformed/mismatching/failed refund never triggers green-check lookup (2.140916ms)
✔ R10 conditional refund lookup must preserve exact refund ID and all evidence (1.766416ms)
✔ R10 payment HTTP401 stops without automatic/manual retry (0.315958ms)
✔ R10 payment HTTP403 stops without automatic/manual retry (0.169291ms)
✔ R10 payment HTTP429 stops without automatic/manual retry (0.162542ms)
✔ R10 payment HTTP404 stops without automatic/manual retry (1.885667ms)
✔ R10 payment HTTP400 stops without automatic/manual retry (0.21625ms)
✔ R10 payment HTTP500 stops without automatic/manual retry (0.1745ms)
✔ R10 refund HTTP401 stops without automatic/manual retry (0.28775ms)
✔ R10 refund HTTP403 stops without automatic/manual retry (0.265625ms)
✔ R10 refund HTTP429 stops without automatic/manual retry (0.2585ms)
✔ R10 refund HTTP404 stops without automatic/manual retry (0.267083ms)
✔ R10 refund HTTP400 stops without automatic/manual retry (0.258875ms)
✔ R10 refund HTTP500 stops without automatic/manual retry (0.23825ms)
✔ R10 refundLookup HTTP401 stops without automatic/manual retry (0.308084ms)
✔ R10 refundLookup HTTP403 stops without automatic/manual retry (0.294333ms)
✔ R10 refundLookup HTTP429 stops without automatic/manual retry (0.296083ms)
✔ R10 refundLookup HTTP404 stops without automatic/manual retry (0.296459ms)
✔ R10 refundLookup HTTP400 stops without automatic/manual retry (0.298125ms)
✔ R10 refundLookup HTTP500 stops without automatic/manual retry (0.337792ms)
✔ R10 socket/parse/response loss stops at current call and never emits raw secrets (1.638167ms)
✔ R10 reflected refund ID cannot leak server token or trigger lookup (0.307625ms)
✔ R10 per-call timeout aborts even ignored fetch and never retries a refund (105.928541ms)
✔ R10 strict transport rejects wrong origin/ID/method/amount/key/reason before dispatch (0.76875ms)
✔ existing SandboxRefundTrial field checks remain isolated from R10 fixed reason/journal (0.297208ms)
✔ equipment input accepts one immutable whole Asset ID, never reservation payload or inferred identities (0.462292ms)
✔ P5-F1 runtime root keys resist even an accidental same-purpose message collision (1.963542ms)
✔ P5-F1 preserves the P4 read root vector and deterministic recovery replay; no default weak secret (1.605875ms)
✔ unmodified BookingService: COMPLETED protects stock/booking from delayed PENDING/FAILED; engine does not apply either (8.061208ms)
✔ unmodified BookingService FAILED contradictory completion goes to review; engine blocks (0.193625ms)
✔ unmodified BookingService CANCELED contradictory completion goes to review; engine blocks (0.150083ms)
✔ ACCEPT_COMPLETED is not booking confirmation: unmodified BookingService still refuses expired HOLD (0.194917ms)
✔ unmodified BookingService valid PENDING->COMPLETED still confirms only through old inventory/price boundary (0.295375ms)
✔ unmodified BookingService event replay and mismatched identity retain original safeguards (0.556917ms)
✔ name and quantity alone keep seasonal ambiguity and units/intention unresolved; no invented SKU or stock (7.950833ms)
✔ exact sport/season/SKU narrows candidates without changing historical facts; repeated source is deterministic (0.506625ms)
✔ content CSV quotes/BOM/newlines, SET/KEEP/CLEAR and machine round-trip preserve literal values (13.935875ms)
✔ same target is atomic; valid other target survives forbidden price, HTML, duplicate and stale rows (4.110916ms)
✔ stored plan rejects stale revision and tampering; no stock or price fields can be changed (0.459583ms)
✔ CSV bounds and human formula escaping remain separate from machine export (2.312291ms)
✔ private release plans exact revisions and applies complete manifest/current/audit/outbox result atomically in fixture (8.38875ms)
✔ stale draft, current pointer, media checksum or expired rights cannot reuse a prior validation (1.004708ms)
✔ no partial release or hidden language fallback; internal/unprocessed photos and stale translation reject (0.621417ms)
✔ restore creates a new private release and rechecks current rights/commercial mapping; never rewrites history (0.350334ms)
✔ server-stored bulk plan commits good targets and preserves invalid ones; idempotent response loss does not repeat revisions (11.594334ms)
✔ two editors of same revision: only one commits; old immutable content remains (0.621375ms)
✔ revocation after lock wait stops a previously authorized edit and replay (0.187584ms)
✔ release current/audit/outbox commit once; another actor cannot steal a prepared plan (0.827458ms)
✔ rights or draft change after release preview fails without partial pointer/outbox update (0.854667ms)
✔ anonymous and empty identities are denied on server (0.882542ms)
✔ customer cannot enter staff or admin; staff cannot enter admin (0.118584ms)
✔ explicit allowed role is accepted (0.064917ms)
✔ telemetry only accepts foundation events (0.161083ms)
✔ worktree paths separate stable DB, role, ports and seed namespace (0.152042ms)
✔ occupied port fails rather than attaching to existing service (14.894375ms)
✔ ambient database target is refused without revealing it (0.109875ms)
S01_SCHEMA_MAX_BYTES [29965,30032,30074,30158]
✔ current schema maxima plus normal HOLD/amend/quote wrappers fit finite40KiB UTF8 (18.956667ms)
✔ readJson counts actual split UTF8 stream, ignores declared length, cancels overflow (14.31525ms)
✔ same scope continuation has future expiry and preserves all saved conditions/fingerprints (10.416041ms)
✔ single-member candidate validates full group scope and exact member/version (0.294959ms)
✔ after-close changed non-size conditions fall back to new intake; future new conditions accepted (0.327917ms)
✔ expiry, due, fixed/payment/attention and unproven acceptance are never exceptions (0.242833ms)
✔ Tokyo golden AM/PM, whole-date occupancy, month/year boundaries and inclusive ten days (7.286375ms)
✔ bundle completeness, forbidden client expiry/identity, unique group member and variant candidates (1.848916ms)
✔ period solver finds flexible A155 constrained B150; bounded exhaustion is indeterminate (9.551834ms)
✔ payment contract never converts UNKNOWN to failure or late success to inventory confirmation (0.0985ms)
✔ E07 contract: 17:00 schedule is no receipt; sealed/departed additions denied; protected receipt still needs E07 (0.092291ms)
✔ cross-store source custody fence overlaps all later use, but not an earlier unrelated date (0.219417ms)
✔ pool timeout wording changes preserve bounded outcomes on read acquisition and write preflight (11.879167ms)
✔ coded authentication or permission errors and unknown failures never become retryable timeouts or leak details (0.206125ms)
✔ new intake separates contract start, same-day deadline and immutable conditions (12.721959ms)
✔ future quotes keep start bound; no backdated MULTIDAY or after-close first-day intake (0.144125ms)
✔ ledger lexical cm equivalence, never missing/other units or unknown sizes (0.158667ms)
✔ missing or invalid server write authorizer fails closed before any database access (0.722042ms)
✔ missing or invalid stock reconciler is rejected before any database access (0.09875ms)
✔ P5 media backup requires exact private encrypted off-host manifest and actual restore acknowledgement (16.897083ms)
✔ real decoder re-encodes and strips EXIF; identical bytes never inherit binding rights (142.242958ms)
✔ traversal, disguised SVG/HTML, extension mismatch, invalid decode and duplicate filename reject before any storage (8.129834ms)
✔ P0 bounded320/640/960/1440/1920 WebP and JPEG derivatives preserve aspect and strip metadata (652.253583ms)
✔ Owner P4 BALANCED values are adopted without approving ingress or production composition (2.574333ms)
✔ P5 dispatcher fixture: forged headers cannot bind a Request/clone; explicit metadata only (43.485292ms)
✔ P5 canonical peer: IPv4/mapped/IPv6 representations, no lists/zone/padded or unknown peers (0.190958ms)
✔ additive migration plan has one ordered entry per version, no duplicates (0.667917ms)
✔ target-scoped development SQL preserves R12 state machine and adds only pre-lock selection limits (0.436125ms)
✔ production refuses injected development composition before any DB/provider call (0.346667ms)
✔ development composition is absent from ordinary application imports (10.511875ms)
✔ legacy startPayment vs projection uses the same global lock and does not create a second payment (28.608584ms)
✔ legacy reconcile then projection of same observation is duplicate/noop, not second confirmation (3.235875ms)
✔ concurrent legacy reconcile and projection preserve one confirmation and old event dedupe (1.162625ms)
✔ legacy create/startPayment/get/list synthetic path retains HOLD/quote/hash/claim checks (1.115084ms)
✔ legacy UNKNOWN keeps its existing payment key and later lookup recovers without create retry (2.445ms)
✔ legacy create still blocks expired (1.44225ms)
✔ legacy create still blocks claims (0.589292ms)
✔ legacy create still blocks transfer (0.453041ms)
✔ legacy create still blocks snapshot (0.348833ms)
✔ static27 additive journal, unique observation/revision, append-only evidence and PUBLIC revoked (0.803541ms)
✔ SQL uses fixed queries/bound values; context/receipt lookups are indexed or bounded (0.23925ms)
✔ recorded lock order agrees with legacy inventory global lock before booking/attempt/hold and R12 stream/job (77.039291ms)
✔ new projection code is not imported by any existing HTTP/runtime or R12 worker (0.239708ms)
✔ R12 lease recovery plus R13 response loss: one confirmation and one journal/history set (23.662292ms)
✔ R12 truth is already durable when R13 stops before its transaction; explicit handoff recovers (1.15ms)
✔ projection PENDING existing business semantics (16.512208ms)
✔ projection COMPLETED existing business semantics (1.822833ms)
✔ projection FAILED existing business semantics (0.326ms)
✔ projection CANCELED existing business semantics (1.723292ms)
✔ identity or provider contract mismatch providerId (0.252ms)
✔ identity or provider contract mismatch referenceId (0.167208ms)
✔ identity or provider contract mismatch idempotencyKey (0.13275ms)
✔ identity or provider contract mismatch merchantId (0.136583ms)
✔ identity or provider contract mismatch locationId (0.145708ms)
✔ identity or provider contract mismatch amountJpy (0.168833ms)
✔ identity or provider contract mismatch currency (0.120667ms)
✔ identity or provider contract mismatch status (0.101583ms)
✔ identity or provider contract mismatch updatedAt (0.124375ms)
✔ identity or provider contract mismatch completedAt (0.104209ms)
✔ bounded JPY amount 0 (0.131541ms)
✔ bounded JPY amount -1 (0.098875ms)
✔ bounded JPY amount 1.1 (0.097834ms)
✔ bounded JPY amount 100000001 (0.10325ms)
✔ bounded JPY amount 9007199254740992 (4.733459ms)
✔ expired hold does not force confirmation/reacquire/refund (1.012542ms)
✔ missing gear does not force confirmation/reacquire/refund (0.383958ms)
✔ missing wear does not force confirmation/reacquire/refund (0.277083ms)
✔ transfer attention does not force confirmation/reacquire/refund (0.287208ms)
✔ canceled transfer does not force confirmation/reacquire/refund (0.265791ms)
✔ overdue unready transfer does not force confirmation/reacquire/refund (0.28375ms)
✔ snapshot hash does not force confirmation/reacquire/refund (0.236709ms)
✔ quote relation does not force confirmation/reacquire/refund (0.191417ms)
✔ quote hash does not force confirmation/reacquire/refund (0.224ms)
✔ coupon redemption does not force confirmation/reacquire/refund (0.201208ms)
✔ missing quote does not force confirmation/reacquire/refund (0.169167ms)
✔ fixed allocation does not force confirmation/reacquire/refund (0.21825ms)
✔ released hold does not force confirmation/reacquire/refund (0.242292ms)
✔ successful hold does not force confirmation/reacquire/refund (0.24675ms)
✔ wrong reservation does not force confirmation/reacquire/refund (0.158459ms)
✔ wrong actor does not force confirmation/reacquire/refund (0.15825ms)
✔ production mode does not force confirmation/reacquire/refund (0.146792ms)
✔ return due exact boundary is closed even with remaining hold time (0.377083ms)
✔ early-discount qualification remains tied to provider completed time (0.274083ms)
✔ chargeReady and snapshot conditions cannot be tampered even with a recomputed hash (2.281083ms)
✔ same timestamp changed payload is BLOCK_CONFLICT, overriding only the new projection path (0.314ms)
✔ terminal completed and duplicate/stale observations never downgrade (0.356458ms)
✔ FAILED cannot be silently upgraded or retried (0.158417ms)
✔ CANCELED cannot be silently upgraded or retried (0.183416ms)
✔ completed truth in REVIEW requires an operator even if conditions later look repaired (0.451875ms)
✔ invalid projection reference truthFingerprint (0.230083ms)
✔ invalid projection reference observationFingerprint (0.073417ms)
✔ invalid projection reference expectedRevision (0.067167ms)
✔ invalid projection reference truthRevision (0.066292ms)
✔ invalid projection reference bookingId (0.103375ms)
✔ invalid projection reference attemptId (0.064125ms)
✔ invalid projection reference jobId (0.070833ms)
✔ untrusted persisted source fails environment (0.233625ms)
✔ untrusted persisted source fails state (0.078417ms)
✔ untrusted persisted source fails securityBlocked (0.073292ms)
✔ untrusted persisted source fails truthRevision (0.068542ms)
✔ untrusted persisted source fails decision (0.071541ms)
✔ untrusted persisted source fails decisionFingerprint (0.065125ms)
✔ untrusted persisted source fails contextFingerprint (0.080875ms)
✔ untrusted persisted source fails paymentId (0.068125ms)
✔ untrusted persisted source fails merchantId (0.074416ms)
✔ untrusted persisted source fails observation (0.063958ms)
✔ only ten normalized provider fields cross the source boundary (0.143667ms)
✔ claim contract checks gear, wear, exact quantity and variant/model promise without inferred substitution (0.417ms)
✔ Premium exact model/season/length stays in claim validation (0.213625ms)
✔ actual repository + scripted SQL: completion is one transaction, frozen commercial contract, safe audit (1.645334ms)
✔ two simultaneous projects commit once; replay checks precede old revision and changed source (1.034542ms)
✔ COMMIT response loss replays stored result without second projection/notification/history (0.770709ms)
✔ crash at BEGIN rolls back all business/history/journal changes (0.317375ms)
✔ crash at SET LOCAL rolls back all business/history/journal changes (0.28075ms)
✔ crash at SELECT pg_advisory_xact_lock(71820600) rolls back all business/history/journal changes (0.270708ms)
✔ crash at UPDATE rental_payment_attempts rolls back all business/history/journal changes (0.665833ms)
✔ crash at UPDATE rental_bookings rolls back all business/history/journal changes (0.6075ms)
✔ crash at UPDATE inventory_holds rolls back all business/history/journal changes (3.22375ms)
✔ crash at INSERT INTO payment_projection.heads rolls back all business/history/journal changes (7.003667ms)
✔ crash at INSERT INTO payment_projection.events rolls back all business/history/journal changes (9.788375ms)
✔ crash at INSERT INTO payment_projection.job_receipts rolls back all business/history/journal changes (0.788042ms)
✔ crash at COMMIT rolls back all business/history/journal changes (0.620916ms)
✔ stale transaction revision rejects even after proposed writes and rolls back (0.540083ms)
✔ expired HOLD persists completed provider truth but not reservation or stock resurrection (0.595792ms)
✔ missing GEAR witness blocks completed projection in actual repository path (0.449917ms)
✔ missing WEAR witness blocks completed projection in actual repository path (0.910833ms)
✔ DB time is sampled after locks and before first business write (1.072833ms)
✔ transfer deadline crossing during source lock wait blocks at final decision (0.574084ms)
✔ PENDING repository transition keeps hold witness and TTL (0.500333ms)
✔ FAILED repository transition keeps hold witness and TTL (0.473333ms)
✔ CANCELED repository transition keeps hold witness and TTL (0.457959ms)
✔ normal or production database name is blocked before business lock (0.207292ms)
✔ source mutation blocks and performs no updates; attempt/version mismatch does not acquire source locks (0.492ms)
✔ production constructor/method gate and no ambient HTTP (9.518791ms)
✔ same observation proof does not cross from Square Sandbox to a simulation booking (0.342208ms)
✔ expiry after first write is fenced by SQL and rolls back; same key later records blocked truth (0.929375ms)
✔ new R12 generation of an already projected observation links a new receipt without business/audit replay (0.7075ms)
✔ new job reference cannot borrow an old projection receipt without current source verification (1.572625ms)
✔ tampered saved result is rejected rather than returned as trusted internal data (1.665917ms)
✔ dispatcher commit barrier; linkage result cannot escape before committed marker/job/link (0.952792ms)
✔ SQL BEGIN failure rolls back, destroys connection and never retries (0.308666ms)
✔ SQL SET LOCAL failure rolls back, destroys connection and never retries (0.084958ms)
✔ SQL .dispatch( failure rolls back, destroys connection and never retries (0.095167ms)
✔ SQL COMMIT failure rolls back, destroys connection and never retries (0.08525ms)
✔ pool acquisition failure sanitized (0.081083ms)
✔ claim JSON dates/metadata and finalize fencing revision bind safely; diagnostic is bounded/read only (0.277542ms)
✔ static migration26 is additive, grants no runtime, no existing payment/booking/inventory changes (0.25475ms)
✔ static indexed bounded dispatch/claim, one active payment generation, lease/crash/cutoff fences (0.243917ms)
✔ static receiver remains provider/job-dispatch free; worker has no production composition or business write port (0.195667ms)
✔ read-only expected context uses merchant/provider binding; batch is one query not one per job (0.343833ms)
✔ merchant auth/quota stop is durable with no reset function or fresh-event bypass (0.102042ms)
✔ context timestamp formatting is stable and normalized money stays within safe integer bounds (0.068ms)
✔ provider truth accepts PENDING as a proposal, UNKNOWN is local knowledge only (12.466292ms)
✔ provider truth accepts COMPLETED as a proposal, UNKNOWN is local knowledge only (0.411917ms)
✔ provider truth accepts FAILED as a proposal, UNKNOWN is local knowledge only (0.137792ms)
✔ provider truth accepts CANCELED as a proposal, UNKNOWN is local knowledge only (0.113ms)
✔ evidence mismatch blocks providerId (0.10075ms)
✔ evidence mismatch blocks referenceId (0.093542ms)
✔ evidence mismatch blocks idempotencyKey (0.068291ms)
✔ evidence mismatch blocks merchantId (0.05875ms)
✔ evidence mismatch blocks locationId (0.063166ms)
✔ evidence mismatch blocks amountJpy (0.095416ms)
✔ evidence mismatch blocks currency (0.061584ms)
✔ evidence mismatch blocks status (0.051875ms)
✔ evidence mismatch blocks updatedAt (0.046583ms)
✔ evidence mismatch blocks completedAt (0.051458ms)
✔ invalid provider response/time null (0.053625ms)
✔ invalid provider response/time {} (0.047375ms)
✔ invalid provider response/time {"providerId":"payment-fixture","referen (0.042958ms)
✔ invalid provider response/time {"providerId":"payment-fixture","referen (0.043084ms)
✔ invalid provider response/time {"providerId":"payment-fixture","referen (0.050541ms)
✔ invalid provider response/time {"providerId":"payment-fixture","referen (0.041083ms)
✔ duplicate fingerprint is canonical across key order and time zone; no receipt time in decision identity (0.178667ms)
✔ COMPLETED plus stale PENDING cannot downgrade; equal-time PENDING to COMPLETED is existing accepted behavior (0.202208ms)
✔ FAILED terminal does not restart, contradictory COMPLETED requires review (3.333125ms)
✔ CANCELED terminal does not restart, contradictory COMPLETED requires review (0.493833ms)
✔ retry budget is deterministic/bounded; input errors are not silently clamped (0.710458ms)
✔ receiver -> durable signal -> dispatcher -> one payment job: dedupe and out-of-order coalesce; no lookup before ACK (19.597666ms)
✔ two workers, crash after claim, lease expiry and stale finalize fencing (shared-store fixture) (0.229291ms)
✔ dispatcher crash is atomic; future signal remains eligible after restart (0.123625ms)
✔ crash after provider response before finalize performs another read under new lease, never another payment (0.24325ms)
✔ lost finalize response after commit is recoverable by durable state without another lookup (0.1625ms)
✔ new signal during lookup remains READY work; terminal receives new generation without reversing old job (0.319917ms)
✔ AUTH_BLOCKED stays BLOCKED across new events; no automatic restart (0.177875ms)
✔ RATE_LIMITED stays BLOCKED across new events; no automatic restart (0.087208ms)
✔ NOT_FOUND_BLOCKED stays BLOCKED across new events; no automatic restart (0.073709ms)
✔ INVALID_RESPONSE_BLOCKED stays BLOCKED across new events; no automatic restart (0.0695ms)
✔ EVIDENCE_MISMATCH_BLOCKED stays BLOCKED across new events; no automatic restart (0.065875ms)
✔ NETWORK_RETRYABLE retries only when due; cap5 never resets on event (0.210542ms)
✔ PROVIDER_5XX_RETRYABLE retries only when due; cap5 never resets on event (0.144791ms)
✔ PENDING is not a terminal job; pending duplicate polls within budget and can reach COMPLETED (2.559416ms)
✔ deadline, final-attempt crash and fixture timeout are bounded with no real wait (0.525667ms)
✔ missing/wrong context stops before lookup; stale after context read also stops (0.390292ms)
✔ conflicting redelivery invalidates live lease and prevents automatic generation (0.34325ms)
✔ Square fixture HTTP401 -> AUTH_BLOCKED (0.559417ms)
✔ Square fixture HTTP403 -> AUTH_BLOCKED (0.238166ms)
✔ Square fixture HTTP429 -> RATE_LIMITED (0.096458ms)
✔ Square fixture HTTP404 -> NOT_FOUND_BLOCKED (0.072333ms)
✔ Square fixture HTTP500 -> PROVIDER_5XX_RETRYABLE (0.073083ms)
✔ Square fixture HTTP503 -> PROVIDER_5XX_RETRYABLE (0.074167ms)
✔ Square fixture HTTP400 -> INVALID_RESPONSE_BLOCKED (0.069958ms)
✔ Square fixture HTTP302 -> INVALID_RESPONSE_BLOCKED (0.129208ms)
✔ Square fixture normalized observations, malformed response and network failures never leak raw payload/error (0.445791ms)
✔ worker fake-only path never invokes ambient fetch; diagnostics have no raw body/session/credential (0.158709ms)
✔ duplicate internal truth cannot bypass a contradictory FAILED business context (0.080416ms)
✔ AUTH_BLOCKED stops remaining batch and persists merchant circuit for new payments (0.188417ms)
✔ RATE_LIMITED stops remaining batch and persists merchant circuit for new payments (0.078583ms)
✔ internal stop codes and malformed provider port output are invalid response, not provider authority (0.120333ms)
✔ unlinked hash-conflicted inbox signal does not become a job in dispatcher fixture (0.037667ms)
✔ stale PENDING while newer PENDING exists remains retry work, not terminal (0.148125ms)
✔ cutoff crossed inside lookup cannot store an accepted observation (0.090209ms)
✔ transitive date/variant/group custody closure includes later chained requirements, not unrelated groups (0.977458ms)
✔ period search with Hall pruning agrees with independent exhaustive enumeration over 250 small fixed-capacity cases (44.126666ms)
✔ per-day feasibility cannot replace continuous-Asset witness and explicit search limit stays indeterminate (0.157833ms)
✔ photo transport decodes valid 9MiB and exact 10MiB without regex stack growth (67.425917ms)
✔ photo transport rejects oversized, noncanonical and malformed encodings (11.918542ms)
✔ photo candidates require exact existing offer, explicit role and bounded order; no fuzzy binding (0.72625ms)
✔ duplicate upload/concurrent terminal replies commit each photo once, byte reuse never grants rights (133.673083ms)
✔ fixed manifest rejects replaced bytes/duplicate names; malformed image records failure without publishing (0.457084ms)
✔ revocation while real decoder is running rejects commit and writes no private objects (46.55675ms)
✔ photo prepare matches the catalog from the acquired transaction, preserving replay candidates (3.272542ms)
✔ database stop must wait for delayed socket end after pool.end resolves (0.487333ms)
✔ background connection errors fail closure without exposing attached client (0.33375ms)
✔ all 216 explicit amounts through product/duration calculation; no runtime curve (31.406375ms)
✔ half-day early explicit examples 5320 / 6460 / 2850 and integer HALF_UP (0.250458ms)
✔ JST previous-day 15:00 inclusive payment qualification; quote never qualifies payment (0.203375ms)
✔ explicit stacking, applicable coupon scope/window/min/cap; no negative totals or double discount (1.159ms)
✔ mixed members eligibility/minimum basis; set components never become extra price lines (0.289792ms)
✔ strict quote and coupon inputs reject prices, role, duplicates, dates, unknown product and incomplete table (0.40625ms)
✔ production guest JSON schema, exact approval hash and runtime inequalities; no default/owner values invented (46.006834ms)
✔ trusted ingress uses only request-object-bound dispatcher metadata; all browser IP spellings fail closed (27.589958ms)
✔ concrete Square transport pins Sandbox/API version/Bearer/auth binding, stable idempotency, no redirects/ambient credentials (26.121833ms)
✔ concrete Square allowlist rejects wrong host/location/path before credentials; revoked/expired/wrong merchant stops without network (1.062083ms)
✔ response loss/UNKNOWN never auto retries or changes key; credential/response diagnostics are masked (1.104084ms)
✔ transport abort cancels body read and settles hung fetch without retry; oversized/invalid JSON fails UNKNOWN (29.852375ms)
✔ signed duplicate/out-of-order webhook only performs current lookup; tamper and merchant/amount/currency mismatch rejected (4.773625ms)
✔ media provider separates private originals/derivatives, immutable digest, rights/revision checks and signed ticket bounds (0.653709ms)
✔ withdrawal requires exact CDN invalidation receipt; signed expiry/legal retention/references gate deletion, never auto-delete (0.314459ms)
✔ source staging preserves original/normalized provenance, exact match, explicit dry-run commit and same-source idempotency (1.159125ms)
✔ unresolved/ambiguous manufacturer/year/quantity rows never create stock; reductions/missing rows never delete assets; wear stays quantity (0.958125ms)
✔ all required operational codes reach a strict structured sink; secret/PII/error bodies cannot enter it (3.399417ms)
✔ secret lifecycle rejects missing/revoked/expired/duplicate active credentials and documents old-key grace without claiming rotation execution (0.300292ms)
✔ environment readers require explicit valid private metadata; public secret variables and invalid JSON fail closed without logging raw values (0.256541ms)
✔ P2-01 unapproved public environment names fail closed regardless of secret-like spelling (0.102084ms)
✔ P5 preflight never promotes documentation/fixtures/Owner targets to external PASS (0.575667ms)
✔ P5 exact CI requires repository/workflow/event/head/base/integration tree/run attempt/job success (0.254792ms)
✔ P5 offline preflight command emits JSON/human summary and exits2 with pending gates (317.651ms)
✔ Square Sandbox adapter uses exact official request, stable key, bounded endpoint and no normal activation (8.343125ms)
✔ UNKNOWN without verified provider ID never sends another POST or invents get-by-idempotency (0.380125ms)
✔ Square auth/quota/timeout stops without automatic retry and masks raw response (7.534291ms)
✔ Square signed webhook uses fresh lookup rather than callback amount or status; rejects tamper, merchant and money mismatch (1.391791ms)
✔ private storage releases only current derivative and rechecks withdrawal/revision after read (17.247417ms)
✔ exact catalog/source plan preserves one ski pair as one Asset and duplicate receipt is idempotent (0.557333ms)
✔ manufacturer range, unknown ADD/REPLACE/store/unit and wrong season never become stock (0.567291ms)
✔ wear and poles require explicit quantity units with no generated individual IDs or invented200 total (0.314625ms)
✔ launch checklist fails closed on missing/expired/old-head/old-policy evidence; pass grants no deploy permission (0.342833ms)
✔ operational events and CWV distinguish LAB/FIELD and exclude arbitrary PII/body/session fields (0.228417ms)
✔ Square deadlines settle even when an injected dependency ignores cancellation; source failure never POSTs (12.02175ms)
✔ R2 SDK transport fixture: private immutable object, conditional replay, no public ACL or default network (49.524583ms)
✔ R2 presigning uses SDK and bounded original-only tickets; rights withdrawal requires matched purge receipt (10.4155ms)
✔ P5 R2 rotation uses current credential for next SDK operation, never the memoized old key (33.955333ms)
✔ owner rules use independent explicit targets and +1cm, no DIN or BSL computation (0.688ms)
✔ 145/150/155, anchored direction choice and deterministic shorter tie (0.19025ms)
✔ original absolute window includes both boundaries and excludes one centimetre outside (0.068291ms)
✔ real exact-size variant IDs, no age/class substitution, no hidden larger boots or text guessing (0.374125ms)
✔ snowboard does not require detailed age/weight/level, ski age13 boundary and forged fields reject (2.068541ms)
✔ one immutable pair ID resolves one cycle; no left/right child identifiers (0.848375ms)
✔ a saved scan can never retarget the latest cycle, version or already-received loan (0.076917ms)
✔ unknown/no active or ambiguous active cycle is not a successful receipt (0.230208ms)
✔ invalid saved scan and checkout timestamps cannot become a receipt candidate (0.07525ms)
✔ P6 one acceptance location is metadata only; it does not map or activate either internal store (0.658125ms)
✔ P6 metadata parser never reads credential values, including during error handling (0.320125ms)
✔ P6 rejects production/development, omitted mode/version, aliases and public settings (0.151709ms)
✔ P6 URL is exact non-secret HTTPS metadata, not inferred from request headers or aliases (0.157875ms)
✔ P5 activation metadata rejects production, missing/mixed mapping, credentials and automatic enablement (0.746042ms)
✔ P5 dual webhook keys verify exact URL/raw bytes, retire exactly at grace and never expose secret (1.035125ms)
✔ SQL repository commits INSERTED before resolving and binds exact metadata only (0.999833ms)
✔ SQL repository commits DUPLICATE before resolving and binds exact metadata only (0.111541ms)
✔ SQL repository commits HASH_CONFLICT before resolving and binds exact metadata only (0.108959ms)
✔ failure/uncertain BEGIN rolls back/destroys connection, never retries or leaks errors (0.316625ms)
✔ failure/uncertain SET LOCAL rolls back/destroys connection, never retries or leaks errors (0.087583ms)
✔ failure/uncertain square_webhook.receive rolls back/destroys connection, never retries or leaks errors (0.094209ms)
✔ failure/uncertain COMMIT rolls back/destroys connection, never retries or leaks errors (0.101667ms)
✔ unknown database receipt fails before COMMIT (0.116667ms)
✔ SQL claim returns only safe signal/lease metadata; settle binds fencing token and bounded failure code (0.233375ms)
✔ empty queue and successful terminal mark; all transaction paths release (0.137208ms)
✔ static additive migration: environment-scoped durable dedupe, bounded audit/retries, no business/raw payload storage (0.211458ms)
✔ static queue fencing/crash recovery: SKIP LOCKED, expired lease reclaim, bounded attempts, DB clock after lock (0.068958ms)
✔ pool acquisition failure also suppresses credential-bearing diagnostics without retry (0.075666ms)
✔ payment.created signed receipt persists only whitelisted signal metadata (17.414375ms)
✔ payment.updated signed receipt persists only whitelisted signal metadata (0.419083ms)
✔ missing/invalid signature 0 never opens inbox or parses malformed JSON (0.259583ms)
✔ missing/invalid signature 3 never opens inbox or parses malformed JSON (0.236709ms)
✔ missing/invalid signature 44 never opens inbox or parses malformed JSON (0.273125ms)
✔ signed malformed UTF8/JSON/envelope 7b rejects before persistence (4.916416ms)
✔ signed malformed UTF8/JSON/envelope ff rejects before persistence (0.239292ms)
✔ signed malformed UTF8/JSON/envelope 6e756c6c rejects before persistence (0.182833ms)
✔ signed malformed UTF8/JSON/envelope 5b5d rejects before persistence (0.17525ms)
✔ signed malformed UTF8/JSON/envelope 3432 rejects before persistence (0.224875ms)
✔ missing/invalid identity {"type":"payment.updated","merchant_id":"MLKDVEDH1ME21","data":{"objec (0.166083ms)
✔ missing/invalid identity {"event_id":"","type":"payment.updated","merchant_id":"MLKDVEDH1ME21", (0.122709ms)
✔ missing/invalid identity {"event_id":"xxxxxxxxxxxxxxxxxxxxxxxxxxxxxxxxxxxxxxxxxxxxxxxxxxxxxxxxx (0.113375ms)
✔ missing/invalid identity {"event_id":"bad\nline","type":"payment.updated","merchant_id":"MLKDVE (0.108542ms)
✔ missing/invalid identity {"event_id":"fixture-event","type":"payment.updated","merchant_id":"", (0.106041ms)
✔ missing/invalid identity {"event_id":"fixture-event","merchant_id":"MLKDVEDH1ME21","data":{"obj (0.168ms)
✔ missing/invalid identity {"event_id":"fixture-event","type":"payment.updated","merchant_id":"ML (0.223792ms)
✔ missing/invalid identity {"event_id":"fixture-event","type":"payment.updated","merchant_id":"ML (0.36275ms)
✔ missing/invalid identity {"event_id":"fixture-event","type":"payment.updated","merchant_id":"ML (0.151209ms)
✔ signed wrong merchant rejected for supported and unsupported event (0.206709ms)
✔ unsupported signed correct-merchant envelope is explicitly ignored without a payment ACK/retry loop (0.161041ms)
✔ raw whitespace/order remain signed exactly; request host/forwarded headers cannot replace configured URL (0.285833ms)
✔ oversized body actual limit with content-length undefined (0.237542ms)
✔ oversized body actual limit with content-length 65537 (0.158708ms)
✔ oversized body actual limit with content-length 1 (0.151541ms)
✔ stream read once, exact 64KiB allowed; missing content length does not permit excess chunks (0.726167ms)
✔ stream read failure is redacted and never inserts (0.356625ms)
✔ 20 concurrent deliveries and same stored key after a lost ACK are deduped by fixture repository (1.564334ms)
✔ event ID reuse with different raw hash records conflict and preserves original signal (0.242167ms)
✔ out-of-order updated/created events are separate signals; no provider or business state is available to handler (0.38975ms)
✔ retry headers grant no authority {} (0.189792ms)
✔ retry headers grant no authority {"square-retry-number":"1","square-retry-reason":"http_timeout"} (0.169542ms)
✔ retry headers grant no authority {"square-retry-number":"-999"} (0.160417ms)
✔ ACK waits for successful persistence; DB failure/body details never appear in response or logs (0.423542ms)
✔ method guard and missing config fail closed without pool factory (0.135541ms)
✔ explicit Sandbox Preview config only, fixed merchant/version/dedicated TLS receiver identity, no access-token dependency (0.239833ms)
✔ Next route with official Next server-only alias exports GET405 and unconfigured POST503 in isolated Node (no server/browser/DB) (133.486166ms)
✔ actually absent signature header, not just empty value, is 403 before inbox creation (1.638083ms)
✔ staff500 diagnostic emits only server-generated correlation, fixed phase and allowlisted SQLSTATE (0.962875ms)
✔ unknown/inherited/getter codes and nested cause never leak into diagnostics (0.117916ms)
✔ Argon2id has independent salts and verifies only the supplied password (245.92925ms)
✔ canonical email is case/outer-space stable; password policy adds no composition rules (0.295125ms)
✔ role, permission and ALL scope are independently required for staff management (0.092209ms)
✔ staff input cannot grant unimplemented refund permissions or forge subject (0.490625ms)
✔ ordinary runtime without owned development connection fails closed and cannot attach a remote DB (0.236875ms)
✔ P5 real disk observation and exact safety floor; unavailable/invalid capacity is not success (1.586625ms)
✔ P5 cleanup requires matching successful log/run, stopped owner and no live PID; all others preserved (8.37525ms)
✔ transfer input rejects authority fields, impossible dates, model-free fake IDs and invalid pair quantities (1.668ms)
✔ pair labels never create two assets; duplicate selected Asset or pool lines rejected (0.144125ms)
✔ forecast is not immediate stock, automatic receipt, late readiness or another-store capacity (0.220625ms)
✔ cancelled transfer keeps source PAIR protection while a promise needs reconciliation (0.109458ms)
✔ v1.2wear-only contract uses two independent quantity requirements; never one generic WEAR or one part (2.006125ms)
✔ wear ledger regular input accepts STANDARD parts with explicit sport compatibility (0.408875ms)
✔ independent golden same-member wear20percent then advance5percent (0.439458ms)
✔ another member never receives equipment wear adjustment (0.160042ms)
✔ integrated Premium board promise required and exact variant selected (0.2375ms)
✔ quantity override forbids wear Assets and ambiguous multi-variant quantity promises (0.287208ms)
✔ all24 explicit approved wear prices and independent bundle golden cases remain stable (0.722584ms)
✔ explicit Premium day12350 and wear-only4750 golden preserve discount order (0.190125ms)
✔ WEAR-PRICE-01: SINGLE pole plus wear uses the pole price regardless of item order (2.847ms)
✔ CI diagnostic forwarding preserves only the exact emitted safe schema and historical auth code (0.7025ms)
✔ split/coalesced/oversized child stderr never drops a valid record or forwards an unsafe suffix (4.720958ms)
✔ transport failure classification never exports messages, URLs, cookies or arbitrary codes (0.436ms)
ℹ tests 495
ℹ suites 0
ℹ pass 495
ℹ fail 0
ℹ cancelled 0
ℹ skipped 0
ℹ todo 0
ℹ duration_ms 2082.8885
