
> zao-rental@0.1.0 test:recommendation-audit
> node --import tsx tests/recommendation/audit-followup-ui.ts

SAME_DAY {"slot":"DAY","now":"2035-06-01T10:00:00+09:00","stage":"COMPLETE","outcome":null,"holdState":"ACTIVE","quotePresent":true}
PASS same-day DAY 10:00 normal login/UI -> selected group -> HOLD -> quote -> reread
SAME_DAY {"slot":"AM","now":"2035-06-02T10:00:00+09:00","stage":"COMPLETE","outcome":null,"holdState":"ACTIVE","quotePresent":true}
PASS same-day AM 10:00 normal login/UI -> selected group -> HOLD -> quote -> reread
SAME_DAY {"slot":"PM","now":"2035-06-03T14:00:00+09:00","stage":"COMPLETE","outcome":null,"holdState":"ACTIVE","quotePresent":true}
PASS same-day PM 14:00 normal login/UI -> selected group -> HOLD -> quote -> reread
PASS same-day committed quote response loss: reload/replay preserves both keys, counts, expiry, snapshot hash
INTAKE_CLOSE {"slot":"AM","date":"2035-06-05","now":"2035-06-05T12:00:00+09:00","holdStatus":409,"quoteStatus":409}
PASS new intake rejects AM start=2035-06-05 at 2035-06-05T12:00:00+09:00 without stock writes
INTAKE_CLOSE {"slot":"DAY","date":"2035-06-06","now":"2035-06-06T17:00:00+09:00","holdStatus":409,"quoteStatus":409}
PASS new intake rejects DAY start=2035-06-06 at 2035-06-06T17:00:00+09:00 without stock writes
INTAKE_CLOSE {"slot":"PM","date":"2035-06-07","now":"2035-06-07T17:00:00+09:00","holdStatus":409,"quoteStatus":409}
PASS new intake rejects PM start=2035-06-07 at 2035-06-07T17:00:00+09:00 without stock writes
INTAKE_CLOSE {"slot":"MULTIDAY","date":"2035-06-07","now":"2035-06-08T10:00:00+09:00","holdStatus":409,"quoteStatus":409}
PASS new intake rejects MULTIDAY start=2035-06-07 at 2035-06-08T10:00:00+09:00 without stock writes
INTAKE_CLOSE {"slot":"MULTIDAY","date":"2035-06-09","now":"2035-06-09T17:00:00+09:00","holdStatus":409,"quoteStatus":409}
PASS new intake rejects MULTIDAY start=2035-06-09 at 2035-06-09T17:00:00+09:00 without stock writes
PASS near AM cutoff new quote expires at12:00, HOLD lease never extended; saved quote remains immutable
LEDGER_CM {"size":"150 cm","family":"SKI","eligible":true,"selected":true}
PASS normal ledger registration -> recommendation SKI "150 cm" eligible=true
LEDGER_CM {"size":"150 CM","family":"SKI","eligible":true,"selected":true}
PASS normal ledger registration -> recommendation SKI "150 CM" eligible=true
LEDGER_CM {"size":"150 Cm","family":"SKI","eligible":true,"selected":true}
PASS normal ledger registration -> recommendation SKI "150 Cm" eligible=true
LEDGER_CM {"size":"150\tCM","family":"SKI","eligible":true,"selected":true}
PASS normal ledger registration -> recommendation SKI "150\tCM" eligible=true
LEDGER_CM {"size":"26.5 cm","family":"SKI_BOOT","eligible":true,"selected":true}
PASS normal ledger registration -> recommendation SKI_BOOT "26.5 cm" eligible=true
LEDGER_CM {"size":"26.5 CM","family":"SKI_BOOT","eligible":true,"selected":true}
PASS normal ledger registration -> recommendation SKI_BOOT "26.5 CM" eligible=true
LEDGER_CM {"size":"26.5  Cm","family":"SKI_BOOT","eligible":true,"selected":true}
PASS normal ledger registration -> recommendation SKI_BOOT "26.5  Cm" eligible=true
LEDGER_CM {"size":"150","family":"SKI","eligible":false,"selected":false}
PASS normal ledger registration -> recommendation SKI "150" eligible=false
LEDGER_CM {"size":"M","family":"SKI","eligible":false,"selected":false}
PASS normal ledger registration -> recommendation SKI "M" eligible=false
LEDGER_CM {"size":"150 mm","family":"SKI","eligible":false,"selected":false}
PASS normal ledger registration -> recommendation SKI "150 mm" eligible=false
E09 audit normal UI/API/PostgreSQL: 20 passed; 0 failed; 0 skipped. Synthetic local password sessions; real app roles/DB. Clock and response delivery controlled only by test owner. No physical device claim.
Owned audit Web, browser and PostgreSQL stopped.
