✔ operator two browser request callbacks dispatch only once; fsynced record survives response loss (51.326458ms)
✔ separate operator processes race for the same reservation: exactly one wins (76.667459ms)
✔ operator two browser request callbacks dispatch only once; fsynced record survives response loss (44.811958ms)
✔ separate operator processes race for the same reservation: exactly one wins (80.277792ms)
✔ R6 pure preflight exposes only flags/enums and requires no merchant metadata (1.174458ms)
✔ R6 blocks DEPLOYMENT_NOT_PREVIEW before fetch VERCEL_ENV (17.082166ms)
✔ R6 blocks NOT_SANDBOX before fetch SQUARE_ENVIRONMENT (0.523334ms)
✔ R6 blocks API_VERSION_MISMATCH before fetch SQUARE_API_VERSION (0.344584ms)
✔ R6 blocks APPLICATION_ID_INVALID before fetch SQUARE_SANDBOX_APPLICATION_ID (0.350666ms)
✔ R6 blocks APPLICATION_ID_INVALID before fetch SQUARE_SANDBOX_APPLICATION_ID (0.261333ms)
✔ R6 blocks LOCATION_ID_INVALID before fetch SQUARE_SANDBOX_LOCATION_ID (0.222625ms)
✔ R6 blocks LOCATION_ID_INVALID before fetch SQUARE_SANDBOX_LOCATION_ID (0.214833ms)
✔ R6 blocks CREDENTIAL_MISSING before fetch SQUARE_SANDBOX_ACCESS_TOKEN (1.5625ms)
✔ R6 blocks CREDENTIAL_FORMAT_INVALID before fetch SQUARE_SANDBOX_ACCESS_TOKEN (0.26975ms)
✔ R6 blocks PUBLIC_CREDENTIAL_EXPOSURE before fetch NEXT_PUBLIC_SQUARE_ACCESS_TOKEN (0.280708ms)
✔ R6 blocks CONFIGURATION_INVALID before fetch SQUARE_SANDBOX_MERCHANT_ID (1.759334ms)
✔ R6 blocks CONFIGURATION_INVALID before fetch SQUARE_SANDBOX_NOTIFICATION_URL (0.215583ms)
✔ R6 catches credentials reflected in unrelated NEXT_PUBLIC keys without returning values (0.080584ms)
✔ R6 GET preflight repeats safely; production and wrong intent are rejected (0.40575ms)
✔ R6 validates body, exact same-origin browser intent and method before dispatch (0.612625ms)
✔ R6 PASS and concurrent streamed one-shot issue only two exact Sandbox fetches (4.369458ms)
✔ R6 merchant failures terminate before locations and cannot be retried (0.917125ms)
✔ R6 location mismatch/state/capability results preserve their bounded evidence (1.109ms)
✔ R6 network/unknown outcome stays structured and never retries (0.237167ms)
✔ R6 reflected token and raw provider diagnostics never appear in safe output (0.366875ms)
✔ R6 unexpected pre-dispatch internal exception has structured zero-dispatch output (0.148584ms)
✔ Square S1 service performs only exact two read-only Sandbox lookups on happy path (34.293333ms)
✔ Square S1 service fails fast on merchant lookup auth/429/5xx/network/timeout/schema and does not call locations (35.130208ms)
✔ Square S1 service enforces merchant active/Japanese/JPY and configured main location (0.881834ms)
✔ Square S1 service validates configured location state/currency/country/merchant and card capability (1.483958ms)
✔ Square S1 transport rejects non-identity endpoints, queries, and payment paths before credential read (0.376875ms)
✔ Square S1 acceptance blocks non-sandbox, non-POST, missing intent, and body/query inputs before fetch (1.768541ms)
✔ Square S1 acceptance rejects VERCEL_ENV=production even when SQUARE_ENVIRONMENT is SANDBOX (0.126916ms)
✔ Square S1 transport enforces strict identity headers/credentials and rejects redirect responses before body parse (0.175ms)
✔ Square S1 acceptance redacts its actual injected synthetic token reflected in merchant identity (0.369333ms)
✔ Square S1 transport fails closed on oversized location payload (1.770333ms)
✔ Square S1 transport fails schema when provider content-type is not application/json (0.192209ms)
✔ Square S1 acceptance never exposes raw provider diagnostic body (1.338042ms)
✔ Square S1 acceptance hides secret fields and does not surface raw provider payload in response (0.456ms)
✔ Square S1 acceptance applies an in-instance once guard without distributed semantics (1.658542ms)
✔ Square S1 accepts an empty streamed POST from Next Node adapter; concurrent duplicate never sends more than two calls in one instance (2.435416ms)
✔ R9 immutable manifest and fingerprint match; any identity/amount/source/key change fails (15.666958ms)
✔ R9 preflight is provider-free, booleans/enums only; local guard verification is explicitly separate (16.692458ms)
✔ R9 runtime preflight blocks VERCEL_ENV production (0.402917ms)
✔ R9 runtime preflight blocks VERCEL_ENV undefined (2.882ms)
✔ R9 runtime preflight blocks SQUARE_ENVIRONMENT PRODUCTION (0.557875ms)
✔ R9 runtime preflight blocks SQUARE_API_VERSION 2025-01-01 (0.34375ms)
✔ R9 runtime preflight blocks SQUARE_SANDBOX_MERCHANT_ID other (0.257166ms)
✔ R9 runtime preflight blocks SQUARE_SANDBOX_APPLICATION_ID undefined (0.212416ms)
✔ R9 runtime preflight blocks SQUARE_SANDBOX_LOCATION_ID undefined (0.214625ms)
✔ R9 runtime preflight blocks SQUARE_SANDBOX_ACCESS_TOKEN undefined (0.272375ms)
✔ R9 runtime preflight blocks SQUARE_SANDBOX_ACCESS_TOKEN invalid token (0.185ms)
✔ R9 runtime preflight blocks NEXT_PUBLIC_SQUARE_ACCESS_TOKEN fixture-public (0.242542ms)
✔ R9 client body/query/method/origin/intent cannot supply payment parameters (0.715375ms)
✔ R9 exact completed payment PASS uses one create and zero unnecessary lookup (7.713625ms)
✔ R9 same-instance concurrent empty streams allow one controlled create (1.517833ms)
✔ R9 pending safe ID allows exactly one conditional GET; same key is never POSTed twice (0.601ms)
✔ R9 still-pending lookup stops; malformed or absent provider ID never looks up (3.144584ms)
✔ R9 money/reference/location mismatches fail without lookup (1.454375ms)
✔ R9 missing/invalid completion date is not PASS; one safe-ID lookup still must satisfy timestamps (0.889708ms)
✔ R9 lookup ID mismatch cannot establish PASS (0.314334ms)
✔ R9 HTTP 401 stops without retry (0.46475ms)
✔ R9 HTTP 403 stops without retry (0.282958ms)
✔ R9 HTTP 429 stops without retry (0.254167ms)
✔ R9 HTTP 400 stops without retry (0.254583ms)
✔ R9 HTTP 500 stops without retry (0.257542ms)
✔ R9 network/parse/secret-reflection failures never leak raw response or exception (5.675542ms)
✔ R9 timeout aborts and preserves UNKNOWN; ignored transport does not create a retry (11.451ms)
✔ R9 narrow transport rejects Production, refund, S1, query, wrong source/key/amount before credential access (0.793125ms)
✔ R10 immutable manifest pins existing payment/100JPY/key/reason and rejects altered identity (16.510791ms)
✔ R10 preflight has no provider call and exposes only safe flags/enums (14.873583ms)
✔ R10 preflight blocks VERCEL_ENV production (0.480708ms)
✔ R10 preflight blocks VERCEL_ENV undefined (0.349958ms)
✔ R10 preflight blocks SQUARE_ENVIRONMENT PRODUCTION (0.426541ms)
✔ R10 preflight blocks SQUARE_API_VERSION 2025-01-01 (0.349125ms)
✔ R10 preflight blocks SQUARE_SANDBOX_MERCHANT_ID other (0.338125ms)
✔ R10 preflight blocks SQUARE_SANDBOX_APPLICATION_ID undefined (0.22225ms)
✔ R10 preflight blocks SQUARE_SANDBOX_LOCATION_ID undefined (0.196959ms)
✔ R10 preflight blocks SQUARE_SANDBOX_ACCESS_TOKEN undefined (0.233916ms)
✔ R10 preflight blocks SQUARE_SANDBOX_ACCESS_TOKEN invalid token (0.223625ms)
✔ R10 preflight blocks NEXT_PUBLIC_SQUARE_ACCESS_TOKEN fixture-public (0.21375ms)
✔ R10 operator cannot inject payment/amount/key/location/query/body/method/origin (0.589333ms)
✔ R10 successful lookup then exact full refund: 1GET/1POST/0conditional, no CreatePayment (22.762458ms)
✔ R10 same-instance concurrent operator requests allow one whole workflow (0.708458ms)
✔ R10 mismatched or previously refunded Payment blocks refund and keeps GET budget1 (5.72475ms)
✔ R10 malformed Payment or contradictory errors cannot authorize refund (0.959625ms)
✔ R10 only valid PENDING refund permits exactly one bound GetRefund (1.558583ms)
✔ R10 malformed/mismatching/failed refund never triggers green-check lookup (5.978459ms)
✔ R10 conditional refund lookup must preserve exact refund ID and all evidence (4.96ms)
✔ R10 payment HTTP401 stops without automatic/manual retry (0.404583ms)
✔ R10 payment HTTP403 stops without automatic/manual retry (0.24775ms)
✔ R10 payment HTTP429 stops without automatic/manual retry (0.923458ms)
✔ R10 payment HTTP404 stops without automatic/manual retry (0.373834ms)
✔ R10 payment HTTP400 stops without automatic/manual retry (1.846917ms)
✔ R10 payment HTTP500 stops without automatic/manual retry (0.3685ms)
✔ R10 refund HTTP401 stops without automatic/manual retry (0.748083ms)
✔ R10 refund HTTP403 stops without automatic/manual retry (0.415667ms)
✔ R10 refund HTTP429 stops without automatic/manual retry (0.352833ms)
✔ R10 refund HTTP404 stops without automatic/manual retry (0.347333ms)
✔ R10 refund HTTP400 stops without automatic/manual retry (0.339125ms)
✔ R10 refund HTTP500 stops without automatic/manual retry (0.312791ms)
✔ R10 refundLookup HTTP401 stops without automatic/manual retry (0.355292ms)
✔ R10 refundLookup HTTP403 stops without automatic/manual retry (0.3425ms)
✔ R10 refundLookup HTTP429 stops without automatic/manual retry (0.849167ms)
✔ R10 refundLookup HTTP404 stops without automatic/manual retry (0.77025ms)
✔ R10 refundLookup HTTP400 stops without automatic/manual retry (1.124417ms)
✔ R10 refundLookup HTTP500 stops without automatic/manual retry (0.972584ms)
✔ R10 socket/parse/response loss stops at current call and never emits raw secrets (1.908167ms)
✔ R10 reflected refund ID cannot leak server token or trigger lookup (0.336125ms)
✔ R10 per-call timeout aborts even ignored fetch and never retries a refund (41.10925ms)
✔ R10 strict transport rejects wrong origin/ID/method/amount/key/reason before dispatch (0.694291ms)
✔ existing SandboxRefundTrial field checks remain isolated from R10 fixed reason/journal (0.289667ms)
✔ equipment input accepts one immutable whole Asset ID, never reservation payload or inferred identities (1.810208ms)
✔ P5-F1 runtime root keys resist even an accidental same-purpose message collision (0.6375ms)
✔ P5-F1 preserves the P4 read root vector and deterministic recovery replay; no default weak secret (1.009667ms)
✔ unmodified BookingService: COMPLETED protects stock/booking from delayed PENDING/FAILED; engine does not apply either (8.280292ms)
✔ unmodified BookingService FAILED contradictory completion goes to review; engine blocks (0.194709ms)
✔ unmodified BookingService CANCELED contradictory completion goes to review; engine blocks (0.153167ms)
✔ ACCEPT_COMPLETED is not booking confirmation: unmodified BookingService still refuses expired HOLD (0.203833ms)
✔ unmodified BookingService valid PENDING->COMPLETED still confirms only through old inventory/price boundary (0.281041ms)
✔ unmodified BookingService event replay and mismatched identity retain original safeguards (0.562875ms)
✔ name and quantity alone keep seasonal ambiguity and units/intention unresolved; no invented SKU or stock (16.012417ms)
✔ exact sport/season/SKU narrows candidates without changing historical facts; repeated source is deterministic (1.01825ms)
✔ content CSV quotes/BOM/newlines, SET/KEEP/CLEAR and machine round-trip preserve literal values (16.565625ms)
✔ same target is atomic; valid other target survives forbidden price, HTML, duplicate and stale rows (0.563542ms)
✔ stored plan rejects stale revision and tampering; no stock or price fields can be changed (0.395875ms)
✔ CSV bounds and human formula escaping remain separate from machine export (4.610959ms)
✔ private release plans exact revisions and applies complete manifest/current/audit/outbox result atomically in fixture (16.830041ms)
✔ stale draft, current pointer, media checksum or expired rights cannot reuse a prior validation (1.035ms)
✔ no partial release or hidden language fallback; internal/unprocessed photos and stale translation reject (0.498583ms)
✔ restore creates a new private release and rechecks current rights/commercial mapping; never rewrites history (0.3805ms)
✔ server-stored bulk plan commits good targets and preserves invalid ones; idempotent response loss does not repeat revisions (9.150958ms)
✔ two editors of same revision: only one commits; old immutable content remains (0.561584ms)
✔ revocation after lock wait stops a previously authorized edit and replay (0.174833ms)
✔ release current/audit/outbox commit once; another actor cannot steal a prepared plan (0.796333ms)
✔ rights or draft change after release preview fails without partial pointer/outbox update (0.789084ms)
✔ anonymous and empty identities are denied on server (0.709792ms)
✔ customer cannot enter staff or admin; staff cannot enter admin (0.083041ms)
✔ explicit allowed role is accepted (0.060083ms)
✔ telemetry only accepts foundation events (0.228083ms)
✔ worktree paths separate stable DB, role, ports and seed namespace (0.160333ms)
✔ occupied port fails rather than attaching to existing service (9.27275ms)
✔ ambient database target is refused without revealing it (0.36175ms)
S01_SCHEMA_MAX_BYTES [29965,30032,30074,30158]
✔ current schema maxima plus normal HOLD/amend/quote wrappers fit finite40KiB UTF8 (21.834ms)
✔ readJson counts actual split UTF8 stream, ignores declared length, cancels overflow (22.805042ms)
✔ same scope continuation has future expiry and preserves all saved conditions/fingerprints (11.235959ms)
✔ single-member candidate validates full group scope and exact member/version (0.318ms)
✔ after-close changed non-size conditions fall back to new intake; future new conditions accepted (0.31775ms)
✔ expiry, due, fixed/payment/attention and unproven acceptance are never exceptions (0.249291ms)
✔ Tokyo golden AM/PM, whole-date occupancy, month/year boundaries and inclusive ten days (5.681125ms)
✔ bundle completeness, forbidden client expiry/identity, unique group member and variant candidates (1.023584ms)
✔ period solver finds flexible A155 constrained B150; bounded exhaustion is indeterminate (7.272667ms)
✔ payment contract never converts UNKNOWN to failure or late success to inventory confirmation (0.082584ms)
✔ E07 contract: 17:00 schedule is no receipt; sealed/departed additions denied; protected receipt still needs E07 (0.08475ms)
✔ cross-store source custody fence overlaps all later use, but not an earlier unrelated date (0.221ms)
✔ pool timeout wording changes preserve bounded outcomes on read acquisition and write preflight (32.503584ms)
✔ coded authentication or permission errors and unknown failures never become retryable timeouts or leak details (0.2225ms)
✔ new intake separates contract start, same-day deadline and immutable conditions (29.256459ms)
✔ future quotes keep start bound; no backdated MULTIDAY or after-close first-day intake (0.268542ms)
✔ ledger lexical cm equivalence, never missing/other units or unknown sizes (0.204792ms)
✔ missing or invalid server write authorizer fails closed before any database access (0.758ms)
✔ missing or invalid stock reconciler is rejected before any database access (0.106ms)
✔ P5 media backup requires exact private encrypted off-host manifest and actual restore acknowledgement (8.306167ms)
✔ real decoder re-encodes and strips EXIF; identical bytes never inherit binding rights (186.292375ms)
✔ traversal, disguised SVG/HTML, extension mismatch, invalid decode and duplicate filename reject before any storage (5.728708ms)
✔ P0 bounded320/640/960/1440/1920 WebP and JPEG derivatives preserve aspect and strip metadata (503.629292ms)
✔ Owner P4 BALANCED values are adopted without approving ingress or production composition (2.007791ms)
✔ P5 dispatcher fixture: forged headers cannot bind a Request/clone; explicit metadata only (17.603625ms)
✔ P5 canonical peer: IPv4/mapped/IPv6 representations, no lists/zone/padded or unknown peers (0.197875ms)
✔ legacy startPayment vs projection uses the same global lock and does not create a second payment (22.384625ms)
✔ legacy reconcile then projection of same observation is duplicate/noop, not second confirmation (1.6175ms)
✔ concurrent legacy reconcile and projection preserve one confirmation and old event dedupe (1.930833ms)
✔ legacy create/startPayment/get/list synthetic path retains HOLD/quote/hash/claim checks (4.160917ms)
✔ legacy UNKNOWN keeps its existing payment key and later lookup recovers without create retry (18.278125ms)
✔ legacy create still blocks expired (0.73975ms)
✔ legacy create still blocks claims (0.282125ms)
✔ legacy create still blocks transfer (0.281166ms)
✔ legacy create still blocks snapshot (0.242083ms)
✔ static27 additive journal, unique observation/revision, append-only evidence and PUBLIC revoked (0.815709ms)
✔ SQL uses fixed queries/bound values; context/receipt lookups are indexed or bounded (0.202042ms)
✔ recorded lock order agrees with legacy inventory global lock before booking/attempt/hold and R12 stream/job (59.494916ms)
✔ new projection code is not imported by any existing HTTP/runtime or R12 worker (0.646709ms)
✔ R12 lease recovery plus R13 response loss: one confirmation and one journal/history set (34.4035ms)
✔ R12 truth is already durable when R13 stops before its transaction; explicit handoff recovers (2.451583ms)
✔ projection PENDING existing business semantics (17.550875ms)
✔ projection COMPLETED existing business semantics (3.724416ms)
✔ projection FAILED existing business semantics (0.77225ms)
✔ projection CANCELED existing business semantics (0.259292ms)
✔ identity or provider contract mismatch providerId (0.19275ms)
✔ identity or provider contract mismatch referenceId (0.156583ms)
✔ identity or provider contract mismatch idempotencyKey (0.122917ms)
✔ identity or provider contract mismatch merchantId (0.114458ms)
✔ identity or provider contract mismatch locationId (0.125125ms)
✔ identity or provider contract mismatch amountJpy (0.1615ms)
✔ identity or provider contract mismatch currency (0.106708ms)
✔ identity or provider contract mismatch status (0.102458ms)
✔ identity or provider contract mismatch updatedAt (0.123333ms)
✔ identity or provider contract mismatch completedAt (0.102125ms)
✔ bounded JPY amount 0 (0.133542ms)
✔ bounded JPY amount -1 (0.100041ms)
✔ bounded JPY amount 1.1 (0.095167ms)
✔ bounded JPY amount 100000001 (0.09325ms)
✔ bounded JPY amount 9007199254740992 (0.10125ms)
✔ expired hold does not force confirmation/reacquire/refund (4.100292ms)
✔ missing gear does not force confirmation/reacquire/refund (2.683166ms)
✔ missing wear does not force confirmation/reacquire/refund (1.105958ms)
✔ transfer attention does not force confirmation/reacquire/refund (15.2915ms)
✔ canceled transfer does not force confirmation/reacquire/refund (0.884625ms)
✔ overdue unready transfer does not force confirmation/reacquire/refund (0.732584ms)
✔ snapshot hash does not force confirmation/reacquire/refund (0.291083ms)
✔ quote relation does not force confirmation/reacquire/refund (4.474458ms)
✔ quote hash does not force confirmation/reacquire/refund (5.692708ms)
✔ coupon redemption does not force confirmation/reacquire/refund (0.872416ms)
✔ missing quote does not force confirmation/reacquire/refund (0.230208ms)
✔ fixed allocation does not force confirmation/reacquire/refund (0.220208ms)
✔ released hold does not force confirmation/reacquire/refund (0.207875ms)
✔ successful hold does not force confirmation/reacquire/refund (0.234125ms)
✔ wrong reservation does not force confirmation/reacquire/refund (0.136166ms)
✔ wrong actor does not force confirmation/reacquire/refund (0.142416ms)
✔ production mode does not force confirmation/reacquire/refund (0.131375ms)
✔ return due exact boundary is closed even with remaining hold time (0.330875ms)
✔ early-discount qualification remains tied to provider completed time (0.222709ms)
✔ chargeReady and snapshot conditions cannot be tampered even with a recomputed hash (0.417959ms)
✔ same timestamp changed payload is BLOCK_CONFLICT, overriding only the new projection path (0.225458ms)
✔ terminal completed and duplicate/stale observations never downgrade (0.377792ms)
✔ FAILED cannot be silently upgraded or retried (0.158792ms)
✔ CANCELED cannot be silently upgraded or retried (0.149083ms)
✔ completed truth in REVIEW requires an operator even if conditions later look repaired (0.137625ms)
✔ invalid projection reference truthFingerprint (0.253334ms)
✔ invalid projection reference observationFingerprint (0.083958ms)
✔ invalid projection reference expectedRevision (0.073041ms)
✔ invalid projection reference truthRevision (0.072833ms)
✔ invalid projection reference bookingId (0.097542ms)
✔ invalid projection reference attemptId (0.066542ms)
✔ invalid projection reference jobId (0.071583ms)
✔ untrusted persisted source fails environment (0.228ms)
✔ untrusted persisted source fails state (0.08725ms)
✔ untrusted persisted source fails securityBlocked (0.523208ms)
✔ untrusted persisted source fails truthRevision (0.127083ms)
✔ untrusted persisted source fails decision (0.098834ms)
✔ untrusted persisted source fails decisionFingerprint (1.617792ms)
✔ untrusted persisted source fails contextFingerprint (0.151875ms)
✔ untrusted persisted source fails paymentId (0.088958ms)
✔ untrusted persisted source fails merchantId (0.081833ms)
✔ untrusted persisted source fails observation (0.072583ms)
✔ only ten normalized provider fields cross the source boundary (0.185959ms)
✔ claim contract checks gear, wear, exact quantity and variant/model promise without inferred substitution (0.451333ms)
✔ Premium exact model/season/length stays in claim validation (0.315084ms)
✔ actual repository + scripted SQL: completion is one transaction, frozen commercial contract, safe audit (1.787208ms)
✔ two simultaneous projects commit once; replay checks precede old revision and changed source (2.369083ms)
✔ COMMIT response loss replays stored result without second projection/notification/history (0.760042ms)
✔ crash at BEGIN rolls back all business/history/journal changes (0.3385ms)
✔ crash at SET LOCAL rolls back all business/history/journal changes (0.265958ms)
✔ crash at SELECT pg_advisory_xact_lock(71820600) rolls back all business/history/journal changes (0.291041ms)
✔ crash at UPDATE rental_payment_attempts rolls back all business/history/journal changes (0.710791ms)
✔ crash at UPDATE rental_bookings rolls back all business/history/journal changes (0.641125ms)
✔ crash at UPDATE inventory_holds rolls back all business/history/journal changes (0.647875ms)
✔ crash at INSERT INTO payment_projection.heads rolls back all business/history/journal changes (0.638334ms)
✔ crash at INSERT INTO payment_projection.events rolls back all business/history/journal changes (0.562625ms)
✔ crash at INSERT INTO payment_projection.job_receipts rolls back all business/history/journal changes (0.56275ms)
✔ crash at COMMIT rolls back all business/history/journal changes (0.572709ms)
✔ stale transaction revision rejects even after proposed writes and rolls back (0.532375ms)
✔ expired HOLD persists completed provider truth but not reservation or stock resurrection (1.455959ms)
✔ missing GEAR witness blocks completed projection in actual repository path (0.501958ms)
✔ missing WEAR witness blocks completed projection in actual repository path (0.413625ms)
✔ DB time is sampled after locks and before first business write (0.501166ms)
✔ transfer deadline crossing during source lock wait blocks at final decision (0.459792ms)
✔ PENDING repository transition keeps hold witness and TTL (32.484459ms)
✔ FAILED repository transition keeps hold witness and TTL (0.597958ms)
✔ CANCELED repository transition keeps hold witness and TTL (0.466875ms)
✔ normal or production database name is blocked before business lock (0.218917ms)
✔ source mutation blocks and performs no updates; attempt/version mismatch does not acquire source locks (16.553125ms)
✔ production constructor/method gate and no ambient HTTP (0.640875ms)
✔ same observation proof does not cross from Square Sandbox to a simulation booking (0.246709ms)
✔ expiry after first write is fenced by SQL and rolls back; same key later records blocked truth (0.91475ms)
✔ new R12 generation of an already projected observation links a new receipt without business/audit replay (0.714834ms)
✔ new job reference cannot borrow an old projection receipt without current source verification (1.000459ms)
✔ tampered saved result is rejected rather than returned as trusted internal data (0.533375ms)
✔ dispatcher commit barrier; linkage result cannot escape before committed marker/job/link (0.968375ms)
✔ SQL BEGIN failure rolls back, destroys connection and never retries (0.314208ms)
✔ SQL SET LOCAL failure rolls back, destroys connection and never retries (0.082708ms)
✔ SQL .dispatch( failure rolls back, destroys connection and never retries (0.098125ms)
✔ SQL COMMIT failure rolls back, destroys connection and never retries (0.093125ms)
✔ pool acquisition failure sanitized (0.090667ms)
✔ claim JSON dates/metadata and finalize fencing revision bind safely; diagnostic is bounded/read only (0.30175ms)
✔ static migration26 is additive, grants no runtime, no existing payment/booking/inventory changes (0.333ms)
✔ static indexed bounded dispatch/claim, one active payment generation, lease/crash/cutoff fences (0.2485ms)
✔ static receiver remains provider/job-dispatch free; worker has no production composition or business write port (0.223583ms)
✔ read-only expected context uses merchant/provider binding; batch is one query not one per job (0.327708ms)
✔ merchant auth/quota stop is durable with no reset function or fresh-event bypass (0.110791ms)
✔ context timestamp formatting is stable and normalized money stays within safe integer bounds (0.075083ms)
✔ provider truth accepts PENDING as a proposal, UNKNOWN is local knowledge only (11.806792ms)
✔ provider truth accepts COMPLETED as a proposal, UNKNOWN is local knowledge only (0.1765ms)
✔ provider truth accepts FAILED as a proposal, UNKNOWN is local knowledge only (0.126875ms)
✔ provider truth accepts CANCELED as a proposal, UNKNOWN is local knowledge only (0.109542ms)
✔ evidence mismatch blocks providerId (0.092958ms)
✔ evidence mismatch blocks referenceId (0.087667ms)
✔ evidence mismatch blocks idempotencyKey (0.072083ms)
✔ evidence mismatch blocks merchantId (0.061125ms)
✔ evidence mismatch blocks locationId (0.068542ms)
✔ evidence mismatch blocks amountJpy (0.103ms)
✔ evidence mismatch blocks currency (0.067292ms)
✔ evidence mismatch blocks status (0.053333ms)
✔ evidence mismatch blocks updatedAt (0.046375ms)
✔ evidence mismatch blocks completedAt (0.045625ms)
✔ invalid provider response/time null (0.050875ms)
✔ invalid provider response/time {} (0.04575ms)
✔ invalid provider response/time {"providerId":"payment-fixture","referen (0.050333ms)
✔ invalid provider response/time {"providerId":"payment-fixture","referen (0.040583ms)
✔ invalid provider response/time {"providerId":"payment-fixture","referen (0.044083ms)
✔ invalid provider response/time {"providerId":"payment-fixture","referen (0.036708ms)
✔ duplicate fingerprint is canonical across key order and time zone; no receipt time in decision identity (0.154ms)
✔ COMPLETED plus stale PENDING cannot downgrade; equal-time PENDING to COMPLETED is existing accepted behavior (0.17ms)
✔ FAILED terminal does not restart, contradictory COMPLETED requires review (1.120292ms)
✔ CANCELED terminal does not restart, contradictory COMPLETED requires review (0.092958ms)
✔ retry budget is deterministic/bounded; input errors are not silently clamped (1.113416ms)
✔ receiver -> durable signal -> dispatcher -> one payment job: dedupe and out-of-order coalesce; no lookup before ACK (17.319708ms)
✔ two workers, crash after claim, lease expiry and stale finalize fencing (shared-store fixture) (0.23275ms)
✔ dispatcher crash is atomic; future signal remains eligible after restart (0.143ms)
✔ crash after provider response before finalize performs another read under new lease, never another payment (0.255708ms)
✔ lost finalize response after commit is recoverable by durable state without another lookup (0.159792ms)
✔ new signal during lookup remains READY work; terminal receives new generation without reversing old job (0.343458ms)
✔ AUTH_BLOCKED stays BLOCKED across new events; no automatic restart (0.181125ms)
✔ RATE_LIMITED stays BLOCKED across new events; no automatic restart (0.07725ms)
✔ NOT_FOUND_BLOCKED stays BLOCKED across new events; no automatic restart (0.074375ms)
✔ INVALID_RESPONSE_BLOCKED stays BLOCKED across new events; no automatic restart (0.070167ms)
✔ EVIDENCE_MISMATCH_BLOCKED stays BLOCKED across new events; no automatic restart (0.070542ms)
✔ NETWORK_RETRYABLE retries only when due; cap5 never resets on event (17.314125ms)
✔ PROVIDER_5XX_RETRYABLE retries only when due; cap5 never resets on event (0.186ms)
✔ PENDING is not a terminal job; pending duplicate polls within budget and can reach COMPLETED (4.017875ms)
✔ deadline, final-attempt crash and fixture timeout are bounded with no real wait (0.222167ms)
✔ missing/wrong context stops before lookup; stale after context read also stops (0.156459ms)
✔ conflicting redelivery invalidates live lease and prevents automatic generation (0.095041ms)
✔ Square fixture HTTP401 -> AUTH_BLOCKED (0.174625ms)
✔ Square fixture HTTP403 -> AUTH_BLOCKED (0.038875ms)
✔ Square fixture HTTP429 -> RATE_LIMITED (0.026875ms)
✔ Square fixture HTTP404 -> NOT_FOUND_BLOCKED (0.025417ms)
✔ Square fixture HTTP500 -> PROVIDER_5XX_RETRYABLE (0.02575ms)
✔ Square fixture HTTP503 -> PROVIDER_5XX_RETRYABLE (0.026167ms)
✔ Square fixture HTTP400 -> INVALID_RESPONSE_BLOCKED (0.027167ms)
✔ Square fixture HTTP302 -> INVALID_RESPONSE_BLOCKED (0.02525ms)
✔ Square fixture normalized observations, malformed response and network failures never leak raw payload/error (0.26925ms)
✔ worker fake-only path never invokes ambient fetch; diagnostics have no raw body/session/credential (0.113916ms)
✔ duplicate internal truth cannot bypass a contradictory FAILED business context (0.062334ms)
✔ AUTH_BLOCKED stops remaining batch and persists merchant circuit for new payments (0.169708ms)
✔ RATE_LIMITED stops remaining batch and persists merchant circuit for new payments (0.072ms)
✔ internal stop codes and malformed provider port output are invalid response, not provider authority (0.115375ms)
✔ unlinked hash-conflicted inbox signal does not become a job in dispatcher fixture (0.035542ms)
✔ stale PENDING while newer PENDING exists remains retry work, not terminal (0.153375ms)
✔ cutoff crossed inside lookup cannot store an accepted observation (0.096541ms)
✔ transitive date/variant/group custody closure includes later chained requirements, not unrelated groups (0.986042ms)
✔ period search with Hall pruning agrees with independent exhaustive enumeration over 250 small fixed-capacity cases (27.695542ms)
✔ per-day feasibility cannot replace continuous-Asset witness and explicit search limit stays indeterminate (0.3285ms)
✔ photo transport decodes valid 9MiB and exact 10MiB without regex stack growth (41.008625ms)
✔ photo transport rejects oversized, noncanonical and malformed encodings (9.144959ms)
✔ photo candidates require exact existing offer, explicit role and bounded order; no fuzzy binding (0.724708ms)
✔ duplicate upload/concurrent terminal replies commit each photo once, byte reuse never grants rights (118.624458ms)
✔ fixed manifest rejects replaced bytes/duplicate names; malformed image records failure without publishing (0.400625ms)
✔ revocation while real decoder is running rejects commit and writes no private objects (24.987792ms)
✔ photo prepare matches the catalog from the acquired transaction, preserving replay candidates (0.516792ms)
✔ database stop must wait for delayed socket end after pool.end resolves (0.81375ms)
✔ background connection errors fail closure without exposing attached client (0.521542ms)
✔ all 216 explicit amounts through product/duration calculation; no runtime curve (17.338208ms)
✔ half-day early explicit examples 5320 / 6460 / 2850 and integer HALF_UP (0.247792ms)
✔ JST previous-day 15:00 inclusive payment qualification; quote never qualifies payment (0.207584ms)
✔ explicit stacking, applicable coupon scope/window/min/cap; no negative totals or double discount (1.143709ms)
✔ mixed members eligibility/minimum basis; set components never become extra price lines (0.27425ms)
✔ strict quote and coupon inputs reject prices, role, duplicates, dates, unknown product and incomplete table (0.385916ms)
✔ production guest JSON schema, exact approval hash and runtime inequalities; no default/owner values invented (39.933041ms)
✔ trusted ingress uses only request-object-bound dispatcher metadata; all browser IP spellings fail closed (17.648083ms)
✔ concrete Square transport pins Sandbox/API version/Bearer/auth binding, stable idempotency, no redirects/ambient credentials (41.029375ms)
✔ concrete Square allowlist rejects wrong host/location/path before credentials; revoked/expired/wrong merchant stops without network (1.038ms)
✔ response loss/UNKNOWN never auto retries or changes key; credential/response diagnostics are masked (1.07425ms)
✔ transport abort cancels body read and settles hung fetch without retry; oversized/invalid JSON fails UNKNOWN (29.588417ms)
✔ signed duplicate/out-of-order webhook only performs current lookup; tamper and merchant/amount/currency mismatch rejected (1.359917ms)
✔ media provider separates private originals/derivatives, immutable digest, rights/revision checks and signed ticket bounds (0.653875ms)
✔ withdrawal requires exact CDN invalidation receipt; signed expiry/legal retention/references gate deletion, never auto-delete (0.316833ms)
✔ source staging preserves original/normalized provenance, exact match, explicit dry-run commit and same-source idempotency (1.155083ms)
✔ unresolved/ambiguous manufacturer/year/quantity rows never create stock; reductions/missing rows never delete assets; wear stays quantity (3.111917ms)
✔ all required operational codes reach a strict structured sink; secret/PII/error bodies cannot enter it (3.701625ms)
✔ secret lifecycle rejects missing/revoked/expired/duplicate active credentials and documents old-key grace without claiming rotation execution (2.269917ms)
✔ environment readers require explicit valid private metadata; public secret variables and invalid JSON fail closed without logging raw values (0.311708ms)
✔ P2-01 unapproved public environment names fail closed regardless of secret-like spelling (0.11975ms)
✔ P5 preflight never promotes documentation/fixtures/Owner targets to external PASS (0.607791ms)
✔ P5 exact CI requires repository/workflow/event/head/base/integration tree/run attempt/job success (0.260167ms)
✔ P5 offline preflight command emits JSON/human summary and exits2 with pending gates (324.692709ms)
✔ Square Sandbox adapter uses exact official request, stable key, bounded endpoint and no normal activation (1.174958ms)
✔ UNKNOWN without verified provider ID never sends another POST or invents get-by-idempotency (0.351791ms)
✔ Square auth/quota/timeout stops without automatic retry and masks raw response (2.391542ms)
✔ Square signed webhook uses fresh lookup rather than callback amount or status; rejects tamper, merchant and money mismatch (0.561ms)
✔ private storage releases only current derivative and rechecks withdrawal/revision after read (7.276458ms)
✔ exact catalog/source plan preserves one ski pair as one Asset and duplicate receipt is idempotent (0.527417ms)
✔ manufacturer range, unknown ADD/REPLACE/store/unit and wrong season never become stock (2.074209ms)
✔ wear and poles require explicit quantity units with no generated individual IDs or invented200 total (0.316084ms)
✔ launch checklist fails closed on missing/expired/old-head/old-policy evidence; pass grants no deploy permission (0.421792ms)
✔ operational events and CWV distinguish LAB/FIELD and exclude arbitrary PII/body/session fields (0.247375ms)
✔ Square deadlines settle even when an injected dependency ignores cancellation; source failure never POSTs (4.796125ms)
✔ R2 SDK transport fixture: private immutable object, conditional replay, no public ACL or default network (60.984125ms)
✔ R2 presigning uses SDK and bounded original-only tickets; rights withdrawal requires matched purge receipt (15.621958ms)
✔ P5 R2 rotation uses current credential for next SDK operation, never the memoized old key (26.017458ms)
✔ owner rules use independent explicit targets and +1cm, no DIN or BSL computation (0.71675ms)
✔ 145/150/155, anchored direction choice and deterministic shorter tie (0.190333ms)
✔ original absolute window includes both boundaries and excludes one centimetre outside (0.066958ms)
✔ real exact-size variant IDs, no age/class substitution, no hidden larger boots or text guessing (0.380583ms)
✔ snowboard does not require detailed age/weight/level, ski age13 boundary and forged fields reject (7.626042ms)
✔ one immutable pair ID resolves one cycle; no left/right child identifiers (0.853ms)
✔ a saved scan can never retarget the latest cycle, version or already-received loan (0.081458ms)
✔ unknown/no active or ambiguous active cycle is not a successful receipt (0.234583ms)
✔ invalid saved scan and checkout timestamps cannot become a receipt candidate (0.081708ms)
✔ P6 one acceptance location is metadata only; it does not map or activate either internal store (0.6875ms)
✔ P6 metadata parser never reads credential values, including during error handling (0.319208ms)
✔ P6 rejects production/development, omitted mode/version, aliases and public settings (0.154ms)
✔ P6 URL is exact non-secret HTTPS metadata, not inferred from request headers or aliases (0.487208ms)
✔ P5 activation metadata rejects production, missing/mixed mapping, credentials and automatic enablement (1.460042ms)
✔ P5 dual webhook keys verify exact URL/raw bytes, retire exactly at grace and never expose secret (1.156833ms)
✔ SQL repository commits INSERTED before resolving and binds exact metadata only (0.967166ms)
✔ SQL repository commits DUPLICATE before resolving and binds exact metadata only (0.10275ms)
✔ SQL repository commits HASH_CONFLICT before resolving and binds exact metadata only (0.101416ms)
✔ failure/uncertain BEGIN rolls back/destroys connection, never retries or leaks errors (0.32ms)
✔ failure/uncertain SET LOCAL rolls back/destroys connection, never retries or leaks errors (0.082208ms)
✔ failure/uncertain square_webhook.receive rolls back/destroys connection, never retries or leaks errors (0.09425ms)
✔ failure/uncertain COMMIT rolls back/destroys connection, never retries or leaks errors (0.092416ms)
✔ unknown database receipt fails before COMMIT (0.113792ms)
✔ SQL claim returns only safe signal/lease metadata; settle binds fencing token and bounded failure code (0.245958ms)
✔ empty queue and successful terminal mark; all transaction paths release (0.133542ms)
✔ static additive migration: environment-scoped durable dedupe, bounded audit/retries, no business/raw payload storage (0.209959ms)
✔ static queue fencing/crash recovery: SKIP LOCKED, expired lease reclaim, bounded attempts, DB clock after lock (0.066125ms)
✔ pool acquisition failure also suppresses credential-bearing diagnostics without retry (0.0725ms)
✔ payment.created signed receipt persists only whitelisted signal metadata (13.661333ms)
✔ payment.updated signed receipt persists only whitelisted signal metadata (0.397917ms)
✔ missing/invalid signature 0 never opens inbox or parses malformed JSON (0.260791ms)
✔ missing/invalid signature 3 never opens inbox or parses malformed JSON (0.2645ms)
✔ missing/invalid signature 44 never opens inbox or parses malformed JSON (0.274042ms)
✔ signed malformed UTF8/JSON/envelope 7b rejects before persistence (1.722875ms)
✔ signed malformed UTF8/JSON/envelope ff rejects before persistence (0.223208ms)
✔ signed malformed UTF8/JSON/envelope 6e756c6c rejects before persistence (0.167ms)
✔ signed malformed UTF8/JSON/envelope 5b5d rejects before persistence (0.175625ms)
✔ signed malformed UTF8/JSON/envelope 3432 rejects before persistence (0.22275ms)
✔ missing/invalid identity {"type":"payment.updated","merchant_id":"MLKDVEDH1ME21","data":{"objec (0.159917ms)
✔ missing/invalid identity {"event_id":"","type":"payment.updated","merchant_id":"MLKDVEDH1ME21", (0.121709ms)
✔ missing/invalid identity {"event_id":"xxxxxxxxxxxxxxxxxxxxxxxxxxxxxxxxxxxxxxxxxxxxxxxxxxxxxxxxx (0.112209ms)
✔ missing/invalid identity {"event_id":"bad\nline","type":"payment.updated","merchant_id":"MLKDVE (0.125042ms)
✔ missing/invalid identity {"event_id":"fixture-event","type":"payment.updated","merchant_id":"", (0.174541ms)
✔ missing/invalid identity {"event_id":"fixture-event","merchant_id":"MLKDVEDH1ME21","data":{"obj (0.130167ms)
✔ missing/invalid identity {"event_id":"fixture-event","type":"payment.updated","merchant_id":"ML (0.136125ms)
✔ missing/invalid identity {"event_id":"fixture-event","type":"payment.updated","merchant_id":"ML (0.113458ms)
✔ missing/invalid identity {"event_id":"fixture-event","type":"payment.updated","merchant_id":"ML (0.096708ms)
✔ signed wrong merchant rejected for supported and unsupported event (0.175666ms)
✔ unsupported signed correct-merchant envelope is explicitly ignored without a payment ACK/retry loop (0.121792ms)
✔ raw whitespace/order remain signed exactly; request host/forwarded headers cannot replace configured URL (0.275958ms)
✔ oversized body actual limit with content-length undefined (0.25875ms)
✔ oversized body actual limit with content-length 65537 (0.163375ms)
✔ oversized body actual limit with content-length 1 (0.156542ms)
✔ stream read once, exact 64KiB allowed; missing content length does not permit excess chunks (0.669ms)
✔ stream read failure is redacted and never inserts (0.18275ms)
✔ 20 concurrent deliveries and same stored key after a lost ACK are deduped by fixture repository (13.317291ms)
✔ event ID reuse with different raw hash records conflict and preserves original signal (0.297916ms)
✔ out-of-order updated/created events are separate signals; no provider or business state is available to handler (0.400125ms)
✔ retry headers grant no authority {} (0.169958ms)
✔ retry headers grant no authority {"square-retry-number":"1","square-retry-reason":"http_timeout"} (0.139708ms)
✔ retry headers grant no authority {"square-retry-number":"-999"} (0.130875ms)
✔ ACK waits for successful persistence; DB failure/body details never appear in response or logs (0.389375ms)
✔ method guard and missing config fail closed without pool factory (0.108584ms)
✔ explicit Sandbox Preview config only, fixed merchant/version/dedicated TLS receiver identity, no access-token dependency (0.22575ms)
✔ Next route with official Next server-only alias exports GET405 and unconfigured POST503 in isolated Node (no server/browser/DB) (141.580083ms)
✔ actually absent signature header, not just empty value, is 403 before inbox creation (0.26775ms)
✔ staff500 diagnostic emits only server-generated correlation, fixed phase and allowlisted SQLSTATE (0.891541ms)
✔ unknown/inherited/getter codes and nested cause never leak into diagnostics (0.109125ms)
✔ Argon2id has independent salts and verifies only the supplied password (248.0755ms)
✔ canonical email is case/outer-space stable; password policy adds no composition rules (0.285917ms)
✔ role, permission and ALL scope are independently required for staff management (0.086667ms)
✔ staff input cannot grant unimplemented refund permissions or forge subject (0.468708ms)
✔ ordinary runtime without owned development connection fails closed and cannot attach a remote DB (0.217292ms)
✔ P5 real disk observation and exact safety floor; unavailable/invalid capacity is not success (1.897958ms)
✔ P5 cleanup requires matching successful log/run, stopped owner and no live PID; all others preserved (9.630209ms)
✔ transfer input rejects authority fields, impossible dates, model-free fake IDs and invalid pair quantities (2.165584ms)
✔ pair labels never create two assets; duplicate selected Asset or pool lines rejected (0.150167ms)
✔ forecast is not immediate stock, automatic receipt, late readiness or another-store capacity (0.222583ms)
✔ cancelled transfer keeps source PAIR protection while a promise needs reconciliation (0.109792ms)
✔ v1.2wear-only contract uses two independent quantity requirements; never one generic WEAR or one part (2.073667ms)
✔ wear ledger regular input accepts STANDARD parts with explicit sport compatibility (0.615792ms)
✔ independent golden same-member wear20percent then advance5percent (0.478834ms)
✔ another member never receives equipment wear adjustment (0.176083ms)
✔ integrated Premium board promise required and exact variant selected (0.245334ms)
✔ quantity override forbids wear Assets and ambiguous multi-variant quantity promises (0.293875ms)
✔ all24 explicit approved wear prices and independent bundle golden cases remain stable (0.7405ms)
✔ explicit Premium day12350 and wear-only4750 golden preserve discount order (0.205167ms)
✔ WEAR-PRICE-01: SINGLE pole plus wear uses the pole price regardless of item order (2.671917ms)
✔ CI diagnostic forwarding preserves only the exact emitted safe schema and historical auth code (0.713708ms)
✔ split/coalesced/oversized child stderr never drops a valid record or forwards an unsafe suffix (2.332292ms)
✔ transport failure classification never exports messages, URLs, cookies or arbitrary codes (0.34225ms)
ℹ tests 491
ℹ suites 0
ℹ pass 491
ℹ fail 0
ℹ cancelled 0
ℹ skipped 0
ℹ todo 0
ℹ duration_ms 1981.86
