✔ legacy startPayment vs projection uses the same global lock and does not create a second payment (11.631834ms)
✔ legacy reconcile then projection of same observation is duplicate/noop, not second confirmation (1.409084ms)
✔ concurrent legacy reconcile and projection preserve one confirmation and old event dedupe (0.920167ms)
✖ legacy create/startPayment/get/list synthetic path retains HOLD/quote/hash/claim checks (0.600417ms)
✔ legacy UNKNOWN keeps its existing payment key and later lookup recovers without create retry (0.851333ms)
✔ legacy create still blocks expired (0.416292ms)
✔ legacy create still blocks claims (0.30325ms)
✔ legacy create still blocks transfer (0.260958ms)
✔ legacy create still blocks snapshot (0.26225ms)
✔ static27 additive journal, unique observation/revision, append-only evidence and PUBLIC revoked (0.8ms)
✔ SQL uses fixed queries/bound values; context/receipt lookups are indexed or bounded (0.202333ms)
✔ recorded lock order agrees with legacy inventory global lock before booking/attempt/hold and R12 stream/job (11.416917ms)
✔ new projection code is not imported by any existing HTTP/runtime or R12 worker (0.838333ms)
✔ projection PENDING existing business semantics (23.592708ms)
✔ projection COMPLETED existing business semantics (0.519042ms)
✔ projection FAILED existing business semantics (0.2855ms)
✔ projection CANCELED existing business semantics (0.245333ms)
✔ identity or provider contract mismatch providerId (0.178833ms)
✔ identity or provider contract mismatch referenceId (0.148709ms)
✔ identity or provider contract mismatch idempotencyKey (0.12225ms)
✔ identity or provider contract mismatch merchantId (0.210958ms)
✔ identity or provider contract mismatch locationId (0.140417ms)
✔ identity or provider contract mismatch amountJpy (0.156167ms)
✔ identity or provider contract mismatch currency (0.101708ms)
✔ identity or provider contract mismatch status (0.088458ms)
✔ identity or provider contract mismatch updatedAt (1.153167ms)
✔ identity or provider contract mismatch completedAt (0.164208ms)
✔ bounded JPY amount 0 (0.143667ms)
✔ bounded JPY amount -1 (0.094875ms)
✔ bounded JPY amount 1.1 (0.084167ms)
✔ bounded JPY amount 100000001 (0.086333ms)
✔ bounded JPY amount 9007199254740992 (0.096ms)
✔ expired hold does not force confirmation/reacquire/refund (1.025167ms)
✔ missing gear does not force confirmation/reacquire/refund (0.301375ms)
✔ missing wear does not force confirmation/reacquire/refund (0.313959ms)
✔ transfer attention does not force confirmation/reacquire/refund (0.397417ms)
✔ canceled transfer does not force confirmation/reacquire/refund (0.28825ms)
✔ overdue unready transfer does not force confirmation/reacquire/refund (0.292958ms)
✔ snapshot hash does not force confirmation/reacquire/refund (0.265667ms)
✔ quote relation does not force confirmation/reacquire/refund (0.194ms)
✔ quote hash does not force confirmation/reacquire/refund (0.238ms)
✔ coupon redemption does not force confirmation/reacquire/refund (0.297375ms)
✔ missing quote does not force confirmation/reacquire/refund (0.200916ms)
✔ fixed allocation does not force confirmation/reacquire/refund (0.231458ms)
✔ released hold does not force confirmation/reacquire/refund (0.232375ms)
✔ successful hold does not force confirmation/reacquire/refund (0.238334ms)
✔ wrong reservation does not force confirmation/reacquire/refund (0.150583ms)
✔ wrong actor does not force confirmation/reacquire/refund (0.144209ms)
✔ production mode does not force confirmation/reacquire/refund (0.162333ms)
✔ return due exact boundary is closed even with remaining hold time (0.391291ms)
✔ early-discount qualification remains tied to provider completed time (0.249542ms)
✔ chargeReady and snapshot conditions cannot be tampered even with a recomputed hash (0.491584ms)
✔ same timestamp changed payload is BLOCK_CONFLICT, overriding only the new projection path (0.714542ms)
✔ terminal completed and duplicate/stale observations never downgrade (0.6015ms)
✔ FAILED cannot be silently upgraded or retried (0.129541ms)
✔ CANCELED cannot be silently upgraded or retried (0.113417ms)
✔ completed truth in REVIEW requires an operator even if conditions later look repaired (0.125084ms)
✔ invalid projection reference truthFingerprint (0.238417ms)
✔ invalid projection reference observationFingerprint (0.074167ms)
✔ invalid projection reference expectedRevision (0.070041ms)
✔ invalid projection reference truthRevision (0.06225ms)
✔ invalid projection reference bookingId (0.098375ms)
✔ invalid projection reference attemptId (0.069167ms)
✔ invalid projection reference jobId (0.079375ms)
✔ untrusted persisted source fails environment (0.232875ms)
✔ untrusted persisted source fails state (0.074916ms)
✔ untrusted persisted source fails securityBlocked (0.067292ms)
✔ untrusted persisted source fails truthRevision (0.065709ms)
✔ untrusted persisted source fails decision (0.067375ms)
✔ untrusted persisted source fails decisionFingerprint (0.060833ms)
✔ untrusted persisted source fails contextFingerprint (0.085084ms)
✔ untrusted persisted source fails paymentId (0.062667ms)
✔ untrusted persisted source fails merchantId (0.062625ms)
✔ untrusted persisted source fails observation (0.059333ms)
✔ only ten normalized provider fields cross the source boundary (0.133ms)
✔ claim contract checks gear, wear, exact quantity and variant/model promise without inferred substitution (0.38275ms)
✔ Premium exact model/season/length stays in claim validation (0.293ms)
✔ actual repository + scripted SQL: completion is one transaction, frozen commercial contract, safe audit (1.67425ms)
✔ two simultaneous projects commit once; replay checks precede old revision and changed source (1.03075ms)
✔ COMMIT response loss replays stored result without second projection/notification/history (0.731208ms)
✔ crash at BEGIN rolls back all business/history/journal changes (0.289292ms)
✔ crash at SET LOCAL rolls back all business/history/journal changes (0.286542ms)
✔ crash at SELECT pg_advisory_xact_lock(71820600) rolls back all business/history/journal changes (0.285416ms)
✔ crash at UPDATE rental_payment_attempts rolls back all business/history/journal changes (0.707709ms)
✔ crash at UPDATE rental_bookings rolls back all business/history/journal changes (0.557333ms)
✔ crash at UPDATE inventory_holds rolls back all business/history/journal changes (0.572625ms)
✔ crash at INSERT INTO payment_projection.heads rolls back all business/history/journal changes (1.3305ms)
✔ crash at INSERT INTO payment_projection.events rolls back all business/history/journal changes (0.58625ms)
✔ crash at INSERT INTO payment_projection.job_receipts rolls back all business/history/journal changes (0.554458ms)
✔ crash at COMMIT rolls back all business/history/journal changes (0.658083ms)
✔ stale transaction revision rejects even after proposed writes and rolls back (0.545583ms)
✔ expired HOLD persists completed provider truth but not reservation or stock resurrection (0.605042ms)
✔ missing GEAR witness blocks completed projection in actual repository path (0.481166ms)
✔ missing WEAR witness blocks completed projection in actual repository path (0.401041ms)
✔ DB time is sampled after locks and before first business write (0.489042ms)
✔ transfer deadline crossing during source lock wait blocks at final decision (0.464791ms)
✔ PENDING repository transition keeps hold witness and TTL (0.572291ms)
✔ FAILED repository transition keeps hold witness and TTL (0.486708ms)
✔ CANCELED repository transition keeps hold witness and TTL (0.9755ms)
✔ normal or production database name is blocked before business lock (0.211334ms)
✔ source mutation blocks and performs no updates; attempt/version mismatch does not acquire source locks (0.468875ms)
✔ production constructor/method gate and no ambient HTTP (0.605709ms)
✔ same observation proof does not cross from Square Sandbox to a simulation booking (0.282875ms)
✔ expiry after first write is fenced by SQL and rolls back; same key later records blocked truth (0.952542ms)
ℹ tests 104
ℹ suites 0
ℹ pass 103
ℹ fail 1
ℹ cancelled 0
ℹ skipped 0
ℹ todo 0
ℹ duration_ms 730.794

✖ failing tests:

test at tests/unit/payment-projection-booking.test.ts:1:2654
✖ legacy create/startPayment/get/list synthetic path retains HOLD/quote/hash/claim checks (0.600417ms)
  Error: FLOW_OPERATION_FAILED
      at LocalFlow.transaction (/Users/gini/Projects/zao-rental/.local/worktrees/production-p6/packages/core/src/payment/booking-service.ts:22:1063)
      at async TestContext.<anonymous> (/Users/gini/Projects/zao-rental/.local/worktrees/production-p6/tests/unit/payment-projection-booking.test.ts:20:270)
      at async Test.run (node:internal/test_runner/test:1208:7)
      at async Test.processPendingSubtests (node:internal/test_runner/test:831:7) {
    code: 'FLOW_OPERATION_FAILED',
    status: 500
  }
