✔ legacy startPayment vs projection uses the same global lock and does not create a second payment (11.61025ms)
✔ legacy reconcile then projection of same observation is duplicate/noop, not second confirmation (1.416166ms)
✔ concurrent legacy reconcile and projection preserve one confirmation and old event dedupe (0.916917ms)
✔ legacy create/startPayment/get/list synthetic path retains HOLD/quote/hash/claim checks (0.995375ms)
✔ legacy UNKNOWN keeps its existing payment key and later lookup recovers without create retry (0.846791ms)
✔ legacy create still blocks expired (0.5765ms)
✔ legacy create still blocks claims (0.250209ms)
✔ legacy create still blocks transfer (0.244458ms)
✔ legacy create still blocks snapshot (0.392917ms)
✔ static27 additive journal, unique observation/revision, append-only evidence and PUBLIC revoked (0.802542ms)
✔ SQL uses fixed queries/bound values; context/receipt lookups are indexed or bounded (0.201542ms)
✔ recorded lock order agrees with legacy inventory global lock before booking/attempt/hold and R12 stream/job (11.358ms)
✔ new projection code is not imported by any existing HTTP/runtime or R12 worker (0.74ms)
✔ projection PENDING existing business semantics (26.41ms)
✔ projection COMPLETED existing business semantics (0.639084ms)
✔ projection FAILED existing business semantics (0.31875ms)
✔ projection CANCELED existing business semantics (1.128333ms)
✔ identity or provider contract mismatch providerId (0.253584ms)
✔ identity or provider contract mismatch referenceId (0.236875ms)
✔ identity or provider contract mismatch idempotencyKey (0.1365ms)
✔ identity or provider contract mismatch merchantId (0.12325ms)
✔ identity or provider contract mismatch locationId (0.135125ms)
✔ identity or provider contract mismatch amountJpy (0.184625ms)
✔ identity or provider contract mismatch currency (0.109375ms)
✔ identity or provider contract mismatch status (0.125417ms)
✔ identity or provider contract mismatch updatedAt (0.136417ms)
✔ identity or provider contract mismatch completedAt (0.106375ms)
✔ bounded JPY amount 0 (0.144083ms)
✔ bounded JPY amount -1 (0.136875ms)
✔ bounded JPY amount 1.1 (0.089416ms)
✔ bounded JPY amount 100000001 (0.080833ms)
✔ bounded JPY amount 9007199254740992 (0.099ms)
✔ expired hold does not force confirmation/reacquire/refund (1.104708ms)
✔ missing gear does not force confirmation/reacquire/refund (0.282667ms)
✔ missing wear does not force confirmation/reacquire/refund (0.250875ms)
✔ transfer attention does not force confirmation/reacquire/refund (0.288125ms)
✔ canceled transfer does not force confirmation/reacquire/refund (0.25525ms)
✔ overdue unready transfer does not force confirmation/reacquire/refund (0.280625ms)
✔ snapshot hash does not force confirmation/reacquire/refund (0.23275ms)
✔ quote relation does not force confirmation/reacquire/refund (0.185583ms)
✔ quote hash does not force confirmation/reacquire/refund (0.226ms)
✔ coupon redemption does not force confirmation/reacquire/refund (0.247042ms)
✔ missing quote does not force confirmation/reacquire/refund (0.183791ms)
✔ fixed allocation does not force confirmation/reacquire/refund (0.218459ms)
✔ released hold does not force confirmation/reacquire/refund (0.223417ms)
✔ successful hold does not force confirmation/reacquire/refund (0.222417ms)
✔ wrong reservation does not force confirmation/reacquire/refund (0.143958ms)
✔ wrong actor does not force confirmation/reacquire/refund (0.129583ms)
✔ production mode does not force confirmation/reacquire/refund (0.170042ms)
✔ return due exact boundary is closed even with remaining hold time (0.3325ms)
✔ early-discount qualification remains tied to provider completed time (0.217167ms)
✔ chargeReady and snapshot conditions cannot be tampered even with a recomputed hash (0.413167ms)
✔ same timestamp changed payload is BLOCK_CONFLICT, overriding only the new projection path (0.193708ms)
✔ terminal completed and duplicate/stale observations never downgrade (0.285375ms)
✔ FAILED cannot be silently upgraded or retried (0.116458ms)
✔ CANCELED cannot be silently upgraded or retried (0.10725ms)
✔ completed truth in REVIEW requires an operator even if conditions later look repaired (0.126291ms)
✔ invalid projection reference truthFingerprint (0.192625ms)
✔ invalid projection reference observationFingerprint (0.065458ms)
✔ invalid projection reference expectedRevision (0.059333ms)
✔ invalid projection reference truthRevision (0.057625ms)
✔ invalid projection reference bookingId (0.103667ms)
✔ invalid projection reference attemptId (0.066334ms)
✔ invalid projection reference jobId (0.092875ms)
✔ untrusted persisted source fails environment (0.211833ms)
✔ untrusted persisted source fails state (0.07375ms)
✔ untrusted persisted source fails securityBlocked (0.074458ms)
✔ untrusted persisted source fails truthRevision (0.076459ms)
✔ untrusted persisted source fails decision (0.078375ms)
✔ untrusted persisted source fails decisionFingerprint (0.070916ms)
✔ untrusted persisted source fails contextFingerprint (0.096ms)
✔ untrusted persisted source fails paymentId (0.072583ms)
✔ untrusted persisted source fails merchantId (0.070667ms)
✔ untrusted persisted source fails observation (0.065292ms)
✔ only ten normalized provider fields cross the source boundary (0.148166ms)
✔ claim contract checks gear, wear, exact quantity and variant/model promise without inferred substitution (0.395917ms)
✔ Premium exact model/season/length stays in claim validation (0.231333ms)
✔ actual repository + scripted SQL: completion is one transaction, frozen commercial contract, safe audit (1.595583ms)
✔ two simultaneous projects commit once; replay checks precede old revision and changed source (1.013625ms)
✔ COMMIT response loss replays stored result without second projection/notification/history (0.719625ms)
✔ crash at BEGIN rolls back all business/history/journal changes (0.27575ms)
✔ crash at SET LOCAL rolls back all business/history/journal changes (0.269333ms)
✔ crash at SELECT pg_advisory_xact_lock(71820600) rolls back all business/history/journal changes (0.267333ms)
✔ crash at UPDATE rental_payment_attempts rolls back all business/history/journal changes (1.282209ms)
✔ crash at UPDATE rental_bookings rolls back all business/history/journal changes (0.611042ms)
✔ crash at UPDATE inventory_holds rolls back all business/history/journal changes (0.660125ms)
✔ crash at INSERT INTO payment_projection.heads rolls back all business/history/journal changes (0.663791ms)
✔ crash at INSERT INTO payment_projection.events rolls back all business/history/journal changes (0.549917ms)
✔ crash at INSERT INTO payment_projection.job_receipts rolls back all business/history/journal changes (0.532375ms)
✔ crash at COMMIT rolls back all business/history/journal changes (0.59575ms)
✔ stale transaction revision rejects even after proposed writes and rolls back (0.577458ms)
✔ expired HOLD persists completed provider truth but not reservation or stock resurrection (0.639542ms)
✔ missing GEAR witness blocks completed projection in actual repository path (0.572667ms)
✔ missing WEAR witness blocks completed projection in actual repository path (0.498584ms)
✔ DB time is sampled after locks and before first business write (0.559333ms)
✔ transfer deadline crossing during source lock wait blocks at final decision (1.101125ms)
✔ PENDING repository transition keeps hold witness and TTL (0.551167ms)
✔ FAILED repository transition keeps hold witness and TTL (0.460416ms)
✔ CANCELED repository transition keeps hold witness and TTL (0.4955ms)
✔ normal or production database name is blocked before business lock (0.243416ms)
✔ source mutation blocks and performs no updates; attempt/version mismatch does not acquire source locks (0.526375ms)
✔ production constructor/method gate and no ambient HTTP (0.564333ms)
✔ same observation proof does not cross from Square Sandbox to a simulation booking (0.231208ms)
✔ expiry after first write is fenced by SQL and rolls back; same key later records blocked truth (1.157125ms)
✔ new R12 generation of an already projected observation links a new receipt without business/audit replay (1.250875ms)
✔ new job reference cannot borrow an old projection receipt without current source verification (0.893209ms)
ℹ tests 106
ℹ suites 0
ℹ pass 106
ℹ fail 0
ℹ cancelled 0
ℹ skipped 0
ℹ todo 0
ℹ duration_ms 653.05425
