✔ operator two browser request callbacks dispatch only once; fsynced record survives response loss (41.111334ms)
✔ separate operator processes race for the same reservation: exactly one wins (79.081792ms)
✔ operator two browser request callbacks dispatch only once; fsynced record survives response loss (41.807ms)
✔ separate operator processes race for the same reservation: exactly one wins (83.606875ms)
✔ R6 pure preflight exposes only flags/enums and requires no merchant metadata (1.371667ms)
✔ R6 blocks DEPLOYMENT_NOT_PREVIEW before fetch VERCEL_ENV (15.523958ms)
✔ R6 blocks NOT_SANDBOX before fetch SQUARE_ENVIRONMENT (0.548666ms)
✔ R6 blocks API_VERSION_MISMATCH before fetch SQUARE_API_VERSION (0.35525ms)
✔ R6 blocks APPLICATION_ID_INVALID before fetch SQUARE_SANDBOX_APPLICATION_ID (0.425458ms)
✔ R6 blocks APPLICATION_ID_INVALID before fetch SQUARE_SANDBOX_APPLICATION_ID (0.292375ms)
✔ R6 blocks LOCATION_ID_INVALID before fetch SQUARE_SANDBOX_LOCATION_ID (0.297084ms)
✔ R6 blocks LOCATION_ID_INVALID before fetch SQUARE_SANDBOX_LOCATION_ID (15.956042ms)
✔ R6 blocks CREDENTIAL_MISSING before fetch SQUARE_SANDBOX_ACCESS_TOKEN (0.292834ms)
✔ R6 blocks CREDENTIAL_FORMAT_INVALID before fetch SQUARE_SANDBOX_ACCESS_TOKEN (0.236584ms)
✔ R6 blocks PUBLIC_CREDENTIAL_EXPOSURE before fetch NEXT_PUBLIC_SQUARE_ACCESS_TOKEN (0.239208ms)
✔ R6 blocks CONFIGURATION_INVALID before fetch SQUARE_SANDBOX_MERCHANT_ID (0.213667ms)
✔ R6 blocks CONFIGURATION_INVALID before fetch SQUARE_SANDBOX_NOTIFICATION_URL (0.140625ms)
✔ R6 catches credentials reflected in unrelated NEXT_PUBLIC keys without returning values (0.067875ms)
✔ R6 GET preflight repeats safely; production and wrong intent are rejected (0.298458ms)
✔ R6 validates body, exact same-origin browser intent and method before dispatch (0.610084ms)
✔ R6 PASS and concurrent streamed one-shot issue only two exact Sandbox fetches (6.435833ms)
✔ R6 merchant failures terminate before locations and cannot be retried (3.432459ms)
✔ R6 location mismatch/state/capability results preserve their bounded evidence (20.960042ms)
✔ R6 network/unknown outcome stays structured and never retries (0.404917ms)
✔ R6 reflected token and raw provider diagnostics never appear in safe output (0.40825ms)
✔ R6 unexpected pre-dispatch internal exception has structured zero-dispatch output (0.473791ms)
✔ Square S1 service performs only exact two read-only Sandbox lookups on happy path (31.490291ms)
✔ Square S1 service fails fast on merchant lookup auth/429/5xx/network/timeout/schema and does not call locations (39.373291ms)
✔ Square S1 service enforces merchant active/Japanese/JPY and configured main location (0.828459ms)
✔ Square S1 service validates configured location state/currency/country/merchant and card capability (19.1135ms)
✔ Square S1 transport rejects non-identity endpoints, queries, and payment paths before credential read (0.387917ms)
✔ Square S1 acceptance blocks non-sandbox, non-POST, missing intent, and body/query inputs before fetch (1.475291ms)
✔ Square S1 acceptance rejects VERCEL_ENV=production even when SQUARE_ENVIRONMENT is SANDBOX (0.10275ms)
✔ Square S1 transport enforces strict identity headers/credentials and rejects redirect responses before body parse (0.151792ms)
✔ Square S1 acceptance redacts its actual injected synthetic token reflected in merchant identity (0.317125ms)
✔ Square S1 transport fails closed on oversized location payload (1.405791ms)
✔ Square S1 transport fails schema when provider content-type is not application/json (0.1185ms)
✔ Square S1 acceptance never exposes raw provider diagnostic body (0.230125ms)
✔ Square S1 acceptance hides secret fields and does not surface raw provider payload in response (0.285417ms)
✔ Square S1 acceptance applies an in-instance once guard without distributed semantics (0.349833ms)
✔ Square S1 accepts an empty streamed POST from Next Node adapter; concurrent duplicate never sends more than two calls in one instance (0.501791ms)
✔ R9 immutable manifest and fingerprint match; any identity/amount/source/key change fails (16.923542ms)
✔ R9 preflight is provider-free, booleans/enums only; local guard verification is explicitly separate (14.775ms)
✔ R9 runtime preflight blocks VERCEL_ENV production (0.402625ms)
✔ R9 runtime preflight blocks VERCEL_ENV undefined (0.275792ms)
✔ R9 runtime preflight blocks SQUARE_ENVIRONMENT PRODUCTION (3.361125ms)
✔ R9 runtime preflight blocks SQUARE_API_VERSION 2025-01-01 (0.387625ms)
✔ R9 runtime preflight blocks SQUARE_SANDBOX_MERCHANT_ID other (0.266167ms)
✔ R9 runtime preflight blocks SQUARE_SANDBOX_APPLICATION_ID undefined (0.223083ms)
✔ R9 runtime preflight blocks SQUARE_SANDBOX_LOCATION_ID undefined (0.232833ms)
✔ R9 runtime preflight blocks SQUARE_SANDBOX_ACCESS_TOKEN undefined (3.693625ms)
✔ R9 runtime preflight blocks SQUARE_SANDBOX_ACCESS_TOKEN invalid token (0.27525ms)
✔ R9 runtime preflight blocks NEXT_PUBLIC_SQUARE_ACCESS_TOKEN fixture-public (0.235834ms)
✔ R9 client body/query/method/origin/intent cannot supply payment parameters (0.617209ms)
✔ R9 exact completed payment PASS uses one create and zero unnecessary lookup (9.40975ms)
✔ R9 same-instance concurrent empty streams allow one controlled create (0.76ms)
✔ R9 pending safe ID allows exactly one conditional GET; same key is never POSTed twice (1.000458ms)
✔ R9 still-pending lookup stops; malformed or absent provider ID never looks up (3.484709ms)
✔ R9 money/reference/location mismatches fail without lookup (1.919166ms)
✔ R9 missing/invalid completion date is not PASS; one safe-ID lookup still must satisfy timestamps (0.994625ms)
✔ R9 lookup ID mismatch cannot establish PASS (0.3615ms)
✔ R9 HTTP 401 stops without retry (0.398042ms)
✔ R9 HTTP 403 stops without retry (0.254958ms)
✔ R9 HTTP 429 stops without retry (0.301708ms)
✔ R9 HTTP 400 stops without retry (0.234875ms)
✔ R9 HTTP 500 stops without retry (0.280417ms)
✔ R9 network/parse/secret-reflection failures never leak raw response or exception (0.731208ms)
✔ R9 timeout aborts and preserves UNKNOWN; ignored transport does not create a retry (12.004792ms)
✔ R9 narrow transport rejects Production, refund, S1, query, wrong source/key/amount before credential access (0.370459ms)
✔ R10 immutable manifest pins existing payment/100JPY/key/reason and rejects altered identity (12.818583ms)
✔ R10 preflight has no provider call and exposes only safe flags/enums (13.958167ms)
✔ R10 preflight blocks VERCEL_ENV production (0.486125ms)
✔ R10 preflight blocks VERCEL_ENV undefined (0.361ms)
✔ R10 preflight blocks SQUARE_ENVIRONMENT PRODUCTION (0.405083ms)
✔ R10 preflight blocks SQUARE_API_VERSION 2025-01-01 (0.318208ms)
✔ R10 preflight blocks SQUARE_SANDBOX_MERCHANT_ID other (5.119958ms)
✔ R10 preflight blocks SQUARE_SANDBOX_APPLICATION_ID undefined (7.069875ms)
✔ R10 preflight blocks SQUARE_SANDBOX_LOCATION_ID undefined (0.258708ms)
✔ R10 preflight blocks SQUARE_SANDBOX_ACCESS_TOKEN undefined (0.251708ms)
✔ R10 preflight blocks SQUARE_SANDBOX_ACCESS_TOKEN invalid token (0.23ms)
✔ R10 preflight blocks NEXT_PUBLIC_SQUARE_ACCESS_TOKEN fixture-public (0.214875ms)
✔ R10 operator cannot inject payment/amount/key/location/query/body/method/origin (0.633166ms)
✔ R10 successful lookup then exact full refund: 1GET/1POST/0conditional, no CreatePayment (10.759333ms)
✔ R10 same-instance concurrent operator requests allow one whole workflow (0.543375ms)
✔ R10 mismatched or previously refunded Payment blocks refund and keeps GET budget1 (2.67825ms)
✔ R10 malformed Payment or contradictory errors cannot authorize refund (0.697ms)
✔ R10 only valid PENDING refund permits exactly one bound GetRefund (1.51275ms)
✔ R10 malformed/mismatching/failed refund never triggers green-check lookup (2.674625ms)
✔ R10 conditional refund lookup must preserve exact refund ID and all evidence (1.1075ms)
✔ R10 payment HTTP401 stops without automatic/manual retry (0.346791ms)
✔ R10 payment HTTP403 stops without automatic/manual retry (0.184666ms)
✔ R10 payment HTTP429 stops without automatic/manual retry (0.179875ms)
✔ R10 payment HTTP404 stops without automatic/manual retry (0.171834ms)
✔ R10 payment HTTP400 stops without automatic/manual retry (1.661792ms)
✔ R10 payment HTTP500 stops without automatic/manual retry (0.317541ms)
✔ R10 refund HTTP401 stops without automatic/manual retry (0.332542ms)
✔ R10 refund HTTP403 stops without automatic/manual retry (0.290792ms)
✔ R10 refund HTTP429 stops without automatic/manual retry (0.284125ms)
✔ R10 refund HTTP404 stops without automatic/manual retry (0.297ms)
✔ R10 refund HTTP400 stops without automatic/manual retry (0.300625ms)
✔ R10 refund HTTP500 stops without automatic/manual retry (0.315209ms)
✔ R10 refundLookup HTTP401 stops without automatic/manual retry (0.313584ms)
✔ R10 refundLookup HTTP403 stops without automatic/manual retry (0.327125ms)
✔ R10 refundLookup HTTP429 stops without automatic/manual retry (0.306041ms)
✔ R10 refundLookup HTTP404 stops without automatic/manual retry (0.294958ms)
✔ R10 refundLookup HTTP400 stops without automatic/manual retry (0.320083ms)
✔ R10 refundLookup HTTP500 stops without automatic/manual retry (0.325084ms)
✔ R10 socket/parse/response loss stops at current call and never emits raw secrets (10.4345ms)
✔ R10 reflected refund ID cannot leak server token or trigger lookup (0.3505ms)
✔ R10 per-call timeout aborts even ignored fetch and never retries a refund (87.769916ms)
✔ R10 strict transport rejects wrong origin/ID/method/amount/key/reason before dispatch (2.276834ms)
✔ existing SandboxRefundTrial field checks remain isolated from R10 fixed reason/journal (0.303208ms)
✔ equipment input accepts one immutable whole Asset ID, never reservation payload or inferred identities (1.878875ms)
✔ P5-F1 runtime root keys resist even an accidental same-purpose message collision (0.50125ms)
✔ P5-F1 preserves the P4 read root vector and deterministic recovery replay; no default weak secret (0.451708ms)
✔ unmodified BookingService: COMPLETED protects stock/booking from delayed PENDING/FAILED; engine does not apply either (8.131125ms)
✔ unmodified BookingService FAILED contradictory completion goes to review; engine blocks (0.196417ms)
✔ unmodified BookingService CANCELED contradictory completion goes to review; engine blocks (0.1475ms)
✔ ACCEPT_COMPLETED is not booking confirmation: unmodified BookingService still refuses expired HOLD (0.198959ms)
✔ unmodified BookingService valid PENDING->COMPLETED still confirms only through old inventory/price boundary (0.290125ms)
✔ unmodified BookingService event replay and mismatched identity retain original safeguards (0.552125ms)
✔ name and quantity alone keep seasonal ambiguity and units/intention unresolved; no invented SKU or stock (11.310541ms)
✔ exact sport/season/SKU narrows candidates without changing historical facts; repeated source is deterministic (0.670625ms)
✔ content CSV quotes/BOM/newlines, SET/KEEP/CLEAR and machine round-trip preserve literal values (15.933042ms)
✔ same target is atomic; valid other target survives forbidden price, HTML, duplicate and stale rows (1.580459ms)
✔ stored plan rejects stale revision and tampering; no stock or price fields can be changed (1.142167ms)
✔ CSV bounds and human formula escaping remain separate from machine export (13.31875ms)
✔ private release plans exact revisions and applies complete manifest/current/audit/outbox result atomically in fixture (20.566708ms)
✔ stale draft, current pointer, media checksum or expired rights cannot reuse a prior validation (1.096041ms)
✔ no partial release or hidden language fallback; internal/unprocessed photos and stale translation reject (2.260833ms)
✔ restore creates a new private release and rechecks current rights/commercial mapping; never rewrites history (0.387667ms)
✔ server-stored bulk plan commits good targets and preserves invalid ones; idempotent response loss does not repeat revisions (66.482875ms)
✔ two editors of same revision: only one commits; old immutable content remains (7.025542ms)
✔ revocation after lock wait stops a previously authorized edit and replay (1.422209ms)
✔ release current/audit/outbox commit once; another actor cannot steal a prepared plan (1.51725ms)
✔ rights or draft change after release preview fails without partial pointer/outbox update (3.410042ms)
✔ anonymous and empty identities are denied on server (0.728917ms)
✔ customer cannot enter staff or admin; staff cannot enter admin (0.085666ms)
✔ explicit allowed role is accepted (0.062541ms)
✔ telemetry only accepts foundation events (0.14875ms)
✔ worktree paths separate stable DB, role, ports and seed namespace (0.152958ms)
✔ occupied port fails rather than attaching to existing service (7.883375ms)
✔ ambient database target is refused without revealing it (0.238667ms)
S01_SCHEMA_MAX_BYTES [29965,30032,30074,30158]
✔ current schema maxima plus normal HOLD/amend/quote wrappers fit finite40KiB UTF8 (18.450291ms)
✔ readJson counts actual split UTF8 stream, ignores declared length, cancels overflow (23.200083ms)
✔ same scope continuation has future expiry and preserves all saved conditions/fingerprints (22.796458ms)
✔ single-member candidate validates full group scope and exact member/version (0.436333ms)
✔ after-close changed non-size conditions fall back to new intake; future new conditions accepted (0.351583ms)
✔ expiry, due, fixed/payment/attention and unproven acceptance are never exceptions (0.235542ms)
✔ Tokyo golden AM/PM, whole-date occupancy, month/year boundaries and inclusive ten days (4.970125ms)
✔ bundle completeness, forbidden client expiry/identity, unique group member and variant candidates (1.157959ms)
✔ period solver finds flexible A155 constrained B150; bounded exhaustion is indeterminate (7.237875ms)
✔ payment contract never converts UNKNOWN to failure or late success to inventory confirmation (0.084125ms)
✔ E07 contract: 17:00 schedule is no receipt; sealed/departed additions denied; protected receipt still needs E07 (0.084417ms)
✔ cross-store source custody fence overlaps all later use, but not an earlier unrelated date (0.220583ms)
✔ pool timeout wording changes preserve bounded outcomes on read acquisition and write preflight (22.7705ms)
✔ coded authentication or permission errors and unknown failures never become retryable timeouts or leak details (0.283458ms)
✔ new intake separates contract start, same-day deadline and immutable conditions (10.702167ms)
✔ future quotes keep start bound; no backdated MULTIDAY or after-close first-day intake (0.153584ms)
✔ ledger lexical cm equivalence, never missing/other units or unknown sizes (0.164625ms)
✔ missing or invalid server write authorizer fails closed before any database access (0.737208ms)
✔ missing or invalid stock reconciler is rejected before any database access (0.099042ms)
✔ P5 media backup requires exact private encrypted off-host manifest and actual restore acknowledgement (8.314583ms)
✔ real decoder re-encodes and strips EXIF; identical bytes never inherit binding rights (144.148708ms)
✔ traversal, disguised SVG/HTML, extension mismatch, invalid decode and duplicate filename reject before any storage (5.005917ms)
✔ P0 bounded320/640/960/1440/1920 WebP and JPEG derivatives preserve aspect and strip metadata (610.699042ms)
✔ Owner P4 BALANCED values are adopted without approving ingress or production composition (2.240208ms)
✔ P5 dispatcher fixture: forged headers cannot bind a Request/clone; explicit metadata only (14.008041ms)
✔ P5 canonical peer: IPv4/mapped/IPv6 representations, no lists/zone/padded or unknown peers (0.181625ms)
✔ additive migration plan has one ordered entry per version, no duplicates (0.684083ms)
✔ target-scoped development SQL preserves R12 state machine and adds only pre-lock selection limits (0.636917ms)
✔ production refuses injected development composition before any DB/provider call (0.329ms)
✔ development composition is absent from ordinary application imports (9.995541ms)
✔ legacy startPayment vs projection uses the same global lock and does not create a second payment (67.923625ms)
✔ legacy reconcile then projection of same observation is duplicate/noop, not second confirmation (1.527167ms)
✔ concurrent legacy reconcile and projection preserve one confirmation and old event dedupe (1.100958ms)
✔ legacy create/startPayment/get/list synthetic path retains HOLD/quote/hash/claim checks (1.476542ms)
✔ legacy UNKNOWN keeps its existing payment key and later lookup recovers without create retry (3.346583ms)
✔ legacy create still blocks expired (0.734333ms)
✔ legacy create still blocks claims (0.296042ms)
✔ legacy create still blocks transfer (0.287958ms)
✔ legacy create still blocks snapshot (0.264208ms)
✔ static27 additive journal, unique observation/revision, append-only evidence and PUBLIC revoked (0.823458ms)
✔ SQL uses fixed queries/bound values; context/receipt lookups are indexed or bounded (0.245083ms)
✔ recorded lock order agrees with legacy inventory global lock before booking/attempt/hold and R12 stream/job (14.98725ms)
✔ new projection code is not imported by any existing HTTP/runtime or R12 worker (0.816042ms)
✔ R12 lease recovery plus R13 response loss: one confirmation and one journal/history set (29.093542ms)
✔ R12 truth is already durable when R13 stops before its transaction; explicit handoff recovers (3.656167ms)
✔ projection PENDING existing business semantics (13.784792ms)
✔ projection COMPLETED existing business semantics (2.728875ms)
✔ projection FAILED existing business semantics (1.0565ms)
✔ projection CANCELED existing business semantics (0.2615ms)
✔ identity or provider contract mismatch providerId (0.199875ms)
✔ identity or provider contract mismatch referenceId (0.160791ms)
✔ identity or provider contract mismatch idempotencyKey (0.125459ms)
✔ identity or provider contract mismatch merchantId (0.117542ms)
✔ identity or provider contract mismatch locationId (0.148583ms)
✔ identity or provider contract mismatch amountJpy (0.162584ms)
✔ identity or provider contract mismatch currency (0.113208ms)
✔ identity or provider contract mismatch status (0.099625ms)
✔ identity or provider contract mismatch updatedAt (0.120833ms)
✔ identity or provider contract mismatch completedAt (0.107708ms)
✔ bounded JPY amount 0 (0.1275ms)
✔ bounded JPY amount -1 (0.094916ms)
✔ bounded JPY amount 1.1 (0.107167ms)
✔ bounded JPY amount 100000001 (0.105542ms)
✔ bounded JPY amount 9007199254740992 (1.47075ms)
✔ expired hold does not force confirmation/reacquire/refund (0.930708ms)
✔ missing gear does not force confirmation/reacquire/refund (0.294416ms)
✔ missing wear does not force confirmation/reacquire/refund (0.260375ms)
✔ transfer attention does not force confirmation/reacquire/refund (0.267417ms)
✔ canceled transfer does not force confirmation/reacquire/refund (0.263083ms)
✔ overdue unready transfer does not force confirmation/reacquire/refund (0.241542ms)
✔ snapshot hash does not force confirmation/reacquire/refund (0.222458ms)
✔ quote relation does not force confirmation/reacquire/refund (0.193333ms)
✔ quote hash does not force confirmation/reacquire/refund (0.235333ms)
✔ coupon redemption does not force confirmation/reacquire/refund (0.208875ms)
✔ missing quote does not force confirmation/reacquire/refund (0.177125ms)
✔ fixed allocation does not force confirmation/reacquire/refund (0.225916ms)
✔ released hold does not force confirmation/reacquire/refund (0.227541ms)
✔ successful hold does not force confirmation/reacquire/refund (0.267375ms)
✔ wrong reservation does not force confirmation/reacquire/refund (0.146291ms)
✔ wrong actor does not force confirmation/reacquire/refund (0.151875ms)
✔ production mode does not force confirmation/reacquire/refund (0.14275ms)
✔ return due exact boundary is closed even with remaining hold time (0.369833ms)
✔ early-discount qualification remains tied to provider completed time (0.247416ms)
✔ chargeReady and snapshot conditions cannot be tampered even with a recomputed hash (2.80825ms)
✔ same timestamp changed payload is BLOCK_CONFLICT, overriding only the new projection path (0.239583ms)
✔ terminal completed and duplicate/stale observations never downgrade (0.342875ms)
✔ FAILED cannot be silently upgraded or retried (0.146958ms)
✔ CANCELED cannot be silently upgraded or retried (0.123083ms)
✔ completed truth in REVIEW requires an operator even if conditions later look repaired (0.460333ms)
✔ invalid projection reference truthFingerprint (0.227292ms)
✔ invalid projection reference observationFingerprint (0.068583ms)
✔ invalid projection reference expectedRevision (0.063417ms)
✔ invalid projection reference truthRevision (0.075917ms)
✔ invalid projection reference bookingId (0.07075ms)
✔ invalid projection reference attemptId (0.061625ms)
✔ invalid projection reference jobId (0.064125ms)
✔ untrusted persisted source fails environment (0.219917ms)
✔ untrusted persisted source fails state (0.815625ms)
✔ untrusted persisted source fails securityBlocked (0.159333ms)
✔ untrusted persisted source fails truthRevision (0.087541ms)
✔ untrusted persisted source fails decision (0.712166ms)
✔ untrusted persisted source fails decisionFingerprint (0.099417ms)
✔ untrusted persisted source fails contextFingerprint (0.101583ms)
✔ untrusted persisted source fails paymentId (0.070209ms)
✔ untrusted persisted source fails merchantId (0.068708ms)
✔ untrusted persisted source fails observation (0.064ms)
✔ only ten normalized provider fields cross the source boundary (0.152417ms)
✔ claim contract checks gear, wear, exact quantity and variant/model promise without inferred substitution (0.420584ms)
✔ Premium exact model/season/length stays in claim validation (0.196791ms)
✔ actual repository + scripted SQL: completion is one transaction, frozen commercial contract, safe audit (1.571042ms)
✔ two simultaneous projects commit once; replay checks precede old revision and changed source (0.995334ms)
✔ COMMIT response loss replays stored result without second projection/notification/history (0.853917ms)
✔ crash at BEGIN rolls back all business/history/journal changes (0.334917ms)
✔ crash at SET LOCAL rolls back all business/history/journal changes (0.28ms)
✔ crash at SELECT pg_advisory_xact_lock(71820600) rolls back all business/history/journal changes (0.257875ms)
✔ crash at UPDATE rental_payment_attempts rolls back all business/history/journal changes (0.620416ms)
✔ crash at UPDATE rental_bookings rolls back all business/history/journal changes (0.735833ms)
✔ crash at UPDATE inventory_holds rolls back all business/history/journal changes (0.666459ms)
✔ crash at INSERT INTO payment_projection.heads rolls back all business/history/journal changes (0.672875ms)
✔ crash at INSERT INTO payment_projection.events rolls back all business/history/journal changes (1.238333ms)
✔ crash at INSERT INTO payment_projection.job_receipts rolls back all business/history/journal changes (2.945542ms)
✔ crash at COMMIT rolls back all business/history/journal changes (0.643333ms)
✔ stale transaction revision rejects even after proposed writes and rolls back (0.559334ms)
✔ expired HOLD persists completed provider truth but not reservation or stock resurrection (0.600666ms)
✔ missing GEAR witness blocks completed projection in actual repository path (0.458916ms)
✔ missing WEAR witness blocks completed projection in actual repository path (0.404ms)
✔ DB time is sampled after locks and before first business write (0.460416ms)
✔ transfer deadline crossing during source lock wait blocks at final decision (0.489459ms)
✔ PENDING repository transition keeps hold witness and TTL (0.476959ms)
✔ FAILED repository transition keeps hold witness and TTL (1.110292ms)
✔ CANCELED repository transition keeps hold witness and TTL (0.568167ms)
✔ normal or production database name is blocked before business lock (0.215083ms)
✔ source mutation blocks and performs no updates; attempt/version mismatch does not acquire source locks (0.48525ms)
✔ production constructor/method gate and no ambient HTTP (0.94975ms)
✔ same observation proof does not cross from Square Sandbox to a simulation booking (0.223459ms)
✔ expiry after first write is fenced by SQL and rolls back; same key later records blocked truth (0.858541ms)
✔ new R12 generation of an already projected observation links a new receipt without business/audit replay (0.686041ms)
✔ new job reference cannot borrow an old projection receipt without current source verification (0.538375ms)
✔ tampered saved result is rejected rather than returned as trusted internal data (0.540667ms)
✔ dispatcher commit barrier; linkage result cannot escape before committed marker/job/link (1.866708ms)
✔ SQL BEGIN failure rolls back, destroys connection and never retries (0.91875ms)
✔ SQL SET LOCAL failure rolls back, destroys connection and never retries (0.23125ms)
✔ SQL .dispatch( failure rolls back, destroys connection and never retries (0.131375ms)
✔ SQL COMMIT failure rolls back, destroys connection and never retries (0.105458ms)
✔ pool acquisition failure sanitized (0.103166ms)
✔ claim JSON dates/metadata and finalize fencing revision bind safely; diagnostic is bounded/read only (0.319792ms)
✔ static migration26 is additive, grants no runtime, no existing payment/booking/inventory changes (0.253167ms)
✔ static indexed bounded dispatch/claim, one active payment generation, lease/crash/cutoff fences (0.221875ms)
✔ static receiver remains provider/job-dispatch free; worker has no production composition or business write port (0.20625ms)
✔ read-only expected context uses merchant/provider binding; batch is one query not one per job (0.334125ms)
✔ merchant auth/quota stop is durable with no reset function or fresh-event bypass (0.122792ms)
✔ context timestamp formatting is stable and normalized money stays within safe integer bounds (0.0905ms)
✔ provider truth accepts PENDING as a proposal, UNKNOWN is local knowledge only (14.146041ms)
✔ provider truth accepts COMPLETED as a proposal, UNKNOWN is local knowledge only (0.191167ms)
✔ provider truth accepts FAILED as a proposal, UNKNOWN is local knowledge only (0.23475ms)
✔ provider truth accepts CANCELED as a proposal, UNKNOWN is local knowledge only (0.171833ms)
✔ evidence mismatch blocks providerId (0.112791ms)
✔ evidence mismatch blocks referenceId (0.106042ms)
✔ evidence mismatch blocks idempotencyKey (0.088666ms)
✔ evidence mismatch blocks merchantId (0.075625ms)
✔ evidence mismatch blocks locationId (0.081041ms)
✔ evidence mismatch blocks amountJpy (0.174167ms)
✔ evidence mismatch blocks currency (0.062583ms)
✔ evidence mismatch blocks status (0.055292ms)
✔ evidence mismatch blocks updatedAt (0.046125ms)
✔ evidence mismatch blocks completedAt (0.048166ms)
✔ invalid provider response/time null (0.051375ms)
✔ invalid provider response/time {} (0.042625ms)
✔ invalid provider response/time {"providerId":"payment-fixture","referen (0.042916ms)
✔ invalid provider response/time {"providerId":"payment-fixture","referen (0.042625ms)
✔ invalid provider response/time {"providerId":"payment-fixture","referen (0.046875ms)
✔ invalid provider response/time {"providerId":"payment-fixture","referen (0.039709ms)
✔ duplicate fingerprint is canonical across key order and time zone; no receipt time in decision identity (0.154208ms)
✔ COMPLETED plus stale PENDING cannot downgrade; equal-time PENDING to COMPLETED is existing accepted behavior (0.171458ms)
✔ FAILED terminal does not restart, contradictory COMPLETED requires review (2.064625ms)
✔ CANCELED terminal does not restart, contradictory COMPLETED requires review (0.175792ms)
✔ retry budget is deterministic/bounded; input errors are not silently clamped (0.547834ms)
✔ receiver -> durable signal -> dispatcher -> one payment job: dedupe and out-of-order coalesce; no lookup before ACK (26.167916ms)
✔ two workers, crash after claim, lease expiry and stale finalize fencing (shared-store fixture) (0.259333ms)
✔ dispatcher crash is atomic; future signal remains eligible after restart (0.139917ms)
✔ crash after provider response before finalize performs another read under new lease, never another payment (0.267959ms)
✔ lost finalize response after commit is recoverable by durable state without another lookup (0.161042ms)
✔ new signal during lookup remains READY work; terminal receives new generation without reversing old job (0.340625ms)
✔ AUTH_BLOCKED stays BLOCKED across new events; no automatic restart (0.187167ms)
✔ RATE_LIMITED stays BLOCKED across new events; no automatic restart (0.092584ms)
✔ NOT_FOUND_BLOCKED stays BLOCKED across new events; no automatic restart (0.080458ms)
✔ INVALID_RESPONSE_BLOCKED stays BLOCKED across new events; no automatic restart (0.081458ms)
✔ EVIDENCE_MISMATCH_BLOCKED stays BLOCKED across new events; no automatic restart (0.076709ms)
✔ NETWORK_RETRYABLE retries only when due; cap5 never resets on event (0.235667ms)
✔ PROVIDER_5XX_RETRYABLE retries only when due; cap5 never resets on event (0.159875ms)
✔ PENDING is not a terminal job; pending duplicate polls within budget and can reach COMPLETED (16.979ms)
✔ deadline, final-attempt crash and fixture timeout are bounded with no real wait (0.249417ms)
✔ missing/wrong context stops before lookup; stale after context read also stops (0.164417ms)
✔ conflicting redelivery invalidates live lease and prevents automatic generation (0.10175ms)
✔ Square fixture HTTP401 -> AUTH_BLOCKED (0.171417ms)
✔ Square fixture HTTP403 -> AUTH_BLOCKED (0.04375ms)
✔ Square fixture HTTP429 -> RATE_LIMITED (0.029375ms)
✔ Square fixture HTTP404 -> NOT_FOUND_BLOCKED (0.025417ms)
✔ Square fixture HTTP500 -> PROVIDER_5XX_RETRYABLE (0.025917ms)
✔ Square fixture HTTP503 -> PROVIDER_5XX_RETRYABLE (0.02775ms)
✔ Square fixture HTTP400 -> INVALID_RESPONSE_BLOCKED (0.026417ms)
✔ Square fixture HTTP302 -> INVALID_RESPONSE_BLOCKED (0.026625ms)
✔ Square fixture normalized observations, malformed response and network failures never leak raw payload/error (0.266041ms)
✔ worker fake-only path never invokes ambient fetch; diagnostics have no raw body/session/credential (0.109375ms)
✔ duplicate internal truth cannot bypass a contradictory FAILED business context (0.058458ms)
✔ AUTH_BLOCKED stops remaining batch and persists merchant circuit for new payments (0.181917ms)
✔ RATE_LIMITED stops remaining batch and persists merchant circuit for new payments (0.081584ms)
✔ internal stop codes and malformed provider port output are invalid response, not provider authority (0.121417ms)
✔ unlinked hash-conflicted inbox signal does not become a job in dispatcher fixture (0.035458ms)
✔ stale PENDING while newer PENDING exists remains retry work, not terminal (0.140209ms)
✔ cutoff crossed inside lookup cannot store an accepted observation (0.091916ms)
✔ transitive date/variant/group custody closure includes later chained requirements, not unrelated groups (0.998292ms)
✔ period search with Hall pruning agrees with independent exhaustive enumeration over 250 small fixed-capacity cases (23.536583ms)
✔ per-day feasibility cannot replace continuous-Asset witness and explicit search limit stays indeterminate (0.390666ms)
✔ photo transport decodes valid 9MiB and exact 10MiB without regex stack growth (47.599208ms)
✔ photo transport rejects oversized, noncanonical and malformed encodings (23.360167ms)
✔ photo candidates require exact existing offer, explicit role and bounded order; no fuzzy binding (0.707875ms)
✔ duplicate upload/concurrent terminal replies commit each photo once, byte reuse never grants rights (100.738167ms)
✔ fixed manifest rejects replaced bytes/duplicate names; malformed image records failure without publishing (0.382291ms)
✔ revocation while real decoder is running rejects commit and writes no private objects (34.199167ms)
✔ photo prepare matches the catalog from the acquired transaction, preserving replay candidates (1.452084ms)
✔ database stop must wait for delayed socket end after pool.end resolves (0.761375ms)
✔ background connection errors fail closure without exposing attached client (0.492417ms)
✔ all 216 explicit amounts through product/duration calculation; no runtime curve (23.307417ms)
✔ half-day early explicit examples 5320 / 6460 / 2850 and integer HALF_UP (0.24775ms)
✔ JST previous-day 15:00 inclusive payment qualification; quote never qualifies payment (0.20725ms)
✔ explicit stacking, applicable coupon scope/window/min/cap; no negative totals or double discount (1.154459ms)
✔ mixed members eligibility/minimum basis; set components never become extra price lines (0.28375ms)
✔ strict quote and coupon inputs reject prices, role, duplicates, dates, unknown product and incomplete table (0.412792ms)
✔ production guest JSON schema, exact approval hash and runtime inequalities; no default/owner values invented (43.868208ms)
✔ trusted ingress uses only request-object-bound dispatcher metadata; all browser IP spellings fail closed (35.127208ms)
✔ concrete Square transport pins Sandbox/API version/Bearer/auth binding, stable idempotency, no redirects/ambient credentials (10.793584ms)
✔ concrete Square allowlist rejects wrong host/location/path before credentials; revoked/expired/wrong merchant stops without network (1.062875ms)
✔ response loss/UNKNOWN never auto retries or changes key; credential/response diagnostics are masked (28.759917ms)
✔ transport abort cancels body read and settles hung fetch without retry; oversized/invalid JSON fails UNKNOWN (55.967792ms)
✔ signed duplicate/out-of-order webhook only performs current lookup; tamper and merchant/amount/currency mismatch rejected (21.731708ms)
✔ media provider separates private originals/derivatives, immutable digest, rights/revision checks and signed ticket bounds (0.661042ms)
✔ withdrawal requires exact CDN invalidation receipt; signed expiry/legal retention/references gate deletion, never auto-delete (0.316875ms)
✔ source staging preserves original/normalized provenance, exact match, explicit dry-run commit and same-source idempotency (1.160666ms)
✔ unresolved/ambiguous manufacturer/year/quantity rows never create stock; reductions/missing rows never delete assets; wear stays quantity (1.445875ms)
✔ all required operational codes reach a strict structured sink; secret/PII/error bodies cannot enter it (6.118666ms)
✔ secret lifecycle rejects missing/revoked/expired/duplicate active credentials and documents old-key grace without claiming rotation execution (0.302708ms)
✔ environment readers require explicit valid private metadata; public secret variables and invalid JSON fail closed without logging raw values (0.281417ms)
✔ P2-01 unapproved public environment names fail closed regardless of secret-like spelling (0.111708ms)
✔ P5 preflight never promotes documentation/fixtures/Owner targets to external PASS (2.00125ms)
✔ P5 exact CI requires repository/workflow/event/head/base/integration tree/run attempt/job success (0.556792ms)
✔ P5 offline preflight command emits JSON/human summary and exits2 with pending gates (349.897375ms)
✔ Square Sandbox adapter uses exact official request, stable key, bounded endpoint and no normal activation (1.177166ms)
✔ UNKNOWN without verified provider ID never sends another POST or invents get-by-idempotency (4.310542ms)
✔ Square auth/quota/timeout stops without automatic retry and masks raw response (2.2375ms)
✔ Square signed webhook uses fresh lookup rather than callback amount or status; rejects tamper, merchant and money mismatch (0.602458ms)
✔ private storage releases only current derivative and rechecks withdrawal/revision after read (10.977625ms)
✔ exact catalog/source plan preserves one ski pair as one Asset and duplicate receipt is idempotent (0.620417ms)
✔ manufacturer range, unknown ADD/REPLACE/store/unit and wrong season never become stock (0.594416ms)
✔ wear and poles require explicit quantity units with no generated individual IDs or invented200 total (0.287541ms)
✔ launch checklist fails closed on missing/expired/old-head/old-policy evidence; pass grants no deploy permission (0.418208ms)
✔ operational events and CWV distinguish LAB/FIELD and exclude arbitrary PII/body/session fields (0.22525ms)
✔ Square deadlines settle even when an injected dependency ignores cancellation; source failure never POSTs (6.589333ms)
✔ R15 deployed ESM entrypoints load explicit bundled runtime under plain Node (128.172041ms)
✔ R15 finite worker never repeats provider AUTH_BLOCKED (1.791917ms)
✔ R15 finite worker never repeats provider RATE_LIMITED (0.282167ms)
✔ R15 finite worker never repeats provider NETWORK_RETRYABLE (0.278709ms)
✔ R15 amount mismatch stops before provider and does not project (0.182334ms)
✔ R15 hosted setup requires fixed resource identity and zero incremental cost (1.159542ms)
✔ R15 shared role grants retain R14 privileges except removal of unscoped dispatch/claim (0.2885ms)
✔ R15 receiver configuration is Sandbox-only, exact-domain, exact-role and verified TLS (1.245334ms)
✔ R15 missing signature/config fails closed without DB access; health is liveness only (27.062375ms)
✔ R15 signature/merchant/query/size failures never open receiver pool (31.862541ms)
✔ R15 ACK awaits durable receipt; safe signal only; duplicate/hash conflict/DB errors are bounded (1.094833ms)
✔ R15 deploy surface exposes only two receiver routes, no main app/provider/worker imports (0.652209ms)
✔ R15 migrations 0001–0029 equal the preserved R14 evidence (17.832833ms)
✔ R15 production-build exception requires exact Preview project and server-issued synthetic target (0.919708ms)
✔ R15 production build preserves ordinary rejection and refuses forged/wrong target before DB (0.401833ms)
✔ R2 SDK transport fixture: private immutable object, conditional replay, no public ACL or default network (87.642625ms)
✔ R2 presigning uses SDK and bounded original-only tickets; rights withdrawal requires matched purge receipt (12.060875ms)
✔ P5 R2 rotation uses current credential for next SDK operation, never the memoized old key (93.106417ms)
✔ owner rules use independent explicit targets and +1cm, no DIN or BSL computation (0.706375ms)
✔ 145/150/155, anchored direction choice and deterministic shorter tie (0.193583ms)
✔ original absolute window includes both boundaries and excludes one centimetre outside (0.066083ms)
✔ real exact-size variant IDs, no age/class substitution, no hidden larger boots or text guessing (0.366958ms)
✔ snowboard does not require detailed age/weight/level, ski age13 boundary and forged fields reject (5.904125ms)
✔ one immutable pair ID resolves one cycle; no left/right child identifiers (0.838458ms)
✔ a saved scan can never retarget the latest cycle, version or already-received loan (0.097375ms)
✔ unknown/no active or ambiguous active cycle is not a successful receipt (0.232375ms)
✔ invalid saved scan and checkout timestamps cannot become a receipt candidate (0.077875ms)
✔ P6 one acceptance location is metadata only; it does not map or activate either internal store (0.667416ms)
✔ P6 metadata parser never reads credential values, including during error handling (0.30875ms)
✔ P6 rejects production/development, omitted mode/version, aliases and public settings (0.152083ms)
✔ P6 URL is exact non-secret HTTPS metadata, not inferred from request headers or aliases (0.499167ms)
✔ P5 activation metadata rejects production, missing/mixed mapping, credentials and automatic enablement (0.776708ms)
✔ P5 dual webhook keys verify exact URL/raw bytes, retire exactly at grace and never expose secret (1.08525ms)
✔ SQL repository commits INSERTED before resolving and binds exact metadata only (0.996375ms)
✔ SQL repository commits DUPLICATE before resolving and binds exact metadata only (0.109417ms)
✔ SQL repository commits HASH_CONFLICT before resolving and binds exact metadata only (0.113167ms)
✔ failure/uncertain BEGIN rolls back/destroys connection, never retries or leaks errors (0.346959ms)
✔ failure/uncertain SET LOCAL rolls back/destroys connection, never retries or leaks errors (0.088542ms)
✔ failure/uncertain square_webhook.receive rolls back/destroys connection, never retries or leaks errors (0.095708ms)
✔ failure/uncertain COMMIT rolls back/destroys connection, never retries or leaks errors (0.107375ms)
✔ unknown database receipt fails before COMMIT (0.205ms)
✔ SQL claim returns only safe signal/lease metadata; settle binds fencing token and bounded failure code (0.291125ms)
✔ empty queue and successful terminal mark; all transaction paths release (0.149833ms)
✔ static additive migration: environment-scoped durable dedupe, bounded audit/retries, no business/raw payload storage (0.209708ms)
✔ static queue fencing/crash recovery: SKIP LOCKED, expired lease reclaim, bounded attempts, DB clock after lock (0.07975ms)
✔ pool acquisition failure also suppresses credential-bearing diagnostics without retry (0.082917ms)
✔ payment.created signed receipt persists only whitelisted signal metadata (24.568334ms)
✔ payment.updated signed receipt persists only whitelisted signal metadata (0.430375ms)
✔ missing/invalid signature 0 never opens inbox or parses malformed JSON (0.274292ms)
✔ missing/invalid signature 3 never opens inbox or parses malformed JSON (0.237416ms)
✔ missing/invalid signature 44 never opens inbox or parses malformed JSON (0.3005ms)
✔ signed malformed UTF8/JSON/envelope 7b rejects before persistence (0.229584ms)
✔ signed malformed UTF8/JSON/envelope ff rejects before persistence (7.820208ms)
✔ signed malformed UTF8/JSON/envelope 6e756c6c rejects before persistence (0.950625ms)
✔ signed malformed UTF8/JSON/envelope 5b5d rejects before persistence (0.239292ms)
✔ signed malformed UTF8/JSON/envelope 3432 rejects before persistence (0.237875ms)
✔ missing/invalid identity {"type":"payment.updated","merchant_id":"MLKDVEDH1ME21","data":{"objec (0.171792ms)
✔ missing/invalid identity {"event_id":"","type":"payment.updated","merchant_id":"MLKDVEDH1ME21", (0.118625ms)
✔ missing/invalid identity {"event_id":"xxxxxxxxxxxxxxxxxxxxxxxxxxxxxxxxxxxxxxxxxxxxxxxxxxxxxxxxx (0.104083ms)
✔ missing/invalid identity {"event_id":"bad\nline","type":"payment.updated","merchant_id":"MLKDVE (0.104709ms)
✔ missing/invalid identity {"event_id":"fixture-event","type":"payment.updated","merchant_id":"", (0.112292ms)
✔ missing/invalid identity {"event_id":"fixture-event","merchant_id":"MLKDVEDH1ME21","data":{"obj (0.1065ms)
✔ missing/invalid identity {"event_id":"fixture-event","type":"payment.updated","merchant_id":"ML (0.153292ms)
✔ missing/invalid identity {"event_id":"fixture-event","type":"payment.updated","merchant_id":"ML (0.111375ms)
✔ missing/invalid identity {"event_id":"fixture-event","type":"payment.updated","merchant_id":"ML (0.137834ms)
✔ signed wrong merchant rejected for supported and unsupported event (0.194584ms)
✔ unsupported signed correct-merchant envelope is explicitly ignored without a payment ACK/retry loop (0.172916ms)
✔ raw whitespace/order remain signed exactly; request host/forwarded headers cannot replace configured URL (0.3025ms)
✔ oversized body actual limit with content-length undefined (0.221167ms)
✔ oversized body actual limit with content-length 65537 (0.153083ms)
✔ oversized body actual limit with content-length 1 (0.152625ms)
✔ stream read once, exact 64KiB allowed; missing content length does not permit excess chunks (0.7175ms)
✔ stream read failure is redacted and never inserts (6.25825ms)
✔ 20 concurrent deliveries and same stored key after a lost ACK are deduped by fixture repository (1.88575ms)
✔ event ID reuse with different raw hash records conflict and preserves original signal (0.250792ms)
✔ out-of-order updated/created events are separate signals; no provider or business state is available to handler (0.410292ms)
✔ retry headers grant no authority {} (2.36175ms)
✔ retry headers grant no authority {"square-retry-number":"1","square-retry-reason":"http_timeout"} (3.773666ms)
✔ retry headers grant no authority {"square-retry-number":"-999"} (0.178542ms)
✔ ACK waits for successful persistence; DB failure/body details never appear in response or logs (0.455042ms)
✔ method guard and missing config fail closed without pool factory (0.121625ms)
✔ explicit Sandbox Preview config only, fixed merchant/version/dedicated TLS receiver identity, no access-token dependency (0.253375ms)
✔ Next route with official Next server-only alias exports GET405 and unconfigured POST503 in isolated Node (no server/browser/DB) (192.743875ms)
✔ actually absent signature header, not just empty value, is 403 before inbox creation (0.455292ms)
✔ staff500 diagnostic emits only server-generated correlation, fixed phase and allowlisted SQLSTATE (0.902084ms)
✔ unknown/inherited/getter codes and nested cause never leak into diagnostics (0.112375ms)
✔ Argon2id has independent salts and verifies only the supplied password (252.893625ms)
✔ canonical email is case/outer-space stable; password policy adds no composition rules (0.328ms)
✔ role, permission and ALL scope are independently required for staff management (0.084708ms)
✔ staff input cannot grant unimplemented refund permissions or forge subject (0.48825ms)
✔ ordinary runtime without owned development connection fails closed and cannot attach a remote DB (0.210625ms)
✔ P5 real disk observation and exact safety floor; unavailable/invalid capacity is not success (4.4565ms)
✔ P5 cleanup requires matching successful log/run, stopped owner and no live PID; all others preserved (9.648042ms)
✔ transfer input rejects authority fields, impossible dates, model-free fake IDs and invalid pair quantities (7.408208ms)
✔ pair labels never create two assets; duplicate selected Asset or pool lines rejected (0.611584ms)
✔ forecast is not immediate stock, automatic receipt, late readiness or another-store capacity (0.305ms)
✔ cancelled transfer keeps source PAIR protection while a promise needs reconciliation (0.118708ms)
✔ v1.2wear-only contract uses two independent quantity requirements; never one generic WEAR or one part (2.135042ms)
✔ wear ledger regular input accepts STANDARD parts with explicit sport compatibility (0.46075ms)
✔ independent golden same-member wear20percent then advance5percent (0.601083ms)
✔ another member never receives equipment wear adjustment (0.193625ms)
✔ integrated Premium board promise required and exact variant selected (0.525417ms)
✔ quantity override forbids wear Assets and ambiguous multi-variant quantity promises (0.340667ms)
✔ all24 explicit approved wear prices and independent bundle golden cases remain stable (0.781292ms)
✔ explicit Premium day12350 and wear-only4750 golden preserve discount order (0.222167ms)
✔ WEAR-PRICE-01: SINGLE pole plus wear uses the pole price regardless of item order (3.265792ms)
✔ CI diagnostic forwarding preserves only the exact emitted safe schema and historical auth code (0.729417ms)
✔ split/coalesced/oversized child stderr never drops a valid record or forwards an unsafe suffix (3.64075ms)
✔ transport failure classification never exports messages, URLs, cookies or arbitrary codes (0.881584ms)
ℹ tests 510
ℹ suites 0
ℹ pass 510
ℹ fail 0
ℹ cancelled 0
ℹ skipped 0
ℹ todo 0
ℹ duration_ms 2377.301375
