✔ operator two browser request callbacks dispatch only once; fsynced record survives response loss (44.87275ms)
✔ separate operator processes race for the same reservation: exactly one wins (86.742667ms)
✔ operator two browser request callbacks dispatch only once; fsynced record survives response loss (46.206375ms)
✔ separate operator processes race for the same reservation: exactly one wins (84.978292ms)
✔ R6 pure preflight exposes only flags/enums and requires no merchant metadata (2.740583ms)
✔ R6 blocks DEPLOYMENT_NOT_PREVIEW before fetch VERCEL_ENV (14.641125ms)
✔ R6 blocks NOT_SANDBOX before fetch SQUARE_ENVIRONMENT (0.48925ms)
✔ R6 blocks API_VERSION_MISMATCH before fetch SQUARE_API_VERSION (0.344292ms)
✔ R6 blocks APPLICATION_ID_INVALID before fetch SQUARE_SANDBOX_APPLICATION_ID (0.374375ms)
✔ R6 blocks APPLICATION_ID_INVALID before fetch SQUARE_SANDBOX_APPLICATION_ID (0.302959ms)
✔ R6 blocks LOCATION_ID_INVALID before fetch SQUARE_SANDBOX_LOCATION_ID (0.210334ms)
✔ R6 blocks LOCATION_ID_INVALID before fetch SQUARE_SANDBOX_LOCATION_ID (6.425041ms)
✔ R6 blocks CREDENTIAL_MISSING before fetch SQUARE_SANDBOX_ACCESS_TOKEN (0.291916ms)
✔ R6 blocks CREDENTIAL_FORMAT_INVALID before fetch SQUARE_SANDBOX_ACCESS_TOKEN (0.260667ms)
✔ R6 blocks PUBLIC_CREDENTIAL_EXPOSURE before fetch NEXT_PUBLIC_SQUARE_ACCESS_TOKEN (0.544875ms)
✔ R6 blocks CONFIGURATION_INVALID before fetch SQUARE_SANDBOX_MERCHANT_ID (0.333917ms)
✔ R6 blocks CONFIGURATION_INVALID before fetch SQUARE_SANDBOX_NOTIFICATION_URL (0.245166ms)
✔ R6 catches credentials reflected in unrelated NEXT_PUBLIC keys without returning values (0.08675ms)
✔ R6 GET preflight repeats safely; production and wrong intent are rejected (3.34225ms)
✔ R6 validates body, exact same-origin browser intent and method before dispatch (0.637583ms)
✔ R6 PASS and concurrent streamed one-shot issue only two exact Sandbox fetches (4.933541ms)
✔ R6 merchant failures terminate before locations and cannot be retried (0.927792ms)
✔ R6 location mismatch/state/capability results preserve their bounded evidence (1.179792ms)
✔ R6 network/unknown outcome stays structured and never retries (0.245042ms)
✔ R6 reflected token and raw provider diagnostics never appear in safe output (0.362666ms)
✔ R6 unexpected pre-dispatch internal exception has structured zero-dispatch output (0.149833ms)
✔ Square S1 service performs only exact two read-only Sandbox lookups on happy path (45.681875ms)
✔ Square S1 service fails fast on merchant lookup auth/429/5xx/network/timeout/schema and does not call locations (32.988ms)
✔ Square S1 service enforces merchant active/Japanese/JPY and configured main location (0.814291ms)
✔ Square S1 service validates configured location state/currency/country/merchant and card capability (1.380333ms)
✔ Square S1 transport rejects non-identity endpoints, queries, and payment paths before credential read (0.341208ms)
✔ Square S1 acceptance blocks non-sandbox, non-POST, missing intent, and body/query inputs before fetch (1.531292ms)
✔ Square S1 acceptance rejects VERCEL_ENV=production even when SQUARE_ENVIRONMENT is SANDBOX (0.11225ms)
✔ Square S1 transport enforces strict identity headers/credentials and rejects redirect responses before body parse (0.160875ms)
✔ Square S1 acceptance redacts its actual injected synthetic token reflected in merchant identity (0.345667ms)
✔ Square S1 transport fails closed on oversized location payload (1.421084ms)
✔ Square S1 transport fails schema when provider content-type is not application/json (0.144875ms)
✔ Square S1 acceptance never exposes raw provider diagnostic body (0.266459ms)
✔ Square S1 acceptance hides secret fields and does not surface raw provider payload in response (0.298416ms)
✔ Square S1 acceptance applies an in-instance once guard without distributed semantics (0.52775ms)
✔ Square S1 accepts an empty streamed POST from Next Node adapter; concurrent duplicate never sends more than two calls in one instance (0.584833ms)
✔ R9 immutable manifest and fingerprint match; any identity/amount/source/key change fails (16.536333ms)
✔ R9 preflight is provider-free, booleans/enums only; local guard verification is explicitly separate (13.368958ms)
✔ R9 runtime preflight blocks VERCEL_ENV production (0.81625ms)
✔ R9 runtime preflight blocks VERCEL_ENV undefined (0.389791ms)
✔ R9 runtime preflight blocks SQUARE_ENVIRONMENT PRODUCTION (1.734167ms)
✔ R9 runtime preflight blocks SQUARE_API_VERSION 2025-01-01 (0.308458ms)
✔ R9 runtime preflight blocks SQUARE_SANDBOX_MERCHANT_ID other (0.259042ms)
✔ R9 runtime preflight blocks SQUARE_SANDBOX_APPLICATION_ID undefined (0.201541ms)
✔ R9 runtime preflight blocks SQUARE_SANDBOX_LOCATION_ID undefined (0.24ms)
✔ R9 runtime preflight blocks SQUARE_SANDBOX_ACCESS_TOKEN undefined (0.257875ms)
✔ R9 runtime preflight blocks SQUARE_SANDBOX_ACCESS_TOKEN invalid token (0.172167ms)
✔ R9 runtime preflight blocks NEXT_PUBLIC_SQUARE_ACCESS_TOKEN fixture-public (0.210916ms)
✔ R9 client body/query/method/origin/intent cannot supply payment parameters (0.645167ms)
✔ R9 exact completed payment PASS uses one create and zero unnecessary lookup (11.479542ms)
✔ R9 same-instance concurrent empty streams allow one controlled create (3.857ms)
✔ R9 pending safe ID allows exactly one conditional GET; same key is never POSTed twice (0.468583ms)
✔ R9 still-pending lookup stops; malformed or absent provider ID never looks up (1.316667ms)
✔ R9 money/reference/location mismatches fail without lookup (0.958084ms)
✔ R9 missing/invalid completion date is not PASS; one safe-ID lookup still must satisfy timestamps (2.110083ms)
✔ R9 lookup ID mismatch cannot establish PASS (1.213292ms)
✔ R9 HTTP 401 stops without retry (0.42275ms)
✔ R9 HTTP 403 stops without retry (0.279708ms)
✔ R9 HTTP 429 stops without retry (0.246625ms)
✔ R9 HTTP 400 stops without retry (0.254292ms)
✔ R9 HTTP 500 stops without retry (1.184042ms)
✔ R9 network/parse/secret-reflection failures never leak raw response or exception (3.371791ms)
✔ R9 timeout aborts and preserves UNKNOWN; ignored transport does not create a retry (17.534792ms)
✔ R9 narrow transport rejects Production, refund, S1, query, wrong source/key/amount before credential access (0.68875ms)
✔ R10 immutable manifest pins existing payment/100JPY/key/reason and rejects altered identity (15.050291ms)
✔ R10 preflight has no provider call and exposes only safe flags/enums (17.948375ms)
✔ R10 preflight blocks VERCEL_ENV production (0.534083ms)
✔ R10 preflight blocks VERCEL_ENV undefined (0.3595ms)
✔ R10 preflight blocks SQUARE_ENVIRONMENT PRODUCTION (0.433084ms)
✔ R10 preflight blocks SQUARE_API_VERSION 2025-01-01 (0.330917ms)
✔ R10 preflight blocks SQUARE_SANDBOX_MERCHANT_ID other (0.297042ms)
✔ R10 preflight blocks SQUARE_SANDBOX_APPLICATION_ID undefined (0.296125ms)
✔ R10 preflight blocks SQUARE_SANDBOX_LOCATION_ID undefined (0.259458ms)
✔ R10 preflight blocks SQUARE_SANDBOX_ACCESS_TOKEN undefined (0.295458ms)
✔ R10 preflight blocks SQUARE_SANDBOX_ACCESS_TOKEN invalid token (0.376167ms)
✔ R10 preflight blocks NEXT_PUBLIC_SQUARE_ACCESS_TOKEN fixture-public (0.299833ms)
✔ R10 operator cannot inject payment/amount/key/location/query/body/method/origin (1.609916ms)
✔ R10 successful lookup then exact full refund: 1GET/1POST/0conditional, no CreatePayment (14.178583ms)
✔ R10 same-instance concurrent operator requests allow one whole workflow (1.043542ms)
✔ R10 mismatched or previously refunded Payment blocks refund and keeps GET budget1 (3.345666ms)
✔ R10 malformed Payment or contradictory errors cannot authorize refund (1.083458ms)
✔ R10 only valid PENDING refund permits exactly one bound GetRefund (8.126167ms)
✔ R10 malformed/mismatching/failed refund never triggers green-check lookup (2.467ms)
✔ R10 conditional refund lookup must preserve exact refund ID and all evidence (1.242042ms)
✔ R10 payment HTTP401 stops without automatic/manual retry (0.352333ms)
✔ R10 payment HTTP403 stops without automatic/manual retry (0.18775ms)
✔ R10 payment HTTP429 stops without automatic/manual retry (0.177833ms)
✔ R10 payment HTTP404 stops without automatic/manual retry (0.184792ms)
✔ R10 payment HTTP400 stops without automatic/manual retry (0.190875ms)
✔ R10 payment HTTP500 stops without automatic/manual retry (0.186125ms)
✔ R10 refund HTTP401 stops without automatic/manual retry (0.3065ms)
✔ R10 refund HTTP403 stops without automatic/manual retry (0.299625ms)
✔ R10 refund HTTP429 stops without automatic/manual retry (0.293417ms)
✔ R10 refund HTTP404 stops without automatic/manual retry (0.304875ms)
✔ R10 refund HTTP400 stops without automatic/manual retry (0.323375ms)
✔ R10 refund HTTP500 stops without automatic/manual retry (0.295584ms)
✔ R10 refundLookup HTTP401 stops without automatic/manual retry (0.32925ms)
✔ R10 refundLookup HTTP403 stops without automatic/manual retry (0.343917ms)
✔ R10 refundLookup HTTP429 stops without automatic/manual retry (0.39275ms)
✔ R10 refundLookup HTTP404 stops without automatic/manual retry (0.359417ms)
✔ R10 refundLookup HTTP400 stops without automatic/manual retry (0.31075ms)
✔ R10 refundLookup HTTP500 stops without automatic/manual retry (0.316417ms)
✔ R10 socket/parse/response loss stops at current call and never emits raw secrets (5.121125ms)
✔ R10 reflected refund ID cannot leak server token or trigger lookup (0.365375ms)
✔ R10 per-call timeout aborts even ignored fetch and never retries a refund (36.376875ms)
✔ R10 strict transport rejects wrong origin/ID/method/amount/key/reason before dispatch (1.256708ms)
✔ existing SandboxRefundTrial field checks remain isolated from R10 fixed reason/journal (0.326333ms)
✔ equipment input accepts one immutable whole Asset ID, never reservation payload or inferred identities (3.754292ms)
✔ P5-F1 runtime root keys resist even an accidental same-purpose message collision (0.532166ms)
✔ P5-F1 preserves the P4 read root vector and deterministic recovery replay; no default weak secret (0.41725ms)
✔ unmodified BookingService: COMPLETED protects stock/booking from delayed PENDING/FAILED; engine does not apply either (19.206375ms)
✔ unmodified BookingService FAILED contradictory completion goes to review; engine blocks (0.358625ms)
✔ unmodified BookingService CANCELED contradictory completion goes to review; engine blocks (0.168167ms)
✔ ACCEPT_COMPLETED is not booking confirmation: unmodified BookingService still refuses expired HOLD (0.222625ms)
✔ unmodified BookingService valid PENDING->COMPLETED still confirms only through old inventory/price boundary (0.295084ms)
✔ unmodified BookingService event replay and mismatched identity retain original safeguards (0.594416ms)
✔ name and quantity alone keep seasonal ambiguity and units/intention unresolved; no invented SKU or stock (18.904834ms)
✔ exact sport/season/SKU narrows candidates without changing historical facts; repeated source is deterministic (0.572ms)
✔ content CSV quotes/BOM/newlines, SET/KEEP/CLEAR and machine round-trip preserve literal values (18.558666ms)
✔ same target is atomic; valid other target survives forbidden price, HTML, duplicate and stale rows (0.581084ms)
✔ stored plan rejects stale revision and tampering; no stock or price fields can be changed (0.426333ms)
✔ CSV bounds and human formula escaping remain separate from machine export (5.718084ms)
✔ private release plans exact revisions and applies complete manifest/current/audit/outbox result atomically in fixture (10.443667ms)
✔ stale draft, current pointer, media checksum or expired rights cannot reuse a prior validation (1.06425ms)
✔ no partial release or hidden language fallback; internal/unprocessed photos and stale translation reject (0.464333ms)
✔ restore creates a new private release and rechecks current rights/commercial mapping; never rewrites history (0.349458ms)
✔ server-stored bulk plan commits good targets and preserves invalid ones; idempotent response loss does not repeat revisions (9.172417ms)
✔ two editors of same revision: only one commits; old immutable content remains (0.552083ms)
✔ revocation after lock wait stops a previously authorized edit and replay (0.169958ms)
✔ release current/audit/outbox commit once; another actor cannot steal a prepared plan (0.787875ms)
✔ rights or draft change after release preview fails without partial pointer/outbox update (0.826584ms)
✔ anonymous and empty identities are denied on server (0.738333ms)
✔ customer cannot enter staff or admin; staff cannot enter admin (0.106416ms)
✔ explicit allowed role is accepted (0.071375ms)
✔ telemetry only accepts foundation events (1.804375ms)
✔ worktree paths separate stable DB, role, ports and seed namespace (0.19ms)
✔ occupied port fails rather than attaching to existing service (10.185ms)
✔ ambient database target is refused without revealing it (0.113208ms)
S01_SCHEMA_MAX_BYTES [29965,30032,30074,30158]
✔ current schema maxima plus normal HOLD/amend/quote wrappers fit finite40KiB UTF8 (13.078708ms)
✔ readJson counts actual split UTF8 stream, ignores declared length, cancels overflow (16.049834ms)
✔ same scope continuation has future expiry and preserves all saved conditions/fingerprints (12.262333ms)
✔ single-member candidate validates full group scope and exact member/version (4.567917ms)
✔ after-close changed non-size conditions fall back to new intake; future new conditions accepted (9.481208ms)
✔ expiry, due, fixed/payment/attention and unproven acceptance are never exceptions (0.47675ms)
✔ Tokyo golden AM/PM, whole-date occupancy, month/year boundaries and inclusive ten days (33.816667ms)
✔ bundle completeness, forbidden client expiry/identity, unique group member and variant candidates (1.046791ms)
✔ period solver finds flexible A155 constrained B150; bounded exhaustion is indeterminate (7.558125ms)
✔ payment contract never converts UNKNOWN to failure or late success to inventory confirmation (0.09325ms)
✔ E07 contract: 17:00 schedule is no receipt; sealed/departed additions denied; protected receipt still needs E07 (0.093708ms)
✔ cross-store source custody fence overlaps all later use, but not an earlier unrelated date (0.238458ms)
✔ pool timeout wording changes preserve bounded outcomes on read acquisition and write preflight (49.291667ms)
✔ coded authentication or permission errors and unknown failures never become retryable timeouts or leak details (2.415625ms)
✔ new intake separates contract start, same-day deadline and immutable conditions (16.025625ms)
✔ future quotes keep start bound; no backdated MULTIDAY or after-close first-day intake (0.151708ms)
✔ ledger lexical cm equivalence, never missing/other units or unknown sizes (0.161083ms)
✔ missing or invalid server write authorizer fails closed before any database access (0.72525ms)
✔ missing or invalid stock reconciler is rejected before any database access (0.101375ms)
✔ P5 media backup requires exact private encrypted off-host manifest and actual restore acknowledgement (8.28475ms)
✔ real decoder re-encodes and strips EXIF; identical bytes never inherit binding rights (195.54075ms)
✔ traversal, disguised SVG/HTML, extension mismatch, invalid decode and duplicate filename reject before any storage (9.133208ms)
✔ P0 bounded320/640/960/1440/1920 WebP and JPEG derivatives preserve aspect and strip metadata (976.875041ms)
✔ Owner P4 BALANCED values are adopted without approving ingress or production composition (1.889208ms)
✔ P5 dispatcher fixture: forged headers cannot bind a Request/clone; explicit metadata only (59.099708ms)
✔ P5 canonical peer: IPv4/mapped/IPv6 representations, no lists/zone/padded or unknown peers (0.19625ms)
✔ additive migration plan has one ordered entry per version, no duplicates (0.695459ms)
✔ target-scoped development SQL preserves R12 state machine and adds only pre-lock selection limits (0.596667ms)
✔ production refuses injected development composition before any DB/provider call (0.95025ms)
✔ development composition is absent from ordinary application imports (13.489542ms)
✔ legacy startPayment vs projection uses the same global lock and does not create a second payment (20.963166ms)
✔ legacy reconcile then projection of same observation is duplicate/noop, not second confirmation (1.444208ms)
✔ concurrent legacy reconcile and projection preserve one confirmation and old event dedupe (0.985292ms)
✔ legacy create/startPayment/get/list synthetic path retains HOLD/quote/hash/claim checks (1.025041ms)
✔ legacy UNKNOWN keeps its existing payment key and later lookup recovers without create retry (0.844833ms)
✔ legacy create still blocks expired (0.672584ms)
✔ legacy create still blocks claims (0.308417ms)
✔ legacy create still blocks transfer (0.296958ms)
✔ legacy create still blocks snapshot (0.277917ms)
✔ static27 additive journal, unique observation/revision, append-only evidence and PUBLIC revoked (0.811917ms)
✔ SQL uses fixed queries/bound values; context/receipt lookups are indexed or bounded (0.213667ms)
✔ recorded lock order agrees with legacy inventory global lock before booking/attempt/hold and R12 stream/job (27.945334ms)
✔ new projection code is not imported by any existing HTTP/runtime or R12 worker (0.579833ms)
✔ R12 lease recovery plus R13 response loss: one confirmation and one journal/history set (34.915792ms)
✔ R12 truth is already durable when R13 stops before its transaction; explicit handoff recovers (1.156041ms)
✔ projection PENDING existing business semantics (12.660958ms)
✔ projection COMPLETED existing business semantics (2.329291ms)
✔ projection FAILED existing business semantics (0.363708ms)
✔ projection CANCELED existing business semantics (0.287583ms)
✔ identity or provider contract mismatch providerId (0.189375ms)
✔ identity or provider contract mismatch referenceId (0.156666ms)
✔ identity or provider contract mismatch idempotencyKey (0.136167ms)
✔ identity or provider contract mismatch merchantId (0.1165ms)
✔ identity or provider contract mismatch locationId (0.127209ms)
✔ identity or provider contract mismatch amountJpy (0.166625ms)
✔ identity or provider contract mismatch currency (0.125625ms)
✔ identity or provider contract mismatch status (0.100042ms)
✔ identity or provider contract mismatch updatedAt (0.122833ms)
✔ identity or provider contract mismatch completedAt (0.104584ms)
✔ bounded JPY amount 0 (0.12325ms)
✔ bounded JPY amount -1 (0.090459ms)
✔ bounded JPY amount 1.1 (0.08475ms)
✔ bounded JPY amount 100000001 (0.083084ms)
✔ bounded JPY amount 9007199254740992 (16.152208ms)
✔ expired hold does not force confirmation/reacquire/refund (0.897208ms)
✔ missing gear does not force confirmation/reacquire/refund (0.295ms)
✔ missing wear does not force confirmation/reacquire/refund (0.286291ms)
✔ transfer attention does not force confirmation/reacquire/refund (0.274166ms)
✔ canceled transfer does not force confirmation/reacquire/refund (0.250167ms)
✔ overdue unready transfer does not force confirmation/reacquire/refund (0.24275ms)
✔ snapshot hash does not force confirmation/reacquire/refund (0.223333ms)
✔ quote relation does not force confirmation/reacquire/refund (2.084167ms)
✔ quote hash does not force confirmation/reacquire/refund (0.642541ms)
✔ coupon redemption does not force confirmation/reacquire/refund (0.269208ms)
✔ missing quote does not force confirmation/reacquire/refund (0.185208ms)
✔ fixed allocation does not force confirmation/reacquire/refund (0.222708ms)
✔ released hold does not force confirmation/reacquire/refund (0.223208ms)
✔ successful hold does not force confirmation/reacquire/refund (0.224833ms)
✔ wrong reservation does not force confirmation/reacquire/refund (0.135333ms)
✔ wrong actor does not force confirmation/reacquire/refund (0.143167ms)
✔ production mode does not force confirmation/reacquire/refund (0.135666ms)
✔ return due exact boundary is closed even with remaining hold time (0.3645ms)
✔ early-discount qualification remains tied to provider completed time (0.284542ms)
✔ chargeReady and snapshot conditions cannot be tampered even with a recomputed hash (0.450208ms)
✔ same timestamp changed payload is BLOCK_CONFLICT, overriding only the new projection path (0.217ms)
✔ terminal completed and duplicate/stale observations never downgrade (0.343958ms)
✔ FAILED cannot be silently upgraded or retried (0.623167ms)
✔ CANCELED cannot be silently upgraded or retried (0.156334ms)
✔ completed truth in REVIEW requires an operator even if conditions later look repaired (0.780208ms)
✔ invalid projection reference truthFingerprint (1.442834ms)
✔ invalid projection reference observationFingerprint (0.130959ms)
✔ invalid projection reference expectedRevision (0.476625ms)
✔ invalid projection reference truthRevision (0.514125ms)
✔ invalid projection reference bookingId (0.808416ms)
✔ invalid projection reference attemptId (0.095583ms)
✔ invalid projection reference jobId (0.1975ms)
✔ untrusted persisted source fails environment (0.33825ms)
✔ untrusted persisted source fails state (0.095209ms)
✔ untrusted persisted source fails securityBlocked (0.081291ms)
✔ untrusted persisted source fails truthRevision (0.076ms)
✔ untrusted persisted source fails decision (0.079125ms)
✔ untrusted persisted source fails decisionFingerprint (0.069625ms)
✔ untrusted persisted source fails contextFingerprint (0.08125ms)
✔ untrusted persisted source fails paymentId (0.068583ms)
✔ untrusted persisted source fails merchantId (0.0695ms)
✔ untrusted persisted source fails observation (0.065459ms)
✔ only ten normalized provider fields cross the source boundary (0.158875ms)
✔ claim contract checks gear, wear, exact quantity and variant/model promise without inferred substitution (0.422125ms)
✔ Premium exact model/season/length stays in claim validation (0.203333ms)
✔ actual repository + scripted SQL: completion is one transaction, frozen commercial contract, safe audit (1.637667ms)
✔ two simultaneous projects commit once; replay checks precede old revision and changed source (0.958667ms)
✔ COMMIT response loss replays stored result without second projection/notification/history (0.775583ms)
✔ crash at BEGIN rolls back all business/history/journal changes (0.28575ms)
✔ crash at SET LOCAL rolls back all business/history/journal changes (0.256333ms)
✔ crash at SELECT pg_advisory_xact_lock(71820600) rolls back all business/history/journal changes (0.247792ms)
✔ crash at UPDATE rental_payment_attempts rolls back all business/history/journal changes (0.571708ms)
✔ crash at UPDATE rental_bookings rolls back all business/history/journal changes (0.574541ms)
✔ crash at UPDATE inventory_holds rolls back all business/history/journal changes (0.585167ms)
✔ crash at INSERT INTO payment_projection.heads rolls back all business/history/journal changes (0.640583ms)
✔ crash at INSERT INTO payment_projection.events rolls back all business/history/journal changes (1.974541ms)
✔ crash at INSERT INTO payment_projection.job_receipts rolls back all business/history/journal changes (2.473917ms)
✔ crash at COMMIT rolls back all business/history/journal changes (4.408333ms)
✔ stale transaction revision rejects even after proposed writes and rolls back (0.604916ms)
✔ expired HOLD persists completed provider truth but not reservation or stock resurrection (0.620625ms)
✔ missing GEAR witness blocks completed projection in actual repository path (0.464917ms)
✔ missing WEAR witness blocks completed projection in actual repository path (0.44025ms)
✔ DB time is sampled after locks and before first business write (0.507833ms)
✔ transfer deadline crossing during source lock wait blocks at final decision (0.522125ms)
✔ PENDING repository transition keeps hold witness and TTL (0.497084ms)
✔ FAILED repository transition keeps hold witness and TTL (0.419875ms)
✔ CANCELED repository transition keeps hold witness and TTL (0.405416ms)
✔ normal or production database name is blocked before business lock (0.17975ms)
✔ source mutation blocks and performs no updates; attempt/version mismatch does not acquire source locks (0.89875ms)
✔ production constructor/method gate and no ambient HTTP (0.519958ms)
✔ same observation proof does not cross from Square Sandbox to a simulation booking (0.212541ms)
✔ expiry after first write is fenced by SQL and rolls back; same key later records blocked truth (0.818833ms)
✔ new R12 generation of an already projected observation links a new receipt without business/audit replay (0.652083ms)
✔ new job reference cannot borrow an old projection receipt without current source verification (0.526416ms)
✔ tampered saved result is rejected rather than returned as trusted internal data (0.570375ms)
✔ dispatcher commit barrier; linkage result cannot escape before committed marker/job/link (1.051875ms)
✔ SQL BEGIN failure rolls back, destroys connection and never retries (0.32775ms)
✔ SQL SET LOCAL failure rolls back, destroys connection and never retries (0.101667ms)
✔ SQL .dispatch( failure rolls back, destroys connection and never retries (0.147916ms)
✔ SQL COMMIT failure rolls back, destroys connection and never retries (0.115166ms)
✔ pool acquisition failure sanitized (0.123167ms)
✔ claim JSON dates/metadata and finalize fencing revision bind safely; diagnostic is bounded/read only (1.385791ms)
✔ static migration26 is additive, grants no runtime, no existing payment/booking/inventory changes (0.708208ms)
✔ static indexed bounded dispatch/claim, one active payment generation, lease/crash/cutoff fences (0.5615ms)
✔ static receiver remains provider/job-dispatch free; worker has no production composition or business write port (0.282334ms)
✔ read-only expected context uses merchant/provider binding; batch is one query not one per job (0.361959ms)
✔ merchant auth/quota stop is durable with no reset function or fresh-event bypass (0.12375ms)
✔ context timestamp formatting is stable and normalized money stays within safe integer bounds (1.535625ms)
✔ provider truth accepts PENDING as a proposal, UNKNOWN is local knowledge only (15.03ms)
✔ provider truth accepts COMPLETED as a proposal, UNKNOWN is local knowledge only (0.167875ms)
✔ provider truth accepts FAILED as a proposal, UNKNOWN is local knowledge only (0.136041ms)
✔ provider truth accepts CANCELED as a proposal, UNKNOWN is local knowledge only (0.113125ms)
✔ evidence mismatch blocks providerId (0.093416ms)
✔ evidence mismatch blocks referenceId (0.090917ms)
✔ evidence mismatch blocks idempotencyKey (0.08125ms)
✔ evidence mismatch blocks merchantId (0.060917ms)
✔ evidence mismatch blocks locationId (0.0795ms)
✔ evidence mismatch blocks amountJpy (0.102084ms)
✔ evidence mismatch blocks currency (0.073125ms)
✔ evidence mismatch blocks status (0.054333ms)
✔ evidence mismatch blocks updatedAt (0.047875ms)
✔ evidence mismatch blocks completedAt (0.04575ms)
✔ invalid provider response/time null (0.050709ms)
✔ invalid provider response/time {} (0.040583ms)
✔ invalid provider response/time {"providerId":"payment-fixture","referen (0.039791ms)
✔ invalid provider response/time {"providerId":"payment-fixture","referen (0.040459ms)
✔ invalid provider response/time {"providerId":"payment-fixture","referen (0.047625ms)
✔ invalid provider response/time {"providerId":"payment-fixture","referen (0.038083ms)
✔ duplicate fingerprint is canonical across key order and time zone; no receipt time in decision identity (0.136334ms)
✔ COMPLETED plus stale PENDING cannot downgrade; equal-time PENDING to COMPLETED is existing accepted behavior (0.169333ms)
✔ FAILED terminal does not restart, contradictory COMPLETED requires review (9.046ms)
✔ CANCELED terminal does not restart, contradictory COMPLETED requires review (0.130834ms)
✔ retry budget is deterministic/bounded; input errors are not silently clamped (0.539667ms)
✔ receiver -> durable signal -> dispatcher -> one payment job: dedupe and out-of-order coalesce; no lookup before ACK (23.58925ms)
✔ two workers, crash after claim, lease expiry and stale finalize fencing (shared-store fixture) (0.63225ms)
✔ dispatcher crash is atomic; future signal remains eligible after restart (0.315709ms)
✔ crash after provider response before finalize performs another read under new lease, never another payment (0.692917ms)
✔ lost finalize response after commit is recoverable by durable state without another lookup (0.425834ms)
✔ new signal during lookup remains READY work; terminal receives new generation without reversing old job (1.303292ms)
✔ AUTH_BLOCKED stays BLOCKED across new events; no automatic restart (0.288041ms)
✔ RATE_LIMITED stays BLOCKED across new events; no automatic restart (0.097875ms)
✔ NOT_FOUND_BLOCKED stays BLOCKED across new events; no automatic restart (0.0865ms)
✔ INVALID_RESPONSE_BLOCKED stays BLOCKED across new events; no automatic restart (0.083125ms)
✔ EVIDENCE_MISMATCH_BLOCKED stays BLOCKED across new events; no automatic restart (0.074875ms)
✔ NETWORK_RETRYABLE retries only when due; cap5 never resets on event (0.22875ms)
✔ PROVIDER_5XX_RETRYABLE retries only when due; cap5 never resets on event (2.459083ms)
✔ PENDING is not a terminal job; pending duplicate polls within budget and can reach COMPLETED (1.680792ms)
✔ deadline, final-attempt crash and fixture timeout are bounded with no real wait (0.469792ms)
✔ missing/wrong context stops before lookup; stale after context read also stops (0.363167ms)
✔ conflicting redelivery invalidates live lease and prevents automatic generation (0.304875ms)
✔ Square fixture HTTP401 -> AUTH_BLOCKED (0.267ms)
✔ Square fixture HTTP403 -> AUTH_BLOCKED (0.051334ms)
✔ Square fixture HTTP429 -> RATE_LIMITED (0.029792ms)
✔ Square fixture HTTP404 -> NOT_FOUND_BLOCKED (0.025417ms)
✔ Square fixture HTTP500 -> PROVIDER_5XX_RETRYABLE (0.025333ms)
✔ Square fixture HTTP503 -> PROVIDER_5XX_RETRYABLE (0.027417ms)
✔ Square fixture HTTP400 -> INVALID_RESPONSE_BLOCKED (0.025958ms)
✔ Square fixture HTTP302 -> INVALID_RESPONSE_BLOCKED (0.026958ms)
✔ Square fixture normalized observations, malformed response and network failures never leak raw payload/error (0.270459ms)
✔ worker fake-only path never invokes ambient fetch; diagnostics have no raw body/session/credential (0.130209ms)
✔ duplicate internal truth cannot bypass a contradictory FAILED business context (0.073625ms)
✔ AUTH_BLOCKED stops remaining batch and persists merchant circuit for new payments (0.601208ms)
✔ RATE_LIMITED stops remaining batch and persists merchant circuit for new payments (0.4055ms)
✔ internal stop codes and malformed provider port output are invalid response, not provider authority (0.44875ms)
✔ unlinked hash-conflicted inbox signal does not become a job in dispatcher fixture (0.116375ms)
✔ stale PENDING while newer PENDING exists remains retry work, not terminal (0.258792ms)
✔ cutoff crossed inside lookup cannot store an accepted observation (0.122125ms)
✔ transitive date/variant/group custody closure includes later chained requirements, not unrelated groups (3.986542ms)
✔ period search with Hall pruning agrees with independent exhaustive enumeration over 250 small fixed-capacity cases (150.373541ms)
✔ per-day feasibility cannot replace continuous-Asset witness and explicit search limit stays indeterminate (14.158917ms)
✔ photo transport decodes valid 9MiB and exact 10MiB without regex stack growth (204.2405ms)
✔ photo transport rejects oversized, noncanonical and malformed encodings (80.486875ms)
✔ photo candidates require exact existing offer, explicit role and bounded order; no fuzzy binding (0.74525ms)
✔ duplicate upload/concurrent terminal replies commit each photo once, byte reuse never grants rights (125.340125ms)
✔ fixed manifest rejects replaced bytes/duplicate names; malformed image records failure without publishing (0.405ms)
✔ revocation while real decoder is running rejects commit and writes no private objects (22.872708ms)
✔ photo prepare matches the catalog from the acquired transaction, preserving replay candidates (0.755375ms)
✔ database stop must wait for delayed socket end after pool.end resolves (0.509291ms)
✔ background connection errors fail closure without exposing attached client (0.360667ms)
✔ all 216 explicit amounts through product/duration calculation; no runtime curve (87.054041ms)
✔ half-day early explicit examples 5320 / 6460 / 2850 and integer HALF_UP (0.718041ms)
✔ JST previous-day 15:00 inclusive payment qualification; quote never qualifies payment (0.999084ms)
✔ explicit stacking, applicable coupon scope/window/min/cap; no negative totals or double discount (2.496875ms)
✔ mixed members eligibility/minimum basis; set components never become extra price lines (1.103417ms)
✔ strict quote and coupon inputs reject prices, role, duplicates, dates, unknown product and incomplete table (0.513209ms)
✔ production guest JSON schema, exact approval hash and runtime inequalities; no default/owner values invented (94.91075ms)
✔ trusted ingress uses only request-object-bound dispatcher metadata; all browser IP spellings fail closed (13.8905ms)
✔ concrete Square transport pins Sandbox/API version/Bearer/auth binding, stable idempotency, no redirects/ambient credentials (11.283ms)
✔ concrete Square allowlist rejects wrong host/location/path before credentials; revoked/expired/wrong merchant stops without network (1.419125ms)
✔ response loss/UNKNOWN never auto retries or changes key; credential/response diagnostics are masked (1.309667ms)
✔ transport abort cancels body read and settles hung fetch without retry; oversized/invalid JSON fails UNKNOWN (27.203417ms)
✔ signed duplicate/out-of-order webhook only performs current lookup; tamper and merchant/amount/currency mismatch rejected (1.343334ms)
✔ media provider separates private originals/derivatives, immutable digest, rights/revision checks and signed ticket bounds (0.631209ms)
✔ withdrawal requires exact CDN invalidation receipt; signed expiry/legal retention/references gate deletion, never auto-delete (0.310458ms)
✔ source staging preserves original/normalized provenance, exact match, explicit dry-run commit and same-source idempotency (1.152584ms)
✔ unresolved/ambiguous manufacturer/year/quantity rows never create stock; reductions/missing rows never delete assets; wear stays quantity (0.952458ms)
✔ all required operational codes reach a strict structured sink; secret/PII/error bodies cannot enter it (2.688833ms)
✔ secret lifecycle rejects missing/revoked/expired/duplicate active credentials and documents old-key grace without claiming rotation execution (0.331583ms)
✔ environment readers require explicit valid private metadata; public secret variables and invalid JSON fail closed without logging raw values (0.27125ms)
✔ P2-01 unapproved public environment names fail closed regardless of secret-like spelling (0.108ms)
✔ P5 preflight never promotes documentation/fixtures/Owner targets to external PASS (1.747125ms)
✔ P5 exact CI requires repository/workflow/event/head/base/integration tree/run attempt/job success (1.216542ms)
✔ P5 offline preflight command emits JSON/human summary and exits2 with pending gates (542.291375ms)
✔ Square Sandbox adapter uses exact official request, stable key, bounded endpoint and no normal activation (1.169459ms)
✔ UNKNOWN without verified provider ID never sends another POST or invents get-by-idempotency (0.352917ms)
✔ Square auth/quota/timeout stops without automatic retry and masks raw response (1.971833ms)
✔ Square signed webhook uses fresh lookup rather than callback amount or status; rejects tamper, merchant and money mismatch (0.552708ms)
✔ private storage releases only current derivative and rechecks withdrawal/revision after read (25.83425ms)
✔ exact catalog/source plan preserves one ski pair as one Asset and duplicate receipt is idempotent (4.198083ms)
✔ manufacturer range, unknown ADD/REPLACE/store/unit and wrong season never become stock (0.577333ms)
✔ wear and poles require explicit quantity units with no generated individual IDs or invented200 total (0.296ms)
✔ launch checklist fails closed on missing/expired/old-head/old-policy evidence; pass grants no deploy permission (0.415708ms)
✔ operational events and CWV distinguish LAB/FIELD and exclude arbitrary PII/body/session fields (0.230125ms)
✔ Square deadlines settle even when an injected dependency ignores cancellation; source failure never POSTs (8.475125ms)
✔ R15 finite worker never repeats provider AUTH_BLOCKED (4.401584ms)
✔ R15 finite worker never repeats provider RATE_LIMITED (0.316792ms)
✔ R15 finite worker never repeats provider NETWORK_RETRYABLE (0.26275ms)
✔ R15 amount mismatch stops before provider and does not project (0.200292ms)
✔ R15 hosted setup requires fixed resource identity and zero incremental cost (1.272ms)
✔ R15 shared role grants retain R14 privileges except removal of unscoped dispatch/claim (0.265666ms)
✔ R15 receiver configuration is Sandbox-only, exact-domain, exact-role and verified TLS (13.442042ms)
✔ R15 missing signature/config fails closed without DB access; health is liveness only (27.796ms)
✔ R15 signature/merchant/query/size failures never open receiver pool (7.512125ms)
✔ R15 ACK awaits durable receipt; safe signal only; duplicate/hash conflict/DB errors are bounded (9.314042ms)
✔ R15 deploy surface exposes only two receiver routes, no main app/provider/worker imports (0.804625ms)
✔ R15 migrations 0001–0029 equal the preserved R14 evidence (8.830416ms)
✔ R15 production-build exception requires exact Preview project and server-issued synthetic target (0.972083ms)
✔ R15 production build preserves ordinary rejection and refuses forged/wrong target before DB (0.385125ms)
✔ R2 SDK transport fixture: private immutable object, conditional replay, no public ACL or default network (46.776208ms)
✔ R2 presigning uses SDK and bounded original-only tickets; rights withdrawal requires matched purge receipt (10.578292ms)
✔ P5 R2 rotation uses current credential for next SDK operation, never the memoized old key (67.767666ms)
✔ owner rules use independent explicit targets and +1cm, no DIN or BSL computation (0.7385ms)
✔ 145/150/155, anchored direction choice and deterministic shorter tie (0.193666ms)
✔ original absolute window includes both boundaries and excludes one centimetre outside (0.066041ms)
✔ real exact-size variant IDs, no age/class substitution, no hidden larger boots or text guessing (0.376834ms)
✔ snowboard does not require detailed age/weight/level, ski age13 boundary and forged fields reject (12.10925ms)
✔ one immutable pair ID resolves one cycle; no left/right child identifiers (0.895375ms)
✔ a saved scan can never retarget the latest cycle, version or already-received loan (0.080375ms)
✔ unknown/no active or ambiguous active cycle is not a successful receipt (0.232583ms)
✔ invalid saved scan and checkout timestamps cannot become a receipt candidate (0.075125ms)
✔ P6 one acceptance location is metadata only; it does not map or activate either internal store (0.693958ms)
✔ P6 metadata parser never reads credential values, including during error handling (0.3195ms)
✔ P6 rejects production/development, omitted mode/version, aliases and public settings (0.161333ms)
✔ P6 URL is exact non-secret HTTPS metadata, not inferred from request headers or aliases (0.175375ms)
✔ P5 activation metadata rejects production, missing/mixed mapping, credentials and automatic enablement (1.792792ms)
✔ P5 dual webhook keys verify exact URL/raw bytes, retire exactly at grace and never expose secret (2.076792ms)
✔ SQL repository commits INSERTED before resolving and binds exact metadata only (0.902792ms)
✔ SQL repository commits DUPLICATE before resolving and binds exact metadata only (0.097542ms)
✔ SQL repository commits HASH_CONFLICT before resolving and binds exact metadata only (0.107666ms)
✔ failure/uncertain BEGIN rolls back/destroys connection, never retries or leaks errors (0.307958ms)
✔ failure/uncertain SET LOCAL rolls back/destroys connection, never retries or leaks errors (0.083625ms)
✔ failure/uncertain square_webhook.receive rolls back/destroys connection, never retries or leaks errors (0.093834ms)
✔ failure/uncertain COMMIT rolls back/destroys connection, never retries or leaks errors (0.091833ms)
✔ unknown database receipt fails before COMMIT (0.113333ms)
✔ SQL claim returns only safe signal/lease metadata; settle binds fencing token and bounded failure code (0.33725ms)
✔ empty queue and successful terminal mark; all transaction paths release (0.172666ms)
✔ static additive migration: environment-scoped durable dedupe, bounded audit/retries, no business/raw payload storage (0.218875ms)
✔ static queue fencing/crash recovery: SKIP LOCKED, expired lease reclaim, bounded attempts, DB clock after lock (0.070584ms)
✔ pool acquisition failure also suppresses credential-bearing diagnostics without retry (0.085583ms)
✔ payment.created signed receipt persists only whitelisted signal metadata (18.17425ms)
✔ payment.updated signed receipt persists only whitelisted signal metadata (0.443667ms)
✔ missing/invalid signature 0 never opens inbox or parses malformed JSON (0.272334ms)
✔ missing/invalid signature 3 never opens inbox or parses malformed JSON (0.253875ms)
✔ missing/invalid signature 44 never opens inbox or parses malformed JSON (0.304959ms)
✔ signed malformed UTF8/JSON/envelope 7b rejects before persistence (0.230166ms)
✔ signed malformed UTF8/JSON/envelope ff rejects before persistence (0.438625ms)
✔ signed malformed UTF8/JSON/envelope 6e756c6c rejects before persistence (0.207083ms)
✔ signed malformed UTF8/JSON/envelope 5b5d rejects before persistence (0.5665ms)
✔ signed malformed UTF8/JSON/envelope 3432 rejects before persistence (0.997708ms)
✔ missing/invalid identity {"type":"payment.updated","merchant_id":"MLKDVEDH1ME21","data":{"objec (0.309042ms)
✔ missing/invalid identity {"event_id":"","type":"payment.updated","merchant_id":"MLKDVEDH1ME21", (0.154209ms)
✔ missing/invalid identity {"event_id":"xxxxxxxxxxxxxxxxxxxxxxxxxxxxxxxxxxxxxxxxxxxxxxxxxxxxxxxxx (0.132958ms)
✔ missing/invalid identity {"event_id":"bad\nline","type":"payment.updated","merchant_id":"MLKDVE (0.212125ms)
✔ missing/invalid identity {"event_id":"fixture-event","type":"payment.updated","merchant_id":"", (0.132583ms)
✔ missing/invalid identity {"event_id":"fixture-event","merchant_id":"MLKDVEDH1ME21","data":{"obj (0.131541ms)
✔ missing/invalid identity {"event_id":"fixture-event","type":"payment.updated","merchant_id":"ML (0.12925ms)
✔ missing/invalid identity {"event_id":"fixture-event","type":"payment.updated","merchant_id":"ML (0.106708ms)
✔ missing/invalid identity {"event_id":"fixture-event","type":"payment.updated","merchant_id":"ML (0.120375ms)
✔ signed wrong merchant rejected for supported and unsupported event (0.185ms)
✔ unsupported signed correct-merchant envelope is explicitly ignored without a payment ACK/retry loop (0.12925ms)
✔ raw whitespace/order remain signed exactly; request host/forwarded headers cannot replace configured URL (0.261541ms)
✔ oversized body actual limit with content-length undefined (0.225375ms)
✔ oversized body actual limit with content-length 65537 (0.164542ms)
✔ oversized body actual limit with content-length 1 (0.160708ms)
✔ stream read once, exact 64KiB allowed; missing content length does not permit excess chunks (0.750125ms)
✔ stream read failure is redacted and never inserts (0.181125ms)
✔ 20 concurrent deliveries and same stored key after a lost ACK are deduped by fixture repository (2.088208ms)
✔ event ID reuse with different raw hash records conflict and preserves original signal (0.272166ms)
✔ out-of-order updated/created events are separate signals; no provider or business state is available to handler (0.412375ms)
✔ retry headers grant no authority {} (0.210791ms)
✔ retry headers grant no authority {"square-retry-number":"1","square-retry-reason":"http_timeout"} (0.185958ms)
✔ retry headers grant no authority {"square-retry-number":"-999"} (0.167333ms)
✔ ACK waits for successful persistence; DB failure/body details never appear in response or logs (0.466917ms)
✔ method guard and missing config fail closed without pool factory (0.169959ms)
✔ explicit Sandbox Preview config only, fixed merchant/version/dedicated TLS receiver identity, no access-token dependency (0.265875ms)
✔ Next route with official Next server-only alias exports GET405 and unconfigured POST503 in isolated Node (no server/browser/DB) (172.97925ms)
✔ actually absent signature header, not just empty value, is 403 before inbox creation (0.344416ms)
✔ staff500 diagnostic emits only server-generated correlation, fixed phase and allowlisted SQLSTATE (1.930459ms)
✔ unknown/inherited/getter codes and nested cause never leak into diagnostics (0.151709ms)
✔ Argon2id has independent salts and verifies only the supplied password (252.529292ms)
✔ canonical email is case/outer-space stable; password policy adds no composition rules (0.309375ms)
✔ role, permission and ALL scope are independently required for staff management (0.082833ms)
✔ staff input cannot grant unimplemented refund permissions or forge subject (0.499709ms)
✔ ordinary runtime without owned development connection fails closed and cannot attach a remote DB (0.217ms)
✔ P5 real disk observation and exact safety floor; unavailable/invalid capacity is not success (5.272083ms)
✔ P5 cleanup requires matching successful log/run, stopped owner and no live PID; all others preserved (8.732541ms)
✔ transfer input rejects authority fields, impossible dates, model-free fake IDs and invalid pair quantities (1.859667ms)
✔ pair labels never create two assets; duplicate selected Asset or pool lines rejected (0.144208ms)
✔ forecast is not immediate stock, automatic receipt, late readiness or another-store capacity (0.218542ms)
✔ cancelled transfer keeps source PAIR protection while a promise needs reconciliation (0.103541ms)
✔ v1.2wear-only contract uses two independent quantity requirements; never one generic WEAR or one part (2.176375ms)
✔ wear ledger regular input accepts STANDARD parts with explicit sport compatibility (0.426833ms)
✔ independent golden same-member wear20percent then advance5percent (0.468875ms)
✔ another member never receives equipment wear adjustment (0.182791ms)
✔ integrated Premium board promise required and exact variant selected (0.249417ms)
✔ quantity override forbids wear Assets and ambiguous multi-variant quantity promises (0.3205ms)
✔ all24 explicit approved wear prices and independent bundle golden cases remain stable (0.793042ms)
✔ explicit Premium day12350 and wear-only4750 golden preserve discount order (0.585125ms)
✔ WEAR-PRICE-01: SINGLE pole plus wear uses the pole price regardless of item order (4.049833ms)
✔ CI diagnostic forwarding preserves only the exact emitted safe schema and historical auth code (0.729416ms)
✔ split/coalesced/oversized child stderr never drops a valid record or forwards an unsafe suffix (2.327959ms)
✔ transport failure classification never exports messages, URLs, cookies or arbitrary codes (0.357042ms)
ℹ tests 509
ℹ suites 0
ℹ pass 509
ℹ fail 0
ℹ cancelled 0
ℹ skipped 0
ℹ todo 0
ℹ duration_ms 2778.558458
