✔ operator two browser request callbacks dispatch only once; fsynced record survives response loss (51.100708ms)
✔ separate operator processes race for the same reservation: exactly one wins (81.693208ms)
✔ operator two browser request callbacks dispatch only once; fsynced record survives response loss (47.357ms)
✔ separate operator processes race for the same reservation: exactly one wins (84.650833ms)
✔ R6 pure preflight exposes only flags/enums and requires no merchant metadata (1.17225ms)
✔ R6 blocks DEPLOYMENT_NOT_PREVIEW before fetch VERCEL_ENV (20.984083ms)
✔ R6 blocks NOT_SANDBOX before fetch SQUARE_ENVIRONMENT (2.271375ms)
✔ R6 blocks API_VERSION_MISMATCH before fetch SQUARE_API_VERSION (1.0095ms)
✔ R6 blocks APPLICATION_ID_INVALID before fetch SQUARE_SANDBOX_APPLICATION_ID (0.450834ms)
✔ R6 blocks APPLICATION_ID_INVALID before fetch SQUARE_SANDBOX_APPLICATION_ID (0.316959ms)
✔ R6 blocks LOCATION_ID_INVALID before fetch SQUARE_SANDBOX_LOCATION_ID (4.216417ms)
✔ R6 blocks LOCATION_ID_INVALID before fetch SQUARE_SANDBOX_LOCATION_ID (0.386375ms)
✔ R6 blocks CREDENTIAL_MISSING before fetch SQUARE_SANDBOX_ACCESS_TOKEN (0.244958ms)
✔ R6 blocks CREDENTIAL_FORMAT_INVALID before fetch SQUARE_SANDBOX_ACCESS_TOKEN (0.237416ms)
✔ R6 blocks PUBLIC_CREDENTIAL_EXPOSURE before fetch NEXT_PUBLIC_SQUARE_ACCESS_TOKEN (0.252875ms)
✔ R6 blocks CONFIGURATION_INVALID before fetch SQUARE_SANDBOX_MERCHANT_ID (0.206458ms)
✔ R6 blocks CONFIGURATION_INVALID before fetch SQUARE_SANDBOX_NOTIFICATION_URL (0.135875ms)
✔ R6 catches credentials reflected in unrelated NEXT_PUBLIC keys without returning values (0.066042ms)
✔ R6 GET preflight repeats safely; production and wrong intent are rejected (0.298375ms)
✔ R6 validates body, exact same-origin browser intent and method before dispatch (0.633958ms)
✔ R6 PASS and concurrent streamed one-shot issue only two exact Sandbox fetches (4.213209ms)
✔ R6 merchant failures terminate before locations and cannot be retried (0.917875ms)
✔ R6 location mismatch/state/capability results preserve their bounded evidence (3.336542ms)
✔ R6 network/unknown outcome stays structured and never retries (0.32ms)
✔ R6 reflected token and raw provider diagnostics never appear in safe output (0.48525ms)
✔ R6 unexpected pre-dispatch internal exception has structured zero-dispatch output (0.190084ms)
✔ Square S1 service performs only exact two read-only Sandbox lookups on happy path (33.959833ms)
✔ Square S1 service fails fast on merchant lookup auth/429/5xx/network/timeout/schema and does not call locations (40.149291ms)
✔ Square S1 service enforces merchant active/Japanese/JPY and configured main location (1.669208ms)
✔ Square S1 service validates configured location state/currency/country/merchant and card capability (1.448833ms)
✔ Square S1 transport rejects non-identity endpoints, queries, and payment paths before credential read (0.401042ms)
✔ Square S1 acceptance blocks non-sandbox, non-POST, missing intent, and body/query inputs before fetch (1.54825ms)
✔ Square S1 acceptance rejects VERCEL_ENV=production even when SQUARE_ENVIRONMENT is SANDBOX (0.105666ms)
✔ Square S1 transport enforces strict identity headers/credentials and rejects redirect responses before body parse (0.161208ms)
✔ Square S1 acceptance redacts its actual injected synthetic token reflected in merchant identity (0.343125ms)
✔ Square S1 transport fails closed on oversized location payload (1.433584ms)
✔ Square S1 transport fails schema when provider content-type is not application/json (0.134291ms)
✔ Square S1 acceptance never exposes raw provider diagnostic body (0.265375ms)
✔ Square S1 acceptance hides secret fields and does not surface raw provider payload in response (0.307834ms)
✔ Square S1 acceptance applies an in-instance once guard without distributed semantics (0.36075ms)
✔ Square S1 accepts an empty streamed POST from Next Node adapter; concurrent duplicate never sends more than two calls in one instance (0.478542ms)
✔ R9 immutable manifest and fingerprint match; any identity/amount/source/key change fails (14.40475ms)
✔ R9 preflight is provider-free, booleans/enums only; local guard verification is explicitly separate (14.369208ms)
✔ R9 runtime preflight blocks VERCEL_ENV production (0.404125ms)
✔ R9 runtime preflight blocks VERCEL_ENV undefined (0.286083ms)
✔ R9 runtime preflight blocks SQUARE_ENVIRONMENT PRODUCTION (3.904917ms)
✔ R9 runtime preflight blocks SQUARE_API_VERSION 2025-01-01 (0.39675ms)
✔ R9 runtime preflight blocks SQUARE_SANDBOX_MERCHANT_ID other (0.2605ms)
✔ R9 runtime preflight blocks SQUARE_SANDBOX_APPLICATION_ID undefined (0.206792ms)
✔ R9 runtime preflight blocks SQUARE_SANDBOX_LOCATION_ID undefined (0.218334ms)
✔ R9 runtime preflight blocks SQUARE_SANDBOX_ACCESS_TOKEN undefined (0.278458ms)
✔ R9 runtime preflight blocks SQUARE_SANDBOX_ACCESS_TOKEN invalid token (0.17175ms)
✔ R9 runtime preflight blocks NEXT_PUBLIC_SQUARE_ACCESS_TOKEN fixture-public (0.265042ms)
✔ R9 client body/query/method/origin/intent cannot supply payment parameters (0.70875ms)
✔ R9 exact completed payment PASS uses one create and zero unnecessary lookup (5.016917ms)
✔ R9 same-instance concurrent empty streams allow one controlled create (0.729208ms)
✔ R9 pending safe ID allows exactly one conditional GET; same key is never POSTed twice (0.4465ms)
✔ R9 still-pending lookup stops; malformed or absent provider ID never looks up (2.620333ms)
✔ R9 money/reference/location mismatches fail without lookup (2.701125ms)
✔ R9 missing/invalid completion date is not PASS; one safe-ID lookup still must satisfy timestamps (0.966125ms)
✔ R9 lookup ID mismatch cannot establish PASS (0.351625ms)
✔ R9 HTTP 401 stops without retry (0.40075ms)
✔ R9 HTTP 403 stops without retry (0.276709ms)
✔ R9 HTTP 429 stops without retry (0.264208ms)
✔ R9 HTTP 400 stops without retry (3.411583ms)
✔ R9 HTTP 500 stops without retry (0.360542ms)
✔ R9 network/parse/secret-reflection failures never leak raw response or exception (0.825ms)
✔ R9 timeout aborts and preserves UNKNOWN; ignored transport does not create a retry (10.926625ms)
✔ R9 narrow transport rejects Production, refund, S1, query, wrong source/key/amount before credential access (0.812208ms)
✔ R10 immutable manifest pins existing payment/100JPY/key/reason and rejects altered identity (15.451459ms)
✔ R10 preflight has no provider call and exposes only safe flags/enums (19.022666ms)
✔ R10 preflight blocks VERCEL_ENV production (0.901125ms)
✔ R10 preflight blocks VERCEL_ENV undefined (0.449791ms)
✔ R10 preflight blocks SQUARE_ENVIRONMENT PRODUCTION (0.640584ms)
✔ R10 preflight blocks SQUARE_API_VERSION 2025-01-01 (0.310375ms)
✔ R10 preflight blocks SQUARE_SANDBOX_MERCHANT_ID other (2.284417ms)
✔ R10 preflight blocks SQUARE_SANDBOX_APPLICATION_ID undefined (0.363834ms)
✔ R10 preflight blocks SQUARE_SANDBOX_LOCATION_ID undefined (0.234833ms)
✔ R10 preflight blocks SQUARE_SANDBOX_ACCESS_TOKEN undefined (0.264167ms)
✔ R10 preflight blocks SQUARE_SANDBOX_ACCESS_TOKEN invalid token (0.242083ms)
✔ R10 preflight blocks NEXT_PUBLIC_SQUARE_ACCESS_TOKEN fixture-public (0.219209ms)
✔ R10 operator cannot inject payment/amount/key/location/query/body/method/origin (0.654583ms)
✔ R10 successful lookup then exact full refund: 1GET/1POST/0conditional, no CreatePayment (7.317417ms)
✔ R10 same-instance concurrent operator requests allow one whole workflow (3.613542ms)
✔ R10 mismatched or previously refunded Payment blocks refund and keeps GET budget1 (6.906708ms)
✔ R10 malformed Payment or contradictory errors cannot authorize refund (5.843916ms)
✔ R10 only valid PENDING refund permits exactly one bound GetRefund (10.676167ms)
✔ R10 malformed/mismatching/failed refund never triggers green-check lookup (2.193ms)
✔ R10 conditional refund lookup must preserve exact refund ID and all evidence (1.152166ms)
✔ R10 payment HTTP401 stops without automatic/manual retry (0.320959ms)
✔ R10 payment HTTP403 stops without automatic/manual retry (0.176459ms)
✔ R10 payment HTTP429 stops without automatic/manual retry (0.16025ms)
✔ R10 payment HTTP404 stops without automatic/manual retry (0.174916ms)
✔ R10 payment HTTP400 stops without automatic/manual retry (0.182958ms)
✔ R10 payment HTTP500 stops without automatic/manual retry (0.168375ms)
✔ R10 refund HTTP401 stops without automatic/manual retry (0.277084ms)
✔ R10 refund HTTP403 stops without automatic/manual retry (0.263792ms)
✔ R10 refund HTTP429 stops without automatic/manual retry (0.267125ms)
✔ R10 refund HTTP404 stops without automatic/manual retry (0.290917ms)
✔ R10 refund HTTP400 stops without automatic/manual retry (0.290792ms)
✔ R10 refund HTTP500 stops without automatic/manual retry (0.268292ms)
✔ R10 refundLookup HTTP401 stops without automatic/manual retry (0.301667ms)
✔ R10 refundLookup HTTP403 stops without automatic/manual retry (0.354208ms)
✔ R10 refundLookup HTTP429 stops without automatic/manual retry (0.301958ms)
✔ R10 refundLookup HTTP404 stops without automatic/manual retry (0.312125ms)
✔ R10 refundLookup HTTP400 stops without automatic/manual retry (0.338167ms)
✔ R10 refundLookup HTTP500 stops without automatic/manual retry (0.319458ms)
✔ R10 socket/parse/response loss stops at current call and never emits raw secrets (6.649709ms)
✔ R10 reflected refund ID cannot leak server token or trigger lookup (0.413834ms)
✔ R10 per-call timeout aborts even ignored fetch and never retries a refund (40.702333ms)
✔ R10 strict transport rejects wrong origin/ID/method/amount/key/reason before dispatch (0.840958ms)
✔ existing SandboxRefundTrial field checks remain isolated from R10 fixed reason/journal (0.288417ms)
✔ equipment input accepts one immutable whole Asset ID, never reservation payload or inferred identities (0.935167ms)
✔ P5-F1 runtime root keys resist even an accidental same-purpose message collision (0.511833ms)
✔ P5-F1 preserves the P4 read root vector and deterministic recovery replay; no default weak secret (0.401833ms)
✔ unmodified BookingService: COMPLETED protects stock/booking from delayed PENDING/FAILED; engine does not apply either (17.885792ms)
✔ unmodified BookingService FAILED contradictory completion goes to review; engine blocks (0.212625ms)
✔ unmodified BookingService CANCELED contradictory completion goes to review; engine blocks (0.150084ms)
✔ ACCEPT_COMPLETED is not booking confirmation: unmodified BookingService still refuses expired HOLD (0.199959ms)
✔ unmodified BookingService valid PENDING->COMPLETED still confirms only through old inventory/price boundary (0.297125ms)
✔ unmodified BookingService event replay and mismatched identity retain original safeguards (0.575ms)
✔ name and quantity alone keep seasonal ambiguity and units/intention unresolved; no invented SKU or stock (17.892458ms)
✔ exact sport/season/SKU narrows candidates without changing historical facts; repeated source is deterministic (0.558542ms)
✔ content CSV quotes/BOM/newlines, SET/KEEP/CLEAR and machine round-trip preserve literal values (8.474584ms)
✔ same target is atomic; valid other target survives forbidden price, HTML, duplicate and stale rows (0.598666ms)
✔ stored plan rejects stale revision and tampering; no stock or price fields can be changed (0.395875ms)
✔ CSV bounds and human formula escaping remain separate from machine export (5.93975ms)
✔ private release plans exact revisions and applies complete manifest/current/audit/outbox result atomically in fixture (8.943834ms)
✔ stale draft, current pointer, media checksum or expired rights cannot reuse a prior validation (1.06575ms)
✔ no partial release or hidden language fallback; internal/unprocessed photos and stale translation reject (0.511208ms)
✔ restore creates a new private release and rechecks current rights/commercial mapping; never rewrites history (0.366125ms)
✔ server-stored bulk plan commits good targets and preserves invalid ones; idempotent response loss does not repeat revisions (10.581625ms)
✔ two editors of same revision: only one commits; old immutable content remains (0.594917ms)
✔ revocation after lock wait stops a previously authorized edit and replay (13.14675ms)
✔ release current/audit/outbox commit once; another actor cannot steal a prepared plan (1.093666ms)
✔ rights or draft change after release preview fails without partial pointer/outbox update (14.326167ms)
✔ anonymous and empty identities are denied on server (0.727125ms)
✔ customer cannot enter staff or admin; staff cannot enter admin (0.085458ms)
✔ explicit allowed role is accepted (0.062ms)
✔ telemetry only accepts foundation events (0.147042ms)
✔ worktree paths separate stable DB, role, ports and seed namespace (0.134166ms)
✔ occupied port fails rather than attaching to existing service (9.577792ms)
✔ ambient database target is refused without revealing it (0.250458ms)
S01_SCHEMA_MAX_BYTES [29965,30032,30074,30158]
✔ current schema maxima plus normal HOLD/amend/quote wrappers fit finite40KiB UTF8 (29.18925ms)
✔ readJson counts actual split UTF8 stream, ignores declared length, cancels overflow (18.971083ms)
✔ same scope continuation has future expiry and preserves all saved conditions/fingerprints (12.183291ms)
✔ single-member candidate validates full group scope and exact member/version (0.302042ms)
✔ after-close changed non-size conditions fall back to new intake; future new conditions accepted (0.317458ms)
✔ expiry, due, fixed/payment/attention and unproven acceptance are never exceptions (0.227833ms)
✔ Tokyo golden AM/PM, whole-date occupancy, month/year boundaries and inclusive ten days (5.844875ms)
✔ bundle completeness, forbidden client expiry/identity, unique group member and variant candidates (2.341959ms)
✔ period solver finds flexible A155 constrained B150; bounded exhaustion is indeterminate (8.73875ms)
✔ payment contract never converts UNKNOWN to failure or late success to inventory confirmation (0.1135ms)
✔ E07 contract: 17:00 schedule is no receipt; sealed/departed additions denied; protected receipt still needs E07 (0.093959ms)
✔ cross-store source custody fence overlaps all later use, but not an earlier unrelated date (0.244833ms)
✔ pool timeout wording changes preserve bounded outcomes on read acquisition and write preflight (13.65825ms)
✔ coded authentication or permission errors and unknown failures never become retryable timeouts or leak details (0.212833ms)
✔ new intake separates contract start, same-day deadline and immutable conditions (14.957625ms)
✔ future quotes keep start bound; no backdated MULTIDAY or after-close first-day intake (0.148792ms)
✔ ledger lexical cm equivalence, never missing/other units or unknown sizes (0.165291ms)
✔ missing or invalid server write authorizer fails closed before any database access (0.759458ms)
✔ missing or invalid stock reconciler is rejected before any database access (0.101334ms)
✔ P5 media backup requires exact private encrypted off-host manifest and actual restore acknowledgement (14.915834ms)
✔ real decoder re-encodes and strips EXIF; identical bytes never inherit binding rights (238.688292ms)
✔ traversal, disguised SVG/HTML, extension mismatch, invalid decode and duplicate filename reject before any storage (32.163625ms)
✔ P0 bounded320/640/960/1440/1920 WebP and JPEG derivatives preserve aspect and strip metadata (606.370833ms)
✔ Owner P4 BALANCED values are adopted without approving ingress or production composition (1.55525ms)
✔ P5 dispatcher fixture: forged headers cannot bind a Request/clone; explicit metadata only (54.40625ms)
✔ P5 canonical peer: IPv4/mapped/IPv6 representations, no lists/zone/padded or unknown peers (0.191333ms)
✔ additive migration plan has one ordered entry per version, no duplicates (0.66875ms)
✔ target-scoped development SQL preserves R12 state machine and adds only pre-lock selection limits (0.765583ms)
✔ production refuses injected development composition before any DB/provider call (1.476792ms)
✔ development composition is absent from ordinary application imports (9.469792ms)
✔ legacy startPayment vs projection uses the same global lock and does not create a second payment (19.800041ms)
✔ legacy reconcile then projection of same observation is duplicate/noop, not second confirmation (1.4635ms)
✔ concurrent legacy reconcile and projection preserve one confirmation and old event dedupe (3.171541ms)
✔ legacy create/startPayment/get/list synthetic path retains HOLD/quote/hash/claim checks (1.1305ms)
✔ legacy UNKNOWN keeps its existing payment key and later lookup recovers without create retry (6.04325ms)
✔ legacy create still blocks expired (0.831959ms)
✔ legacy create still blocks claims (0.314375ms)
✔ legacy create still blocks transfer (0.307125ms)
✔ legacy create still blocks snapshot (0.261791ms)
✔ static27 additive journal, unique observation/revision, append-only evidence and PUBLIC revoked (0.79575ms)
✔ SQL uses fixed queries/bound values; context/receipt lookups are indexed or bounded (0.205166ms)
✔ recorded lock order agrees with legacy inventory global lock before booking/attempt/hold and R12 stream/job (13.286292ms)
✔ new projection code is not imported by any existing HTTP/runtime or R12 worker (0.2005ms)
✔ R12 lease recovery plus R13 response loss: one confirmation and one journal/history set (69.621125ms)
✔ R12 truth is already durable when R13 stops before its transaction; explicit handoff recovers (8.343042ms)
✔ projection PENDING existing business semantics (14.614ms)
✔ projection COMPLETED existing business semantics (6.42475ms)
✔ projection FAILED existing business semantics (0.4175ms)
✔ projection CANCELED existing business semantics (0.776459ms)
✔ identity or provider contract mismatch providerId (7.673958ms)
✔ identity or provider contract mismatch referenceId (3.530167ms)
✔ identity or provider contract mismatch idempotencyKey (0.189959ms)
✔ identity or provider contract mismatch merchantId (0.135542ms)
✔ identity or provider contract mismatch locationId (0.139208ms)
✔ identity or provider contract mismatch amountJpy (0.175167ms)
✔ identity or provider contract mismatch currency (0.124083ms)
✔ identity or provider contract mismatch status (0.099167ms)
✔ identity or provider contract mismatch updatedAt (0.129375ms)
✔ identity or provider contract mismatch completedAt (0.116666ms)
✔ bounded JPY amount 0 (0.134042ms)
✔ bounded JPY amount -1 (0.097334ms)
✔ bounded JPY amount 1.1 (0.091ms)
✔ bounded JPY amount 100000001 (0.08875ms)
✔ bounded JPY amount 9007199254740992 (0.096875ms)
✔ expired hold does not force confirmation/reacquire/refund (46.356ms)
✔ missing gear does not force confirmation/reacquire/refund (0.400917ms)
✔ missing wear does not force confirmation/reacquire/refund (0.269958ms)
✔ transfer attention does not force confirmation/reacquire/refund (0.282667ms)
✔ canceled transfer does not force confirmation/reacquire/refund (0.261208ms)
✔ overdue unready transfer does not force confirmation/reacquire/refund (0.268958ms)
✔ snapshot hash does not force confirmation/reacquire/refund (0.230125ms)
✔ quote relation does not force confirmation/reacquire/refund (0.194875ms)
✔ quote hash does not force confirmation/reacquire/refund (0.227292ms)
✔ coupon redemption does not force confirmation/reacquire/refund (0.211916ms)
✔ missing quote does not force confirmation/reacquire/refund (0.173ms)
✔ fixed allocation does not force confirmation/reacquire/refund (0.225208ms)
✔ released hold does not force confirmation/reacquire/refund (0.253667ms)
✔ successful hold does not force confirmation/reacquire/refund (0.243417ms)
✔ wrong reservation does not force confirmation/reacquire/refund (0.151375ms)
✔ wrong actor does not force confirmation/reacquire/refund (0.163542ms)
✔ production mode does not force confirmation/reacquire/refund (0.135416ms)
✔ return due exact boundary is closed even with remaining hold time (0.46925ms)
✔ early-discount qualification remains tied to provider completed time (0.284334ms)
✔ chargeReady and snapshot conditions cannot be tampered even with a recomputed hash (0.479375ms)
✔ same timestamp changed payload is BLOCK_CONFLICT, overriding only the new projection path (0.232167ms)
✔ terminal completed and duplicate/stale observations never downgrade (0.344833ms)
✔ FAILED cannot be silently upgraded or retried (6.712042ms)
✔ CANCELED cannot be silently upgraded or retried (2.705958ms)
✔ completed truth in REVIEW requires an operator even if conditions later look repaired (0.239666ms)
✔ invalid projection reference truthFingerprint (0.268667ms)
✔ invalid projection reference observationFingerprint (0.082292ms)
✔ invalid projection reference expectedRevision (0.070958ms)
✔ invalid projection reference truthRevision (0.0945ms)
✔ invalid projection reference bookingId (0.079667ms)
✔ invalid projection reference attemptId (0.06525ms)
✔ invalid projection reference jobId (0.074584ms)
✔ untrusted persisted source fails environment (0.25825ms)
✔ untrusted persisted source fails state (0.112458ms)
✔ untrusted persisted source fails securityBlocked (0.092416ms)
✔ untrusted persisted source fails truthRevision (0.070084ms)
✔ untrusted persisted source fails decision (0.075667ms)
✔ untrusted persisted source fails decisionFingerprint (0.0655ms)
✔ untrusted persisted source fails contextFingerprint (0.082917ms)
✔ untrusted persisted source fails paymentId (0.068208ms)
✔ untrusted persisted source fails merchantId (0.068625ms)
✔ untrusted persisted source fails observation (0.063709ms)
✔ only ten normalized provider fields cross the source boundary (0.168917ms)
✔ claim contract checks gear, wear, exact quantity and variant/model promise without inferred substitution (0.44725ms)
✔ Premium exact model/season/length stays in claim validation (0.222167ms)
✔ actual repository + scripted SQL: completion is one transaction, frozen commercial contract, safe audit (1.675292ms)
✔ two simultaneous projects commit once; replay checks precede old revision and changed source (1.016667ms)
✔ COMMIT response loss replays stored result without second projection/notification/history (0.765042ms)
✔ crash at BEGIN rolls back all business/history/journal changes (0.305625ms)
✔ crash at SET LOCAL rolls back all business/history/journal changes (0.2715ms)
✔ crash at SELECT pg_advisory_xact_lock(71820600) rolls back all business/history/journal changes (0.26925ms)
✔ crash at UPDATE rental_payment_attempts rolls back all business/history/journal changes (0.688333ms)
✔ crash at UPDATE rental_bookings rolls back all business/history/journal changes (0.610584ms)
✔ crash at UPDATE inventory_holds rolls back all business/history/journal changes (0.607333ms)
✔ crash at INSERT INTO payment_projection.heads rolls back all business/history/journal changes (0.671875ms)
✔ crash at INSERT INTO payment_projection.events rolls back all business/history/journal changes (8.018542ms)
✔ crash at INSERT INTO payment_projection.job_receipts rolls back all business/history/journal changes (0.93125ms)
✔ crash at COMMIT rolls back all business/history/journal changes (1.367625ms)
✔ stale transaction revision rejects even after proposed writes and rolls back (0.601708ms)
✔ expired HOLD persists completed provider truth but not reservation or stock resurrection (0.630709ms)
✔ missing GEAR witness blocks completed projection in actual repository path (0.471625ms)
✔ missing WEAR witness blocks completed projection in actual repository path (0.421625ms)
✔ DB time is sampled after locks and before first business write (0.532292ms)
✔ transfer deadline crossing during source lock wait blocks at final decision (2.462959ms)
✔ PENDING repository transition keeps hold witness and TTL (3.164042ms)
✔ FAILED repository transition keeps hold witness and TTL (20.678709ms)
✔ CANCELED repository transition keeps hold witness and TTL (14.754625ms)
✔ normal or production database name is blocked before business lock (0.254834ms)
✔ source mutation blocks and performs no updates; attempt/version mismatch does not acquire source locks (0.561875ms)
✔ production constructor/method gate and no ambient HTTP (0.96575ms)
✔ same observation proof does not cross from Square Sandbox to a simulation booking (0.223708ms)
✔ expiry after first write is fenced by SQL and rolls back; same key later records blocked truth (0.851166ms)
✔ new R12 generation of an already projected observation links a new receipt without business/audit replay (0.674083ms)
✔ new job reference cannot borrow an old projection receipt without current source verification (0.531458ms)
✔ tampered saved result is rejected rather than returned as trusted internal data (0.542917ms)
✔ dispatcher commit barrier; linkage result cannot escape before committed marker/job/link (0.955208ms)
✔ SQL BEGIN failure rolls back, destroys connection and never retries (0.314209ms)
✔ SQL SET LOCAL failure rolls back, destroys connection and never retries (0.091ms)
✔ SQL .dispatch( failure rolls back, destroys connection and never retries (0.103167ms)
✔ SQL COMMIT failure rolls back, destroys connection and never retries (0.128125ms)
✔ pool acquisition failure sanitized (0.095916ms)
✔ claim JSON dates/metadata and finalize fencing revision bind safely; diagnostic is bounded/read only (0.304834ms)
✔ static migration26 is additive, grants no runtime, no existing payment/booking/inventory changes (0.245166ms)
✔ static indexed bounded dispatch/claim, one active payment generation, lease/crash/cutoff fences (0.220416ms)
✔ static receiver remains provider/job-dispatch free; worker has no production composition or business write port (0.207209ms)
✔ read-only expected context uses merchant/provider binding; batch is one query not one per job (0.477916ms)
✔ merchant auth/quota stop is durable with no reset function or fresh-event bypass (0.154083ms)
✔ context timestamp formatting is stable and normalized money stays within safe integer bounds (0.090208ms)
✔ provider truth accepts PENDING as a proposal, UNKNOWN is local knowledge only (13.126375ms)
✔ provider truth accepts COMPLETED as a proposal, UNKNOWN is local knowledge only (0.192708ms)
✔ provider truth accepts FAILED as a proposal, UNKNOWN is local knowledge only (0.121416ms)
✔ provider truth accepts CANCELED as a proposal, UNKNOWN is local knowledge only (0.117291ms)
✔ evidence mismatch blocks providerId (0.091125ms)
✔ evidence mismatch blocks referenceId (0.088416ms)
✔ evidence mismatch blocks idempotencyKey (0.074834ms)
✔ evidence mismatch blocks merchantId (0.391083ms)
✔ evidence mismatch blocks locationId (0.226292ms)
✔ evidence mismatch blocks amountJpy (0.23425ms)
✔ evidence mismatch blocks currency (0.130417ms)
✔ evidence mismatch blocks status (0.119708ms)
✔ evidence mismatch blocks updatedAt (0.108375ms)
✔ evidence mismatch blocks completedAt (0.108833ms)
✔ invalid provider response/time null (0.164959ms)
✔ invalid provider response/time {} (0.115083ms)
✔ invalid provider response/time {"providerId":"payment-fixture","referen (0.1105ms)
✔ invalid provider response/time {"providerId":"payment-fixture","referen (0.138792ms)
✔ invalid provider response/time {"providerId":"payment-fixture","referen (0.218958ms)
✔ invalid provider response/time {"providerId":"payment-fixture","referen (0.116417ms)
✔ duplicate fingerprint is canonical across key order and time zone; no receipt time in decision identity (0.557875ms)
✔ COMPLETED plus stale PENDING cannot downgrade; equal-time PENDING to COMPLETED is existing accepted behavior (0.427792ms)
✔ FAILED terminal does not restart, contradictory COMPLETED requires review (2.819042ms)
✔ CANCELED terminal does not restart, contradictory COMPLETED requires review (0.13625ms)
✔ retry budget is deterministic/bounded; input errors are not silently clamped (0.617375ms)
✔ receiver -> durable signal -> dispatcher -> one payment job: dedupe and out-of-order coalesce; no lookup before ACK (28.204208ms)
✔ two workers, crash after claim, lease expiry and stale finalize fencing (shared-store fixture) (0.238208ms)
✔ dispatcher crash is atomic; future signal remains eligible after restart (0.119ms)
✔ crash after provider response before finalize performs another read under new lease, never another payment (0.262458ms)
✔ lost finalize response after commit is recoverable by durable state without another lookup (0.165083ms)
✔ new signal during lookup remains READY work; terminal receives new generation without reversing old job (0.368167ms)
✔ AUTH_BLOCKED stays BLOCKED across new events; no automatic restart (0.190292ms)
✔ RATE_LIMITED stays BLOCKED across new events; no automatic restart (0.079375ms)
✔ NOT_FOUND_BLOCKED stays BLOCKED across new events; no automatic restart (0.080917ms)
✔ INVALID_RESPONSE_BLOCKED stays BLOCKED across new events; no automatic restart (0.072167ms)
✔ EVIDENCE_MISMATCH_BLOCKED stays BLOCKED across new events; no automatic restart (0.064708ms)
✔ NETWORK_RETRYABLE retries only when due; cap5 never resets on event (0.237125ms)
✔ PROVIDER_5XX_RETRYABLE retries only when due; cap5 never resets on event (0.171584ms)
✔ PENDING is not a terminal job; pending duplicate polls within budget and can reach COMPLETED (0.278542ms)
✔ deadline, final-attempt crash and fixture timeout are bounded with no real wait (0.157042ms)
✔ missing/wrong context stops before lookup; stale after context read also stops (0.127208ms)
✔ conflicting redelivery invalidates live lease and prevents automatic generation (0.093292ms)
✔ Square fixture HTTP401 -> AUTH_BLOCKED (0.139375ms)
✔ Square fixture HTTP403 -> AUTH_BLOCKED (0.033167ms)
✔ Square fixture HTTP429 -> RATE_LIMITED (0.025ms)
✔ Square fixture HTTP404 -> NOT_FOUND_BLOCKED (0.023833ms)
✔ Square fixture HTTP500 -> PROVIDER_5XX_RETRYABLE (0.027917ms)
✔ Square fixture HTTP503 -> PROVIDER_5XX_RETRYABLE (0.027916ms)
✔ Square fixture HTTP400 -> INVALID_RESPONSE_BLOCKED (0.024834ms)
✔ Square fixture HTTP302 -> INVALID_RESPONSE_BLOCKED (0.02425ms)
✔ Square fixture normalized observations, malformed response and network failures never leak raw payload/error (0.244083ms)
✔ worker fake-only path never invokes ambient fetch; diagnostics have no raw body/session/credential (0.096334ms)
✔ duplicate internal truth cannot bypass a contradictory FAILED business context (0.07ms)
✔ AUTH_BLOCKED stops remaining batch and persists merchant circuit for new payments (0.167042ms)
✔ RATE_LIMITED stops remaining batch and persists merchant circuit for new payments (0.06925ms)
✔ internal stop codes and malformed provider port output are invalid response, not provider authority (0.110291ms)
✔ unlinked hash-conflicted inbox signal does not become a job in dispatcher fixture (0.036083ms)
✔ stale PENDING while newer PENDING exists remains retry work, not terminal (0.159875ms)
✔ cutoff crossed inside lookup cannot store an accepted observation (0.089917ms)
✔ transitive date/variant/group custody closure includes later chained requirements, not unrelated groups (0.929708ms)
✔ period search with Hall pruning agrees with independent exhaustive enumeration over 250 small fixed-capacity cases (68.226084ms)
✔ per-day feasibility cannot replace continuous-Asset witness and explicit search limit stays indeterminate (3.0265ms)
✔ photo transport decodes valid 9MiB and exact 10MiB without regex stack growth (35.474ms)
✔ photo transport rejects oversized, noncanonical and malformed encodings (10.172584ms)
✔ photo candidates require exact existing offer, explicit role and bounded order; no fuzzy binding (0.703042ms)
✔ duplicate upload/concurrent terminal replies commit each photo once, byte reuse never grants rights (82.948667ms)
✔ fixed manifest rejects replaced bytes/duplicate names; malformed image records failure without publishing (0.626459ms)
✔ revocation while real decoder is running rejects commit and writes no private objects (28.303333ms)
✔ photo prepare matches the catalog from the acquired transaction, preserving replay candidates (0.352208ms)
✔ database stop must wait for delayed socket end after pool.end resolves (0.633875ms)
✔ background connection errors fail closure without exposing attached client (0.394708ms)
✔ all 216 explicit amounts through product/duration calculation; no runtime curve (23.285084ms)
✔ half-day early explicit examples 5320 / 6460 / 2850 and integer HALF_UP (5.844958ms)
✔ JST previous-day 15:00 inclusive payment qualification; quote never qualifies payment (0.230542ms)
✔ explicit stacking, applicable coupon scope/window/min/cap; no negative totals or double discount (1.188833ms)
✔ mixed members eligibility/minimum basis; set components never become extra price lines (0.287458ms)
✔ strict quote and coupon inputs reject prices, role, duplicates, dates, unknown product and incomplete table (0.436125ms)
✔ production guest JSON schema, exact approval hash and runtime inequalities; no default/owner values invented (38.161583ms)
✔ trusted ingress uses only request-object-bound dispatcher metadata; all browser IP spellings fail closed (15.410583ms)
✔ concrete Square transport pins Sandbox/API version/Bearer/auth binding, stable idempotency, no redirects/ambient credentials (8.177667ms)
✔ concrete Square allowlist rejects wrong host/location/path before credentials; revoked/expired/wrong merchant stops without network (5.956ms)
✔ response loss/UNKNOWN never auto retries or changes key; credential/response diagnostics are masked (2.363083ms)
✔ transport abort cancels body read and settles hung fetch without retry; oversized/invalid JSON fails UNKNOWN (47.191375ms)
✔ signed duplicate/out-of-order webhook only performs current lookup; tamper and merchant/amount/currency mismatch rejected (1.297ms)
✔ media provider separates private originals/derivatives, immutable digest, rights/revision checks and signed ticket bounds (5.054083ms)
✔ withdrawal requires exact CDN invalidation receipt; signed expiry/legal retention/references gate deletion, never auto-delete (0.346542ms)
✔ source staging preserves original/normalized provenance, exact match, explicit dry-run commit and same-source idempotency (1.19975ms)
✔ unresolved/ambiguous manufacturer/year/quantity rows never create stock; reductions/missing rows never delete assets; wear stays quantity (1.03175ms)
✔ all required operational codes reach a strict structured sink; secret/PII/error bodies cannot enter it (2.372292ms)
✔ secret lifecycle rejects missing/revoked/expired/duplicate active credentials and documents old-key grace without claiming rotation execution (0.297875ms)
✔ environment readers require explicit valid private metadata; public secret variables and invalid JSON fail closed without logging raw values (0.258875ms)
✔ P2-01 unapproved public environment names fail closed regardless of secret-like spelling (0.104833ms)
✔ P5 preflight never promotes documentation/fixtures/Owner targets to external PASS (0.560625ms)
✔ P5 exact CI requires repository/workflow/event/head/base/integration tree/run attempt/job success (0.2465ms)
✔ P5 offline preflight command emits JSON/human summary and exits2 with pending gates (358.49175ms)
✔ Square Sandbox adapter uses exact official request, stable key, bounded endpoint and no normal activation (1.166958ms)
✔ UNKNOWN without verified provider ID never sends another POST or invents get-by-idempotency (0.3535ms)
✔ Square auth/quota/timeout stops without automatic retry and masks raw response (9.938ms)
✔ Square signed webhook uses fresh lookup rather than callback amount or status; rejects tamper, merchant and money mismatch (0.676959ms)
✔ private storage releases only current derivative and rechecks withdrawal/revision after read (10.652792ms)
✔ exact catalog/source plan preserves one ski pair as one Asset and duplicate receipt is idempotent (0.627541ms)
✔ manufacturer range, unknown ADD/REPLACE/store/unit and wrong season never become stock (0.580375ms)
✔ wear and poles require explicit quantity units with no generated individual IDs or invented200 total (0.321ms)
✔ launch checklist fails closed on missing/expired/old-head/old-policy evidence; pass grants no deploy permission (0.414834ms)
✔ operational events and CWV distinguish LAB/FIELD and exclude arbitrary PII/body/session fields (0.24775ms)
✔ Square deadlines settle even when an injected dependency ignores cancellation; source failure never POSTs (5.23875ms)
✔ R15 finite worker never repeats provider AUTH_BLOCKED (1.696042ms)
✔ R15 finite worker never repeats provider RATE_LIMITED (0.271833ms)
✔ R15 finite worker never repeats provider NETWORK_RETRYABLE (0.254125ms)
✔ R15 amount mismatch stops before provider and does not project (0.196167ms)
✔ R15 hosted setup requires fixed resource identity and zero incremental cost (1.142292ms)
✔ R15 shared role grants retain R14 privileges except removal of unscoped dispatch/claim (0.261916ms)
✔ R15 receiver configuration is Sandbox-only, exact-domain, exact-role and verified TLS (1.298125ms)
✔ R15 missing signature/config fails closed without DB access; health is liveness only (21.68775ms)
✔ R15 signature/merchant/query/size failures never open receiver pool (5.20125ms)
✔ R15 ACK awaits durable receipt; safe signal only; duplicate/hash conflict/DB errors are bounded (1.440292ms)
✔ R15 deploy surface exposes only two receiver routes, no main app/provider/worker imports (0.386625ms)
✔ R15 migrations 0001–0029 equal the preserved R14 evidence (11.53675ms)
✔ R15 production-build exception requires exact Preview project and server-issued synthetic target (0.978916ms)
✔ R15 production build preserves ordinary rejection and refuses forged/wrong target before DB (0.393417ms)
✔ R2 SDK transport fixture: private immutable object, conditional replay, no public ACL or default network (105.888667ms)
✔ R2 presigning uses SDK and bounded original-only tickets; rights withdrawal requires matched purge receipt (10.274458ms)
✔ P5 R2 rotation uses current credential for next SDK operation, never the memoized old key (31.569ms)
✔ owner rules use independent explicit targets and +1cm, no DIN or BSL computation (0.704ms)
✔ 145/150/155, anchored direction choice and deterministic shorter tie (0.195209ms)
✔ original absolute window includes both boundaries and excludes one centimetre outside (0.065042ms)
✔ real exact-size variant IDs, no age/class substitution, no hidden larger boots or text guessing (0.374542ms)
✔ snowboard does not require detailed age/weight/level, ski age13 boundary and forged fields reject (21.529708ms)
✔ one immutable pair ID resolves one cycle; no left/right child identifiers (0.811708ms)
✔ a saved scan can never retarget the latest cycle, version or already-received loan (0.078291ms)
✔ unknown/no active or ambiguous active cycle is not a successful receipt (0.227958ms)
✔ invalid saved scan and checkout timestamps cannot become a receipt candidate (0.079083ms)
✔ P6 one acceptance location is metadata only; it does not map or activate either internal store (0.670458ms)
✔ P6 metadata parser never reads credential values, including during error handling (0.338042ms)
✔ P6 rejects production/development, omitted mode/version, aliases and public settings (0.160291ms)
✔ P6 URL is exact non-secret HTTPS metadata, not inferred from request headers or aliases (0.42225ms)
✔ P5 activation metadata rejects production, missing/mixed mapping, credentials and automatic enablement (0.756417ms)
✔ P5 dual webhook keys verify exact URL/raw bytes, retire exactly at grace and never expose secret (2.893ms)
✔ SQL repository commits INSERTED before resolving and binds exact metadata only (1.023167ms)
✔ SQL repository commits DUPLICATE before resolving and binds exact metadata only (0.109167ms)
✔ SQL repository commits HASH_CONFLICT before resolving and binds exact metadata only (0.110625ms)
✔ failure/uncertain BEGIN rolls back/destroys connection, never retries or leaks errors (0.327875ms)
✔ failure/uncertain SET LOCAL rolls back/destroys connection, never retries or leaks errors (0.088417ms)
✔ failure/uncertain square_webhook.receive rolls back/destroys connection, never retries or leaks errors (0.092666ms)
✔ failure/uncertain COMMIT rolls back/destroys connection, never retries or leaks errors (0.1045ms)
✔ unknown database receipt fails before COMMIT (0.118666ms)
✔ SQL claim returns only safe signal/lease metadata; settle binds fencing token and bounded failure code (0.233417ms)
✔ empty queue and successful terminal mark; all transaction paths release (0.13925ms)
✔ static additive migration: environment-scoped durable dedupe, bounded audit/retries, no business/raw payload storage (0.215042ms)
✔ static queue fencing/crash recovery: SKIP LOCKED, expired lease reclaim, bounded attempts, DB clock after lock (0.07675ms)
✔ pool acquisition failure also suppresses credential-bearing diagnostics without retry (0.076625ms)
✔ payment.created signed receipt persists only whitelisted signal metadata (14.263333ms)
✔ payment.updated signed receipt persists only whitelisted signal metadata (0.410125ms)
✔ missing/invalid signature 0 never opens inbox or parses malformed JSON (0.271375ms)
✔ missing/invalid signature 3 never opens inbox or parses malformed JSON (0.24875ms)
✔ missing/invalid signature 44 never opens inbox or parses malformed JSON (0.2765ms)
✔ signed malformed UTF8/JSON/envelope 7b rejects before persistence (5.985542ms)
✔ signed malformed UTF8/JSON/envelope ff rejects before persistence (0.289834ms)
✔ signed malformed UTF8/JSON/envelope 6e756c6c rejects before persistence (0.196375ms)
✔ signed malformed UTF8/JSON/envelope 5b5d rejects before persistence (0.178125ms)
✔ signed malformed UTF8/JSON/envelope 3432 rejects before persistence (0.23525ms)
✔ missing/invalid identity {"type":"payment.updated","merchant_id":"MLKDVEDH1ME21","data":{"objec (0.173ms)
✔ missing/invalid identity {"event_id":"","type":"payment.updated","merchant_id":"MLKDVEDH1ME21", (0.131667ms)
✔ missing/invalid identity {"event_id":"xxxxxxxxxxxxxxxxxxxxxxxxxxxxxxxxxxxxxxxxxxxxxxxxxxxxxxxxx (0.114583ms)
✔ missing/invalid identity {"event_id":"bad\nline","type":"payment.updated","merchant_id":"MLKDVE (0.112541ms)
✔ missing/invalid identity {"event_id":"fixture-event","type":"payment.updated","merchant_id":"", (0.109209ms)
✔ missing/invalid identity {"event_id":"fixture-event","merchant_id":"MLKDVEDH1ME21","data":{"obj (0.120458ms)
✔ missing/invalid identity {"event_id":"fixture-event","type":"payment.updated","merchant_id":"ML (0.154833ms)
✔ missing/invalid identity {"event_id":"fixture-event","type":"payment.updated","merchant_id":"ML (0.125541ms)
✔ missing/invalid identity {"event_id":"fixture-event","type":"payment.updated","merchant_id":"ML (0.132167ms)
✔ signed wrong merchant rejected for supported and unsupported event (0.243709ms)
✔ unsupported signed correct-merchant envelope is explicitly ignored without a payment ACK/retry loop (0.155ms)
✔ raw whitespace/order remain signed exactly; request host/forwarded headers cannot replace configured URL (0.358833ms)
✔ oversized body actual limit with content-length undefined (0.228291ms)
✔ oversized body actual limit with content-length 65537 (0.173375ms)
✔ oversized body actual limit with content-length 1 (2.693458ms)
✔ stream read once, exact 64KiB allowed; missing content length does not permit excess chunks (1.250584ms)
✔ stream read failure is redacted and never inserts (0.275542ms)
✔ 20 concurrent deliveries and same stored key after a lost ACK are deduped by fixture repository (3.605584ms)
✔ event ID reuse with different raw hash records conflict and preserves original signal (0.22625ms)
✔ out-of-order updated/created events are separate signals; no provider or business state is available to handler (0.385125ms)
✔ retry headers grant no authority {} (0.170083ms)
✔ retry headers grant no authority {"square-retry-number":"1","square-retry-reason":"http_timeout"} (0.16925ms)
✔ retry headers grant no authority {"square-retry-number":"-999"} (0.129833ms)
✔ ACK waits for successful persistence; DB failure/body details never appear in response or logs (0.384292ms)
✔ method guard and missing config fail closed without pool factory (0.10975ms)
✔ explicit Sandbox Preview config only, fixed merchant/version/dedicated TLS receiver identity, no access-token dependency (0.239625ms)
✔ Next route with official Next server-only alias exports GET405 and unconfigured POST503 in isolated Node (no server/browser/DB) (139.850625ms)
✔ actually absent signature header, not just empty value, is 403 before inbox creation (0.353875ms)
✔ staff500 diagnostic emits only server-generated correlation, fixed phase and allowlisted SQLSTATE (2.141375ms)
✔ unknown/inherited/getter codes and nested cause never leak into diagnostics (0.123917ms)
✔ Argon2id has independent salts and verifies only the supplied password (247.654833ms)
✔ canonical email is case/outer-space stable; password policy adds no composition rules (0.315167ms)
✔ role, permission and ALL scope are independently required for staff management (0.089833ms)
✔ staff input cannot grant unimplemented refund permissions or forge subject (0.511334ms)
✔ ordinary runtime without owned development connection fails closed and cannot attach a remote DB (0.21ms)
✔ P5 real disk observation and exact safety floor; unavailable/invalid capacity is not success (2.391792ms)
✔ P5 cleanup requires matching successful log/run, stopped owner and no live PID; all others preserved (8.839875ms)
✔ transfer input rejects authority fields, impossible dates, model-free fake IDs and invalid pair quantities (1.720958ms)
✔ pair labels never create two assets; duplicate selected Asset or pool lines rejected (0.144459ms)
✔ forecast is not immediate stock, automatic receipt, late readiness or another-store capacity (0.230459ms)
✔ cancelled transfer keeps source PAIR protection while a promise needs reconciliation (0.106167ms)
✔ v1.2wear-only contract uses two independent quantity requirements; never one generic WEAR or one part (2.28375ms)
✔ wear ledger regular input accepts STANDARD parts with explicit sport compatibility (0.454167ms)
✔ independent golden same-member wear20percent then advance5percent (0.474791ms)
✔ another member never receives equipment wear adjustment (0.175208ms)
✔ integrated Premium board promise required and exact variant selected (0.246042ms)
✔ quantity override forbids wear Assets and ambiguous multi-variant quantity promises (0.294709ms)
✔ all24 explicit approved wear prices and independent bundle golden cases remain stable (0.783083ms)
✔ explicit Premium day12350 and wear-only4750 golden preserve discount order (0.20475ms)
✔ WEAR-PRICE-01: SINGLE pole plus wear uses the pole price regardless of item order (2.84675ms)
✔ CI diagnostic forwarding preserves only the exact emitted safe schema and historical auth code (0.748292ms)
✔ split/coalesced/oversized child stderr never drops a valid record or forwards an unsafe suffix (4.434917ms)
✔ transport failure classification never exports messages, URLs, cookies or arbitrary codes (0.369083ms)
ℹ tests 509
ℹ suites 0
ℹ pass 509
ℹ fail 0
ℹ cancelled 0
ℹ skipped 0
ℹ todo 0
ℹ duration_ms 2291.506583
