✖ missing or invalid server write authorizer fails closed before any database access (1.02175ms)
ℹ tests 1
ℹ suites 0
ℹ pass 0
ℹ fail 1
ℹ cancelled 0
ℹ skipped 0
ℹ todo 0
ℹ duration_ms 216.17325

✖ failing tests:

test at tests/unit/ledger-write-configuration.test.ts:1:142
✖ missing or invalid server write authorizer fails closed before any database access (1.02175ms)
  AssertionError [ERR_ASSERTION]: Missing expected exception.
      at TestContext.<anonymous> (<ZAO_WORKTREE>/tests/unit/ledger-write-configuration.test.ts:7:54)
      at Test.runInAsyncScope (node:async_hooks:227:14)
      at Test.run (node:internal/test_runner/test:1201:25)
      at Test.start (node:internal/test_runner/test:1096:17)
      at startSubtestAfterBootstrap (node:internal/test_runner/harness:385:17) {
    generatedMessage: false,
    code: 'ERR_ASSERTION',
    actual: undefined,
    expected: { code: 'WRITE_AUTHORITY_NOT_CONFIGURED' },
    operator: 'throws',
    diff: 'simple'
  }
