✔ Avatar zero visuals leaves exact business object unchanged (1.050833ms)
✔ Avatar all inactive leaves exact business object unchanged (0.165125ms)
✔ Avatar rights denied leaves exact business object unchanged (0.12325ms)
✔ Avatar copies all three exact offered lengths and ratios, without changing selection/price/checks (0.193917ms)
✔ REGULAR never acquires a model guarantee even if a model photo/legacy promise is present (0.130458ms)
✔ PREMIUM uses only exact model/season/variant/length promise; mismatches use permitted generic (0.163334ms)
✔ missing candidate stays null and cannot be fabricated by a generic fallback (0.063125ms)
✔ invalid height null produces no visualization/ratio (0.049833ms)
✔ invalid height 0 produces no visualization/ratio (0.04225ms)
✔ invalid height -1 produces no visualization/ratio (0.069458ms)
✔ invalid height NaN produces no visualization/ratio (0.049583ms)
✔ invalid height Infinity produces no visualization/ratio (0.034708ms)
✔ invalid candidate length 0 is not corrected to another size (0.05375ms)
✔ invalid candidate length -1 is not corrected to another size (0.029ms)
✔ invalid candidate length NaN is not corrected to another size (0.038542ms)
✔ invalid candidate length Infinity is not corrected to another size (0.043917ms)
✔ WEAR-only has no ski ratios and illustrates only existing wear layers (0.078291ms)
✔ SNOWBOARD is never mapped to ski visualization or queried (0.045792ms)
✔ appearance is optional presentation and unknown types never choose a body (0.108917ms)
✔ expired/invalid rights timestamp 2034-12-31T00:00:00Z excludes fallback (0.036542ms)
✔ expired/invalid rights timestamp 2035-01-01T00:00:00Z excludes fallback (0.03075ms)
✔ expired/invalid rights timestamp invalid excludes fallback (0.027166ms)
✔ ambiguous generic defaults are refused and mapper output is deterministic across metadata order (0.06625ms)
✔ visual DB failure preserves business result; authorization/business errors remain errors before visual read (0.296625ms)
✔ a mismatched profile never supplies another member visualization (0.032666ms)
✔ frozen R15 hosted runner still refuses the extended plan before any DB operation (6.474042ms)
✔ non-finite ratios cannot create a body-only visualization of an invalid ski input (0.098ms)
✔ visual fallback preserves price/business errors and labels optional generic layers (0.083209ms)
✔ Tokyo golden AM/PM, whole-date occupancy, month/year boundaries and inclusive ten days (4.306208ms)
✔ bundle completeness, forbidden client expiry/identity, unique group member and variant candidates (1.008125ms)
✔ period solver finds flexible A155 constrained B150; bounded exhaustion is indeterminate (8.839083ms)
✔ payment contract never converts UNKNOWN to failure or late success to inventory confirmation (0.082333ms)
✔ E07 contract: 17:00 schedule is no receipt; sealed/departed additions denied; protected receipt still needs E07 (0.076667ms)
✔ cross-store source custody fence overlaps all later use, but not an earlier unrelated date (0.57375ms)
✔ projection PENDING existing business semantics (11.560166ms)
✔ projection COMPLETED existing business semantics (1.102375ms)
✔ projection FAILED existing business semantics (0.421416ms)
✔ projection CANCELED existing business semantics (0.32925ms)
✔ identity or provider contract mismatch providerId (0.317875ms)
✔ identity or provider contract mismatch referenceId (0.560208ms)
✔ identity or provider contract mismatch idempotencyKey (0.456959ms)
✔ identity or provider contract mismatch merchantId (0.268375ms)
✔ identity or provider contract mismatch locationId (0.46575ms)
✔ identity or provider contract mismatch amountJpy (0.397958ms)
✔ identity or provider contract mismatch currency (0.24275ms)
✔ identity or provider contract mismatch status (0.204084ms)
✔ identity or provider contract mismatch updatedAt (0.291833ms)
✔ identity or provider contract mismatch completedAt (0.252292ms)
✔ bounded JPY amount 0 (0.141542ms)
✔ bounded JPY amount -1 (0.086833ms)
✔ bounded JPY amount 1.1 (1.076583ms)
✔ bounded JPY amount 100000001 (0.096042ms)
✔ bounded JPY amount 9007199254740992 (0.086417ms)
✔ expired hold does not force confirmation/reacquire/refund (0.971459ms)
✔ missing gear does not force confirmation/reacquire/refund (0.384083ms)
✔ missing wear does not force confirmation/reacquire/refund (0.321917ms)
✔ transfer attention does not force confirmation/reacquire/refund (0.265375ms)
✔ canceled transfer does not force confirmation/reacquire/refund (0.2015ms)
✔ overdue unready transfer does not force confirmation/reacquire/refund (0.20475ms)
✔ snapshot hash does not force confirmation/reacquire/refund (0.167958ms)
✔ quote relation does not force confirmation/reacquire/refund (0.138792ms)
✔ quote hash does not force confirmation/reacquire/refund (0.17075ms)
✔ coupon redemption does not force confirmation/reacquire/refund (0.144667ms)
✔ missing quote does not force confirmation/reacquire/refund (0.138875ms)
✔ fixed allocation does not force confirmation/reacquire/refund (0.181042ms)
✔ released hold does not force confirmation/reacquire/refund (0.168583ms)
✔ successful hold does not force confirmation/reacquire/refund (0.173125ms)
✔ wrong reservation does not force confirmation/reacquire/refund (0.104333ms)
✔ wrong actor does not force confirmation/reacquire/refund (0.219083ms)
✔ production mode does not force confirmation/reacquire/refund (0.18875ms)
✔ return due exact boundary is closed even with remaining hold time (0.321584ms)
✔ early-discount qualification remains tied to provider completed time (0.21325ms)
✔ chargeReady and snapshot conditions cannot be tampered even with a recomputed hash (0.45325ms)
✔ same timestamp changed payload is BLOCK_CONFLICT, overriding only the new projection path (0.189667ms)
✔ terminal completed and duplicate/stale observations never downgrade (0.256792ms)
✔ FAILED cannot be silently upgraded or retried (0.143958ms)
✔ CANCELED cannot be silently upgraded or retried (0.169041ms)
✔ completed truth in REVIEW requires an operator even if conditions later look repaired (0.532875ms)
✔ invalid projection reference truthFingerprint (0.363083ms)
✔ invalid projection reference observationFingerprint (0.151958ms)
✔ invalid projection reference expectedRevision (0.218416ms)
✔ invalid projection reference truthRevision (0.259792ms)
✔ invalid projection reference bookingId (0.248625ms)
✔ invalid projection reference attemptId (0.130458ms)
✔ invalid projection reference jobId (0.122667ms)
✔ untrusted persisted source fails environment (0.404125ms)
✔ untrusted persisted source fails state (0.078541ms)
✔ untrusted persisted source fails securityBlocked (0.066959ms)
✔ untrusted persisted source fails truthRevision (0.059583ms)
✔ untrusted persisted source fails decision (0.06125ms)
✔ untrusted persisted source fails decisionFingerprint (0.053208ms)
✔ untrusted persisted source fails contextFingerprint (0.099041ms)
✔ untrusted persisted source fails paymentId (0.142834ms)
✔ untrusted persisted source fails merchantId (0.253083ms)
✔ untrusted persisted source fails observation (0.143833ms)
✔ only ten normalized provider fields cross the source boundary (0.38425ms)
✔ claim contract checks gear, wear, exact quantity and variant/model promise without inferred substitution (1.110625ms)
✔ Premium exact model/season/length stays in claim validation (0.496834ms)
✔ actual repository + scripted SQL: completion is one transaction, frozen commercial contract, safe audit (3.127458ms)
✔ two simultaneous projects commit once; replay checks precede old revision and changed source (1.20425ms)
✔ COMMIT response loss replays stored result without second projection/notification/history (1.054917ms)
✔ crash at BEGIN rolls back all business/history/journal changes (0.262167ms)
✔ crash at SET LOCAL rolls back all business/history/journal changes (0.228083ms)
✔ crash at SELECT pg_advisory_xact_lock(71820600) rolls back all business/history/journal changes (0.20275ms)
✔ crash at UPDATE rental_payment_attempts rolls back all business/history/journal changes (1.033833ms)
✔ crash at UPDATE rental_bookings rolls back all business/history/journal changes (1.261375ms)
✔ crash at UPDATE inventory_holds rolls back all business/history/journal changes (0.695417ms)
✔ crash at INSERT INTO payment_projection.heads rolls back all business/history/journal changes (1.1765ms)
✔ crash at INSERT INTO payment_projection.events rolls back all business/history/journal changes (1.451958ms)
✔ crash at INSERT INTO payment_projection.job_receipts rolls back all business/history/journal changes (0.452958ms)
✔ crash at COMMIT rolls back all business/history/journal changes (0.438917ms)
✔ stale transaction revision rejects even after proposed writes and rolls back (0.402292ms)
✔ expired HOLD persists completed provider truth but not reservation or stock resurrection (0.457875ms)
✔ missing GEAR witness blocks completed projection in actual repository path (0.354875ms)
✔ missing WEAR witness blocks completed projection in actual repository path (0.339083ms)
✔ DB time is sampled after locks and before first business write (0.415833ms)
✔ transfer deadline crossing during source lock wait blocks at final decision (1.1885ms)
✔ PENDING repository transition keeps hold witness and TTL (1.10475ms)
✔ FAILED repository transition keeps hold witness and TTL (0.892083ms)
✔ CANCELED repository transition keeps hold witness and TTL (1.043625ms)
✔ normal or production database name is blocked before business lock (0.230084ms)
✔ source mutation blocks and performs no updates; attempt/version mismatch does not acquire source locks (1.279583ms)
✔ production constructor/method gate and no ambient HTTP (0.879792ms)
✔ same observation proof does not cross from Square Sandbox to a simulation booking (0.255625ms)
✔ expiry after first write is fenced by SQL and rolls back; same key later records blocked truth (0.710333ms)
✔ new R12 generation of an already projected observation links a new receipt without business/audit replay (0.542916ms)
✔ new job reference cannot borrow an old projection receipt without current source verification (0.408416ms)
✔ tampered saved result is rejected rather than returned as trusted internal data (0.727ms)
✔ provider truth accepts PENDING as a proposal, UNKNOWN is local knowledge only (9.627667ms)
✔ provider truth accepts COMPLETED as a proposal, UNKNOWN is local knowledge only (0.167625ms)
✔ provider truth accepts FAILED as a proposal, UNKNOWN is local knowledge only (0.152542ms)
✔ provider truth accepts CANCELED as a proposal, UNKNOWN is local knowledge only (0.095333ms)
✔ evidence mismatch blocks providerId (0.301375ms)
✔ evidence mismatch blocks referenceId (0.192ms)
✔ evidence mismatch blocks idempotencyKey (0.147916ms)
✔ evidence mismatch blocks merchantId (0.18525ms)
✔ evidence mismatch blocks locationId (0.183959ms)
✔ evidence mismatch blocks amountJpy (0.105084ms)
✔ evidence mismatch blocks currency (0.055417ms)
✔ evidence mismatch blocks status (0.042958ms)
✔ evidence mismatch blocks updatedAt (0.03625ms)
✔ evidence mismatch blocks completedAt (0.035708ms)
✔ invalid provider response/time null (0.042042ms)
✔ invalid provider response/time {} (0.03325ms)
✔ invalid provider response/time {"providerId":"payment-fixture","referen (0.034708ms)
✔ invalid provider response/time {"providerId":"payment-fixture","referen (0.029542ms)
✔ invalid provider response/time {"providerId":"payment-fixture","referen (0.034792ms)
✔ invalid provider response/time {"providerId":"payment-fixture","referen (0.027833ms)
✔ duplicate fingerprint is canonical across key order and time zone; no receipt time in decision identity (1.17ms)
✔ COMPLETED plus stale PENDING cannot downgrade; equal-time PENDING to COMPLETED is existing accepted behavior (0.374667ms)
✔ FAILED terminal does not restart, contradictory COMPLETED requires review (0.368208ms)
✔ CANCELED terminal does not restart, contradictory COMPLETED requires review (0.198791ms)
✔ retry budget is deterministic/bounded; input errors are not silently clamped (1.065833ms)
✔ receiver -> durable signal -> dispatcher -> one payment job: dedupe and out-of-order coalesce; no lookup before ACK (19.1005ms)
✔ two workers, crash after claim, lease expiry and stale finalize fencing (shared-store fixture) (0.440625ms)
✔ dispatcher crash is atomic; future signal remains eligible after restart (0.140625ms)
✔ crash after provider response before finalize performs another read under new lease, never another payment (0.538333ms)
✔ lost finalize response after commit is recoverable by durable state without another lookup (0.153541ms)
✔ new signal during lookup remains READY work; terminal receives new generation without reversing old job (0.621583ms)
✔ AUTH_BLOCKED stays BLOCKED across new events; no automatic restart (0.709167ms)
✔ RATE_LIMITED stays BLOCKED across new events; no automatic restart (0.274584ms)
✔ NOT_FOUND_BLOCKED stays BLOCKED across new events; no automatic restart (0.275167ms)
✔ INVALID_RESPONSE_BLOCKED stays BLOCKED across new events; no automatic restart (0.208041ms)
✔ EVIDENCE_MISMATCH_BLOCKED stays BLOCKED across new events; no automatic restart (0.185959ms)
✔ NETWORK_RETRYABLE retries only when due; cap5 never resets on event (0.610333ms)
✔ PROVIDER_5XX_RETRYABLE retries only when due; cap5 never resets on event (0.477875ms)
✔ PENDING is not a terminal job; pending duplicate polls within budget and can reach COMPLETED (0.868458ms)
✔ deadline, final-attempt crash and fixture timeout are bounded with no real wait (0.666292ms)
✔ missing/wrong context stops before lookup; stale after context read also stops (2.488417ms)
✔ conflicting redelivery invalidates live lease and prevents automatic generation (0.20825ms)
✔ Square fixture HTTP401 -> AUTH_BLOCKED (0.182ms)
✔ Square fixture HTTP403 -> AUTH_BLOCKED (0.111125ms)
✔ Square fixture HTTP429 -> RATE_LIMITED (0.097708ms)
✔ Square fixture HTTP404 -> NOT_FOUND_BLOCKED (0.027416ms)
✔ Square fixture HTTP500 -> PROVIDER_5XX_RETRYABLE (0.027375ms)
✔ Square fixture HTTP503 -> PROVIDER_5XX_RETRYABLE (0.056292ms)
✔ Square fixture HTTP400 -> INVALID_RESPONSE_BLOCKED (0.039416ms)
✔ Square fixture HTTP302 -> INVALID_RESPONSE_BLOCKED (0.0285ms)
✔ Square fixture normalized observations, malformed response and network failures never leak raw payload/error (0.355709ms)
✔ worker fake-only path never invokes ambient fetch; diagnostics have no raw body/session/credential (0.13025ms)
✔ duplicate internal truth cannot bypass a contradictory FAILED business context (0.140291ms)
✔ AUTH_BLOCKED stops remaining batch and persists merchant circuit for new payments (0.353959ms)
✔ RATE_LIMITED stops remaining batch and persists merchant circuit for new payments (0.334375ms)
✔ internal stop codes and malformed provider port output are invalid response, not provider authority (0.146625ms)
✔ unlinked hash-conflicted inbox signal does not become a job in dispatcher fixture (0.037334ms)
✔ stale PENDING while newer PENDING exists remains retry work, not terminal (0.220625ms)
✔ cutoff crossed inside lookup cannot store an accepted observation (0.197875ms)
✔ owner rules use independent explicit targets and +1cm, no DIN or BSL computation (0.607958ms)
✔ 145/150/155, anchored direction choice and deterministic shorter tie (0.354041ms)
✔ original absolute window includes both boundaries and excludes one centimetre outside (0.128666ms)
✔ real exact-size variant IDs, no age/class substitution, no hidden larger boots or text guessing (0.36375ms)
✔ snowboard does not require detailed age/weight/level, ski age13 boundary and forged fields reject (1.905959ms)
✔ Argon2id has independent salts and verifies only the supplied password (240.34975ms)
✔ canonical email is case/outer-space stable; password policy adds no composition rules (0.271417ms)
✔ role, permission and ALL scope are independently required for staff management (0.075041ms)
✔ staff input cannot grant unimplemented refund permissions or forge subject (0.449708ms)
✔ ordinary runtime without owned development connection fails closed and cannot attach a remote DB (0.18775ms)
ℹ tests 197
ℹ suites 0
ℹ pass 197
ℹ fail 0
ℹ cancelled 0
ℹ skipped 0
ℹ todo 0
ℹ duration_ms 751.810375
