
> zao-rental@0.1.0 test:unit
> node --import tsx --test tests/unit/*.test.ts tests/automation/*.test.ts tests/catalog/*.test.ts

✔ controller uses pinned policy, signed approval and reviewer receipt; stops without merging (843.183708ms)
✔ candidate policy edits and forged reviewer receipts cannot self-approve (103.368125ms)
✔ stale receipt, unknown review verdict and SHA mismatch all fail closed (739.829583ms)
✔ auth/quota errors are durable stops without repeated model invocations (271.1835ms)
✔ INTENT recovery reconciles existing effects, never repeats an unknown branch/PR/model (633.576708ms)
✔ CI failure repairs at most twice; never invokes reviewer for failing CI (670.243625ms)
✔ repository-wide lease is shared by separate worktree processes; stale time never steals it (263.114416ms)
✔ restricted command builder rejects shell/ref/environment injection (107.067708ms)
✔ timeout, cancel and worker crash kill the owned child/grandchild group and preserve unrelated process (1401.941125ms)
✔ two worktree processes racing an empty repository lock produce exactly one owner (176.0095ms)
✔ controller SIGKILL disconnects guardian and removes its worker descendants (444.397583ms)
✔ one static review builder preserves restrictions and legacy review has no executable argv (111.409041ms)
✔ push registry suppresses a candidate pre-push hook against a real local remote (912.683459ms)
✔ unsigned or self-modified READY approval is rejected (5.72075ms)
✔ valid signature still requires exact spec hash and expiry (0.537834ms)
✔ activation flags are refused even with signed approval (0.195541ms)
✔ task claim is exclusive and expired lease is not stolen (36.978042ms)
✔ policy inside worktree or with unpinned hash is rejected (19.152958ms)
✔ exact-head CI and review stop for human approval (0.935542ms)
✔ new push invalidates old review even after new CI passes (0.252833ms)
✔ empty, pending or stale CI cannot pass (0.457708ms)
✔ missing, malformed or incomplete review cannot pass (0.553125ms)
✔ protected, traversing and out-of-scope changes stop (0.501834ms)
✔ maximum two repair rounds, then escalation (0.186167ms)
✔ budget and wall-clock exhaustion stop (0.124875ms)
✔ auth and quota errors stop without API fallback (0.244958ms)
✔ plan has bounded repair and no merge or main push (0.257209ms)
✔ a failing CI test enters bounded repair before requiring review (0.131584ms)
✔ unknown review verdicts cannot advance even with otherwise valid evidence (2.837459ms)
✔ unknown severity labels cannot advance under a PASS verdict (0.512916ms)
✔ PASS still requires acceptable severity; blockers require bounded repair (0.462708ms)
✔ PASS with any unverified item remains blocked (0.128ms)
✔ strict ledger contract rejects authority/identity/transfer fields and stock-as-availability assumptions (1.965583ms)
✔ role and store scope are both required; no implicit global administrator (0.298209ms)
✔ filters are finite and do not silently widen a miss across age/tier (0.173208ms)
✔ anonymous and insufficient-role HTTP calls never construct storage or trust headers (9.856167ms)
✔ equipment input accepts one immutable whole Asset ID, never reservation payload or inferred identities (0.440583ms)
✔ P5-F1 runtime root keys resist even an accidental same-purpose message collision (0.504833ms)
✔ P5-F1 preserves the P4 read root vector and deterministic recovery replay; no default weak secret (0.463667ms)
✔ name and quantity alone keep seasonal ambiguity and units/intention unresolved; no invented SKU or stock (9.972083ms)
✔ exact sport/season/SKU narrows candidates without changing historical facts; repeated source is deterministic (0.541291ms)
✔ content CSV quotes/BOM/newlines, SET/KEEP/CLEAR and machine round-trip preserve literal values (8.08825ms)
✔ same target is atomic; valid other target survives forbidden price, HTML, duplicate and stale rows (0.57075ms)
✔ stored plan rejects stale revision and tampering; no stock or price fields can be changed (0.42325ms)
✔ CSV bounds and human formula escaping remain separate from machine export (2.755375ms)
✔ private release plans exact revisions and applies complete manifest/current/audit/outbox result atomically in fixture (8.342875ms)
✔ stale draft, current pointer, media checksum or expired rights cannot reuse a prior validation (1.066209ms)
✔ no partial release or hidden language fallback; internal/unprocessed photos and stale translation reject (8.940208ms)
✔ restore creates a new private release and rechecks current rights/commercial mapping; never rewrites history (0.385916ms)
✔ server-stored bulk plan commits good targets and preserves invalid ones; idempotent response loss does not repeat revisions (41.947708ms)
✔ two editors of same revision: only one commits; old immutable content remains (0.593375ms)
✔ revocation after lock wait stops a previously authorized edit and replay (0.179875ms)
✔ release current/audit/outbox commit once; another actor cannot steal a prepared plan (0.816958ms)
✔ rights or draft change after release preview fails without partial pointer/outbox update (4.33175ms)
✔ anonymous and empty identities are denied on server (0.695083ms)
✔ customer cannot enter staff or admin; staff cannot enter admin (0.084791ms)
✔ explicit allowed role is accepted (0.059625ms)
✔ telemetry only accepts foundation events (0.140917ms)
✔ worktree paths separate stable DB, role, ports and seed namespace (0.138667ms)
✔ occupied port fails rather than attaching to existing service (23.427167ms)
✔ ambient database target is refused without revealing it (0.099417ms)
S01_SCHEMA_MAX_BYTES [29965,30032,30074,30158]
✔ current schema maxima plus normal HOLD/amend/quote wrappers fit finite40KiB UTF8 (28.780166ms)
✔ readJson counts actual split UTF8 stream, ignores declared length, cancels overflow (28.858292ms)
✔ same scope continuation has future expiry and preserves all saved conditions/fingerprints (11.714417ms)
✔ single-member candidate validates full group scope and exact member/version (0.305792ms)
✔ after-close changed non-size conditions fall back to new intake; future new conditions accepted (0.303875ms)
✔ expiry, due, fixed/payment/attention and unproven acceptance are never exceptions (0.226375ms)
✔ Tokyo golden AM/PM, whole-date occupancy, month/year boundaries and inclusive ten days (7.488334ms)
✔ bundle completeness, forbidden client expiry/identity, unique group member and variant candidates (2.131833ms)
✔ period solver finds flexible A155 constrained B150; bounded exhaustion is indeterminate (9.266792ms)
✔ payment contract never converts UNKNOWN to failure or late success to inventory confirmation (0.116458ms)
✔ E07 contract: 17:00 schedule is no receipt; sealed/departed additions denied; protected receipt still needs E07 (0.099333ms)
✔ cross-store source custody fence overlaps all later use, but not an earlier unrelated date (0.259334ms)
✔ pool timeout wording changes preserve bounded outcomes on read acquisition and write preflight (20.20375ms)
✔ coded authentication or permission errors and unknown failures never become retryable timeouts or leak details (0.21075ms)
✔ new intake separates contract start, same-day deadline and immutable conditions (39.749542ms)
✔ future quotes keep start bound; no backdated MULTIDAY or after-close first-day intake (0.149959ms)
✔ ledger lexical cm equivalence, never missing/other units or unknown sizes (0.174417ms)
✔ missing or invalid server write authorizer fails closed before any database access (0.741625ms)
✔ missing or invalid stock reconciler is rejected before any database access (0.109125ms)
✔ P5 media backup requires exact private encrypted off-host manifest and actual restore acknowledgement (10.630917ms)
✔ real decoder re-encodes and strips EXIF; identical bytes never inherit binding rights (171.066ms)
✔ traversal, disguised SVG/HTML, extension mismatch, invalid decode and duplicate filename reject before any storage (4.132958ms)
✔ P0 bounded320/640/960/1440/1920 WebP and JPEG derivatives preserve aspect and strip metadata (428.940542ms)
✔ Owner P4 BALANCED values are adopted without approving ingress or production composition (1.718459ms)
✔ P5 dispatcher fixture: forged headers cannot bind a Request/clone; explicit metadata only (30.281083ms)
✔ P5 canonical peer: IPv4/mapped/IPv6 representations, no lists/zone/padded or unknown peers (0.1905ms)
✔ transitive date/variant/group custody closure includes later chained requirements, not unrelated groups (0.922125ms)
✔ period search with Hall pruning agrees with independent exhaustive enumeration over 250 small fixed-capacity cases (33.604167ms)
✔ per-day feasibility cannot replace continuous-Asset witness and explicit search limit stays indeterminate (0.151208ms)
✔ photo transport decodes valid 9MiB and exact 10MiB without regex stack growth (26.496125ms)
✔ photo transport rejects oversized, noncanonical and malformed encodings (14.225333ms)
✔ photo candidates require exact existing offer, explicit role and bounded order; no fuzzy binding (0.677041ms)
✔ duplicate upload/concurrent terminal replies commit each photo once, byte reuse never grants rights (75.0505ms)
✔ fixed manifest rejects replaced bytes/duplicate names; malformed image records failure without publishing (1.302125ms)
✔ revocation while real decoder is running rejects commit and writes no private objects (38.486334ms)
✔ photo prepare matches the catalog from the acquired transaction, preserving replay candidates (0.372917ms)
✔ database stop must wait for delayed socket end after pool.end resolves (0.5885ms)
✔ background connection errors fail closure without exposing attached client (0.389ms)
✔ all 216 explicit amounts through product/duration calculation; no runtime curve (71.33325ms)
✔ half-day early explicit examples 5320 / 6460 / 2850 and integer HALF_UP (0.277833ms)
✔ JST previous-day 15:00 inclusive payment qualification; quote never qualifies payment (0.210667ms)
✔ explicit stacking, applicable coupon scope/window/min/cap; no negative totals or double discount (3.680041ms)
✔ mixed members eligibility/minimum basis; set components never become extra price lines (0.330959ms)
✔ strict quote and coupon inputs reject prices, role, duplicates, dates, unknown product and incomplete table (0.420292ms)
✔ production guest JSON schema, exact approval hash and runtime inequalities; no default/owner values invented (31.9475ms)
✔ trusted ingress uses only request-object-bound dispatcher metadata; all browser IP spellings fail closed (22.058584ms)
✔ concrete Square transport pins Sandbox/API version/Bearer/auth binding, stable idempotency, no redirects/ambient credentials (45.424208ms)
✔ concrete Square allowlist rejects wrong host/location/path before credentials; revoked/expired/wrong merchant stops without network (0.964084ms)
✔ response loss/UNKNOWN never auto retries or changes key; credential/response diagnostics are masked (1.189583ms)
✔ transport abort cancels body read and settles hung fetch without retry; oversized/invalid JSON fails UNKNOWN (30.81325ms)
✔ signed duplicate/out-of-order webhook only performs current lookup; tamper and merchant/amount/currency mismatch rejected (2.05675ms)
✔ media provider separates private originals/derivatives, immutable digest, rights/revision checks and signed ticket bounds (0.67575ms)
✔ withdrawal requires exact CDN invalidation receipt; signed expiry/legal retention/references gate deletion, never auto-delete (0.307583ms)
✔ source staging preserves original/normalized provenance, exact match, explicit dry-run commit and same-source idempotency (1.188209ms)
✔ unresolved/ambiguous manufacturer/year/quantity rows never create stock; reductions/missing rows never delete assets; wear stays quantity (0.981041ms)
✔ all required operational codes reach a strict structured sink; secret/PII/error bodies cannot enter it (2.66775ms)
✔ secret lifecycle rejects missing/revoked/expired/duplicate active credentials and documents old-key grace without claiming rotation execution (0.322333ms)
✔ environment readers require explicit valid private metadata; public secret variables and invalid JSON fail closed without logging raw values (0.274708ms)
✔ P2-01 unapproved public environment names fail closed regardless of secret-like spelling (0.108209ms)
✔ P5 preflight never promotes documentation/fixtures/Owner targets to external PASS (0.577709ms)
✔ P5 exact CI requires repository/workflow/event/head/base/integration tree/run attempt/job success (0.253458ms)
✔ P5 offline preflight command emits JSON/human summary and exits2 with pending gates (271.579334ms)
✔ Square Sandbox adapter uses exact official request, stable key, bounded endpoint and no normal activation (1.167041ms)
✔ UNKNOWN without verified provider ID never sends another POST or invents get-by-idempotency (0.371292ms)
✔ Square auth/quota/timeout stops without automatic retry and masks raw response (2.030583ms)
✔ Square signed webhook uses fresh lookup rather than callback amount or status; rejects tamper, merchant and money mismatch (0.533541ms)
✔ private storage releases only current derivative and rechecks withdrawal/revision after read (12.670334ms)
✔ exact catalog/source plan preserves one ski pair as one Asset and duplicate receipt is idempotent (0.550042ms)
✔ manufacturer range, unknown ADD/REPLACE/store/unit and wrong season never become stock (0.572333ms)
✔ wear and poles require explicit quantity units with no generated individual IDs or invented200 total (0.27ms)
✔ launch checklist fails closed on missing/expired/old-head/old-policy evidence; pass grants no deploy permission (0.395125ms)
✔ operational events and CWV distinguish LAB/FIELD and exclude arbitrary PII/body/session fields (0.252125ms)
✔ Square deadlines settle even when an injected dependency ignores cancellation; source failure never POSTs (5.078458ms)
✔ R2 SDK transport fixture: private immutable object, conditional replay, no public ACL or default network (27.469958ms)
✔ R2 presigning uses SDK and bounded original-only tickets; rights withdrawal requires matched purge receipt (16.339459ms)
✔ P5 R2 rotation uses current credential for next SDK operation, never the memoized old key (56.686542ms)
✔ owner rules use independent explicit targets and +1cm, no DIN or BSL computation (0.742666ms)
✔ 145/150/155, anchored direction choice and deterministic shorter tie (0.203458ms)
✔ original absolute window includes both boundaries and excludes one centimetre outside (0.070083ms)
✔ real exact-size variant IDs, no age/class substitution, no hidden larger boots or text guessing (2.211583ms)
✔ snowboard does not require detailed age/weight/level, ski age13 boundary and forged fields reject (2.874959ms)
✔ one immutable pair ID resolves one cycle; no left/right child identifiers (0.831292ms)
✔ a saved scan can never retarget the latest cycle, version or already-received loan (0.077416ms)
✔ unknown/no active or ambiguous active cycle is not a successful receipt (0.225375ms)
✔ invalid saved scan and checkout timestamps cannot become a receipt candidate (0.076958ms)
✔ P6 one acceptance location is metadata only; it does not map or activate either internal store (0.797833ms)
✔ P6 metadata parser never reads credential values, including during error handling (0.316084ms)
✔ P6 rejects production/development, omitted mode/version, aliases and public settings (0.165375ms)
✔ P6 URL is exact non-secret HTTPS metadata, not inferred from request headers or aliases (0.164ms)
✔ P5 activation metadata rejects production, missing/mixed mapping, credentials and automatic enablement (0.799333ms)
✔ P5 dual webhook keys verify exact URL/raw bytes, retire exactly at grace and never expose secret (1.10225ms)
✔ staff500 diagnostic emits only server-generated correlation, fixed phase and allowlisted SQLSTATE (0.909334ms)
✔ unknown/inherited/getter codes and nested cause never leak into diagnostics (0.111208ms)
✔ Argon2id has independent salts and verifies only the supplied password (260.699166ms)
✔ canonical email is case/outer-space stable; password policy adds no composition rules (0.282625ms)
✔ role, permission and ALL scope are independently required for staff management (0.076666ms)
✔ staff input cannot grant unimplemented refund permissions or forge subject (0.477084ms)
✔ ordinary runtime without owned development connection fails closed and cannot attach a remote DB (0.212125ms)
✔ P5 real disk observation and exact safety floor; unavailable/invalid capacity is not success (1.800917ms)
✔ P5 cleanup requires matching successful log/run, stopped owner and no live PID; all others preserved (7.349667ms)
✔ transfer input rejects authority fields, impossible dates, model-free fake IDs and invalid pair quantities (1.645708ms)
✔ pair labels never create two assets; duplicate selected Asset or pool lines rejected (0.144708ms)
✔ forecast is not immediate stock, automatic receipt, late readiness or another-store capacity (0.221042ms)
✔ cancelled transfer keeps source PAIR protection while a promise needs reconciliation (0.103833ms)
✔ v1.2wear-only contract uses two independent quantity requirements; never one generic WEAR or one part (2.566708ms)
✔ wear ledger regular input accepts STANDARD parts with explicit sport compatibility (0.451292ms)
✔ independent golden same-member wear20percent then advance5percent (0.470792ms)
✔ another member never receives equipment wear adjustment (0.164792ms)
✔ integrated Premium board promise required and exact variant selected (0.247042ms)
✔ quantity override forbids wear Assets and ambiguous multi-variant quantity promises (0.293625ms)
✔ all24 explicit approved wear prices and independent bundle golden cases remain stable (0.705ms)
✔ explicit Premium day12350 and wear-only4750 golden preserve discount order (0.192917ms)
✔ WEAR-PRICE-01: SINGLE pole plus wear uses the pole price regardless of item order (2.410959ms)
✔ CI diagnostic forwarding preserves only the exact emitted safe schema and historical auth code (0.710709ms)
✔ split/coalesced/oversized child stderr never drops a valid record or forwards an unsafe suffix (1.631167ms)
✔ transport failure classification never exports messages, URLs, cookies or arbitrary codes (0.371417ms)
ℹ tests 177
ℹ suites 0
ℹ pass 177
ℹ fail 0
ℹ cancelled 0
ℹ skipped 0
ℹ todo 0
ℹ duration_ms 6939.789666
