
> zao-rental@0.1.0 test:unit
> node --import tsx --test tests/unit/*.test.ts tests/automation/*.test.ts tests/catalog/*.test.ts

✔ controller uses pinned policy, signed approval and reviewer receipt; stops without merging (1291.405334ms)
✔ candidate policy edits and forged reviewer receipts cannot self-approve (114.78575ms)
✔ stale receipt, unknown review verdict and SHA mismatch all fail closed (611.9315ms)
✔ auth/quota errors are durable stops without repeated model invocations (291.824083ms)
✔ INTENT recovery reconciles existing effects, never repeats an unknown branch/PR/model (134.577458ms)
✔ CI failure repairs at most twice; never invokes reviewer for failing CI (364.881709ms)
✔ repository-wide lease is shared by separate worktree processes; stale time never steals it (220.731ms)
✔ restricted command builder rejects shell/ref/environment injection (114.838875ms)
✔ timeout, cancel and worker crash kill the owned child/grandchild group and preserve unrelated process (1362.926417ms)
✔ two worktree processes racing an empty repository lock produce exactly one owner (155.440792ms)
✔ controller SIGKILL disconnects guardian and removes its worker descendants (417.054ms)
✔ one static review builder preserves restrictions and legacy review has no executable argv (111.610042ms)
✔ push registry suppresses a candidate pre-push hook against a real local remote (795.091084ms)
✔ unsigned or self-modified READY approval is rejected (5.667042ms)
✔ valid signature still requires exact spec hash and expiry (2.47875ms)
✔ activation flags are refused even with signed approval (0.676333ms)
✔ task claim is exclusive and expired lease is not stolen (73.636833ms)
✔ policy inside worktree or with unpinned hash is rejected (33.676041ms)
✔ exact-head CI and review stop for human approval (1.978875ms)
✔ new push invalidates old review even after new CI passes (0.309958ms)
✔ empty, pending or stale CI cannot pass (0.819875ms)
✔ missing, malformed or incomplete review cannot pass (0.600375ms)
✔ protected, traversing and out-of-scope changes stop (0.557667ms)
✔ maximum two repair rounds, then escalation (4.843417ms)
✔ budget and wall-clock exhaustion stop (2.343125ms)
✔ auth and quota errors stop without API fallback (5.44925ms)
✔ plan has bounded repair and no merge or main push (1.354583ms)
✔ a failing CI test enters bounded repair before requiring review (0.185ms)
✔ unknown review verdicts cannot advance even with otherwise valid evidence (0.436083ms)
✔ unknown severity labels cannot advance under a PASS verdict (1.303708ms)
✔ PASS still requires acceptable severity; blockers require bounded repair (0.517917ms)
✔ PASS with any unverified item remains blocked (0.140042ms)
✔ strict ledger contract rejects authority/identity/transfer fields and stock-as-availability assumptions (2.063584ms)
✔ role and store scope are both required; no implicit global administrator (0.332583ms)
✔ filters are finite and do not silently widen a miss across age/tier (0.183958ms)
✔ anonymous and insufficient-role HTTP calls never construct storage or trust headers (26.200792ms)
✔ equipment input accepts one immutable whole Asset ID, never reservation payload or inferred identities (0.503292ms)
✔ P5-F1 runtime root keys resist even an accidental same-purpose message collision (0.812208ms)
✔ P5-F1 preserves the P4 read root vector and deterministic recovery replay; no default weak secret (0.770375ms)
✔ name and quantity alone keep seasonal ambiguity and units/intention unresolved; no invented SKU or stock (12.673458ms)
✔ exact sport/season/SKU narrows candidates without changing historical facts; repeated source is deterministic (4.392583ms)
✔ content CSV quotes/BOM/newlines, SET/KEEP/CLEAR and machine round-trip preserve literal values (8.242542ms)
✔ same target is atomic; valid other target survives forbidden price, HTML, duplicate and stale rows (0.5945ms)
✔ stored plan rejects stale revision and tampering; no stock or price fields can be changed (0.392458ms)
✔ CSV bounds and human formula escaping remain separate from machine export (25.552708ms)
✔ private release plans exact revisions and applies complete manifest/current/audit/outbox result atomically in fixture (31.848834ms)
✔ stale draft, current pointer, media checksum or expired rights cannot reuse a prior validation (1.022125ms)
✔ no partial release or hidden language fallback; internal/unprocessed photos and stale translation reject (0.676667ms)
✔ restore creates a new private release and rechecks current rights/commercial mapping; never rewrites history (3.258375ms)
✔ server-stored bulk plan commits good targets and preserves invalid ones; idempotent response loss does not repeat revisions (13.40475ms)
✔ two editors of same revision: only one commits; old immutable content remains (1.84725ms)
✔ revocation after lock wait stops a previously authorized edit and replay (0.52575ms)
✔ release current/audit/outbox commit once; another actor cannot steal a prepared plan (0.944333ms)
✔ rights or draft change after release preview fails without partial pointer/outbox update (0.853167ms)
✔ anonymous and empty identities are denied on server (0.72275ms)
✔ customer cannot enter staff or admin; staff cannot enter admin (0.08ms)
✔ explicit allowed role is accepted (0.055ms)
✔ telemetry only accepts foundation events (0.139458ms)
✔ worktree paths separate stable DB, role, ports and seed namespace (0.138625ms)
✔ occupied port fails rather than attaching to existing service (15.076708ms)
✔ ambient database target is refused without revealing it (0.384583ms)
S01_SCHEMA_MAX_BYTES [29965,30032,30074,30158]
✔ current schema maxima plus normal HOLD/amend/quote wrappers fit finite40KiB UTF8 (21.183458ms)
✔ readJson counts actual split UTF8 stream, ignores declared length, cancels overflow (23.748208ms)
✔ same scope continuation has future expiry and preserves all saved conditions/fingerprints (11.269625ms)
✔ single-member candidate validates full group scope and exact member/version (1.054959ms)
✔ after-close changed non-size conditions fall back to new intake; future new conditions accepted (0.350167ms)
✔ expiry, due, fixed/payment/attention and unproven acceptance are never exceptions (0.291292ms)
✔ Tokyo golden AM/PM, whole-date occupancy, month/year boundaries and inclusive ten days (12.478458ms)
✔ bundle completeness, forbidden client expiry/identity, unique group member and variant candidates (1.056042ms)
✔ period solver finds flexible A155 constrained B150; bounded exhaustion is indeterminate (8.085458ms)
✔ payment contract never converts UNKNOWN to failure or late success to inventory confirmation (0.092208ms)
✔ E07 contract: 17:00 schedule is no receipt; sealed/departed additions denied; protected receipt still needs E07 (0.086ms)
✔ cross-store source custody fence overlaps all later use, but not an earlier unrelated date (0.259417ms)
✔ pool timeout wording changes preserve bounded outcomes on read acquisition and write preflight (22.231125ms)
✔ coded authentication or permission errors and unknown failures never become retryable timeouts or leak details (0.219417ms)
✔ new intake separates contract start, same-day deadline and immutable conditions (18.3185ms)
✔ future quotes keep start bound; no backdated MULTIDAY or after-close first-day intake (0.149292ms)
✔ ledger lexical cm equivalence, never missing/other units or unknown sizes (0.155125ms)
✔ missing or invalid server write authorizer fails closed before any database access (0.774792ms)
✔ missing or invalid stock reconciler is rejected before any database access (0.098667ms)
✔ P5 media backup requires exact private encrypted off-host manifest and actual restore acknowledgement (21.72425ms)
✔ real decoder re-encodes and strips EXIF; identical bytes never inherit binding rights (120.771834ms)
✔ traversal, disguised SVG/HTML, extension mismatch, invalid decode and duplicate filename reject before any storage (5.848833ms)
✔ P0 bounded320/640/960/1440/1920 WebP and JPEG derivatives preserve aspect and strip metadata (437.332625ms)
✔ Owner P4 BALANCED values are adopted without approving ingress or production composition (2.825875ms)
✔ P5 dispatcher fixture: forged headers cannot bind a Request/clone; explicit metadata only (15.5825ms)
✔ P5 canonical peer: IPv4/mapped/IPv6 representations, no lists/zone/padded or unknown peers (0.200625ms)
✔ transitive date/variant/group custody closure includes later chained requirements, not unrelated groups (0.965625ms)
✔ period search with Hall pruning agrees with independent exhaustive enumeration over 250 small fixed-capacity cases (15.180375ms)
✔ per-day feasibility cannot replace continuous-Asset witness and explicit search limit stays indeterminate (0.155ms)
✔ photo transport decodes valid 9MiB and exact 10MiB without regex stack growth (41.45275ms)
✔ photo transport rejects oversized, noncanonical and malformed encodings (10.670542ms)
✔ photo candidates require exact existing offer, explicit role and bounded order; no fuzzy binding (0.676083ms)
✔ duplicate upload/concurrent terminal replies commit each photo once, byte reuse never grants rights (88.829333ms)
✔ fixed manifest rejects replaced bytes/duplicate names; malformed image records failure without publishing (0.346625ms)
✔ revocation while real decoder is running rejects commit and writes no private objects (24.598292ms)
✔ photo prepare matches the catalog from the acquired transaction, preserving replay candidates (0.350625ms)
✔ database stop must wait for delayed socket end after pool.end resolves (0.466625ms)
✔ background connection errors fail closure without exposing attached client (1.666458ms)
✔ all 216 explicit amounts through product/duration calculation; no runtime curve (51.678833ms)
✔ half-day early explicit examples 5320 / 6460 / 2850 and integer HALF_UP (5.350291ms)
✔ JST previous-day 15:00 inclusive payment qualification; quote never qualifies payment (0.332917ms)
✔ explicit stacking, applicable coupon scope/window/min/cap; no negative totals or double discount (1.378375ms)
✔ mixed members eligibility/minimum basis; set components never become extra price lines (0.324333ms)
✔ strict quote and coupon inputs reject prices, role, duplicates, dates, unknown product and incomplete table (0.422083ms)
✔ production guest JSON schema, exact approval hash and runtime inequalities; no default/owner values invented (25.605541ms)
✔ trusted ingress uses only request-object-bound dispatcher metadata; all browser IP spellings fail closed (28.631292ms)
✔ concrete Square transport pins Sandbox/API version/Bearer/auth binding, stable idempotency, no redirects/ambient credentials (18.7535ms)
✔ concrete Square allowlist rejects wrong host/location/path before credentials; revoked/expired/wrong merchant stops without network (2.054792ms)
✔ response loss/UNKNOWN never auto retries or changes key; credential/response diagnostics are masked (1.823458ms)
✔ transport abort cancels body read and settles hung fetch without retry; oversized/invalid JSON fails UNKNOWN (31.691583ms)
✔ signed duplicate/out-of-order webhook only performs current lookup; tamper and merchant/amount/currency mismatch rejected (2.800916ms)
✔ media provider separates private originals/derivatives, immutable digest, rights/revision checks and signed ticket bounds (0.729625ms)
✔ withdrawal requires exact CDN invalidation receipt; signed expiry/legal retention/references gate deletion, never auto-delete (0.323041ms)
✔ source staging preserves original/normalized provenance, exact match, explicit dry-run commit and same-source idempotency (1.2065ms)
✔ unresolved/ambiguous manufacturer/year/quantity rows never create stock; reductions/missing rows never delete assets; wear stays quantity (1.14075ms)
✔ all required operational codes reach a strict structured sink; secret/PII/error bodies cannot enter it (2.091625ms)
✔ secret lifecycle rejects missing/revoked/expired/duplicate active credentials and documents old-key grace without claiming rotation execution (0.607542ms)
✔ environment readers require explicit valid private metadata; public secret variables and invalid JSON fail closed without logging raw values (0.306875ms)
✔ P2-01 unapproved public environment names fail closed regardless of secret-like spelling (0.126625ms)
✔ P5 preflight never promotes documentation/fixtures/Owner targets to external PASS (0.841625ms)
✔ P5 exact CI requires repository/workflow/event/head/base/integration tree/run attempt/job success (0.263708ms)
✔ P5 offline preflight command emits JSON/human summary and exits2 with pending gates (399.036583ms)
✔ Square Sandbox adapter uses exact official request, stable key, bounded endpoint and no normal activation (1.17175ms)
✔ UNKNOWN without verified provider ID never sends another POST or invents get-by-idempotency (0.357042ms)
✔ Square auth/quota/timeout stops without automatic retry and masks raw response (1.986375ms)
✔ Square signed webhook uses fresh lookup rather than callback amount or status; rejects tamper, merchant and money mismatch (0.566583ms)
✔ private storage releases only current derivative and rechecks withdrawal/revision after read (8.805ms)
✔ exact catalog/source plan preserves one ski pair as one Asset and duplicate receipt is idempotent (2.389583ms)
✔ manufacturer range, unknown ADD/REPLACE/store/unit and wrong season never become stock (1.220333ms)
✔ wear and poles require explicit quantity units with no generated individual IDs or invented200 total (0.926833ms)
✔ launch checklist fails closed on missing/expired/old-head/old-policy evidence; pass grants no deploy permission (2.459458ms)
✔ operational events and CWV distinguish LAB/FIELD and exclude arbitrary PII/body/session fields (0.27575ms)
✔ Square deadlines settle even when an injected dependency ignores cancellation; source failure never POSTs (17.951209ms)
✔ R2 SDK transport fixture: private immutable object, conditional replay, no public ACL or default network (36.899208ms)
✔ R2 presigning uses SDK and bounded original-only tickets; rights withdrawal requires matched purge receipt (10.800334ms)
✔ P5 R2 rotation uses current credential for next SDK operation, never the memoized old key (75.458708ms)
✔ owner rules use independent explicit targets and +1cm, no DIN or BSL computation (0.712708ms)
✔ 145/150/155, anchored direction choice and deterministic shorter tie (0.185625ms)
✔ original absolute window includes both boundaries and excludes one centimetre outside (0.063208ms)
✔ real exact-size variant IDs, no age/class substitution, no hidden larger boots or text guessing (0.379042ms)
✔ snowboard does not require detailed age/weight/level, ski age13 boundary and forged fields reject (5.486375ms)
✔ one immutable pair ID resolves one cycle; no left/right child identifiers (0.834958ms)
✔ a saved scan can never retarget the latest cycle, version or already-received loan (0.098166ms)
✔ unknown/no active or ambiguous active cycle is not a successful receipt (0.258875ms)
✔ invalid saved scan and checkout timestamps cannot become a receipt candidate (0.073ms)
✔ P6 one acceptance location is metadata only; it does not map or activate either internal store (0.701334ms)
✔ P6 metadata parser never reads credential values, including during error handling (0.332459ms)
✔ P6 rejects production/development, omitted mode/version, aliases and public settings (0.152417ms)
✔ P6 URL is exact non-secret HTTPS metadata, not inferred from request headers or aliases (2.473417ms)
✔ P5 activation metadata rejects production, missing/mixed mapping, credentials and automatic enablement (0.856417ms)
✔ P5 dual webhook keys verify exact URL/raw bytes, retire exactly at grace and never expose secret (1.118875ms)
✔ staff500 diagnostic emits only server-generated correlation, fixed phase and allowlisted SQLSTATE (0.955625ms)
✔ unknown/inherited/getter codes and nested cause never leak into diagnostics (0.104042ms)
✔ Argon2id has independent salts and verifies only the supplied password (269.281ms)
✔ canonical email is case/outer-space stable; password policy adds no composition rules (0.310041ms)
✔ role, permission and ALL scope are independently required for staff management (0.079125ms)
✔ staff input cannot grant unimplemented refund permissions or forge subject (0.503416ms)
✔ ordinary runtime without owned development connection fails closed and cannot attach a remote DB (0.199333ms)
✔ P5 real disk observation and exact safety floor; unavailable/invalid capacity is not success (2.951875ms)
✔ P5 cleanup requires matching successful log/run, stopped owner and no live PID; all others preserved (7.020208ms)
✔ transfer input rejects authority fields, impossible dates, model-free fake IDs and invalid pair quantities (1.819292ms)
✔ pair labels never create two assets; duplicate selected Asset or pool lines rejected (0.145292ms)
✔ forecast is not immediate stock, automatic receipt, late readiness or another-store capacity (0.230375ms)
✔ cancelled transfer keeps source PAIR protection while a promise needs reconciliation (0.098959ms)
✔ v1.2wear-only contract uses two independent quantity requirements; never one generic WEAR or one part (2.563792ms)
✔ wear ledger regular input accepts STANDARD parts with explicit sport compatibility (0.547125ms)
✔ independent golden same-member wear20percent then advance5percent (0.518833ms)
✔ another member never receives equipment wear adjustment (0.175583ms)
✔ integrated Premium board promise required and exact variant selected (0.246417ms)
✔ quantity override forbids wear Assets and ambiguous multi-variant quantity promises (0.309958ms)
✔ all24 explicit approved wear prices and independent bundle golden cases remain stable (0.7875ms)
✔ explicit Premium day12350 and wear-only4750 golden preserve discount order (0.204792ms)
✔ WEAR-PRICE-01: SINGLE pole plus wear uses the pole price regardless of item order (4.313208ms)
✔ CI diagnostic forwarding preserves only the exact emitted safe schema and historical auth code (1.168125ms)
✔ split/coalesced/oversized child stderr never drops a valid record or forwards an unsafe suffix (0.963625ms)
✔ transport failure classification never exports messages, URLs, cookies or arbitrary codes (0.324834ms)
ℹ tests 177
ℹ suites 0
ℹ pass 177
ℹ fail 0
ℹ cancelled 0
ℹ skipped 0
ℹ todo 0
ℹ duration_ms 6870.030292
