✔ Owner local package has three approved generic derivatives with correct alpha/physical artboards (257.194958ms)
✔ both appearance alpha silhouettes are identical: no body-size/eligibility encoding (246.863958ms)
✔ unapproved manifest mutation fails: Production approval (1.142291ms)
✔ unapproved manifest mutation fails: self-declared replacement rights (0.460416ms)
✔ unapproved manifest mutation fails: path traversal (0.650666ms)
✔ unapproved manifest mutation fails: exact product promise (0.777ms)
✔ altered derivative bytes cannot retain original approval or import (7.099459ms)
✔ hosted/unowned connection is rejected before any pool connection (0.6555ms)
✔ physical scale 150/170 and common baseline (1.351958ms)
✔ physical scale 170/170 and common baseline (0.38725ms)
✔ physical scale 187/170 and common baseline (0.187ms)
✔ absent invalid and zero artwork do not invent renderer or images (5.123417ms)
✔ null RECOMMENDED never creates a ski (0.323ms)
✔ null SHORTER never creates a ski (0.250792ms)
✔ null LONGER never creates a ski (0.207542ms)
✔ missing avatar omits only that layer (0.281459ms)
✔ missing boot omits only that layer (0.178583ms)
✔ missing jacket omits only that layer (0.207541ms)
✔ missing pants omits only that layer (0.117083ms)
✔ missing ski does not synthesize a product (11.155583ms)
✔ APPEARANCE_1 is presentation only (4.301708ms)
✔ APPEARANCE_2 is presentation only (4.627916ms)
✔ GENERIC_REFERENCE carries no model-name alt (4.230875ms)
✔ EXACT_PROMISE carries no model-name alt (5.39075ms)
✔ WEAR preserves overlays without any ski ratio (2.454959ms)
✔ SNOWBOARD mapper supplies no renderer payload (0.09725ms)
✔ invalid physical numbers and mismatched ratio are unavailable (0.210667ms)
✔ normalized overlay placement is deterministic; no mutation or business callbacks (1.942958ms)
✔ bilingual measurements and full disclaimer meaning are textual (1.148583ms)
✔ unsafe refs and nonaligned physical anchors do not become image URLs (0.44025ms)
✔ generated WebP alpha fixtures obey all five canonical artboards and physical bounds (232.798833ms)
✔ guest renderer uses only scoped same-origin image paths, never staff URLs or free hosts (1.86575ms)
✔ invalid guest scope cannot fall back to less restrictive staff image paths (0.117166ms)
✔ Avatar zero visuals leaves exact business object unchanged (1.039416ms)
✔ Avatar all inactive leaves exact business object unchanged (0.146958ms)
✔ Avatar rights denied leaves exact business object unchanged (0.107333ms)
✔ Avatar copies all three exact offered lengths and ratios, without changing selection/price/checks (0.196959ms)
✔ REGULAR never acquires a model guarantee even if a model photo/legacy promise is present (0.12575ms)
✔ PREMIUM uses only exact model/season/variant/length promise; mismatches use permitted generic (0.153583ms)
✔ missing candidate stays null and cannot be fabricated by a generic fallback (0.058834ms)
✔ invalid height null produces no visualization/ratio (0.045041ms)
✔ invalid height 0 produces no visualization/ratio (0.160417ms)
✔ invalid height -1 produces no visualization/ratio (0.0705ms)
✔ invalid height NaN produces no visualization/ratio (0.04475ms)
✔ invalid height Infinity produces no visualization/ratio (0.024625ms)
✔ invalid candidate length 0 is not corrected to another size (0.055041ms)
✔ invalid candidate length -1 is not corrected to another size (0.029625ms)
✔ invalid candidate length NaN is not corrected to another size (0.025041ms)
✔ invalid candidate length Infinity is not corrected to another size (0.026416ms)
✔ WEAR-only has no ski ratios and illustrates only existing wear layers (0.08225ms)
✔ SNOWBOARD is never mapped to ski visualization or queried (0.052375ms)
✔ appearance is optional presentation and unknown types never choose a body (0.1125ms)
✔ expired/invalid rights timestamp 2034-12-31T00:00:00Z excludes fallback (0.038125ms)
✔ expired/invalid rights timestamp 2035-01-01T00:00:00Z excludes fallback (0.026125ms)
✔ expired/invalid rights timestamp invalid excludes fallback (0.022792ms)
✔ ambiguous generic defaults are refused and mapper output is deterministic across metadata order (0.062209ms)
✔ visual DB failure preserves business result; authorization/business errors remain errors before visual read (0.262ms)
✔ a mismatched profile never supplies another member visualization (0.036916ms)
✔ frozen R15 hosted runner still refuses the extended plan before any DB operation (18.734042ms)
✔ non-finite ratios cannot create a body-only visualization of an invalid ski input (0.354459ms)
✔ visual fallback preserves price/business errors and labels optional generic layers (0.350709ms)
✔ private release plans exact revisions and applies complete manifest/current/audit/outbox result atomically in fixture (19.098875ms)
✔ stale draft, current pointer, media checksum or expired rights cannot reuse a prior validation (3.369416ms)
✔ no partial release or hidden language fallback; internal/unprocessed photos and stale translation reject (5.107458ms)
✔ restore creates a new private release and rechecks current rights/commercial mapping; never rewrites history (1.103625ms)
✔ server-stored bulk plan commits good targets and preserves invalid ones; idempotent response loss does not repeat revisions (53.50675ms)
✔ two editors of same revision: only one commits; old immutable content remains (4.650666ms)
✔ revocation after lock wait stops a previously authorized edit and replay (0.448542ms)
✔ release current/audit/outbox commit once; another actor cannot steal a prepared plan (1.540208ms)
✔ rights or draft change after release preview fails without partial pointer/outbox update (1.769875ms)
✔ strict scope is deterministic and rejects free URL, query and oversized revision (0.74175ms)
✔ invalid guest image shape denies before auth/DB tsConfirmed=true (8.15275ms)
✔ invalid guest image shape denies before auth/DB cac1c162ac/extra (0.169417ms)
✔ invalid guest image shape denies before auth/DB f49babcac1c162ac (0.126833ms)
✔ invalid guest image shape denies before auth/DB 000000000101/BAD (0.116667ms)
✔ invalid guest image shape denies before auth/DB f49babcac1c162ac (0.107583ms)
✔ POST and absent runtime cannot read bytes (0.158875ms)
✔ metadata has only appearance payloads and private cache headers (1.069709ms)
✔ offered image reauthorizes owner around byte IO and returns only WebP (13.798583ms)
✔ a currently eligible image outside the member offer is still forbidden (0.212166ms)
✔ race after bytes: revoked context fails closed (5.577333ms)
✔ race after bytes: replaced preview fails closed (5.513666ms)
✔ race after bytes: replaced grant fails closed (4.789542ms)
✔ cross-site and failed authentication produce empty private404 (0.3435ms)
✔ staff BOOKING_VIEW with missing HOLD_VIEW rejects before bytes (0.171625ms)
✔ staff BOOKING_VIEW with missing QUOTE_VIEW rejects before bytes (0.03975ms)
✔ Tokyo golden AM/PM, whole-date occupancy, month/year boundaries and inclusive ten days (4.511459ms)
✔ bundle completeness, forbidden client expiry/identity, unique group member and variant candidates (0.879ms)
✔ period solver finds flexible A155 constrained B150; bounded exhaustion is indeterminate (10.148167ms)
✔ payment contract never converts UNKNOWN to failure or late success to inventory confirmation (0.077833ms)
✔ E07 contract: 17:00 schedule is no receipt; sealed/departed additions denied; protected receipt still needs E07 (0.074334ms)
✔ cross-store source custody fence overlaps all later use, but not an earlier unrelated date (0.324583ms)
✔ P5 media backup requires exact private encrypted off-host manifest and actual restore acknowledgement (22.227875ms)
✔ real decoder re-encodes and strips EXIF; identical bytes never inherit binding rights (82.039958ms)
✔ traversal, disguised SVG/HTML, extension mismatch, invalid decode and duplicate filename reject before any storage (6.6045ms)
✔ P0 bounded320/640/960/1440/1920 WebP and JPEG derivatives preserve aspect and strip metadata (478.248291ms)
✔ projection PENDING existing business semantics (16.679833ms)
✔ projection COMPLETED existing business semantics (1.381792ms)
✔ projection FAILED existing business semantics (5.341ms)
✔ projection CANCELED existing business semantics (0.625875ms)
✔ identity or provider contract mismatch providerId (0.308875ms)
✔ identity or provider contract mismatch referenceId (0.151ms)
✔ identity or provider contract mismatch idempotencyKey (0.102959ms)
✔ identity or provider contract mismatch merchantId (0.088542ms)
✔ identity or provider contract mismatch locationId (0.092833ms)
✔ identity or provider contract mismatch amountJpy (0.12775ms)
✔ identity or provider contract mismatch currency (0.082ms)
✔ identity or provider contract mismatch status (0.070375ms)
✔ identity or provider contract mismatch updatedAt (0.092333ms)
✔ identity or provider contract mismatch completedAt (0.081959ms)
✔ bounded JPY amount 0 (0.099ms)
✔ bounded JPY amount -1 (0.074292ms)
✔ bounded JPY amount 1.1 (0.067375ms)
✔ bounded JPY amount 100000001 (0.090459ms)
✔ bounded JPY amount 9007199254740992 (0.083083ms)
✔ expired hold does not force confirmation/reacquire/refund (0.672ms)
✔ missing gear does not force confirmation/reacquire/refund (0.2835ms)
✔ missing wear does not force confirmation/reacquire/refund (0.219416ms)
✔ transfer attention does not force confirmation/reacquire/refund (0.248917ms)
✔ canceled transfer does not force confirmation/reacquire/refund (1.133875ms)
✔ overdue unready transfer does not force confirmation/reacquire/refund (0.375833ms)
✔ snapshot hash does not force confirmation/reacquire/refund (0.23275ms)
✔ quote relation does not force confirmation/reacquire/refund (0.170042ms)
✔ quote hash does not force confirmation/reacquire/refund (0.206334ms)
✔ coupon redemption does not force confirmation/reacquire/refund (0.496292ms)
✔ missing quote does not force confirmation/reacquire/refund (0.297834ms)
✔ fixed allocation does not force confirmation/reacquire/refund (0.619291ms)
✔ released hold does not force confirmation/reacquire/refund (0.54875ms)
✔ successful hold does not force confirmation/reacquire/refund (2.001625ms)
✔ wrong reservation does not force confirmation/reacquire/refund (0.380166ms)
✔ wrong actor does not force confirmation/reacquire/refund (0.317ms)
✔ production mode does not force confirmation/reacquire/refund (0.336542ms)
✔ return due exact boundary is closed even with remaining hold time (0.851292ms)
✔ early-discount qualification remains tied to provider completed time (0.26525ms)
✔ chargeReady and snapshot conditions cannot be tampered even with a recomputed hash (0.642292ms)
✔ same timestamp changed payload is BLOCK_CONFLICT, overriding only the new projection path (0.647ms)
✔ terminal completed and duplicate/stale observations never downgrade (0.578042ms)
✔ FAILED cannot be silently upgraded or retried (0.253166ms)
✔ CANCELED cannot be silently upgraded or retried (0.290667ms)
✔ completed truth in REVIEW requires an operator even if conditions later look repaired (0.295167ms)
✔ invalid projection reference truthFingerprint (0.417625ms)
✔ invalid projection reference observationFingerprint (0.195625ms)
✔ invalid projection reference expectedRevision (0.202292ms)
✔ invalid projection reference truthRevision (0.207917ms)
✔ invalid projection reference bookingId (0.3685ms)
✔ invalid projection reference attemptId (0.1705ms)
✔ invalid projection reference jobId (0.095167ms)
✔ untrusted persisted source fails environment (0.273042ms)
✔ untrusted persisted source fails state (0.309417ms)
✔ untrusted persisted source fails securityBlocked (0.0905ms)
✔ untrusted persisted source fails truthRevision (0.081042ms)
✔ untrusted persisted source fails decision (0.078916ms)
✔ untrusted persisted source fails decisionFingerprint (0.07775ms)
✔ untrusted persisted source fails contextFingerprint (0.088125ms)
✔ untrusted persisted source fails paymentId (0.074459ms)
✔ untrusted persisted source fails merchantId (0.39675ms)
✔ untrusted persisted source fails observation (0.481667ms)
✔ only ten normalized provider fields cross the source boundary (0.321459ms)
✔ claim contract checks gear, wear, exact quantity and variant/model promise without inferred substitution (3.475666ms)
✔ Premium exact model/season/length stays in claim validation (0.656708ms)
✔ actual repository + scripted SQL: completion is one transaction, frozen commercial contract, safe audit (8.197666ms)
✔ two simultaneous projects commit once; replay checks precede old revision and changed source (2.921583ms)
✔ COMMIT response loss replays stored result without second projection/notification/history (2.177958ms)
✔ crash at BEGIN rolls back all business/history/journal changes (0.56025ms)
✔ crash at SET LOCAL rolls back all business/history/journal changes (0.289917ms)
✔ crash at SELECT pg_advisory_xact_lock(71820600) rolls back all business/history/journal changes (0.72625ms)
✔ crash at UPDATE rental_payment_attempts rolls back all business/history/journal changes (3.152875ms)
✔ crash at UPDATE rental_bookings rolls back all business/history/journal changes (12.808958ms)
✔ crash at UPDATE inventory_holds rolls back all business/history/journal changes (3.220875ms)
✔ crash at INSERT INTO payment_projection.heads rolls back all business/history/journal changes (3.941083ms)
✔ crash at INSERT INTO payment_projection.events rolls back all business/history/journal changes (2.088458ms)
✔ crash at INSERT INTO payment_projection.job_receipts rolls back all business/history/journal changes (5.5335ms)
✔ crash at COMMIT rolls back all business/history/journal changes (1.412584ms)
✔ stale transaction revision rejects even after proposed writes and rolls back (1.07325ms)
✔ expired HOLD persists completed provider truth but not reservation or stock resurrection (8.206834ms)
✔ missing GEAR witness blocks completed projection in actual repository path (1.09475ms)
✔ missing WEAR witness blocks completed projection in actual repository path (1.515334ms)
✔ DB time is sampled after locks and before first business write (4.282875ms)
✔ transfer deadline crossing during source lock wait blocks at final decision (11.336333ms)
✔ PENDING repository transition keeps hold witness and TTL (1.003875ms)
✔ FAILED repository transition keeps hold witness and TTL (0.405625ms)
✔ CANCELED repository transition keeps hold witness and TTL (0.419542ms)
✔ normal or production database name is blocked before business lock (0.178333ms)
✔ source mutation blocks and performs no updates; attempt/version mismatch does not acquire source locks (0.423917ms)
✔ production constructor/method gate and no ambient HTTP (0.931459ms)
✔ same observation proof does not cross from Square Sandbox to a simulation booking (0.184834ms)
✔ expiry after first write is fenced by SQL and rolls back; same key later records blocked truth (1.208917ms)
✔ new R12 generation of an already projected observation links a new receipt without business/audit replay (1.725209ms)
✔ new job reference cannot borrow an old projection receipt without current source verification (0.604041ms)
✔ tampered saved result is rejected rather than returned as trusted internal data (0.431042ms)
✔ provider truth accepts PENDING as a proposal, UNKNOWN is local knowledge only (8.58475ms)
✔ provider truth accepts COMPLETED as a proposal, UNKNOWN is local knowledge only (0.221834ms)
✔ provider truth accepts FAILED as a proposal, UNKNOWN is local knowledge only (0.103292ms)
✔ provider truth accepts CANCELED as a proposal, UNKNOWN is local knowledge only (0.083458ms)
✔ evidence mismatch blocks providerId (0.078292ms)
✔ evidence mismatch blocks referenceId (0.067458ms)
✔ evidence mismatch blocks idempotencyKey (0.058666ms)
✔ evidence mismatch blocks merchantId (0.053333ms)
✔ evidence mismatch blocks locationId (0.051542ms)
✔ evidence mismatch blocks amountJpy (0.728083ms)
✔ evidence mismatch blocks currency (0.19525ms)
✔ evidence mismatch blocks status (0.404ms)
✔ evidence mismatch blocks updatedAt (0.076833ms)
✔ evidence mismatch blocks completedAt (0.048875ms)
✔ invalid provider response/time null (0.062416ms)
✔ invalid provider response/time {} (0.043084ms)
✔ invalid provider response/time {"providerId":"payment-fixture","referen (0.563958ms)
✔ invalid provider response/time {"providerId":"payment-fixture","referen (0.156541ms)
✔ invalid provider response/time {"providerId":"payment-fixture","referen (0.362125ms)
✔ invalid provider response/time {"providerId":"payment-fixture","referen (0.162208ms)
✔ duplicate fingerprint is canonical across key order and time zone; no receipt time in decision identity (0.339916ms)
✔ COMPLETED plus stale PENDING cannot downgrade; equal-time PENDING to COMPLETED is existing accepted behavior (0.140458ms)
✔ FAILED terminal does not restart, contradictory COMPLETED requires review (0.115209ms)
✔ CANCELED terminal does not restart, contradictory COMPLETED requires review (0.07975ms)
✔ retry budget is deterministic/bounded; input errors are not silently clamped (0.440875ms)
✔ receiver -> durable signal -> dispatcher -> one payment job: dedupe and out-of-order coalesce; no lookup before ACK (40.106042ms)
✔ two workers, crash after claim, lease expiry and stale finalize fencing (shared-store fixture) (0.207167ms)
✔ dispatcher crash is atomic; future signal remains eligible after restart (0.104ms)
✔ crash after provider response before finalize performs another read under new lease, never another payment (0.217ms)
✔ lost finalize response after commit is recoverable by durable state without another lookup (0.133125ms)
✔ new signal during lookup remains READY work; terminal receives new generation without reversing old job (1.020541ms)
✔ AUTH_BLOCKED stays BLOCKED across new events; no automatic restart (0.433208ms)
✔ RATE_LIMITED stays BLOCKED across new events; no automatic restart (0.186583ms)
✔ NOT_FOUND_BLOCKED stays BLOCKED across new events; no automatic restart (0.144333ms)
✔ INVALID_RESPONSE_BLOCKED stays BLOCKED across new events; no automatic restart (0.137083ms)
✔ EVIDENCE_MISMATCH_BLOCKED stays BLOCKED across new events; no automatic restart (0.129875ms)
✔ NETWORK_RETRYABLE retries only when due; cap5 never resets on event (0.451458ms)
✔ PROVIDER_5XX_RETRYABLE retries only when due; cap5 never resets on event (0.301667ms)
✔ PENDING is not a terminal job; pending duplicate polls within budget and can reach COMPLETED (0.521333ms)
✔ deadline, final-attempt crash and fixture timeout are bounded with no real wait (0.316625ms)
✔ missing/wrong context stops before lookup; stale after context read also stops (0.266834ms)
✔ conflicting redelivery invalidates live lease and prevents automatic generation (0.616375ms)
✔ Square fixture HTTP401 -> AUTH_BLOCKED (0.32875ms)
✔ Square fixture HTTP403 -> AUTH_BLOCKED (0.079ms)
✔ Square fixture HTTP429 -> RATE_LIMITED (0.051625ms)
✔ Square fixture HTTP404 -> NOT_FOUND_BLOCKED (0.047291ms)
✔ Square fixture HTTP500 -> PROVIDER_5XX_RETRYABLE (0.05575ms)
✔ Square fixture HTTP503 -> PROVIDER_5XX_RETRYABLE (0.050708ms)
✔ Square fixture HTTP400 -> INVALID_RESPONSE_BLOCKED (0.0505ms)
✔ Square fixture HTTP302 -> INVALID_RESPONSE_BLOCKED (0.053209ms)
✔ Square fixture normalized observations, malformed response and network failures never leak raw payload/error (0.482667ms)
✔ worker fake-only path never invokes ambient fetch; diagnostics have no raw body/session/credential (0.334209ms)
✔ duplicate internal truth cannot bypass a contradictory FAILED business context (0.230417ms)
✔ AUTH_BLOCKED stops remaining batch and persists merchant circuit for new payments (0.468584ms)
✔ RATE_LIMITED stops remaining batch and persists merchant circuit for new payments (0.098375ms)
✔ internal stop codes and malformed provider port output are invalid response, not provider authority (0.141875ms)
✔ unlinked hash-conflicted inbox signal does not become a job in dispatcher fixture (0.034958ms)
✔ stale PENDING while newer PENDING exists remains retry work, not terminal (0.182334ms)
✔ cutoff crossed inside lookup cannot store an accepted observation (0.080083ms)
✔ R2 SDK transport fixture: private immutable object, conditional replay, no public ACL or default network (30.548333ms)
✔ R2 presigning uses SDK and bounded original-only tickets; rights withdrawal requires matched purge receipt (14.12725ms)
✔ owner rules use independent explicit targets and +1cm, no DIN or BSL computation (0.725542ms)
✔ 145/150/155, anchored direction choice and deterministic shorter tie (0.15975ms)
✔ original absolute window includes both boundaries and excludes one centimetre outside (0.048541ms)
✔ real exact-size variant IDs, no age/class substitution, no hidden larger boots or text guessing (0.314958ms)
✔ snowboard does not require detailed age/weight/level, ski age13 boundary and forged fields reject (3.148542ms)
✔ Argon2id has independent salts and verifies only the supplied password (218.586208ms)
✔ canonical email is case/outer-space stable; password policy adds no composition rules (0.249542ms)
✔ role, permission and ALL scope are independently required for staff management (0.062208ms)
✔ staff input cannot grant unimplemented refund permissions or forge subject (0.372209ms)
✔ ordinary runtime without owned development connection fails closed and cannot attach a remote DB (0.159ms)
ℹ tests 261
ℹ suites 0
ℹ pass 261
ℹ fail 0
ℹ cancelled 0
ℹ skipped 0
ℹ todo 0
ℹ duration_ms 3877.779167
