✔ unmodified BookingService: COMPLETED protects stock/booking from delayed PENDING/FAILED; engine does not apply either (7.89075ms)
✔ unmodified BookingService FAILED contradictory completion goes to review; engine blocks (0.191791ms)
✔ unmodified BookingService CANCELED contradictory completion goes to review; engine blocks (0.142833ms)
✔ ACCEPT_COMPLETED is not booking confirmation: unmodified BookingService still refuses expired HOLD (0.1965ms)
✔ unmodified BookingService valid PENDING->COMPLETED still confirms only through old inventory/price boundary (0.265542ms)
✔ unmodified BookingService event replay and mismatched identity retain original safeguards (0.601958ms)
✔ dispatcher commit barrier; linkage result cannot escape before committed marker/job/link (0.917458ms)
✔ SQL BEGIN failure rolls back, destroys connection and never retries (0.367125ms)
✔ SQL SET LOCAL failure rolls back, destroys connection and never retries (0.088583ms)
✔ SQL .dispatch( failure rolls back, destroys connection and never retries (0.099708ms)
✔ SQL COMMIT failure rolls back, destroys connection and never retries (0.092417ms)
✔ pool acquisition failure sanitized (0.089958ms)
✔ claim JSON dates/metadata and finalize fencing revision bind safely; diagnostic is bounded/read only (0.329666ms)
✔ static migration26 is additive, grants no runtime, no existing payment/booking/inventory changes (0.264166ms)
✔ static indexed bounded dispatch/claim, one active payment generation, lease/crash/cutoff fences (0.249334ms)
✔ static receiver remains provider/job-dispatch free; worker has no production composition or business write port (0.184ms)
✔ provider truth accepts PENDING as a proposal, UNKNOWN is local knowledge only (25.775125ms)
✔ provider truth accepts COMPLETED as a proposal, UNKNOWN is local knowledge only (0.1845ms)
✔ provider truth accepts FAILED as a proposal, UNKNOWN is local knowledge only (0.125916ms)
✔ provider truth accepts CANCELED as a proposal, UNKNOWN is local knowledge only (0.117584ms)
✔ evidence mismatch blocks providerId (0.097958ms)
✔ evidence mismatch blocks referenceId (0.090875ms)
✔ evidence mismatch blocks idempotencyKey (0.0785ms)
✔ evidence mismatch blocks merchantId (0.0765ms)
✔ evidence mismatch blocks locationId (0.074417ms)
✔ evidence mismatch blocks amountJpy (0.115916ms)
✔ evidence mismatch blocks currency (0.060292ms)
✔ evidence mismatch blocks status (0.05725ms)
✔ evidence mismatch blocks updatedAt (0.048292ms)
✔ evidence mismatch blocks completedAt (0.043667ms)
✔ invalid provider response/time null (0.045959ms)
✔ invalid provider response/time {} (0.039709ms)
✔ invalid provider response/time {"providerId":"payment-fixture","referen (0.039333ms)
✔ invalid provider response/time {"providerId":"payment-fixture","referen (0.056417ms)
✔ invalid provider response/time {"providerId":"payment-fixture","referen (0.057792ms)
✔ invalid provider response/time {"providerId":"payment-fixture","referen (0.03975ms)
✔ duplicate fingerprint is canonical across key order and time zone; no receipt time in decision identity (0.155959ms)
✔ COMPLETED plus stale PENDING cannot downgrade; equal-time PENDING to COMPLETED is existing accepted behavior (0.131708ms)
✔ FAILED terminal does not restart, contradictory COMPLETED requires review (0.120708ms)
✔ CANCELED terminal does not restart, contradictory COMPLETED requires review (0.863959ms)
✔ retry budget is deterministic/bounded; input errors are not silently clamped (0.629042ms)
✔ receiver -> durable signal -> dispatcher -> one payment job: dedupe and out-of-order coalesce; no lookup before ACK (16.382834ms)
✔ two workers, crash after claim, lease expiry and stale finalize fencing (shared-store fixture) (0.36575ms)
✔ dispatcher crash is atomic; future signal remains eligible after restart (0.164625ms)
✔ crash after provider response before finalize performs another read under new lease, never another payment (0.303625ms)
✔ lost finalize response after commit is recoverable by durable state without another lookup (0.167875ms)
✔ new signal during lookup remains READY work; terminal receives new generation without reversing old job (0.563875ms)
✔ AUTH_BLOCKED stays BLOCKED across new events; no automatic restart (0.46375ms)
✔ RATE_LIMITED stays BLOCKED across new events; no automatic restart (0.152167ms)
✔ NOT_FOUND_BLOCKED stays BLOCKED across new events; no automatic restart (0.107125ms)
✔ INVALID_RESPONSE_BLOCKED stays BLOCKED across new events; no automatic restart (0.095ms)
✔ EVIDENCE_MISMATCH_BLOCKED stays BLOCKED across new events; no automatic restart (0.095417ms)
✔ NETWORK_RETRYABLE retries only when due; cap5 never resets on event (0.318041ms)
✔ PROVIDER_5XX_RETRYABLE retries only when due; cap5 never resets on event (0.2125ms)
✔ PENDING is not a terminal job; pending duplicate polls within budget and can reach COMPLETED (0.340959ms)
✔ deadline, final-attempt crash and fixture timeout are bounded with no real wait (0.196041ms)
✔ missing/wrong context stops before lookup; stale after context read also stops (0.182ms)
✔ conflicting redelivery invalidates live lease and prevents automatic generation (0.130041ms)
✔ Square fixture HTTP401 -> AUTH_BLOCKED (0.197958ms)
✔ Square fixture HTTP403 -> AUTH_BLOCKED (2.909208ms)
✔ Square fixture HTTP429 -> RATE_LIMITED (0.062708ms)
✔ Square fixture HTTP404 -> NOT_FOUND_BLOCKED (0.037958ms)
✔ Square fixture HTTP500 -> PROVIDER_5XX_RETRYABLE (0.077ms)
✔ Square fixture HTTP503 -> PROVIDER_5XX_RETRYABLE (0.048292ms)
✔ Square fixture HTTP400 -> INVALID_RESPONSE_BLOCKED (0.031084ms)
✔ Square fixture HTTP302 -> INVALID_RESPONSE_BLOCKED (0.028208ms)
✔ Square fixture normalized observations, malformed response and network failures never leak raw payload/error (0.478458ms)
✔ worker fake-only path never invokes ambient fetch; diagnostics have no raw body/session/credential (0.154041ms)
✔ SQL repository commits INSERTED before resolving and binds exact metadata only (0.983ms)
✔ SQL repository commits DUPLICATE before resolving and binds exact metadata only (0.099959ms)
✔ SQL repository commits HASH_CONFLICT before resolving and binds exact metadata only (0.09775ms)
✔ failure/uncertain BEGIN rolls back/destroys connection, never retries or leaks errors (0.343542ms)
✔ failure/uncertain SET LOCAL rolls back/destroys connection, never retries or leaks errors (0.163958ms)
✔ failure/uncertain square_webhook.receive rolls back/destroys connection, never retries or leaks errors (0.132875ms)
✔ failure/uncertain COMMIT rolls back/destroys connection, never retries or leaks errors (0.162375ms)
✔ unknown database receipt fails before COMMIT (0.167875ms)
✔ SQL claim returns only safe signal/lease metadata; settle binds fencing token and bounded failure code (0.297584ms)
✔ empty queue and successful terminal mark; all transaction paths release (0.171209ms)
✔ static additive migration: environment-scoped durable dedupe, bounded audit/retries, no business/raw payload storage (0.306917ms)
✔ static queue fencing/crash recovery: SKIP LOCKED, expired lease reclaim, bounded attempts, DB clock after lock (0.073084ms)
✔ pool acquisition failure also suppresses credential-bearing diagnostics without retry (0.09375ms)
✔ payment.created signed receipt persists only whitelisted signal metadata (25.394875ms)
✔ payment.updated signed receipt persists only whitelisted signal metadata (0.444791ms)
✔ missing/invalid signature 0 never opens inbox or parses malformed JSON (0.29525ms)
✔ missing/invalid signature 3 never opens inbox or parses malformed JSON (0.263458ms)
✔ missing/invalid signature 44 never opens inbox or parses malformed JSON (0.273167ms)
✔ signed malformed UTF8/JSON/envelope 7b rejects before persistence (1.619417ms)
✔ signed malformed UTF8/JSON/envelope ff rejects before persistence (0.225958ms)
✔ signed malformed UTF8/JSON/envelope 6e756c6c rejects before persistence (0.172458ms)
✔ signed malformed UTF8/JSON/envelope 5b5d rejects before persistence (0.175875ms)
✔ signed malformed UTF8/JSON/envelope 3432 rejects before persistence (0.21175ms)
✔ missing/invalid identity {"type":"payment.updated","merchant_id":"MLKDVEDH1ME21","data":{"objec (0.153875ms)
✔ missing/invalid identity {"event_id":"","type":"payment.updated","merchant_id":"MLKDVEDH1ME21", (0.111583ms)
✔ missing/invalid identity {"event_id":"xxxxxxxxxxxxxxxxxxxxxxxxxxxxxxxxxxxxxxxxxxxxxxxxxxxxxxxxx (0.103ms)
✔ missing/invalid identity {"event_id":"bad\nline","type":"payment.updated","merchant_id":"MLKDVE (0.095333ms)
✔ missing/invalid identity {"event_id":"fixture-event","type":"payment.updated","merchant_id":"", (0.109ms)
✔ missing/invalid identity {"event_id":"fixture-event","merchant_id":"MLKDVEDH1ME21","data":{"obj (0.122ms)
✔ missing/invalid identity {"event_id":"fixture-event","type":"payment.updated","merchant_id":"ML (0.137875ms)
✔ missing/invalid identity {"event_id":"fixture-event","type":"payment.updated","merchant_id":"ML (0.104833ms)
✔ missing/invalid identity {"event_id":"fixture-event","type":"payment.updated","merchant_id":"ML (0.100834ms)
✔ signed wrong merchant rejected for supported and unsupported event (0.164584ms)
✔ unsupported signed correct-merchant envelope is explicitly ignored without a payment ACK/retry loop (0.118334ms)
✔ raw whitespace/order remain signed exactly; request host/forwarded headers cannot replace configured URL (0.292333ms)
✔ oversized body actual limit with content-length undefined (0.215834ms)
✔ oversized body actual limit with content-length 65537 (0.1555ms)
✔ oversized body actual limit with content-length 1 (0.150583ms)
✔ stream read once, exact 64KiB allowed; missing content length does not permit excess chunks (0.67875ms)
✔ stream read failure is redacted and never inserts (1.812875ms)
✔ 20 concurrent deliveries and same stored key after a lost ACK are deduped by fixture repository (4.428042ms)
✔ event ID reuse with different raw hash records conflict and preserves original signal (0.274625ms)
✔ out-of-order updated/created events are separate signals; no provider or business state is available to handler (0.516042ms)
✔ retry headers grant no authority {} (0.406334ms)
✔ retry headers grant no authority {"square-retry-number":"1","square-retry-reason":"http_timeout"} (0.204542ms)
✔ retry headers grant no authority {"square-retry-number":"-999"} (0.16425ms)
✔ ACK waits for successful persistence; DB failure/body details never appear in response or logs (0.470542ms)
✔ method guard and missing config fail closed without pool factory (0.124625ms)
✔ explicit Sandbox Preview config only, fixed merchant/version/dedicated TLS receiver identity, no access-token dependency (0.475042ms)
✔ Next route with official Next server-only alias exports GET405 and unconfigured POST503 in isolated Node (no server/browser/DB) (163.051375ms)
✔ actually absent signature header, not just empty value, is 403 before inbox creation (0.329084ms)
ℹ tests 119
ℹ suites 0
ℹ pass 119
ℹ fail 0
ℹ cancelled 0
ℹ skipped 0
ℹ todo 0
ℹ duration_ms 689.269416
