✔ provider truth accepts PENDING as a proposal, UNKNOWN is local knowledge only (17.619041ms)
✔ provider truth accepts COMPLETED as a proposal, UNKNOWN is local knowledge only (0.138ms)
✔ provider truth accepts FAILED as a proposal, UNKNOWN is local knowledge only (0.112208ms)
✔ provider truth accepts CANCELED as a proposal, UNKNOWN is local knowledge only (0.099ms)
✔ evidence mismatch blocks providerId (0.087584ms)
✔ evidence mismatch blocks referenceId (0.077166ms)
✔ evidence mismatch blocks idempotencyKey (0.072583ms)
✔ evidence mismatch blocks merchantId (0.061ms)
✔ evidence mismatch blocks locationId (0.066708ms)
✔ evidence mismatch blocks amountJpy (0.118542ms)
✔ evidence mismatch blocks currency (0.050375ms)
✔ evidence mismatch blocks status (0.045333ms)
✔ evidence mismatch blocks updatedAt (0.03975ms)
✔ evidence mismatch blocks completedAt (0.039334ms)
✔ invalid provider response/time null (0.042625ms)
✔ invalid provider response/time {} (0.055916ms)
✔ invalid provider response/time {"providerId":"payment-fixture","referen (0.047292ms)
✔ invalid provider response/time {"providerId":"payment-fixture","referen (0.040375ms)
✔ invalid provider response/time {"providerId":"payment-fixture","referen (0.046084ms)
✔ invalid provider response/time {"providerId":"payment-fixture","referen (0.039083ms)
✔ duplicate fingerprint is canonical across key order and time zone; no receipt time in decision identity (0.135708ms)
✔ COMPLETED plus stale PENDING cannot downgrade; equal-time PENDING to COMPLETED is existing accepted behavior (0.12125ms)
✔ FAILED terminal does not restart, contradictory COMPLETED requires review (0.117042ms)
✔ CANCELED terminal does not restart, contradictory COMPLETED requires review (0.104042ms)
✔ retry budget is deterministic/bounded; input errors are not silently clamped (0.477291ms)
✔ receiver -> durable signal -> dispatcher -> one payment job: dedupe and out-of-order coalesce; no lookup before ACK (25.873416ms)
✔ two workers, crash after claim, lease expiry and stale finalize fencing (shared-store fixture) (0.26625ms)
✔ dispatcher crash is atomic; future signal remains eligible after restart (0.13225ms)
✔ crash after provider response before finalize performs another read under new lease, never another payment (0.280458ms)
✔ lost finalize response after commit is recoverable by durable state without another lookup (0.141791ms)
✔ new signal during lookup remains READY work; terminal receives new generation without reversing old job (0.32225ms)
✔ AUTH_BLOCKED stays BLOCKED across new events; no automatic restart (0.179042ms)
✔ RATE_LIMITED stays BLOCKED across new events; no automatic restart (0.074375ms)
✔ NOT_FOUND_BLOCKED stays BLOCKED across new events; no automatic restart (0.066209ms)
✔ INVALID_RESPONSE_BLOCKED stays BLOCKED across new events; no automatic restart (0.061166ms)
✔ EVIDENCE_MISMATCH_BLOCKED stays BLOCKED across new events; no automatic restart (0.056917ms)
✔ NETWORK_RETRYABLE retries only when due; cap5 never resets on event (0.2255ms)
✔ PROVIDER_5XX_RETRYABLE retries only when due; cap5 never resets on event (0.130333ms)
✔ PENDING is not a terminal job; pending duplicate polls within budget and can reach COMPLETED (0.17775ms)
✔ deadline, final-attempt crash and fixture timeout are bounded with no real wait (0.13ms)
✔ missing/wrong context stops before lookup; stale after context read also stops (0.1185ms)
✔ conflicting redelivery invalidates live lease and prevents automatic generation (0.071959ms)
✔ Square fixture HTTP401 -> AUTH_BLOCKED (0.126166ms)
✔ Square fixture HTTP403 -> AUTH_BLOCKED (0.029958ms)
✔ Square fixture HTTP429 -> RATE_LIMITED (0.026333ms)
✔ Square fixture HTTP404 -> NOT_FOUND_BLOCKED (0.021375ms)
✔ Square fixture HTTP500 -> PROVIDER_5XX_RETRYABLE (0.025167ms)
✔ Square fixture HTTP503 -> PROVIDER_5XX_RETRYABLE (0.024167ms)
✔ Square fixture HTTP400 -> INVALID_RESPONSE_BLOCKED (0.028375ms)
✔ Square fixture HTTP302 -> INVALID_RESPONSE_BLOCKED (0.022875ms)
✔ Square fixture normalized observations, malformed response and network failures never leak raw payload/error (0.232042ms)
✔ worker fake-only path never invokes ambient fetch; diagnostics have no raw body/session/credential (0.084792ms)
ℹ tests 52
ℹ suites 0
ℹ pass 52
ℹ fail 0
ℹ cancelled 0
ℹ skipped 0
ℹ todo 0
ℹ duration_ms 350.567125
