✔ unmodified BookingService: COMPLETED protects stock/booking from delayed PENDING/FAILED; engine does not apply either (7.77325ms)
✔ unmodified BookingService FAILED contradictory completion goes to review; engine blocks (0.181458ms)
✔ unmodified BookingService CANCELED contradictory completion goes to review; engine blocks (0.139792ms)
✔ ACCEPT_COMPLETED is not booking confirmation: unmodified BookingService still refuses expired HOLD (0.190958ms)
✔ unmodified BookingService valid PENDING->COMPLETED still confirms only through old inventory/price boundary (0.267833ms)
✔ unmodified BookingService event replay and mismatched identity retain original safeguards (0.55325ms)
✔ dispatcher commit barrier; linkage result cannot escape before committed marker/job/link (1.093834ms)
✔ SQL BEGIN failure rolls back, destroys connection and never retries (0.33775ms)
✔ SQL SET LOCAL failure rolls back, destroys connection and never retries (0.092958ms)
✔ SQL .dispatch( failure rolls back, destroys connection and never retries (0.106292ms)
✔ SQL COMMIT failure rolls back, destroys connection and never retries (0.097541ms)
✔ pool acquisition failure sanitized (0.082375ms)
✔ claim JSON dates/metadata and finalize fencing revision bind safely; diagnostic is bounded/read only (0.345625ms)
✔ static migration26 is additive, grants no runtime, no existing payment/booking/inventory changes (0.238666ms)
✔ static indexed bounded dispatch/claim, one active payment generation, lease/crash/cutoff fences (0.206625ms)
✔ static receiver remains provider/job-dispatch free; worker has no production composition or business write port (0.188958ms)
✔ read-only expected context uses merchant/provider binding; batch is one query not one per job (0.329791ms)
✔ merchant auth/quota stop is durable with no reset function or fresh-event bypass (0.097667ms)
✔ provider truth accepts PENDING as a proposal, UNKNOWN is local knowledge only (25.179208ms)
✔ provider truth accepts COMPLETED as a proposal, UNKNOWN is local knowledge only (0.176667ms)
✔ provider truth accepts FAILED as a proposal, UNKNOWN is local knowledge only (0.128167ms)
✔ provider truth accepts CANCELED as a proposal, UNKNOWN is local knowledge only (0.104166ms)
✔ evidence mismatch blocks providerId (0.084542ms)
✔ evidence mismatch blocks referenceId (0.085167ms)
✔ evidence mismatch blocks idempotencyKey (0.078208ms)
✔ evidence mismatch blocks merchantId (0.061917ms)
✔ evidence mismatch blocks locationId (0.072959ms)
✔ evidence mismatch blocks amountJpy (0.102417ms)
✔ evidence mismatch blocks currency (0.05425ms)
✔ evidence mismatch blocks status (0.045541ms)
✔ evidence mismatch blocks updatedAt (0.041208ms)
✔ evidence mismatch blocks completedAt (0.042833ms)
✔ invalid provider response/time null (0.045ms)
✔ invalid provider response/time {} (0.039583ms)
✔ invalid provider response/time {"providerId":"payment-fixture","referen (0.039083ms)
✔ invalid provider response/time {"providerId":"payment-fixture","referen (0.0565ms)
✔ invalid provider response/time {"providerId":"payment-fixture","referen (0.057334ms)
✔ invalid provider response/time {"providerId":"payment-fixture","referen (0.04275ms)
✔ duplicate fingerprint is canonical across key order and time zone; no receipt time in decision identity (0.537209ms)
✔ COMPLETED plus stale PENDING cannot downgrade; equal-time PENDING to COMPLETED is existing accepted behavior (0.214041ms)
✔ FAILED terminal does not restart, contradictory COMPLETED requires review (0.150833ms)
✔ CANCELED terminal does not restart, contradictory COMPLETED requires review (0.098667ms)
✔ retry budget is deterministic/bounded; input errors are not silently clamped (0.511291ms)
✔ receiver -> durable signal -> dispatcher -> one payment job: dedupe and out-of-order coalesce; no lookup before ACK (22.073ms)
✔ two workers, crash after claim, lease expiry and stale finalize fencing (shared-store fixture) (0.300041ms)
✔ dispatcher crash is atomic; future signal remains eligible after restart (0.141584ms)
✔ crash after provider response before finalize performs another read under new lease, never another payment (0.288458ms)
✔ lost finalize response after commit is recoverable by durable state without another lookup (0.15875ms)
✔ new signal during lookup remains READY work; terminal receives new generation without reversing old job (0.392125ms)
✔ AUTH_BLOCKED stays BLOCKED across new events; no automatic restart (0.19325ms)
✔ RATE_LIMITED stays BLOCKED across new events; no automatic restart (0.080459ms)
✔ NOT_FOUND_BLOCKED stays BLOCKED across new events; no automatic restart (0.075209ms)
✔ INVALID_RESPONSE_BLOCKED stays BLOCKED across new events; no automatic restart (0.073708ms)
✔ EVIDENCE_MISMATCH_BLOCKED stays BLOCKED across new events; no automatic restart (0.06475ms)
✔ NETWORK_RETRYABLE retries only when due; cap5 never resets on event (0.220333ms)
✔ PROVIDER_5XX_RETRYABLE retries only when due; cap5 never resets on event (0.150958ms)
✔ PENDING is not a terminal job; pending duplicate polls within budget and can reach COMPLETED (0.272209ms)
✔ deadline, final-attempt crash and fixture timeout are bounded with no real wait (0.150333ms)
✔ missing/wrong context stops before lookup; stale after context read also stops (0.133292ms)
✔ conflicting redelivery invalidates live lease and prevents automatic generation (0.092208ms)
✔ Square fixture HTTP401 -> AUTH_BLOCKED (0.144583ms)
✔ Square fixture HTTP403 -> AUTH_BLOCKED (0.034917ms)
✔ Square fixture HTTP429 -> RATE_LIMITED (0.0285ms)
✔ Square fixture HTTP404 -> NOT_FOUND_BLOCKED (0.024125ms)
✔ Square fixture HTTP500 -> PROVIDER_5XX_RETRYABLE (0.029667ms)
✔ Square fixture HTTP503 -> PROVIDER_5XX_RETRYABLE (0.026125ms)
✔ Square fixture HTTP400 -> INVALID_RESPONSE_BLOCKED (0.025792ms)
✔ Square fixture HTTP302 -> INVALID_RESPONSE_BLOCKED (0.024375ms)
✔ Square fixture normalized observations, malformed response and network failures never leak raw payload/error (0.240958ms)
✔ worker fake-only path never invokes ambient fetch; diagnostics have no raw body/session/credential (0.098625ms)
✔ duplicate internal truth cannot bypass a contradictory FAILED business context (0.067042ms)
✔ AUTH_BLOCKED stops remaining batch and persists merchant circuit for new payments (0.173333ms)
✔ RATE_LIMITED stops remaining batch and persists merchant circuit for new payments (0.080083ms)
✔ internal stop codes and malformed provider port output are invalid response, not provider authority (0.113791ms)
✔ unlinked hash-conflicted inbox signal does not become a job in dispatcher fixture (0.033792ms)
✔ stale PENDING while newer PENDING exists remains retry work, not terminal (0.150125ms)
✔ cutoff crossed inside lookup cannot store an accepted observation (0.089875ms)
✔ SQL repository commits INSERTED before resolving and binds exact metadata only (1.031959ms)
✔ SQL repository commits DUPLICATE before resolving and binds exact metadata only (0.123417ms)
✔ SQL repository commits HASH_CONFLICT before resolving and binds exact metadata only (0.11825ms)
✔ failure/uncertain BEGIN rolls back/destroys connection, never retries or leaks errors (0.367625ms)
✔ failure/uncertain SET LOCAL rolls back/destroys connection, never retries or leaks errors (0.108667ms)
✔ failure/uncertain square_webhook.receive rolls back/destroys connection, never retries or leaks errors (0.117583ms)
✔ failure/uncertain COMMIT rolls back/destroys connection, never retries or leaks errors (0.111958ms)
✔ unknown database receipt fails before COMMIT (0.123ms)
✔ SQL claim returns only safe signal/lease metadata; settle binds fencing token and bounded failure code (0.354667ms)
✔ empty queue and successful terminal mark; all transaction paths release (0.161875ms)
✔ static additive migration: environment-scoped durable dedupe, bounded audit/retries, no business/raw payload storage (0.221ms)
✔ static queue fencing/crash recovery: SKIP LOCKED, expired lease reclaim, bounded attempts, DB clock after lock (0.077875ms)
✔ pool acquisition failure also suppresses credential-bearing diagnostics without retry (0.083959ms)
✔ payment.created signed receipt persists only whitelisted signal metadata (21.573125ms)
✔ payment.updated signed receipt persists only whitelisted signal metadata (0.465083ms)
✔ missing/invalid signature 0 never opens inbox or parses malformed JSON (0.309958ms)
✔ missing/invalid signature 3 never opens inbox or parses malformed JSON (0.279792ms)
✔ missing/invalid signature 44 never opens inbox or parses malformed JSON (1.368333ms)
✔ signed malformed UTF8/JSON/envelope 7b rejects before persistence (0.406375ms)
✔ signed malformed UTF8/JSON/envelope ff rejects before persistence (0.222584ms)
✔ signed malformed UTF8/JSON/envelope 6e756c6c rejects before persistence (0.17175ms)
✔ signed malformed UTF8/JSON/envelope 5b5d rejects before persistence (0.175209ms)
✔ signed malformed UTF8/JSON/envelope 3432 rejects before persistence (0.212167ms)
✔ missing/invalid identity {"type":"payment.updated","merchant_id":"MLKDVEDH1ME21","data":{"objec (0.15375ms)
✔ missing/invalid identity {"event_id":"","type":"payment.updated","merchant_id":"MLKDVEDH1ME21", (0.1195ms)
✔ missing/invalid identity {"event_id":"xxxxxxxxxxxxxxxxxxxxxxxxxxxxxxxxxxxxxxxxxxxxxxxxxxxxxxxxx (0.099541ms)
✔ missing/invalid identity {"event_id":"bad\nline","type":"payment.updated","merchant_id":"MLKDVE (0.101041ms)
✔ missing/invalid identity {"event_id":"fixture-event","type":"payment.updated","merchant_id":"", (0.110167ms)
✔ missing/invalid identity {"event_id":"fixture-event","merchant_id":"MLKDVEDH1ME21","data":{"obj (0.135417ms)
✔ missing/invalid identity {"event_id":"fixture-event","type":"payment.updated","merchant_id":"ML (0.139792ms)
✔ missing/invalid identity {"event_id":"fixture-event","type":"payment.updated","merchant_id":"ML (0.113917ms)
✔ missing/invalid identity {"event_id":"fixture-event","type":"payment.updated","merchant_id":"ML (0.101041ms)
✔ signed wrong merchant rejected for supported and unsupported event (0.184875ms)
✔ unsupported signed correct-merchant envelope is explicitly ignored without a payment ACK/retry loop (0.133916ms)
✔ raw whitespace/order remain signed exactly; request host/forwarded headers cannot replace configured URL (0.272125ms)
✔ oversized body actual limit with content-length undefined (0.220958ms)
✔ oversized body actual limit with content-length 65537 (0.154375ms)
✔ oversized body actual limit with content-length 1 (0.158875ms)
✔ stream read once, exact 64KiB allowed; missing content length does not permit excess chunks (0.71175ms)
✔ stream read failure is redacted and never inserts (0.187833ms)
✔ 20 concurrent deliveries and same stored key after a lost ACK are deduped by fixture repository (1.7985ms)
✔ event ID reuse with different raw hash records conflict and preserves original signal (0.284625ms)
✔ out-of-order updated/created events are separate signals; no provider or business state is available to handler (1.661208ms)
✔ retry headers grant no authority {} (0.238541ms)
✔ retry headers grant no authority {"square-retry-number":"1","square-retry-reason":"http_timeout"} (2.011ms)
✔ retry headers grant no authority {"square-retry-number":"-999"} (0.565041ms)
✔ ACK waits for successful persistence; DB failure/body details never appear in response or logs (0.903333ms)
✔ method guard and missing config fail closed without pool factory (0.135459ms)
✔ explicit Sandbox Preview config only, fixed merchant/version/dedicated TLS receiver identity, no access-token dependency (0.267958ms)
✔ Next route with official Next server-only alias exports GET405 and unconfigured POST503 in isolated Node (no server/browser/DB) (174.76525ms)
✔ actually absent signature header, not just empty value, is 403 before inbox creation (0.330167ms)
ℹ tests 128
ℹ suites 0
ℹ pass 128
ℹ fail 0
ℹ cancelled 0
ℹ skipped 0
ℹ todo 0
ℹ duration_ms 593.325875
