✔ operator two browser request callbacks dispatch only once; fsynced record survives response loss (35.050791ms)
✔ separate operator processes race for the same reservation: exactly one wins (61.173125ms)
✔ operator two browser request callbacks dispatch only once; fsynced record survives response loss (36.70925ms)
✔ separate operator processes race for the same reservation: exactly one wins (61.101084ms)
✔ R6 pure preflight exposes only flags/enums and requires no merchant metadata (1.109709ms)
✔ R6 blocks DEPLOYMENT_NOT_PREVIEW before fetch VERCEL_ENV (22.759ms)
✔ R6 blocks NOT_SANDBOX before fetch SQUARE_ENVIRONMENT (0.535666ms)
✔ R6 blocks API_VERSION_MISMATCH before fetch SQUARE_API_VERSION (0.31075ms)
✔ R6 blocks APPLICATION_ID_INVALID before fetch SQUARE_SANDBOX_APPLICATION_ID (0.31875ms)
✔ R6 blocks APPLICATION_ID_INVALID before fetch SQUARE_SANDBOX_APPLICATION_ID (3.890458ms)
✔ R6 blocks LOCATION_ID_INVALID before fetch SQUARE_SANDBOX_LOCATION_ID (0.362666ms)
✔ R6 blocks LOCATION_ID_INVALID before fetch SQUARE_SANDBOX_LOCATION_ID (0.425167ms)
✔ R6 blocks CREDENTIAL_MISSING before fetch SQUARE_SANDBOX_ACCESS_TOKEN (0.24925ms)
✔ R6 blocks CREDENTIAL_FORMAT_INVALID before fetch SQUARE_SANDBOX_ACCESS_TOKEN (0.221625ms)
✔ R6 blocks PUBLIC_CREDENTIAL_EXPOSURE before fetch NEXT_PUBLIC_SQUARE_ACCESS_TOKEN (0.2395ms)
✔ R6 blocks CONFIGURATION_INVALID before fetch SQUARE_SANDBOX_MERCHANT_ID (0.201958ms)
✔ R6 blocks CONFIGURATION_INVALID before fetch SQUARE_SANDBOX_NOTIFICATION_URL (0.153375ms)
✔ R6 catches credentials reflected in unrelated NEXT_PUBLIC keys without returning values (0.065084ms)
✔ R6 GET preflight repeats safely; production and wrong intent are rejected (0.288125ms)
✔ R6 validates body, exact same-origin browser intent and method before dispatch (0.568875ms)
✔ R6 PASS and concurrent streamed one-shot issue only two exact Sandbox fetches (7.496583ms)
✔ R6 merchant failures terminate before locations and cannot be retried (3.826292ms)
✔ R6 location mismatch/state/capability results preserve their bounded evidence (6.231584ms)
✔ R6 network/unknown outcome stays structured and never retries (0.286917ms)
✔ R6 reflected token and raw provider diagnostics never appear in safe output (0.354625ms)
✔ R6 unexpected pre-dispatch internal exception has structured zero-dispatch output (0.160625ms)
✔ Square S1 service performs only exact two read-only Sandbox lookups on happy path (26.378167ms)
✔ Square S1 service fails fast on merchant lookup auth/429/5xx/network/timeout/schema and does not call locations (34.642084ms)
✔ Square S1 service enforces merchant active/Japanese/JPY and configured main location (0.830542ms)
✔ Square S1 service validates configured location state/currency/country/merchant and card capability (1.418542ms)
✔ Square S1 transport rejects non-identity endpoints, queries, and payment paths before credential read (0.401042ms)
✔ Square S1 acceptance blocks non-sandbox, non-POST, missing intent, and body/query inputs before fetch (1.501958ms)
✔ Square S1 acceptance rejects VERCEL_ENV=production even when SQUARE_ENVIRONMENT is SANDBOX (0.107208ms)
✔ Square S1 transport enforces strict identity headers/credentials and rejects redirect responses before body parse (0.160875ms)
✔ Square S1 acceptance redacts its actual injected synthetic token reflected in merchant identity (0.347792ms)
✔ Square S1 transport fails closed on oversized location payload (1.39825ms)
✔ Square S1 transport fails schema when provider content-type is not application/json (0.131875ms)
✔ Square S1 acceptance never exposes raw provider diagnostic body (0.261125ms)
✔ Square S1 acceptance hides secret fields and does not surface raw provider payload in response (0.302875ms)
✔ Square S1 acceptance applies an in-instance once guard without distributed semantics (0.427292ms)
✔ Square S1 accepts an empty streamed POST from Next Node adapter; concurrent duplicate never sends more than two calls in one instance (0.488709ms)
✔ R9 immutable manifest and fingerprint match; any identity/amount/source/key change fails (8.416833ms)
✔ R9 preflight is provider-free, booleans/enums only; local guard verification is explicitly separate (22.730042ms)
✔ R9 runtime preflight blocks VERCEL_ENV production (0.369792ms)
✔ R9 runtime preflight blocks VERCEL_ENV undefined (0.307833ms)
✔ R9 runtime preflight blocks SQUARE_ENVIRONMENT PRODUCTION (0.569833ms)
✔ R9 runtime preflight blocks SQUARE_API_VERSION 2025-01-01 (0.310709ms)
✔ R9 runtime preflight blocks SQUARE_SANDBOX_MERCHANT_ID other (1.057584ms)
✔ R9 runtime preflight blocks SQUARE_SANDBOX_APPLICATION_ID undefined (0.205166ms)
✔ R9 runtime preflight blocks SQUARE_SANDBOX_LOCATION_ID undefined (0.198334ms)
✔ R9 runtime preflight blocks SQUARE_SANDBOX_ACCESS_TOKEN undefined (0.239625ms)
✔ R9 runtime preflight blocks SQUARE_SANDBOX_ACCESS_TOKEN invalid token (0.149042ms)
✔ R9 runtime preflight blocks NEXT_PUBLIC_SQUARE_ACCESS_TOKEN fixture-public (0.202375ms)
✔ R9 client body/query/method/origin/intent cannot supply payment parameters (0.630666ms)
✔ R9 exact completed payment PASS uses one create and zero unnecessary lookup (6.423833ms)
✔ R9 same-instance concurrent empty streams allow one controlled create (1.233458ms)
✔ R9 pending safe ID allows exactly one conditional GET; same key is never POSTed twice (0.868375ms)
✔ R9 still-pending lookup stops; malformed or absent provider ID never looks up (4.445375ms)
✔ R9 money/reference/location mismatches fail without lookup (3.50825ms)
✔ R9 missing/invalid completion date is not PASS; one safe-ID lookup still must satisfy timestamps (0.948625ms)
✔ R9 lookup ID mismatch cannot establish PASS (0.333708ms)
✔ R9 HTTP 401 stops without retry (0.42125ms)
✔ R9 HTTP 403 stops without retry (0.262125ms)
✔ R9 HTTP 429 stops without retry (3.816875ms)
✔ R9 HTTP 400 stops without retry (0.675334ms)
✔ R9 HTTP 500 stops without retry (0.267875ms)
✔ R9 network/parse/secret-reflection failures never leak raw response or exception (0.723834ms)
✔ R9 timeout aborts and preserves UNKNOWN; ignored transport does not create a retry (12.069583ms)
✔ R9 narrow transport rejects Production, refund, S1, query, wrong source/key/amount before credential access (0.331417ms)
✔ R10 immutable manifest pins existing payment/100JPY/key/reason and rejects altered identity (10.535875ms)
✔ R10 preflight has no provider call and exposes only safe flags/enums (35.32ms)
✔ R10 preflight blocks VERCEL_ENV production (0.480417ms)
✔ R10 preflight blocks VERCEL_ENV undefined (0.356583ms)
✔ R10 preflight blocks SQUARE_ENVIRONMENT PRODUCTION (0.4045ms)
✔ R10 preflight blocks SQUARE_API_VERSION 2025-01-01 (0.298ms)
✔ R10 preflight blocks SQUARE_SANDBOX_MERCHANT_ID other (0.268125ms)
✔ R10 preflight blocks SQUARE_SANDBOX_APPLICATION_ID undefined (1.477916ms)
✔ R10 preflight blocks SQUARE_SANDBOX_LOCATION_ID undefined (0.536792ms)
✔ R10 preflight blocks SQUARE_SANDBOX_ACCESS_TOKEN undefined (0.353209ms)
✔ R10 preflight blocks SQUARE_SANDBOX_ACCESS_TOKEN invalid token (0.339208ms)
✔ R10 preflight blocks NEXT_PUBLIC_SQUARE_ACCESS_TOKEN fixture-public (0.288083ms)
✔ R10 operator cannot inject payment/amount/key/location/query/body/method/origin (1.325625ms)
✔ R10 successful lookup then exact full refund: 1GET/1POST/0conditional, no CreatePayment (12.112292ms)
✔ R10 same-instance concurrent operator requests allow one whole workflow (0.557625ms)
✔ R10 mismatched or previously refunded Payment blocks refund and keeps GET budget1 (4.431375ms)
✔ R10 malformed Payment or contradictory errors cannot authorize refund (3.029584ms)
✔ R10 only valid PENDING refund permits exactly one bound GetRefund (1.574334ms)
✔ R10 malformed/mismatching/failed refund never triggers green-check lookup (2.515042ms)
✔ R10 conditional refund lookup must preserve exact refund ID and all evidence (5.78725ms)
✔ R10 payment HTTP401 stops without automatic/manual retry (0.368167ms)
✔ R10 payment HTTP403 stops without automatic/manual retry (0.186916ms)
✔ R10 payment HTTP429 stops without automatic/manual retry (0.172958ms)
✔ R10 payment HTTP404 stops without automatic/manual retry (0.170792ms)
✔ R10 payment HTTP400 stops without automatic/manual retry (0.1715ms)
✔ R10 payment HTTP500 stops without automatic/manual retry (0.158875ms)
✔ R10 refund HTTP401 stops without automatic/manual retry (0.257417ms)
✔ R10 refund HTTP403 stops without automatic/manual retry (0.25725ms)
✔ R10 refund HTTP429 stops without automatic/manual retry (0.277792ms)
✔ R10 refund HTTP404 stops without automatic/manual retry (0.285083ms)
✔ R10 refund HTTP400 stops without automatic/manual retry (0.276541ms)
✔ R10 refund HTTP500 stops without automatic/manual retry (0.274416ms)
✔ R10 refundLookup HTTP401 stops without automatic/manual retry (0.309458ms)
✔ R10 refundLookup HTTP403 stops without automatic/manual retry (0.313458ms)
✔ R10 refundLookup HTTP429 stops without automatic/manual retry (0.314583ms)
✔ R10 refundLookup HTTP404 stops without automatic/manual retry (0.300875ms)
✔ R10 refundLookup HTTP400 stops without automatic/manual retry (0.300791ms)
✔ R10 refundLookup HTTP500 stops without automatic/manual retry (0.311625ms)
✔ R10 socket/parse/response loss stops at current call and never emits raw secrets (1.777583ms)
✔ R10 reflected refund ID cannot leak server token or trigger lookup (0.368791ms)
✔ R10 per-call timeout aborts even ignored fetch and never retries a refund (74.693083ms)
✔ R10 strict transport rejects wrong origin/ID/method/amount/key/reason before dispatch (0.698708ms)
✔ existing SandboxRefundTrial field checks remain isolated from R10 fixed reason/journal (0.2765ms)
✔ equipment input accepts one immutable whole Asset ID, never reservation payload or inferred identities (0.724125ms)
✔ P5-F1 runtime root keys resist even an accidental same-purpose message collision (2.839625ms)
✔ P5-F1 preserves the P4 read root vector and deterministic recovery replay; no default weak secret (0.510667ms)
✔ unmodified BookingService: COMPLETED protects stock/booking from delayed PENDING/FAILED; engine does not apply either (9.6175ms)
✔ unmodified BookingService FAILED contradictory completion goes to review; engine blocks (0.231417ms)
✔ unmodified BookingService CANCELED contradictory completion goes to review; engine blocks (0.152166ms)
✔ ACCEPT_COMPLETED is not booking confirmation: unmodified BookingService still refuses expired HOLD (0.203584ms)
✔ unmodified BookingService valid PENDING->COMPLETED still confirms only through old inventory/price boundary (0.284458ms)
✔ unmodified BookingService event replay and mismatched identity retain original safeguards (0.617208ms)
✔ name and quantity alone keep seasonal ambiguity and units/intention unresolved; no invented SKU or stock (12.93025ms)
✔ exact sport/season/SKU narrows candidates without changing historical facts; repeated source is deterministic (8.970917ms)
✔ content CSV quotes/BOM/newlines, SET/KEEP/CLEAR and machine round-trip preserve literal values (8.376125ms)
✔ same target is atomic; valid other target survives forbidden price, HTML, duplicate and stale rows (0.959667ms)
✔ stored plan rejects stale revision and tampering; no stock or price fields can be changed (0.435208ms)
✔ CSV bounds and human formula escaping remain separate from machine export (2.91875ms)
✔ private release plans exact revisions and applies complete manifest/current/audit/outbox result atomically in fixture (8.310916ms)
✔ stale draft, current pointer, media checksum or expired rights cannot reuse a prior validation (1.007917ms)
✔ no partial release or hidden language fallback; internal/unprocessed photos and stale translation reject (0.600791ms)
✔ restore creates a new private release and rechecks current rights/commercial mapping; never rewrites history (0.369541ms)
✔ server-stored bulk plan commits good targets and preserves invalid ones; idempotent response loss does not repeat revisions (17.519667ms)
✔ two editors of same revision: only one commits; old immutable content remains (0.57775ms)
✔ revocation after lock wait stops a previously authorized edit and replay (0.180083ms)
✔ release current/audit/outbox commit once; another actor cannot steal a prepared plan (0.818ms)
✔ rights or draft change after release preview fails without partial pointer/outbox update (0.859083ms)
✔ anonymous and empty identities are denied on server (0.716ms)
✔ customer cannot enter staff or admin; staff cannot enter admin (0.08325ms)
✔ explicit allowed role is accepted (0.061208ms)
✔ telemetry only accepts foundation events (0.14575ms)
✔ worktree paths separate stable DB, role, ports and seed namespace (0.13725ms)
✔ occupied port fails rather than attaching to existing service (9.245417ms)
✔ ambient database target is refused without revealing it (0.119625ms)
S01_SCHEMA_MAX_BYTES [29965,30032,30074,30158]
✔ current schema maxima plus normal HOLD/amend/quote wrappers fit finite40KiB UTF8 (38.125667ms)
✔ readJson counts actual split UTF8 stream, ignores declared length, cancels overflow (12.802209ms)
✔ same scope continuation has future expiry and preserves all saved conditions/fingerprints (10.466542ms)
✔ single-member candidate validates full group scope and exact member/version (0.308375ms)
✔ after-close changed non-size conditions fall back to new intake; future new conditions accepted (0.32875ms)
✔ expiry, due, fixed/payment/attention and unproven acceptance are never exceptions (0.252833ms)
✔ Tokyo golden AM/PM, whole-date occupancy, month/year boundaries and inclusive ten days (5.603459ms)
✔ bundle completeness, forbidden client expiry/identity, unique group member and variant candidates (1.075542ms)
✔ period solver finds flexible A155 constrained B150; bounded exhaustion is indeterminate (7.604167ms)
✔ payment contract never converts UNKNOWN to failure or late success to inventory confirmation (0.097042ms)
✔ E07 contract: 17:00 schedule is no receipt; sealed/departed additions denied; protected receipt still needs E07 (0.092708ms)
✔ cross-store source custody fence overlaps all later use, but not an earlier unrelated date (0.237917ms)
✔ pool timeout wording changes preserve bounded outcomes on read acquisition and write preflight (19.857291ms)
✔ coded authentication or permission errors and unknown failures never become retryable timeouts or leak details (0.205625ms)
✔ new intake separates contract start, same-day deadline and immutable conditions (18.740959ms)
✔ future quotes keep start bound; no backdated MULTIDAY or after-close first-day intake (0.147458ms)
✔ ledger lexical cm equivalence, never missing/other units or unknown sizes (0.158208ms)
✔ missing or invalid server write authorizer fails closed before any database access (0.743417ms)
✔ missing or invalid stock reconciler is rejected before any database access (0.104083ms)
✔ P5 media backup requires exact private encrypted off-host manifest and actual restore acknowledgement (9.381458ms)
✔ real decoder re-encodes and strips EXIF; identical bytes never inherit binding rights (138.101708ms)
✔ traversal, disguised SVG/HTML, extension mismatch, invalid decode and duplicate filename reject before any storage (9.060875ms)
✔ P0 bounded320/640/960/1440/1920 WebP and JPEG derivatives preserve aspect and strip metadata (477.53775ms)
✔ Owner P4 BALANCED values are adopted without approving ingress or production composition (8.673625ms)
✔ P5 dispatcher fixture: forged headers cannot bind a Request/clone; explicit metadata only (13.91ms)
✔ P5 canonical peer: IPv4/mapped/IPv6 representations, no lists/zone/padded or unknown peers (0.196084ms)
✔ dispatcher commit barrier; linkage result cannot escape before committed marker/job/link (1.151ms)
✔ SQL BEGIN failure rolls back, destroys connection and never retries (0.707709ms)
✔ SQL SET LOCAL failure rolls back, destroys connection and never retries (0.122625ms)
✔ SQL .dispatch( failure rolls back, destroys connection and never retries (0.1155ms)
✔ SQL COMMIT failure rolls back, destroys connection and never retries (0.099875ms)
✔ pool acquisition failure sanitized (0.101ms)
✔ claim JSON dates/metadata and finalize fencing revision bind safely; diagnostic is bounded/read only (0.334125ms)
✔ static migration26 is additive, grants no runtime, no existing payment/booking/inventory changes (0.239625ms)
✔ static indexed bounded dispatch/claim, one active payment generation, lease/crash/cutoff fences (0.235ms)
✔ static receiver remains provider/job-dispatch free; worker has no production composition or business write port (0.225625ms)
✔ provider truth accepts PENDING as a proposal, UNKNOWN is local knowledge only (9.25675ms)
✔ provider truth accepts COMPLETED as a proposal, UNKNOWN is local knowledge only (0.160542ms)
✔ provider truth accepts FAILED as a proposal, UNKNOWN is local knowledge only (0.156125ms)
✔ provider truth accepts CANCELED as a proposal, UNKNOWN is local knowledge only (2.381125ms)
✔ evidence mismatch blocks providerId (0.126542ms)
✔ evidence mismatch blocks referenceId (0.123917ms)
✔ evidence mismatch blocks idempotencyKey (0.085125ms)
✔ evidence mismatch blocks merchantId (0.076542ms)
✔ evidence mismatch blocks locationId (0.117833ms)
✔ evidence mismatch blocks amountJpy (0.15175ms)
✔ evidence mismatch blocks currency (1.774167ms)
✔ evidence mismatch blocks status (0.179541ms)
✔ evidence mismatch blocks updatedAt (1.421875ms)
✔ evidence mismatch blocks completedAt (0.063125ms)
✔ invalid provider response/time null (0.062208ms)
✔ invalid provider response/time {} (0.380917ms)
✔ invalid provider response/time {"providerId":"payment-fixture","referen (1.07125ms)
✔ invalid provider response/time {"providerId":"payment-fixture","referen (0.0695ms)
✔ invalid provider response/time {"providerId":"payment-fixture","referen (0.061625ms)
✔ invalid provider response/time {"providerId":"payment-fixture","referen (1.24075ms)
✔ duplicate fingerprint is canonical across key order and time zone; no receipt time in decision identity (0.214958ms)
✔ COMPLETED plus stale PENDING cannot downgrade; equal-time PENDING to COMPLETED is existing accepted behavior (0.152333ms)
✔ FAILED terminal does not restart, contradictory COMPLETED requires review (0.981667ms)
✔ CANCELED terminal does not restart, contradictory COMPLETED requires review (0.09925ms)
✔ retry budget is deterministic/bounded; input errors are not silently clamped (0.515917ms)
✔ receiver -> durable signal -> dispatcher -> one payment job: dedupe and out-of-order coalesce; no lookup before ACK (17.556042ms)
✔ two workers, crash after claim, lease expiry and stale finalize fencing (shared-store fixture) (0.256375ms)
✔ dispatcher crash is atomic; future signal remains eligible after restart (0.136583ms)
✔ crash after provider response before finalize performs another read under new lease, never another payment (0.284541ms)
✔ lost finalize response after commit is recoverable by durable state without another lookup (0.183625ms)
✔ new signal during lookup remains READY work; terminal receives new generation without reversing old job (0.384083ms)
✔ AUTH_BLOCKED stays BLOCKED across new events; no automatic restart (0.201583ms)
✔ RATE_LIMITED stays BLOCKED across new events; no automatic restart (0.101417ms)
✔ NOT_FOUND_BLOCKED stays BLOCKED across new events; no automatic restart (0.093542ms)
✔ INVALID_RESPONSE_BLOCKED stays BLOCKED across new events; no automatic restart (0.092333ms)
✔ EVIDENCE_MISMATCH_BLOCKED stays BLOCKED across new events; no automatic restart (0.101167ms)
✔ NETWORK_RETRYABLE retries only when due; cap5 never resets on event (0.291833ms)
✔ PROVIDER_5XX_RETRYABLE retries only when due; cap5 never resets on event (0.327167ms)
✔ PENDING is not a terminal job; pending duplicate polls within budget and can reach COMPLETED (0.313333ms)
✔ deadline, final-attempt crash and fixture timeout are bounded with no real wait (0.197959ms)
✔ missing/wrong context stops before lookup; stale after context read also stops (0.190209ms)
✔ conflicting redelivery invalidates live lease and prevents automatic generation (0.122875ms)
✔ Square fixture HTTP401 -> AUTH_BLOCKED (0.15575ms)
✔ Square fixture HTTP403 -> AUTH_BLOCKED (0.055667ms)
✔ Square fixture HTTP429 -> RATE_LIMITED (0.040458ms)
✔ Square fixture HTTP404 -> NOT_FOUND_BLOCKED (0.04025ms)
✔ Square fixture HTTP500 -> PROVIDER_5XX_RETRYABLE (0.03975ms)
✔ Square fixture HTTP503 -> PROVIDER_5XX_RETRYABLE (0.043334ms)
✔ Square fixture HTTP400 -> INVALID_RESPONSE_BLOCKED (0.037209ms)
✔ Square fixture HTTP302 -> INVALID_RESPONSE_BLOCKED (0.037375ms)
✔ Square fixture normalized observations, malformed response and network failures never leak raw payload/error (0.335542ms)
✔ worker fake-only path never invokes ambient fetch; diagnostics have no raw body/session/credential (0.14925ms)
✔ transitive date/variant/group custody closure includes later chained requirements, not unrelated groups (0.918166ms)
✔ period search with Hall pruning agrees with independent exhaustive enumeration over 250 small fixed-capacity cases (23.986459ms)
✔ per-day feasibility cannot replace continuous-Asset witness and explicit search limit stays indeterminate (0.146667ms)
✔ photo transport decodes valid 9MiB and exact 10MiB without regex stack growth (35.583791ms)
✔ photo transport rejects oversized, noncanonical and malformed encodings (8.277791ms)
✔ photo candidates require exact existing offer, explicit role and bounded order; no fuzzy binding (0.683792ms)
✔ duplicate upload/concurrent terminal replies commit each photo once, byte reuse never grants rights (133.713708ms)
✔ fixed manifest rejects replaced bytes/duplicate names; malformed image records failure without publishing (1.688958ms)
✔ revocation while real decoder is running rejects commit and writes no private objects (64.756375ms)
✔ photo prepare matches the catalog from the acquired transaction, preserving replay candidates (0.347959ms)
✔ database stop must wait for delayed socket end after pool.end resolves (3.201292ms)
✔ background connection errors fail closure without exposing attached client (0.388875ms)
✔ all 216 explicit amounts through product/duration calculation; no runtime curve (22.80975ms)
✔ half-day early explicit examples 5320 / 6460 / 2850 and integer HALF_UP (0.247334ms)
✔ JST previous-day 15:00 inclusive payment qualification; quote never qualifies payment (0.2035ms)
✔ explicit stacking, applicable coupon scope/window/min/cap; no negative totals or double discount (1.150209ms)
✔ mixed members eligibility/minimum basis; set components never become extra price lines (0.268209ms)
✔ strict quote and coupon inputs reject prices, role, duplicates, dates, unknown product and incomplete table (0.39175ms)
✔ production guest JSON schema, exact approval hash and runtime inequalities; no default/owner values invented (37.753417ms)
✔ trusted ingress uses only request-object-bound dispatcher metadata; all browser IP spellings fail closed (44.511625ms)
✔ concrete Square transport pins Sandbox/API version/Bearer/auth binding, stable idempotency, no redirects/ambient credentials (30.795166ms)
✔ concrete Square allowlist rejects wrong host/location/path before credentials; revoked/expired/wrong merchant stops without network (0.988ms)
✔ response loss/UNKNOWN never auto retries or changes key; credential/response diagnostics are masked (1.177917ms)
✔ transport abort cancels body read and settles hung fetch without retry; oversized/invalid JSON fails UNKNOWN (32.149333ms)
✔ signed duplicate/out-of-order webhook only performs current lookup; tamper and merchant/amount/currency mismatch rejected (1.797584ms)
✔ media provider separates private originals/derivatives, immutable digest, rights/revision checks and signed ticket bounds (0.737791ms)
✔ withdrawal requires exact CDN invalidation receipt; signed expiry/legal retention/references gate deletion, never auto-delete (0.344916ms)
✔ source staging preserves original/normalized provenance, exact match, explicit dry-run commit and same-source idempotency (1.22025ms)
✔ unresolved/ambiguous manufacturer/year/quantity rows never create stock; reductions/missing rows never delete assets; wear stays quantity (0.9895ms)
✔ all required operational codes reach a strict structured sink; secret/PII/error bodies cannot enter it (1.449417ms)
✔ secret lifecycle rejects missing/revoked/expired/duplicate active credentials and documents old-key grace without claiming rotation execution (0.31225ms)
✔ environment readers require explicit valid private metadata; public secret variables and invalid JSON fail closed without logging raw values (1.599625ms)
✔ P2-01 unapproved public environment names fail closed regardless of secret-like spelling (0.142084ms)
✔ P5 preflight never promotes documentation/fixtures/Owner targets to external PASS (0.598333ms)
✔ P5 exact CI requires repository/workflow/event/head/base/integration tree/run attempt/job success (0.497042ms)
✔ P5 offline preflight command emits JSON/human summary and exits2 with pending gates (328.454ms)
✔ Square Sandbox adapter uses exact official request, stable key, bounded endpoint and no normal activation (1.167917ms)
✔ UNKNOWN without verified provider ID never sends another POST or invents get-by-idempotency (0.365334ms)
✔ Square auth/quota/timeout stops without automatic retry and masks raw response (1.99125ms)
✔ Square signed webhook uses fresh lookup rather than callback amount or status; rejects tamper, merchant and money mismatch (0.524292ms)
✔ private storage releases only current derivative and rechecks withdrawal/revision after read (9.682916ms)
✔ exact catalog/source plan preserves one ski pair as one Asset and duplicate receipt is idempotent (0.533708ms)
✔ manufacturer range, unknown ADD/REPLACE/store/unit and wrong season never become stock (0.520583ms)
✔ wear and poles require explicit quantity units with no generated individual IDs or invented200 total (0.310542ms)
✔ launch checklist fails closed on missing/expired/old-head/old-policy evidence; pass grants no deploy permission (0.353708ms)
✔ operational events and CWV distinguish LAB/FIELD and exclude arbitrary PII/body/session fields (0.20875ms)
✔ Square deadlines settle even when an injected dependency ignores cancellation; source failure never POSTs (25.177708ms)
✔ R2 SDK transport fixture: private immutable object, conditional replay, no public ACL or default network (46.639667ms)
✔ R2 presigning uses SDK and bounded original-only tickets; rights withdrawal requires matched purge receipt (16.75125ms)
✔ P5 R2 rotation uses current credential for next SDK operation, never the memoized old key (31.52825ms)
✔ owner rules use independent explicit targets and +1cm, no DIN or BSL computation (0.741042ms)
✔ 145/150/155, anchored direction choice and deterministic shorter tie (0.191708ms)
✔ original absolute window includes both boundaries and excludes one centimetre outside (0.0655ms)
✔ real exact-size variant IDs, no age/class substitution, no hidden larger boots or text guessing (0.382208ms)
✔ snowboard does not require detailed age/weight/level, ski age13 boundary and forged fields reject (8.730125ms)
✔ one immutable pair ID resolves one cycle; no left/right child identifiers (0.837959ms)
✔ a saved scan can never retarget the latest cycle, version or already-received loan (0.087792ms)
✔ unknown/no active or ambiguous active cycle is not a successful receipt (0.226208ms)
✔ invalid saved scan and checkout timestamps cannot become a receipt candidate (0.083584ms)
✔ P6 one acceptance location is metadata only; it does not map or activate either internal store (0.647167ms)
✔ P6 metadata parser never reads credential values, including during error handling (0.312ms)
✔ P6 rejects production/development, omitted mode/version, aliases and public settings (0.154625ms)
✔ P6 URL is exact non-secret HTTPS metadata, not inferred from request headers or aliases (0.45875ms)
✔ P5 activation metadata rejects production, missing/mixed mapping, credentials and automatic enablement (0.764791ms)
✔ P5 dual webhook keys verify exact URL/raw bytes, retire exactly at grace and never expose secret (1.087708ms)
✔ SQL repository commits INSERTED before resolving and binds exact metadata only (1.070417ms)
✔ SQL repository commits DUPLICATE before resolving and binds exact metadata only (0.120625ms)
✔ SQL repository commits HASH_CONFLICT before resolving and binds exact metadata only (0.111333ms)
✔ failure/uncertain BEGIN rolls back/destroys connection, never retries or leaks errors (0.327083ms)
✔ failure/uncertain SET LOCAL rolls back/destroys connection, never retries or leaks errors (0.095ms)
✔ failure/uncertain square_webhook.receive rolls back/destroys connection, never retries or leaks errors (0.139208ms)
✔ failure/uncertain COMMIT rolls back/destroys connection, never retries or leaks errors (0.111084ms)
✔ unknown database receipt fails before COMMIT (0.119166ms)
✔ SQL claim returns only safe signal/lease metadata; settle binds fencing token and bounded failure code (0.256958ms)
✔ empty queue and successful terminal mark; all transaction paths release (0.144625ms)
✔ static additive migration: environment-scoped durable dedupe, bounded audit/retries, no business/raw payload storage (0.209542ms)
✔ static queue fencing/crash recovery: SKIP LOCKED, expired lease reclaim, bounded attempts, DB clock after lock (0.0675ms)
✔ pool acquisition failure also suppresses credential-bearing diagnostics without retry (0.083875ms)
✔ payment.created signed receipt persists only whitelisted signal metadata (14.004958ms)
✔ payment.updated signed receipt persists only whitelisted signal metadata (0.404291ms)
✔ missing/invalid signature 0 never opens inbox or parses malformed JSON (0.265292ms)
✔ missing/invalid signature 3 never opens inbox or parses malformed JSON (0.243083ms)
✔ missing/invalid signature 44 never opens inbox or parses malformed JSON (0.283333ms)
✔ signed malformed UTF8/JSON/envelope 7b rejects before persistence (19.385042ms)
✔ signed malformed UTF8/JSON/envelope ff rejects before persistence (0.27575ms)
✔ signed malformed UTF8/JSON/envelope 6e756c6c rejects before persistence (0.19925ms)
✔ signed malformed UTF8/JSON/envelope 5b5d rejects before persistence (0.175208ms)
✔ signed malformed UTF8/JSON/envelope 3432 rejects before persistence (0.220833ms)
✔ missing/invalid identity {"type":"payment.updated","merchant_id":"MLKDVEDH1ME21","data":{"objec (0.180417ms)
✔ missing/invalid identity {"event_id":"","type":"payment.updated","merchant_id":"MLKDVEDH1ME21", (0.119416ms)
✔ missing/invalid identity {"event_id":"xxxxxxxxxxxxxxxxxxxxxxxxxxxxxxxxxxxxxxxxxxxxxxxxxxxxxxxxx (0.104916ms)
✔ missing/invalid identity {"event_id":"bad\nline","type":"payment.updated","merchant_id":"MLKDVE (0.105667ms)
✔ missing/invalid identity {"event_id":"fixture-event","type":"payment.updated","merchant_id":"", (0.0995ms)
✔ missing/invalid identity {"event_id":"fixture-event","merchant_id":"MLKDVEDH1ME21","data":{"obj (0.110208ms)
✔ missing/invalid identity {"event_id":"fixture-event","type":"payment.updated","merchant_id":"ML (2.201125ms)
✔ missing/invalid identity {"event_id":"fixture-event","type":"payment.updated","merchant_id":"ML (0.197125ms)
✔ missing/invalid identity {"event_id":"fixture-event","type":"payment.updated","merchant_id":"ML (1.170625ms)
✔ signed wrong merchant rejected for supported and unsupported event (0.30425ms)
✔ unsupported signed correct-merchant envelope is explicitly ignored without a payment ACK/retry loop (0.146708ms)
✔ raw whitespace/order remain signed exactly; request host/forwarded headers cannot replace configured URL (3.477458ms)
✔ oversized body actual limit with content-length undefined (0.931916ms)
✔ oversized body actual limit with content-length 65537 (1.032875ms)
✔ oversized body actual limit with content-length 1 (0.274416ms)
✔ stream read once, exact 64KiB allowed; missing content length does not permit excess chunks (1.84675ms)
✔ stream read failure is redacted and never inserts (1.272167ms)
✔ 20 concurrent deliveries and same stored key after a lost ACK are deduped by fixture repository (4.117417ms)
✔ event ID reuse with different raw hash records conflict and preserves original signal (0.33875ms)
✔ out-of-order updated/created events are separate signals; no provider or business state is available to handler (0.41675ms)
✔ retry headers grant no authority {} (0.200667ms)
✔ retry headers grant no authority {"square-retry-number":"1","square-retry-reason":"http_timeout"} (0.18175ms)
✔ retry headers grant no authority {"square-retry-number":"-999"} (0.174ms)
✔ ACK waits for successful persistence; DB failure/body details never appear in response or logs (0.455416ms)
✔ method guard and missing config fail closed without pool factory (0.156792ms)
✔ explicit Sandbox Preview config only, fixed merchant/version/dedicated TLS receiver identity, no access-token dependency (0.255792ms)
✔ Next route with official Next server-only alias exports GET405 and unconfigured POST503 in isolated Node (no server/browser/DB) (146.721625ms)
✔ actually absent signature header, not just empty value, is 403 before inbox creation (0.383708ms)
✔ staff500 diagnostic emits only server-generated correlation, fixed phase and allowlisted SQLSTATE (0.934958ms)
✔ unknown/inherited/getter codes and nested cause never leak into diagnostics (0.124041ms)
✔ Argon2id has independent salts and verifies only the supplied password (248.021916ms)
✔ canonical email is case/outer-space stable; password policy adds no composition rules (0.336125ms)
✔ role, permission and ALL scope are independently required for staff management (0.087875ms)
✔ staff input cannot grant unimplemented refund permissions or forge subject (0.516875ms)
✔ ordinary runtime without owned development connection fails closed and cannot attach a remote DB (0.224375ms)
✔ P5 real disk observation and exact safety floor; unavailable/invalid capacity is not success (2.366458ms)
✔ P5 cleanup requires matching successful log/run, stopped owner and no live PID; all others preserved (7.610333ms)
✔ transfer input rejects authority fields, impossible dates, model-free fake IDs and invalid pair quantities (2.175208ms)
✔ pair labels never create two assets; duplicate selected Asset or pool lines rejected (0.148ms)
✔ forecast is not immediate stock, automatic receipt, late readiness or another-store capacity (0.2295ms)
✔ cancelled transfer keeps source PAIR protection while a promise needs reconciliation (0.102708ms)
✔ v1.2wear-only contract uses two independent quantity requirements; never one generic WEAR or one part (2.386208ms)
✔ wear ledger regular input accepts STANDARD parts with explicit sport compatibility (0.46425ms)
✔ independent golden same-member wear20percent then advance5percent (0.482208ms)
✔ another member never receives equipment wear adjustment (0.175417ms)
✔ integrated Premium board promise required and exact variant selected (0.247959ms)
✔ quantity override forbids wear Assets and ambiguous multi-variant quantity promises (0.368708ms)
✔ all24 explicit approved wear prices and independent bundle golden cases remain stable (0.771042ms)
✔ explicit Premium day12350 and wear-only4750 golden preserve discount order (0.206959ms)
✔ WEAR-PRICE-01: SINGLE pole plus wear uses the pole price regardless of item order (2.90725ms)
✔ CI diagnostic forwarding preserves only the exact emitted safe schema and historical auth code (0.742917ms)
✔ split/coalesced/oversized child stderr never drops a valid record or forwards an unsafe suffix (1.828959ms)
✔ transport failure classification never exports messages, URLs, cookies or arbitrary codes (0.376833ms)
ℹ tests 372
ℹ suites 0
ℹ pass 372
ℹ fail 0
ℹ cancelled 0
ℹ skipped 0
ℹ todo 0
ℹ duration_ms 1722.920083
