✔ operator two browser request callbacks dispatch only once; fsynced record survives response loss (59.141208ms)
✔ separate operator processes race for the same reservation: exactly one wins (83.712958ms)
✔ operator two browser request callbacks dispatch only once; fsynced record survives response loss (55.373625ms)
✔ separate operator processes race for the same reservation: exactly one wins (83.034875ms)
✔ R6 pure preflight exposes only flags/enums and requires no merchant metadata (1.137209ms)
✔ R6 blocks DEPLOYMENT_NOT_PREVIEW before fetch VERCEL_ENV (16.337333ms)
✔ R6 blocks NOT_SANDBOX before fetch SQUARE_ENVIRONMENT (0.518291ms)
✔ R6 blocks API_VERSION_MISMATCH before fetch SQUARE_API_VERSION (0.699208ms)
✔ R6 blocks APPLICATION_ID_INVALID before fetch SQUARE_SANDBOX_APPLICATION_ID (0.400708ms)
✔ R6 blocks APPLICATION_ID_INVALID before fetch SQUARE_SANDBOX_APPLICATION_ID (0.279917ms)
✔ R6 blocks LOCATION_ID_INVALID before fetch SQUARE_SANDBOX_LOCATION_ID (0.250416ms)
✔ R6 blocks LOCATION_ID_INVALID before fetch SQUARE_SANDBOX_LOCATION_ID (5.047375ms)
✔ R6 blocks CREDENTIAL_MISSING before fetch SQUARE_SANDBOX_ACCESS_TOKEN (0.326959ms)
✔ R6 blocks CREDENTIAL_FORMAT_INVALID before fetch SQUARE_SANDBOX_ACCESS_TOKEN (1.172292ms)
✔ R6 blocks PUBLIC_CREDENTIAL_EXPOSURE before fetch NEXT_PUBLIC_SQUARE_ACCESS_TOKEN (0.407667ms)
✔ R6 blocks CONFIGURATION_INVALID before fetch SQUARE_SANDBOX_MERCHANT_ID (0.309667ms)
✔ R6 blocks CONFIGURATION_INVALID before fetch SQUARE_SANDBOX_NOTIFICATION_URL (0.332167ms)
✔ R6 catches credentials reflected in unrelated NEXT_PUBLIC keys without returning values (0.089625ms)
✔ R6 GET preflight repeats safely; production and wrong intent are rejected (0.310875ms)
✔ R6 validates body, exact same-origin browser intent and method before dispatch (0.577791ms)
✔ R6 PASS and concurrent streamed one-shot issue only two exact Sandbox fetches (4.351917ms)
✔ R6 merchant failures terminate before locations and cannot be retried (3.746917ms)
✔ R6 location mismatch/state/capability results preserve their bounded evidence (12.533958ms)
✔ R6 network/unknown outcome stays structured and never retries (0.292458ms)
✔ R6 reflected token and raw provider diagnostics never appear in safe output (5.754125ms)
✔ R6 unexpected pre-dispatch internal exception has structured zero-dispatch output (0.893292ms)
✔ Square S1 service performs only exact two read-only Sandbox lookups on happy path (33.054334ms)
✔ Square S1 service fails fast on merchant lookup auth/429/5xx/network/timeout/schema and does not call locations (34.557875ms)
✔ Square S1 service enforces merchant active/Japanese/JPY and configured main location (0.95575ms)
✔ Square S1 service validates configured location state/currency/country/merchant and card capability (1.377583ms)
✔ Square S1 transport rejects non-identity endpoints, queries, and payment paths before credential read (0.382792ms)
✔ Square S1 acceptance blocks non-sandbox, non-POST, missing intent, and body/query inputs before fetch (1.458125ms)
✔ Square S1 acceptance rejects VERCEL_ENV=production even when SQUARE_ENVIRONMENT is SANDBOX (0.1025ms)
✔ Square S1 transport enforces strict identity headers/credentials and rejects redirect responses before body parse (0.151125ms)
✔ Square S1 acceptance redacts its actual injected synthetic token reflected in merchant identity (0.311125ms)
✔ Square S1 transport fails closed on oversized location payload (1.461333ms)
✔ Square S1 transport fails schema when provider content-type is not application/json (0.129416ms)
✔ Square S1 acceptance never exposes raw provider diagnostic body (0.232458ms)
✔ Square S1 acceptance hides secret fields and does not surface raw provider payload in response (0.285334ms)
✔ Square S1 acceptance applies an in-instance once guard without distributed semantics (0.351791ms)
✔ Square S1 accepts an empty streamed POST from Next Node adapter; concurrent duplicate never sends more than two calls in one instance (0.492333ms)
✔ R9 immutable manifest and fingerprint match; any identity/amount/source/key change fails (10.8775ms)
✔ R9 preflight is provider-free, booleans/enums only; local guard verification is explicitly separate (10.750584ms)
✔ R9 runtime preflight blocks VERCEL_ENV production (0.395584ms)
✔ R9 runtime preflight blocks VERCEL_ENV undefined (15.010208ms)
✔ R9 runtime preflight blocks SQUARE_ENVIRONMENT PRODUCTION (11.132709ms)
✔ R9 runtime preflight blocks SQUARE_API_VERSION 2025-01-01 (0.448167ms)
✔ R9 runtime preflight blocks SQUARE_SANDBOX_MERCHANT_ID other (0.288667ms)
✔ R9 runtime preflight blocks SQUARE_SANDBOX_APPLICATION_ID undefined (0.206917ms)
✔ R9 runtime preflight blocks SQUARE_SANDBOX_LOCATION_ID undefined (0.20675ms)
✔ R9 runtime preflight blocks SQUARE_SANDBOX_ACCESS_TOKEN undefined (0.248292ms)
✔ R9 runtime preflight blocks SQUARE_SANDBOX_ACCESS_TOKEN invalid token (0.165584ms)
✔ R9 runtime preflight blocks NEXT_PUBLIC_SQUARE_ACCESS_TOKEN fixture-public (0.194791ms)
✔ R9 client body/query/method/origin/intent cannot supply payment parameters (0.654333ms)
✔ R9 exact completed payment PASS uses one create and zero unnecessary lookup (7.527959ms)
✔ R9 same-instance concurrent empty streams allow one controlled create (0.868541ms)
✔ R9 pending safe ID allows exactly one conditional GET; same key is never POSTed twice (0.553834ms)
✔ R9 still-pending lookup stops; malformed or absent provider ID never looks up (2.46675ms)
✔ R9 money/reference/location mismatches fail without lookup (0.897042ms)
✔ R9 missing/invalid completion date is not PASS; one safe-ID lookup still must satisfy timestamps (0.802542ms)
✔ R9 lookup ID mismatch cannot establish PASS (0.281042ms)
✔ R9 HTTP 401 stops without retry (0.324041ms)
✔ R9 HTTP 403 stops without retry (2.724ms)
✔ R9 HTTP 429 stops without retry (4.464958ms)
✔ R9 HTTP 400 stops without retry (0.290084ms)
✔ R9 HTTP 500 stops without retry (0.230833ms)
✔ R9 network/parse/secret-reflection failures never leak raw response or exception (0.713375ms)
✔ R9 timeout aborts and preserves UNKNOWN; ignored transport does not create a retry (14.18375ms)
✔ R9 narrow transport rejects Production, refund, S1, query, wrong source/key/amount before credential access (4.512416ms)
✔ R10 immutable manifest pins existing payment/100JPY/key/reason and rejects altered identity (14.092083ms)
✔ R10 preflight has no provider call and exposes only safe flags/enums (16.158791ms)
✔ R10 preflight blocks VERCEL_ENV production (1.97825ms)
✔ R10 preflight blocks VERCEL_ENV undefined (0.998417ms)
✔ R10 preflight blocks SQUARE_ENVIRONMENT PRODUCTION (9.307208ms)
✔ R10 preflight blocks SQUARE_API_VERSION 2025-01-01 (0.376334ms)
✔ R10 preflight blocks SQUARE_SANDBOX_MERCHANT_ID other (0.295917ms)
✔ R10 preflight blocks SQUARE_SANDBOX_APPLICATION_ID undefined (0.241166ms)
✔ R10 preflight blocks SQUARE_SANDBOX_LOCATION_ID undefined (0.197625ms)
✔ R10 preflight blocks SQUARE_SANDBOX_ACCESS_TOKEN undefined (0.236667ms)
✔ R10 preflight blocks SQUARE_SANDBOX_ACCESS_TOKEN invalid token (0.223458ms)
✔ R10 preflight blocks NEXT_PUBLIC_SQUARE_ACCESS_TOKEN fixture-public (0.222292ms)
✔ R10 operator cannot inject payment/amount/key/location/query/body/method/origin (0.682083ms)
✔ R10 successful lookup then exact full refund: 1GET/1POST/0conditional, no CreatePayment (9.140791ms)
✔ R10 same-instance concurrent operator requests allow one whole workflow (2.10225ms)
✔ R10 mismatched or previously refunded Payment blocks refund and keeps GET budget1 (11.321708ms)
✔ R10 malformed Payment or contradictory errors cannot authorize refund (3.23025ms)
✔ R10 only valid PENDING refund permits exactly one bound GetRefund (1.506291ms)
✔ R10 malformed/mismatching/failed refund never triggers green-check lookup (2.070542ms)
✔ R10 conditional refund lookup must preserve exact refund ID and all evidence (1.244167ms)
✔ R10 payment HTTP401 stops without automatic/manual retry (0.3315ms)
✔ R10 payment HTTP403 stops without automatic/manual retry (0.190917ms)
✔ R10 payment HTTP429 stops without automatic/manual retry (0.179834ms)
✔ R10 payment HTTP404 stops without automatic/manual retry (0.1815ms)
✔ R10 payment HTTP400 stops without automatic/manual retry (0.187166ms)
✔ R10 payment HTTP500 stops without automatic/manual retry (0.237625ms)
✔ R10 refund HTTP401 stops without automatic/manual retry (0.274375ms)
✔ R10 refund HTTP403 stops without automatic/manual retry (0.2695ms)
✔ R10 refund HTTP429 stops without automatic/manual retry (0.272375ms)
✔ R10 refund HTTP404 stops without automatic/manual retry (0.282709ms)
✔ R10 refund HTTP400 stops without automatic/manual retry (0.301917ms)
✔ R10 refund HTTP500 stops without automatic/manual retry (0.278125ms)
✔ R10 refundLookup HTTP401 stops without automatic/manual retry (0.305625ms)
✔ R10 refundLookup HTTP403 stops without automatic/manual retry (0.306334ms)
✔ R10 refundLookup HTTP429 stops without automatic/manual retry (0.298541ms)
✔ R10 refundLookup HTTP404 stops without automatic/manual retry (0.998834ms)
✔ R10 refundLookup HTTP400 stops without automatic/manual retry (4.64875ms)
✔ R10 refundLookup HTTP500 stops without automatic/manual retry (4.733792ms)
✔ R10 socket/parse/response loss stops at current call and never emits raw secrets (1.992334ms)
✔ R10 reflected refund ID cannot leak server token or trigger lookup (0.356333ms)
✔ R10 per-call timeout aborts even ignored fetch and never retries a refund (52.94325ms)
✔ R10 strict transport rejects wrong origin/ID/method/amount/key/reason before dispatch (0.841625ms)
✔ existing SandboxRefundTrial field checks remain isolated from R10 fixed reason/journal (0.327292ms)
✔ equipment input accepts one immutable whole Asset ID, never reservation payload or inferred identities (1.354334ms)
✔ P5-F1 runtime root keys resist even an accidental same-purpose message collision (0.528125ms)
✔ P5-F1 preserves the P4 read root vector and deterministic recovery replay; no default weak secret (0.410084ms)
✔ unmodified BookingService: COMPLETED protects stock/booking from delayed PENDING/FAILED; engine does not apply either (10.897542ms)
✔ unmodified BookingService FAILED contradictory completion goes to review; engine blocks (0.204292ms)
✔ unmodified BookingService CANCELED contradictory completion goes to review; engine blocks (0.148667ms)
✔ ACCEPT_COMPLETED is not booking confirmation: unmodified BookingService still refuses expired HOLD (0.198208ms)
✔ unmodified BookingService valid PENDING->COMPLETED still confirms only through old inventory/price boundary (0.284125ms)
✔ unmodified BookingService event replay and mismatched identity retain original safeguards (0.580417ms)
✔ name and quantity alone keep seasonal ambiguity and units/intention unresolved; no invented SKU or stock (22.244583ms)
✔ exact sport/season/SKU narrows candidates without changing historical facts; repeated source is deterministic (0.513959ms)
✔ content CSV quotes/BOM/newlines, SET/KEEP/CLEAR and machine round-trip preserve literal values (12.466459ms)
✔ same target is atomic; valid other target survives forbidden price, HTML, duplicate and stale rows (0.617208ms)
✔ stored plan rejects stale revision and tampering; no stock or price fields can be changed (0.404375ms)
✔ CSV bounds and human formula escaping remain separate from machine export (2.599041ms)
✔ private release plans exact revisions and applies complete manifest/current/audit/outbox result atomically in fixture (11.255625ms)
✔ stale draft, current pointer, media checksum or expired rights cannot reuse a prior validation (1.011334ms)
✔ no partial release or hidden language fallback; internal/unprocessed photos and stale translation reject (0.491333ms)
✔ restore creates a new private release and rechecks current rights/commercial mapping; never rewrites history (0.357417ms)
✔ server-stored bulk plan commits good targets and preserves invalid ones; idempotent response loss does not repeat revisions (30.332375ms)
✔ two editors of same revision: only one commits; old immutable content remains (0.58475ms)
✔ revocation after lock wait stops a previously authorized edit and replay (0.176375ms)
✔ release current/audit/outbox commit once; another actor cannot steal a prepared plan (0.792375ms)
✔ rights or draft change after release preview fails without partial pointer/outbox update (0.771959ms)
✔ anonymous and empty identities are denied on server (1.902ms)
✔ customer cannot enter staff or admin; staff cannot enter admin (0.116166ms)
✔ explicit allowed role is accepted (0.069083ms)
✔ telemetry only accepts foundation events (0.155792ms)
✔ worktree paths separate stable DB, role, ports and seed namespace (0.222292ms)
✔ occupied port fails rather than attaching to existing service (15.753917ms)
✔ ambient database target is refused without revealing it (0.237916ms)
S01_SCHEMA_MAX_BYTES [29965,30032,30074,30158]
✔ current schema maxima plus normal HOLD/amend/quote wrappers fit finite40KiB UTF8 (48.973792ms)
✔ readJson counts actual split UTF8 stream, ignores declared length, cancels overflow (15.297041ms)
✔ same scope continuation has future expiry and preserves all saved conditions/fingerprints (13.245875ms)
✔ single-member candidate validates full group scope and exact member/version (0.300958ms)
✔ after-close changed non-size conditions fall back to new intake; future new conditions accepted (0.327375ms)
✔ expiry, due, fixed/payment/attention and unproven acceptance are never exceptions (0.253125ms)
✔ Tokyo golden AM/PM, whole-date occupancy, month/year boundaries and inclusive ten days (17.58025ms)
✔ bundle completeness, forbidden client expiry/identity, unique group member and variant candidates (1.021208ms)
✔ period solver finds flexible A155 constrained B150; bounded exhaustion is indeterminate (8.129792ms)
✔ payment contract never converts UNKNOWN to failure or late success to inventory confirmation (0.095292ms)
✔ E07 contract: 17:00 schedule is no receipt; sealed/departed additions denied; protected receipt still needs E07 (0.09425ms)
✔ cross-store source custody fence overlaps all later use, but not an earlier unrelated date (0.254125ms)
✔ pool timeout wording changes preserve bounded outcomes on read acquisition and write preflight (30.425584ms)
✔ coded authentication or permission errors and unknown failures never become retryable timeouts or leak details (0.208875ms)
✔ new intake separates contract start, same-day deadline and immutable conditions (13.763625ms)
✔ future quotes keep start bound; no backdated MULTIDAY or after-close first-day intake (0.139375ms)
✔ ledger lexical cm equivalence, never missing/other units or unknown sizes (0.159875ms)
✔ missing or invalid server write authorizer fails closed before any database access (0.741792ms)
✔ missing or invalid stock reconciler is rejected before any database access (0.097791ms)
✔ P5 media backup requires exact private encrypted off-host manifest and actual restore acknowledgement (8.262542ms)
✔ real decoder re-encodes and strips EXIF; identical bytes never inherit binding rights (185.422583ms)
✔ traversal, disguised SVG/HTML, extension mismatch, invalid decode and duplicate filename reject before any storage (9.521375ms)
✔ P0 bounded320/640/960/1440/1920 WebP and JPEG derivatives preserve aspect and strip metadata (469.215708ms)
✔ Owner P4 BALANCED values are adopted without approving ingress or production composition (2.762459ms)
✔ P5 dispatcher fixture: forged headers cannot bind a Request/clone; explicit metadata only (17.714833ms)
✔ P5 canonical peer: IPv4/mapped/IPv6 representations, no lists/zone/padded or unknown peers (0.188167ms)
✔ dispatcher commit barrier; linkage result cannot escape before committed marker/job/link (0.914417ms)
✔ SQL BEGIN failure rolls back, destroys connection and never retries (0.311084ms)
✔ SQL SET LOCAL failure rolls back, destroys connection and never retries (0.084291ms)
✔ SQL .dispatch( failure rolls back, destroys connection and never retries (0.095375ms)
✔ SQL COMMIT failure rolls back, destroys connection and never retries (0.095542ms)
✔ pool acquisition failure sanitized (0.081458ms)
✔ claim JSON dates/metadata and finalize fencing revision bind safely; diagnostic is bounded/read only (0.297583ms)
✔ static migration26 is additive, grants no runtime, no existing payment/booking/inventory changes (0.22775ms)
✔ static indexed bounded dispatch/claim, one active payment generation, lease/crash/cutoff fences (0.21625ms)
✔ static receiver remains provider/job-dispatch free; worker has no production composition or business write port (0.383708ms)
✔ read-only expected context uses merchant/provider binding; batch is one query not one per job (0.368167ms)
✔ merchant auth/quota stop is durable with no reset function or fresh-event bypass (0.166458ms)
✔ context timestamp formatting is stable and normalized money stays within safe integer bounds (0.082584ms)
✔ provider truth accepts PENDING as a proposal, UNKNOWN is local knowledge only (14.822542ms)
✔ provider truth accepts COMPLETED as a proposal, UNKNOWN is local knowledge only (0.184959ms)
✔ provider truth accepts FAILED as a proposal, UNKNOWN is local knowledge only (0.132208ms)
✔ provider truth accepts CANCELED as a proposal, UNKNOWN is local knowledge only (0.109542ms)
✔ evidence mismatch blocks providerId (0.089375ms)
✔ evidence mismatch blocks referenceId (0.090375ms)
✔ evidence mismatch blocks idempotencyKey (0.073167ms)
✔ evidence mismatch blocks merchantId (0.06ms)
✔ evidence mismatch blocks locationId (0.085375ms)
✔ evidence mismatch blocks amountJpy (0.499541ms)
✔ evidence mismatch blocks currency (0.153042ms)
✔ evidence mismatch blocks status (0.07425ms)
✔ evidence mismatch blocks updatedAt (0.054583ms)
✔ evidence mismatch blocks completedAt (0.049084ms)
✔ invalid provider response/time null (0.057959ms)
✔ invalid provider response/time {} (0.04725ms)
✔ invalid provider response/time {"providerId":"payment-fixture","referen (0.044917ms)
✔ invalid provider response/time {"providerId":"payment-fixture","referen (0.042625ms)
✔ invalid provider response/time {"providerId":"payment-fixture","referen (0.049375ms)
✔ invalid provider response/time {"providerId":"payment-fixture","referen (0.04075ms)
✔ duplicate fingerprint is canonical across key order and time zone; no receipt time in decision identity (0.156375ms)
✔ COMPLETED plus stale PENDING cannot downgrade; equal-time PENDING to COMPLETED is existing accepted behavior (0.142417ms)
✔ FAILED terminal does not restart, contradictory COMPLETED requires review (0.830792ms)
✔ CANCELED terminal does not restart, contradictory COMPLETED requires review (0.136708ms)
✔ retry budget is deterministic/bounded; input errors are not silently clamped (0.518458ms)
✔ receiver -> durable signal -> dispatcher -> one payment job: dedupe and out-of-order coalesce; no lookup before ACK (27.187916ms)
✔ two workers, crash after claim, lease expiry and stale finalize fencing (shared-store fixture) (0.72475ms)
✔ dispatcher crash is atomic; future signal remains eligible after restart (0.666084ms)
✔ crash after provider response before finalize performs another read under new lease, never another payment (0.381417ms)
✔ lost finalize response after commit is recoverable by durable state without another lookup (0.202625ms)
✔ new signal during lookup remains READY work; terminal receives new generation without reversing old job (0.365458ms)
✔ AUTH_BLOCKED stays BLOCKED across new events; no automatic restart (0.20675ms)
✔ RATE_LIMITED stays BLOCKED across new events; no automatic restart (0.090291ms)
✔ NOT_FOUND_BLOCKED stays BLOCKED across new events; no automatic restart (0.080542ms)
✔ INVALID_RESPONSE_BLOCKED stays BLOCKED across new events; no automatic restart (0.075709ms)
✔ EVIDENCE_MISMATCH_BLOCKED stays BLOCKED across new events; no automatic restart (0.077458ms)
✔ NETWORK_RETRYABLE retries only when due; cap5 never resets on event (0.240917ms)
✔ PROVIDER_5XX_RETRYABLE retries only when due; cap5 never resets on event (0.148375ms)
✔ PENDING is not a terminal job; pending duplicate polls within budget and can reach COMPLETED (14.001834ms)
✔ deadline, final-attempt crash and fixture timeout are bounded with no real wait (0.447208ms)
✔ missing/wrong context stops before lookup; stale after context read also stops (0.186833ms)
✔ conflicting redelivery invalidates live lease and prevents automatic generation (0.131125ms)
✔ Square fixture HTTP401 -> AUTH_BLOCKED (0.178083ms)
✔ Square fixture HTTP403 -> AUTH_BLOCKED (0.039208ms)
✔ Square fixture HTTP429 -> RATE_LIMITED (0.027417ms)
✔ Square fixture HTTP404 -> NOT_FOUND_BLOCKED (0.025583ms)
✔ Square fixture HTTP500 -> PROVIDER_5XX_RETRYABLE (0.028666ms)
✔ Square fixture HTTP503 -> PROVIDER_5XX_RETRYABLE (0.028541ms)
✔ Square fixture HTTP400 -> INVALID_RESPONSE_BLOCKED (0.029208ms)
✔ Square fixture HTTP302 -> INVALID_RESPONSE_BLOCKED (0.027167ms)
✔ Square fixture normalized observations, malformed response and network failures never leak raw payload/error (0.261834ms)
✔ worker fake-only path never invokes ambient fetch; diagnostics have no raw body/session/credential (0.113834ms)
✔ duplicate internal truth cannot bypass a contradictory FAILED business context (0.066625ms)
✔ AUTH_BLOCKED stops remaining batch and persists merchant circuit for new payments (0.168584ms)
✔ RATE_LIMITED stops remaining batch and persists merchant circuit for new payments (0.071208ms)
✔ internal stop codes and malformed provider port output are invalid response, not provider authority (0.116084ms)
✔ unlinked hash-conflicted inbox signal does not become a job in dispatcher fixture (0.03575ms)
✔ stale PENDING while newer PENDING exists remains retry work, not terminal (0.141625ms)
✔ cutoff crossed inside lookup cannot store an accepted observation (0.084292ms)
✔ transitive date/variant/group custody closure includes later chained requirements, not unrelated groups (4.649958ms)
✔ period search with Hall pruning agrees with independent exhaustive enumeration over 250 small fixed-capacity cases (49.754291ms)
✔ per-day feasibility cannot replace continuous-Asset witness and explicit search limit stays indeterminate (0.159666ms)
✔ photo transport decodes valid 9MiB and exact 10MiB without regex stack growth (51.315583ms)
✔ photo transport rejects oversized, noncanonical and malformed encodings (5.076042ms)
✔ photo candidates require exact existing offer, explicit role and bounded order; no fuzzy binding (0.713125ms)
✔ duplicate upload/concurrent terminal replies commit each photo once, byte reuse never grants rights (182.519791ms)
✔ fixed manifest rejects replaced bytes/duplicate names; malformed image records failure without publishing (0.394708ms)
✔ revocation while real decoder is running rejects commit and writes no private objects (30.943125ms)
✔ photo prepare matches the catalog from the acquired transaction, preserving replay candidates (0.342583ms)
✔ database stop must wait for delayed socket end after pool.end resolves (0.507792ms)
✔ background connection errors fail closure without exposing attached client (0.353084ms)
✔ all 216 explicit amounts through product/duration calculation; no runtime curve (16.3345ms)
✔ half-day early explicit examples 5320 / 6460 / 2850 and integer HALF_UP (0.257125ms)
✔ JST previous-day 15:00 inclusive payment qualification; quote never qualifies payment (0.206958ms)
✔ explicit stacking, applicable coupon scope/window/min/cap; no negative totals or double discount (1.160042ms)
✔ mixed members eligibility/minimum basis; set components never become extra price lines (0.292792ms)
✔ strict quote and coupon inputs reject prices, role, duplicates, dates, unknown product and incomplete table (1.308292ms)
✔ production guest JSON schema, exact approval hash and runtime inequalities; no default/owner values invented (43.525ms)
✔ trusted ingress uses only request-object-bound dispatcher metadata; all browser IP spellings fail closed (19.584375ms)
✔ concrete Square transport pins Sandbox/API version/Bearer/auth binding, stable idempotency, no redirects/ambient credentials (14.311958ms)
✔ concrete Square allowlist rejects wrong host/location/path before credentials; revoked/expired/wrong merchant stops without network (1.102916ms)
✔ response loss/UNKNOWN never auto retries or changes key; credential/response diagnostics are masked (8.205792ms)
✔ transport abort cancels body read and settles hung fetch without retry; oversized/invalid JSON fails UNKNOWN (48.427083ms)
✔ signed duplicate/out-of-order webhook only performs current lookup; tamper and merchant/amount/currency mismatch rejected (4.584708ms)
✔ media provider separates private originals/derivatives, immutable digest, rights/revision checks and signed ticket bounds (0.682959ms)
✔ withdrawal requires exact CDN invalidation receipt; signed expiry/legal retention/references gate deletion, never auto-delete (0.322542ms)
✔ source staging preserves original/normalized provenance, exact match, explicit dry-run commit and same-source idempotency (1.183375ms)
✔ unresolved/ambiguous manufacturer/year/quantity rows never create stock; reductions/missing rows never delete assets; wear stays quantity (0.984708ms)
✔ all required operational codes reach a strict structured sink; secret/PII/error bodies cannot enter it (13.06625ms)
✔ secret lifecycle rejects missing/revoked/expired/duplicate active credentials and documents old-key grace without claiming rotation execution (0.335708ms)
✔ environment readers require explicit valid private metadata; public secret variables and invalid JSON fail closed without logging raw values (0.2695ms)
✔ P2-01 unapproved public environment names fail closed regardless of secret-like spelling (0.106291ms)
✔ P5 preflight never promotes documentation/fixtures/Owner targets to external PASS (1.242292ms)
✔ P5 exact CI requires repository/workflow/event/head/base/integration tree/run attempt/job success (0.264583ms)
✔ P5 offline preflight command emits JSON/human summary and exits2 with pending gates (364.260875ms)
✔ Square Sandbox adapter uses exact official request, stable key, bounded endpoint and no normal activation (1.131625ms)
✔ UNKNOWN without verified provider ID never sends another POST or invents get-by-idempotency (0.346291ms)
✔ Square auth/quota/timeout stops without automatic retry and masks raw response (1.922708ms)
✔ Square signed webhook uses fresh lookup rather than callback amount or status; rejects tamper, merchant and money mismatch (0.519667ms)
✔ private storage releases only current derivative and rechecks withdrawal/revision after read (29.612125ms)
✔ exact catalog/source plan preserves one ski pair as one Asset and duplicate receipt is idempotent (21.049375ms)
✔ manufacturer range, unknown ADD/REPLACE/store/unit and wrong season never become stock (1.408166ms)
✔ wear and poles require explicit quantity units with no generated individual IDs or invented200 total (0.40475ms)
✔ launch checklist fails closed on missing/expired/old-head/old-policy evidence; pass grants no deploy permission (0.461833ms)
✔ operational events and CWV distinguish LAB/FIELD and exclude arbitrary PII/body/session fields (0.2745ms)
✔ Square deadlines settle even when an injected dependency ignores cancellation; source failure never POSTs (6.555125ms)
✔ R2 SDK transport fixture: private immutable object, conditional replay, no public ACL or default network (49.142958ms)
✔ R2 presigning uses SDK and bounded original-only tickets; rights withdrawal requires matched purge receipt (10.506792ms)
✔ P5 R2 rotation uses current credential for next SDK operation, never the memoized old key (33.317125ms)
✔ owner rules use independent explicit targets and +1cm, no DIN or BSL computation (0.750666ms)
✔ 145/150/155, anchored direction choice and deterministic shorter tie (0.722542ms)
✔ original absolute window includes both boundaries and excludes one centimetre outside (0.090459ms)
✔ real exact-size variant IDs, no age/class substitution, no hidden larger boots or text guessing (0.405791ms)
✔ snowboard does not require detailed age/weight/level, ski age13 boundary and forged fields reject (3.392875ms)
✔ one immutable pair ID resolves one cycle; no left/right child identifiers (0.837708ms)
✔ a saved scan can never retarget the latest cycle, version or already-received loan (0.082791ms)
✔ unknown/no active or ambiguous active cycle is not a successful receipt (0.223ms)
✔ invalid saved scan and checkout timestamps cannot become a receipt candidate (0.077709ms)
✔ P6 one acceptance location is metadata only; it does not map or activate either internal store (0.674625ms)
✔ P6 metadata parser never reads credential values, including during error handling (0.311125ms)
✔ P6 rejects production/development, omitted mode/version, aliases and public settings (0.153041ms)
✔ P6 URL is exact non-secret HTTPS metadata, not inferred from request headers or aliases (0.180042ms)
✔ P5 activation metadata rejects production, missing/mixed mapping, credentials and automatic enablement (0.78225ms)
✔ P5 dual webhook keys verify exact URL/raw bytes, retire exactly at grace and never expose secret (1.069667ms)
✔ SQL repository commits INSERTED before resolving and binds exact metadata only (1.016ms)
✔ SQL repository commits DUPLICATE before resolving and binds exact metadata only (0.112833ms)
✔ SQL repository commits HASH_CONFLICT before resolving and binds exact metadata only (0.11275ms)
✔ failure/uncertain BEGIN rolls back/destroys connection, never retries or leaks errors (0.317083ms)
✔ failure/uncertain SET LOCAL rolls back/destroys connection, never retries or leaks errors (0.088417ms)
✔ failure/uncertain square_webhook.receive rolls back/destroys connection, never retries or leaks errors (0.090791ms)
✔ failure/uncertain COMMIT rolls back/destroys connection, never retries or leaks errors (0.096459ms)
✔ unknown database receipt fails before COMMIT (0.115959ms)
✔ SQL claim returns only safe signal/lease metadata; settle binds fencing token and bounded failure code (0.240958ms)
✔ empty queue and successful terminal mark; all transaction paths release (0.136167ms)
✔ static additive migration: environment-scoped durable dedupe, bounded audit/retries, no business/raw payload storage (0.205167ms)
✔ static queue fencing/crash recovery: SKIP LOCKED, expired lease reclaim, bounded attempts, DB clock after lock (0.067792ms)
✔ pool acquisition failure also suppresses credential-bearing diagnostics without retry (0.077417ms)
✔ payment.created signed receipt persists only whitelisted signal metadata (43.70975ms)
✔ payment.updated signed receipt persists only whitelisted signal metadata (0.411042ms)
✔ missing/invalid signature 0 never opens inbox or parses malformed JSON (0.270667ms)
✔ missing/invalid signature 3 never opens inbox or parses malformed JSON (0.240417ms)
✔ missing/invalid signature 44 never opens inbox or parses malformed JSON (0.293625ms)
✔ signed malformed UTF8/JSON/envelope 7b rejects before persistence (18.00275ms)
✔ signed malformed UTF8/JSON/envelope ff rejects before persistence (0.437333ms)
✔ signed malformed UTF8/JSON/envelope 6e756c6c rejects before persistence (0.217709ms)
✔ signed malformed UTF8/JSON/envelope 5b5d rejects before persistence (0.20725ms)
✔ signed malformed UTF8/JSON/envelope 3432 rejects before persistence (0.232042ms)
✔ missing/invalid identity {"type":"payment.updated","merchant_id":"MLKDVEDH1ME21","data":{"objec (0.183042ms)
✔ missing/invalid identity {"event_id":"","type":"payment.updated","merchant_id":"MLKDVEDH1ME21", (0.146458ms)
✔ missing/invalid identity {"event_id":"xxxxxxxxxxxxxxxxxxxxxxxxxxxxxxxxxxxxxxxxxxxxxxxxxxxxxxxxx (0.116708ms)
✔ missing/invalid identity {"event_id":"bad\nline","type":"payment.updated","merchant_id":"MLKDVE (0.147542ms)
✔ missing/invalid identity {"event_id":"fixture-event","type":"payment.updated","merchant_id":"", (0.11975ms)
✔ missing/invalid identity {"event_id":"fixture-event","merchant_id":"MLKDVEDH1ME21","data":{"obj (0.133292ms)
✔ missing/invalid identity {"event_id":"fixture-event","type":"payment.updated","merchant_id":"ML (0.168833ms)
✔ missing/invalid identity {"event_id":"fixture-event","type":"payment.updated","merchant_id":"ML (0.133708ms)
✔ missing/invalid identity {"event_id":"fixture-event","type":"payment.updated","merchant_id":"ML (0.1205ms)
✔ signed wrong merchant rejected for supported and unsupported event (0.234958ms)
✔ unsupported signed correct-merchant envelope is explicitly ignored without a payment ACK/retry loop (0.151917ms)
✔ raw whitespace/order remain signed exactly; request host/forwarded headers cannot replace configured URL (0.362792ms)
✔ oversized body actual limit with content-length undefined (0.339708ms)
✔ oversized body actual limit with content-length 65537 (0.181167ms)
✔ oversized body actual limit with content-length 1 (0.166041ms)
✔ stream read once, exact 64KiB allowed; missing content length does not permit excess chunks (0.734292ms)
✔ stream read failure is redacted and never inserts (0.192ms)
✔ 20 concurrent deliveries and same stored key after a lost ACK are deduped by fixture repository (4.291916ms)
✔ event ID reuse with different raw hash records conflict and preserves original signal (0.311291ms)
✔ out-of-order updated/created events are separate signals; no provider or business state is available to handler (0.434958ms)
✔ retry headers grant no authority {} (0.213333ms)
✔ retry headers grant no authority {"square-retry-number":"1","square-retry-reason":"http_timeout"} (0.179125ms)
✔ retry headers grant no authority {"square-retry-number":"-999"} (0.173292ms)
✔ ACK waits for successful persistence; DB failure/body details never appear in response or logs (0.449875ms)
✔ method guard and missing config fail closed without pool factory (0.147291ms)
✔ explicit Sandbox Preview config only, fixed merchant/version/dedicated TLS receiver identity, no access-token dependency (0.252291ms)
✔ Next route with official Next server-only alias exports GET405 and unconfigured POST503 in isolated Node (no server/browser/DB) (150.055166ms)
✔ actually absent signature header, not just empty value, is 403 before inbox creation (0.406375ms)
✔ staff500 diagnostic emits only server-generated correlation, fixed phase and allowlisted SQLSTATE (3.391ms)
✔ unknown/inherited/getter codes and nested cause never leak into diagnostics (0.120208ms)
✔ Argon2id has independent salts and verifies only the supplied password (259.760583ms)
✔ canonical email is case/outer-space stable; password policy adds no composition rules (0.326083ms)
✔ role, permission and ALL scope are independently required for staff management (0.093625ms)
✔ staff input cannot grant unimplemented refund permissions or forge subject (0.527875ms)
✔ ordinary runtime without owned development connection fails closed and cannot attach a remote DB (0.239458ms)
✔ P5 real disk observation and exact safety floor; unavailable/invalid capacity is not success (2.407875ms)
✔ P5 cleanup requires matching successful log/run, stopped owner and no live PID; all others preserved (9.579875ms)
✔ transfer input rejects authority fields, impossible dates, model-free fake IDs and invalid pair quantities (2.375375ms)
✔ pair labels never create two assets; duplicate selected Asset or pool lines rejected (0.430458ms)
✔ forecast is not immediate stock, automatic receipt, late readiness or another-store capacity (0.262875ms)
✔ cancelled transfer keeps source PAIR protection while a promise needs reconciliation (0.126041ms)
✔ v1.2wear-only contract uses two independent quantity requirements; never one generic WEAR or one part (2.317917ms)
✔ wear ledger regular input accepts STANDARD parts with explicit sport compatibility (1.023ms)
✔ independent golden same-member wear20percent then advance5percent (0.502792ms)
✔ another member never receives equipment wear adjustment (0.179125ms)
✔ integrated Premium board promise required and exact variant selected (0.2475ms)
✔ quantity override forbids wear Assets and ambiguous multi-variant quantity promises (0.306083ms)
✔ all24 explicit approved wear prices and independent bundle golden cases remain stable (0.890667ms)
✔ explicit Premium day12350 and wear-only4750 golden preserve discount order (0.612458ms)
✔ WEAR-PRICE-01: SINGLE pole plus wear uses the pole price regardless of item order (4.357208ms)
✔ CI diagnostic forwarding preserves only the exact emitted safe schema and historical auth code (0.741125ms)
✔ split/coalesced/oversized child stderr never drops a valid record or forwards an unsafe suffix (2.541916ms)
✔ transport failure classification never exports messages, URLs, cookies or arbitrary codes (0.347833ms)
ℹ tests 382
ℹ suites 0
ℹ pass 382
ℹ fail 0
ℹ cancelled 0
ℹ skipped 0
ℹ todo 0
ℹ duration_ms 1837.832792
