✔ operator two browser request callbacks dispatch only once; fsynced record survives response loss (37.199708ms)
✔ separate operator processes race for the same reservation: exactly one wins (68.493334ms)
✔ operator two browser request callbacks dispatch only once; fsynced record survives response loss (39.015166ms)
✔ separate operator processes race for the same reservation: exactly one wins (68.551125ms)
✔ R6 pure preflight exposes only flags/enums and requires no merchant metadata (1.145375ms)
✔ R6 blocks DEPLOYMENT_NOT_PREVIEW before fetch VERCEL_ENV (15.220459ms)
✔ R6 blocks NOT_SANDBOX before fetch SQUARE_ENVIRONMENT (0.542708ms)
✔ R6 blocks API_VERSION_MISMATCH before fetch SQUARE_API_VERSION (0.340709ms)
✔ R6 blocks APPLICATION_ID_INVALID before fetch SQUARE_SANDBOX_APPLICATION_ID (0.348875ms)
✔ R6 blocks APPLICATION_ID_INVALID before fetch SQUARE_SANDBOX_APPLICATION_ID (0.262542ms)
✔ R6 blocks LOCATION_ID_INVALID before fetch SQUARE_SANDBOX_LOCATION_ID (0.232375ms)
✔ R6 blocks LOCATION_ID_INVALID before fetch SQUARE_SANDBOX_LOCATION_ID (5.457291ms)
✔ R6 blocks CREDENTIAL_MISSING before fetch SQUARE_SANDBOX_ACCESS_TOKEN (0.323417ms)
✔ R6 blocks CREDENTIAL_FORMAT_INVALID before fetch SQUARE_SANDBOX_ACCESS_TOKEN (0.258417ms)
✔ R6 blocks PUBLIC_CREDENTIAL_EXPOSURE before fetch NEXT_PUBLIC_SQUARE_ACCESS_TOKEN (0.287833ms)
✔ R6 blocks CONFIGURATION_INVALID before fetch SQUARE_SANDBOX_MERCHANT_ID (0.225ms)
✔ R6 blocks CONFIGURATION_INVALID before fetch SQUARE_SANDBOX_NOTIFICATION_URL (0.163167ms)
✔ R6 catches credentials reflected in unrelated NEXT_PUBLIC keys without returning values (0.067958ms)
✔ R6 GET preflight repeats safely; production and wrong intent are rejected (0.420583ms)
✔ R6 validates body, exact same-origin browser intent and method before dispatch (0.58375ms)
✔ R6 PASS and concurrent streamed one-shot issue only two exact Sandbox fetches (3.967709ms)
✔ R6 merchant failures terminate before locations and cannot be retried (0.904667ms)
✔ R6 location mismatch/state/capability results preserve their bounded evidence (2.367333ms)
✔ R6 network/unknown outcome stays structured and never retries (0.385542ms)
✔ R6 reflected token and raw provider diagnostics never appear in safe output (0.832917ms)
✔ R6 unexpected pre-dispatch internal exception has structured zero-dispatch output (0.222333ms)
✔ Square S1 service performs only exact two read-only Sandbox lookups on happy path (33.55175ms)
✔ Square S1 service fails fast on merchant lookup auth/429/5xx/network/timeout/schema and does not call locations (36.037042ms)
✔ Square S1 service enforces merchant active/Japanese/JPY and configured main location (0.850375ms)
✔ Square S1 service validates configured location state/currency/country/merchant and card capability (14.21ms)
✔ Square S1 transport rejects non-identity endpoints, queries, and payment paths before credential read (0.371208ms)
✔ Square S1 acceptance blocks non-sandbox, non-POST, missing intent, and body/query inputs before fetch (1.447583ms)
✔ Square S1 acceptance rejects VERCEL_ENV=production even when SQUARE_ENVIRONMENT is SANDBOX (0.105167ms)
✔ Square S1 transport enforces strict identity headers/credentials and rejects redirect responses before body parse (0.162625ms)
✔ Square S1 acceptance redacts its actual injected synthetic token reflected in merchant identity (0.314542ms)
✔ Square S1 transport fails closed on oversized location payload (1.490042ms)
✔ Square S1 transport fails schema when provider content-type is not application/json (0.130583ms)
✔ Square S1 acceptance never exposes raw provider diagnostic body (0.276584ms)
✔ Square S1 acceptance hides secret fields and does not surface raw provider payload in response (0.285875ms)
✔ Square S1 acceptance applies an in-instance once guard without distributed semantics (0.350167ms)
✔ Square S1 accepts an empty streamed POST from Next Node adapter; concurrent duplicate never sends more than two calls in one instance (0.47225ms)
✔ R9 immutable manifest and fingerprint match; any identity/amount/source/key change fails (14.7295ms)
✔ R9 preflight is provider-free, booleans/enums only; local guard verification is explicitly separate (14.906875ms)
✔ R9 runtime preflight blocks VERCEL_ENV production (0.4315ms)
✔ R9 runtime preflight blocks VERCEL_ENV undefined (1.085416ms)
✔ R9 runtime preflight blocks SQUARE_ENVIRONMENT PRODUCTION (8.403333ms)
✔ R9 runtime preflight blocks SQUARE_API_VERSION 2025-01-01 (0.457583ms)
✔ R9 runtime preflight blocks SQUARE_SANDBOX_MERCHANT_ID other (0.260292ms)
✔ R9 runtime preflight blocks SQUARE_SANDBOX_APPLICATION_ID undefined (0.201583ms)
✔ R9 runtime preflight blocks SQUARE_SANDBOX_LOCATION_ID undefined (0.21ms)
✔ R9 runtime preflight blocks SQUARE_SANDBOX_ACCESS_TOKEN undefined (0.250959ms)
✔ R9 runtime preflight blocks SQUARE_SANDBOX_ACCESS_TOKEN invalid token (0.16325ms)
✔ R9 runtime preflight blocks NEXT_PUBLIC_SQUARE_ACCESS_TOKEN fixture-public (0.189084ms)
✔ R9 client body/query/method/origin/intent cannot supply payment parameters (0.637542ms)
✔ R9 exact completed payment PASS uses one create and zero unnecessary lookup (8.410833ms)
✔ R9 same-instance concurrent empty streams allow one controlled create (0.673625ms)
✔ R9 pending safe ID allows exactly one conditional GET; same key is never POSTed twice (0.427625ms)
✔ R9 still-pending lookup stops; malformed or absent provider ID never looks up (2.604708ms)
✔ R9 money/reference/location mismatches fail without lookup (2.878083ms)
✔ R9 missing/invalid completion date is not PASS; one safe-ID lookup still must satisfy timestamps (0.985167ms)
✔ R9 lookup ID mismatch cannot establish PASS (0.349541ms)
✔ R9 HTTP 401 stops without retry (0.417375ms)
✔ R9 HTTP 403 stops without retry (0.260916ms)
✔ R9 HTTP 429 stops without retry (2.017584ms)
✔ R9 HTTP 400 stops without retry (0.24ms)
✔ R9 HTTP 500 stops without retry (0.23775ms)
✔ R9 network/parse/secret-reflection failures never leak raw response or exception (0.7485ms)
✔ R9 timeout aborts and preserves UNKNOWN; ignored transport does not create a retry (12.728791ms)
✔ R9 narrow transport rejects Production, refund, S1, query, wrong source/key/amount before credential access (0.638542ms)
✔ R10 immutable manifest pins existing payment/100JPY/key/reason and rejects altered identity (21.549666ms)
✔ R10 preflight has no provider call and exposes only safe flags/enums (15.401584ms)
✔ R10 preflight blocks VERCEL_ENV production (0.467083ms)
✔ R10 preflight blocks VERCEL_ENV undefined (0.345292ms)
✔ R10 preflight blocks SQUARE_ENVIRONMENT PRODUCTION (0.411166ms)
✔ R10 preflight blocks SQUARE_API_VERSION 2025-01-01 (0.327208ms)
✔ R10 preflight blocks SQUARE_SANDBOX_MERCHANT_ID other (3.672791ms)
✔ R10 preflight blocks SQUARE_SANDBOX_APPLICATION_ID undefined (6.255333ms)
✔ R10 preflight blocks SQUARE_SANDBOX_LOCATION_ID undefined (0.309333ms)
✔ R10 preflight blocks SQUARE_SANDBOX_ACCESS_TOKEN undefined (0.279375ms)
✔ R10 preflight blocks SQUARE_SANDBOX_ACCESS_TOKEN invalid token (0.244959ms)
✔ R10 preflight blocks NEXT_PUBLIC_SQUARE_ACCESS_TOKEN fixture-public (0.218042ms)
✔ R10 operator cannot inject payment/amount/key/location/query/body/method/origin (0.62425ms)
✔ R10 successful lookup then exact full refund: 1GET/1POST/0conditional, no CreatePayment (6.149916ms)
✔ R10 same-instance concurrent operator requests allow one whole workflow (2.49675ms)
✔ R10 mismatched or previously refunded Payment blocks refund and keeps GET budget1 (2.70125ms)
✔ R10 malformed Payment or contradictory errors cannot authorize refund (3.121584ms)
✔ R10 only valid PENDING refund permits exactly one bound GetRefund (1.574209ms)
✔ R10 malformed/mismatching/failed refund never triggers green-check lookup (15.087208ms)
✔ R10 conditional refund lookup must preserve exact refund ID and all evidence (1.913ms)
✔ R10 payment HTTP401 stops without automatic/manual retry (0.361084ms)
✔ R10 payment HTTP403 stops without automatic/manual retry (0.190666ms)
✔ R10 payment HTTP429 stops without automatic/manual retry (0.179875ms)
✔ R10 payment HTTP404 stops without automatic/manual retry (0.177333ms)
✔ R10 payment HTTP400 stops without automatic/manual retry (0.19075ms)
✔ R10 payment HTTP500 stops without automatic/manual retry (0.170958ms)
✔ R10 refund HTTP401 stops without automatic/manual retry (0.276959ms)
✔ R10 refund HTTP403 stops without automatic/manual retry (0.280125ms)
✔ R10 refund HTTP429 stops without automatic/manual retry (0.275292ms)
✔ R10 refund HTTP404 stops without automatic/manual retry (2.974083ms)
✔ R10 refund HTTP400 stops without automatic/manual retry (0.352083ms)
✔ R10 refund HTTP500 stops without automatic/manual retry (0.299625ms)
✔ R10 refundLookup HTTP401 stops without automatic/manual retry (0.335334ms)
✔ R10 refundLookup HTTP403 stops without automatic/manual retry (0.329125ms)
✔ R10 refundLookup HTTP429 stops without automatic/manual retry (0.307916ms)
✔ R10 refundLookup HTTP404 stops without automatic/manual retry (0.307ms)
✔ R10 refundLookup HTTP400 stops without automatic/manual retry (0.3595ms)
✔ R10 refundLookup HTTP500 stops without automatic/manual retry (0.320375ms)
✔ R10 socket/parse/response loss stops at current call and never emits raw secrets (1.705833ms)
✔ R10 reflected refund ID cannot leak server token or trigger lookup (0.32775ms)
✔ R10 per-call timeout aborts even ignored fetch and never retries a refund (56.943833ms)
✔ R10 strict transport rejects wrong origin/ID/method/amount/key/reason before dispatch (3.355834ms)
✔ existing SandboxRefundTrial field checks remain isolated from R10 fixed reason/journal (1.758208ms)
✔ equipment input accepts one immutable whole Asset ID, never reservation payload or inferred identities (1.786042ms)
✔ P5-F1 runtime root keys resist even an accidental same-purpose message collision (1.130667ms)
✔ P5-F1 preserves the P4 read root vector and deterministic recovery replay; no default weak secret (0.566292ms)
✔ unmodified BookingService: COMPLETED protects stock/booking from delayed PENDING/FAILED; engine does not apply either (8.0655ms)
✔ unmodified BookingService FAILED contradictory completion goes to review; engine blocks (0.217ms)
✔ unmodified BookingService CANCELED contradictory completion goes to review; engine blocks (0.145625ms)
✔ ACCEPT_COMPLETED is not booking confirmation: unmodified BookingService still refuses expired HOLD (0.188042ms)
✔ unmodified BookingService valid PENDING->COMPLETED still confirms only through old inventory/price boundary (0.267625ms)
✔ unmodified BookingService event replay and mismatched identity retain original safeguards (0.550666ms)
✔ name and quantity alone keep seasonal ambiguity and units/intention unresolved; no invented SKU or stock (10.749709ms)
✔ exact sport/season/SKU narrows candidates without changing historical facts; repeated source is deterministic (0.5245ms)
✔ content CSV quotes/BOM/newlines, SET/KEEP/CLEAR and machine round-trip preserve literal values (16.435875ms)
✔ same target is atomic; valid other target survives forbidden price, HTML, duplicate and stale rows (0.658333ms)
✔ stored plan rejects stale revision and tampering; no stock or price fields can be changed (0.429625ms)
✔ CSV bounds and human formula escaping remain separate from machine export (3.517584ms)
✔ private release plans exact revisions and applies complete manifest/current/audit/outbox result atomically in fixture (12.293375ms)
✔ stale draft, current pointer, media checksum or expired rights cannot reuse a prior validation (1.051917ms)
✔ no partial release or hidden language fallback; internal/unprocessed photos and stale translation reject (0.4985ms)
✔ restore creates a new private release and rechecks current rights/commercial mapping; never rewrites history (0.36425ms)
✔ server-stored bulk plan commits good targets and preserves invalid ones; idempotent response loss does not repeat revisions (12.01275ms)
✔ two editors of same revision: only one commits; old immutable content remains (0.575542ms)
✔ revocation after lock wait stops a previously authorized edit and replay (0.173042ms)
✔ release current/audit/outbox commit once; another actor cannot steal a prepared plan (29.768292ms)
✔ rights or draft change after release preview fails without partial pointer/outbox update (0.945542ms)
✔ anonymous and empty identities are denied on server (0.766875ms)
✔ customer cannot enter staff or admin; staff cannot enter admin (0.084584ms)
✔ explicit allowed role is accepted (0.061125ms)
✔ telemetry only accepts foundation events (0.142667ms)
✔ worktree paths separate stable DB, role, ports and seed namespace (0.144042ms)
✔ occupied port fails rather than attaching to existing service (9.708875ms)
✔ ambient database target is refused without revealing it (0.105833ms)
S01_SCHEMA_MAX_BYTES [29965,30032,30074,30158]
✔ current schema maxima plus normal HOLD/amend/quote wrappers fit finite40KiB UTF8 (17.546084ms)
✔ readJson counts actual split UTF8 stream, ignores declared length, cancels overflow (17.470042ms)
✔ same scope continuation has future expiry and preserves all saved conditions/fingerprints (15.451417ms)
✔ single-member candidate validates full group scope and exact member/version (0.293125ms)
✔ after-close changed non-size conditions fall back to new intake; future new conditions accepted (0.313458ms)
✔ expiry, due, fixed/payment/attention and unproven acceptance are never exceptions (0.226125ms)
✔ Tokyo golden AM/PM, whole-date occupancy, month/year boundaries and inclusive ten days (7.668334ms)
✔ bundle completeness, forbidden client expiry/identity, unique group member and variant candidates (1.004625ms)
✔ period solver finds flexible A155 constrained B150; bounded exhaustion is indeterminate (8.253125ms)
✔ payment contract never converts UNKNOWN to failure or late success to inventory confirmation (0.096333ms)
✔ E07 contract: 17:00 schedule is no receipt; sealed/departed additions denied; protected receipt still needs E07 (0.090792ms)
✔ cross-store source custody fence overlaps all later use, but not an earlier unrelated date (0.2115ms)
✔ pool timeout wording changes preserve bounded outcomes on read acquisition and write preflight (13.427667ms)
✔ coded authentication or permission errors and unknown failures never become retryable timeouts or leak details (0.243666ms)
✔ new intake separates contract start, same-day deadline and immutable conditions (23.759417ms)
✔ future quotes keep start bound; no backdated MULTIDAY or after-close first-day intake (0.1505ms)
✔ ledger lexical cm equivalence, never missing/other units or unknown sizes (0.157959ms)
✔ missing or invalid server write authorizer fails closed before any database access (0.745083ms)
✔ missing or invalid stock reconciler is rejected before any database access (0.100417ms)
✔ P5 media backup requires exact private encrypted off-host manifest and actual restore acknowledgement (28.189792ms)
✔ real decoder re-encodes and strips EXIF; identical bytes never inherit binding rights (238.886583ms)
✔ traversal, disguised SVG/HTML, extension mismatch, invalid decode and duplicate filename reject before any storage (10.283ms)
✔ P0 bounded320/640/960/1440/1920 WebP and JPEG derivatives preserve aspect and strip metadata (484.595625ms)
✔ Owner P4 BALANCED values are adopted without approving ingress or production composition (4.046625ms)
✔ P5 dispatcher fixture: forged headers cannot bind a Request/clone; explicit metadata only (20.559541ms)
✔ P5 canonical peer: IPv4/mapped/IPv6 representations, no lists/zone/padded or unknown peers (0.302042ms)
✔ dispatcher commit barrier; linkage result cannot escape before committed marker/job/link (1.072375ms)
✔ SQL BEGIN failure rolls back, destroys connection and never retries (0.362291ms)
✔ SQL SET LOCAL failure rolls back, destroys connection and never retries (0.0945ms)
✔ SQL .dispatch( failure rolls back, destroys connection and never retries (0.103333ms)
✔ SQL COMMIT failure rolls back, destroys connection and never retries (0.10175ms)
✔ pool acquisition failure sanitized (0.09075ms)
✔ claim JSON dates/metadata and finalize fencing revision bind safely; diagnostic is bounded/read only (0.377417ms)
✔ static migration26 is additive, grants no runtime, no existing payment/booking/inventory changes (0.252416ms)
✔ static indexed bounded dispatch/claim, one active payment generation, lease/crash/cutoff fences (0.213208ms)
✔ static receiver remains provider/job-dispatch free; worker has no production composition or business write port (0.213666ms)
✔ read-only expected context uses merchant/provider binding; batch is one query not one per job (0.31725ms)
✔ merchant auth/quota stop is durable with no reset function or fresh-event bypass (0.102667ms)
✔ context timestamp formatting is stable and normalized money stays within safe integer bounds (0.055542ms)
✔ provider truth accepts PENDING as a proposal, UNKNOWN is local knowledge only (13.937208ms)
✔ provider truth accepts COMPLETED as a proposal, UNKNOWN is local knowledge only (0.172834ms)
✔ provider truth accepts FAILED as a proposal, UNKNOWN is local knowledge only (0.126583ms)
✔ provider truth accepts CANCELED as a proposal, UNKNOWN is local knowledge only (0.118917ms)
✔ evidence mismatch blocks providerId (0.089875ms)
✔ evidence mismatch blocks referenceId (0.08725ms)
✔ evidence mismatch blocks idempotencyKey (0.226833ms)
✔ evidence mismatch blocks merchantId (0.092459ms)
✔ evidence mismatch blocks locationId (0.08775ms)
✔ evidence mismatch blocks amountJpy (0.874667ms)
✔ evidence mismatch blocks currency (0.074042ms)
✔ evidence mismatch blocks status (0.049041ms)
✔ evidence mismatch blocks updatedAt (0.041625ms)
✔ evidence mismatch blocks completedAt (1.840042ms)
✔ invalid provider response/time null (0.085291ms)
✔ invalid provider response/time {} (1.247917ms)
✔ invalid provider response/time {"providerId":"payment-fixture","referen (0.379667ms)
✔ invalid provider response/time {"providerId":"payment-fixture","referen (0.175833ms)
✔ invalid provider response/time {"providerId":"payment-fixture","referen (0.182542ms)
✔ invalid provider response/time {"providerId":"payment-fixture","referen (0.068334ms)
✔ duplicate fingerprint is canonical across key order and time zone; no receipt time in decision identity (6.326208ms)
✔ COMPLETED plus stale PENDING cannot downgrade; equal-time PENDING to COMPLETED is existing accepted behavior (7.5705ms)
✔ FAILED terminal does not restart, contradictory COMPLETED requires review (9.515375ms)
✔ CANCELED terminal does not restart, contradictory COMPLETED requires review (0.131584ms)
✔ retry budget is deterministic/bounded; input errors are not silently clamped (2.91175ms)
✔ receiver -> durable signal -> dispatcher -> one payment job: dedupe and out-of-order coalesce; no lookup before ACK (55.118792ms)
✔ two workers, crash after claim, lease expiry and stale finalize fencing (shared-store fixture) (0.298292ms)
✔ dispatcher crash is atomic; future signal remains eligible after restart (0.129458ms)
✔ crash after provider response before finalize performs another read under new lease, never another payment (0.354792ms)
✔ lost finalize response after commit is recoverable by durable state without another lookup (0.225083ms)
✔ new signal during lookup remains READY work; terminal receives new generation without reversing old job (0.44175ms)
✔ AUTH_BLOCKED stays BLOCKED across new events; no automatic restart (0.195125ms)
✔ RATE_LIMITED stays BLOCKED across new events; no automatic restart (0.092125ms)
✔ NOT_FOUND_BLOCKED stays BLOCKED across new events; no automatic restart (0.085625ms)
✔ INVALID_RESPONSE_BLOCKED stays BLOCKED across new events; no automatic restart (0.145125ms)
✔ EVIDENCE_MISMATCH_BLOCKED stays BLOCKED across new events; no automatic restart (0.087875ms)
✔ NETWORK_RETRYABLE retries only when due; cap5 never resets on event (0.368834ms)
✔ PROVIDER_5XX_RETRYABLE retries only when due; cap5 never resets on event (0.217792ms)
✔ PENDING is not a terminal job; pending duplicate polls within budget and can reach COMPLETED (0.407208ms)
✔ deadline, final-attempt crash and fixture timeout are bounded with no real wait (0.228625ms)
✔ missing/wrong context stops before lookup; stale after context read also stops (0.217875ms)
✔ conflicting redelivery invalidates live lease and prevents automatic generation (0.146458ms)
✔ Square fixture HTTP401 -> AUTH_BLOCKED (0.162375ms)
✔ Square fixture HTTP403 -> AUTH_BLOCKED (0.072541ms)
✔ Square fixture HTTP429 -> RATE_LIMITED (0.03125ms)
✔ Square fixture HTTP404 -> NOT_FOUND_BLOCKED (0.029292ms)
✔ Square fixture HTTP500 -> PROVIDER_5XX_RETRYABLE (0.070792ms)
✔ Square fixture HTTP503 -> PROVIDER_5XX_RETRYABLE (0.030541ms)
✔ Square fixture HTTP400 -> INVALID_RESPONSE_BLOCKED (0.35125ms)
✔ Square fixture HTTP302 -> INVALID_RESPONSE_BLOCKED (0.113ms)
✔ Square fixture normalized observations, malformed response and network failures never leak raw payload/error (0.668625ms)
✔ worker fake-only path never invokes ambient fetch; diagnostics have no raw body/session/credential (0.149709ms)
✔ duplicate internal truth cannot bypass a contradictory FAILED business context (0.085542ms)
✔ AUTH_BLOCKED stops remaining batch and persists merchant circuit for new payments (0.237917ms)
✔ RATE_LIMITED stops remaining batch and persists merchant circuit for new payments (0.107417ms)
✔ internal stop codes and malformed provider port output are invalid response, not provider authority (0.159667ms)
✔ unlinked hash-conflicted inbox signal does not become a job in dispatcher fixture (0.047084ms)
✔ stale PENDING while newer PENDING exists remains retry work, not terminal (0.1945ms)
✔ cutoff crossed inside lookup cannot store an accepted observation (0.110125ms)
✔ transitive date/variant/group custody closure includes later chained requirements, not unrelated groups (4.045292ms)
✔ period search with Hall pruning agrees with independent exhaustive enumeration over 250 small fixed-capacity cases (32.140333ms)
✔ per-day feasibility cannot replace continuous-Asset witness and explicit search limit stays indeterminate (0.288166ms)
✔ photo transport decodes valid 9MiB and exact 10MiB without regex stack growth (46.466292ms)
✔ photo transport rejects oversized, noncanonical and malformed encodings (8.406792ms)
✔ photo candidates require exact existing offer, explicit role and bounded order; no fuzzy binding (0.670958ms)
✔ duplicate upload/concurrent terminal replies commit each photo once, byte reuse never grants rights (175.133334ms)
✔ fixed manifest rejects replaced bytes/duplicate names; malformed image records failure without publishing (0.485416ms)
✔ revocation while real decoder is running rejects commit and writes no private objects (48.296083ms)
✔ photo prepare matches the catalog from the acquired transaction, preserving replay candidates (0.351459ms)
✔ database stop must wait for delayed socket end after pool.end resolves (0.527583ms)
✔ background connection errors fail closure without exposing attached client (0.454542ms)
✔ all 216 explicit amounts through product/duration calculation; no runtime curve (27.101666ms)
✔ half-day early explicit examples 5320 / 6460 / 2850 and integer HALF_UP (0.550792ms)
✔ JST previous-day 15:00 inclusive payment qualification; quote never qualifies payment (0.218708ms)
✔ explicit stacking, applicable coupon scope/window/min/cap; no negative totals or double discount (1.181916ms)
✔ mixed members eligibility/minimum basis; set components never become extra price lines (0.281209ms)
✔ strict quote and coupon inputs reject prices, role, duplicates, dates, unknown product and incomplete table (2.939833ms)
✔ production guest JSON schema, exact approval hash and runtime inequalities; no default/owner values invented (20.319125ms)
✔ trusted ingress uses only request-object-bound dispatcher metadata; all browser IP spellings fail closed (35.996709ms)
✔ concrete Square transport pins Sandbox/API version/Bearer/auth binding, stable idempotency, no redirects/ambient credentials (22.865792ms)
✔ concrete Square allowlist rejects wrong host/location/path before credentials; revoked/expired/wrong merchant stops without network (2.326709ms)
✔ response loss/UNKNOWN never auto retries or changes key; credential/response diagnostics are masked (3.046125ms)
✔ transport abort cancels body read and settles hung fetch without retry; oversized/invalid JSON fails UNKNOWN (30.7315ms)
✔ signed duplicate/out-of-order webhook only performs current lookup; tamper and merchant/amount/currency mismatch rejected (1.359459ms)
✔ media provider separates private originals/derivatives, immutable digest, rights/revision checks and signed ticket bounds (0.666041ms)
✔ withdrawal requires exact CDN invalidation receipt; signed expiry/legal retention/references gate deletion, never auto-delete (0.299042ms)
✔ source staging preserves original/normalized provenance, exact match, explicit dry-run commit and same-source idempotency (2.161584ms)
✔ unresolved/ambiguous manufacturer/year/quantity rows never create stock; reductions/missing rows never delete assets; wear stays quantity (1.007625ms)
✔ all required operational codes reach a strict structured sink; secret/PII/error bodies cannot enter it (2.496209ms)
✔ secret lifecycle rejects missing/revoked/expired/duplicate active credentials and documents old-key grace without claiming rotation execution (0.314667ms)
✔ environment readers require explicit valid private metadata; public secret variables and invalid JSON fail closed without logging raw values (0.273625ms)
✔ P2-01 unapproved public environment names fail closed regardless of secret-like spelling (0.104709ms)
✔ P5 preflight never promotes documentation/fixtures/Owner targets to external PASS (1.698583ms)
✔ P5 exact CI requires repository/workflow/event/head/base/integration tree/run attempt/job success (0.867708ms)
✔ P5 offline preflight command emits JSON/human summary and exits2 with pending gates (343.757583ms)
✔ Square Sandbox adapter uses exact official request, stable key, bounded endpoint and no normal activation (1.138875ms)
✔ UNKNOWN without verified provider ID never sends another POST or invents get-by-idempotency (0.357834ms)
✔ Square auth/quota/timeout stops without automatic retry and masks raw response (26.472375ms)
✔ Square signed webhook uses fresh lookup rather than callback amount or status; rejects tamper, merchant and money mismatch (0.744625ms)
✔ private storage releases only current derivative and rechecks withdrawal/revision after read (13.192625ms)
✔ exact catalog/source plan preserves one ski pair as one Asset and duplicate receipt is idempotent (0.5915ms)
✔ manufacturer range, unknown ADD/REPLACE/store/unit and wrong season never become stock (0.562333ms)
✔ wear and poles require explicit quantity units with no generated individual IDs or invented200 total (0.316167ms)
✔ launch checklist fails closed on missing/expired/old-head/old-policy evidence; pass grants no deploy permission (0.350792ms)
✔ operational events and CWV distinguish LAB/FIELD and exclude arbitrary PII/body/session fields (0.210833ms)
✔ Square deadlines settle even when an injected dependency ignores cancellation; source failure never POSTs (6.172667ms)
✔ R2 SDK transport fixture: private immutable object, conditional replay, no public ACL or default network (67.082167ms)
✔ R2 presigning uses SDK and bounded original-only tickets; rights withdrawal requires matched purge receipt (10.496417ms)
✔ P5 R2 rotation uses current credential for next SDK operation, never the memoized old key (116.823292ms)
✔ owner rules use independent explicit targets and +1cm, no DIN or BSL computation (0.698958ms)
✔ 145/150/155, anchored direction choice and deterministic shorter tie (0.187416ms)
✔ original absolute window includes both boundaries and excludes one centimetre outside (0.070125ms)
✔ real exact-size variant IDs, no age/class substitution, no hidden larger boots or text guessing (0.36975ms)
✔ snowboard does not require detailed age/weight/level, ski age13 boundary and forged fields reject (2.980667ms)
✔ one immutable pair ID resolves one cycle; no left/right child identifiers (0.841542ms)
✔ a saved scan can never retarget the latest cycle, version or already-received loan (0.081334ms)
✔ unknown/no active or ambiguous active cycle is not a successful receipt (0.231875ms)
✔ invalid saved scan and checkout timestamps cannot become a receipt candidate (0.079417ms)
✔ P6 one acceptance location is metadata only; it does not map or activate either internal store (0.676541ms)
✔ P6 metadata parser never reads credential values, including during error handling (0.307041ms)
✔ P6 rejects production/development, omitted mode/version, aliases and public settings (0.151208ms)
✔ P6 URL is exact non-secret HTTPS metadata, not inferred from request headers or aliases (0.427041ms)
✔ P5 activation metadata rejects production, missing/mixed mapping, credentials and automatic enablement (0.801667ms)
✔ P5 dual webhook keys verify exact URL/raw bytes, retire exactly at grace and never expose secret (1.062958ms)
✔ SQL repository commits INSERTED before resolving and binds exact metadata only (1.1325ms)
✔ SQL repository commits DUPLICATE before resolving and binds exact metadata only (0.123167ms)
✔ SQL repository commits HASH_CONFLICT before resolving and binds exact metadata only (0.109959ms)
✔ failure/uncertain BEGIN rolls back/destroys connection, never retries or leaks errors (0.314292ms)
✔ failure/uncertain SET LOCAL rolls back/destroys connection, never retries or leaks errors (0.082667ms)
✔ failure/uncertain square_webhook.receive rolls back/destroys connection, never retries or leaks errors (0.09225ms)
✔ failure/uncertain COMMIT rolls back/destroys connection, never retries or leaks errors (0.093125ms)
✔ unknown database receipt fails before COMMIT (0.125042ms)
✔ SQL claim returns only safe signal/lease metadata; settle binds fencing token and bounded failure code (0.262709ms)
✔ empty queue and successful terminal mark; all transaction paths release (0.13575ms)
✔ static additive migration: environment-scoped durable dedupe, bounded audit/retries, no business/raw payload storage (0.189208ms)
✔ static queue fencing/crash recovery: SKIP LOCKED, expired lease reclaim, bounded attempts, DB clock after lock (0.069792ms)
✔ pool acquisition failure also suppresses credential-bearing diagnostics without retry (0.072875ms)
✔ payment.created signed receipt persists only whitelisted signal metadata (26.685041ms)
✔ payment.updated signed receipt persists only whitelisted signal metadata (0.395ms)
✔ missing/invalid signature 0 never opens inbox or parses malformed JSON (0.248625ms)
✔ missing/invalid signature 3 never opens inbox or parses malformed JSON (0.2305ms)
✔ missing/invalid signature 44 never opens inbox or parses malformed JSON (0.274834ms)
✔ signed malformed UTF8/JSON/envelope 7b rejects before persistence (16.303166ms)
✔ signed malformed UTF8/JSON/envelope ff rejects before persistence (3.228916ms)
✔ signed malformed UTF8/JSON/envelope 6e756c6c rejects before persistence (0.204958ms)
✔ signed malformed UTF8/JSON/envelope 5b5d rejects before persistence (0.182458ms)
✔ signed malformed UTF8/JSON/envelope 3432 rejects before persistence (0.223791ms)
✔ missing/invalid identity {"type":"payment.updated","merchant_id":"MLKDVEDH1ME21","data":{"objec (0.182333ms)
✔ missing/invalid identity {"event_id":"","type":"payment.updated","merchant_id":"MLKDVEDH1ME21", (0.113791ms)
✔ missing/invalid identity {"event_id":"xxxxxxxxxxxxxxxxxxxxxxxxxxxxxxxxxxxxxxxxxxxxxxxxxxxxxxxxx (0.102709ms)
✔ missing/invalid identity {"event_id":"bad\nline","type":"payment.updated","merchant_id":"MLKDVE (0.093625ms)
✔ missing/invalid identity {"event_id":"fixture-event","type":"payment.updated","merchant_id":"", (0.096208ms)
✔ missing/invalid identity {"event_id":"fixture-event","merchant_id":"MLKDVEDH1ME21","data":{"obj (0.101291ms)
✔ missing/invalid identity {"event_id":"fixture-event","type":"payment.updated","merchant_id":"ML (0.133333ms)
✔ missing/invalid identity {"event_id":"fixture-event","type":"payment.updated","merchant_id":"ML (0.1025ms)
✔ missing/invalid identity {"event_id":"fixture-event","type":"payment.updated","merchant_id":"ML (0.098042ms)
✔ signed wrong merchant rejected for supported and unsupported event (0.197125ms)
✔ unsupported signed correct-merchant envelope is explicitly ignored without a payment ACK/retry loop (0.142625ms)
✔ raw whitespace/order remain signed exactly; request host/forwarded headers cannot replace configured URL (0.955417ms)
✔ oversized body actual limit with content-length undefined (0.352791ms)
✔ oversized body actual limit with content-length 65537 (0.304792ms)
✔ oversized body actual limit with content-length 1 (4.218791ms)
✔ stream read once, exact 64KiB allowed; missing content length does not permit excess chunks (18.441834ms)
✔ stream read failure is redacted and never inserts (0.224083ms)
✔ 20 concurrent deliveries and same stored key after a lost ACK are deduped by fixture repository (1.288667ms)
✔ event ID reuse with different raw hash records conflict and preserves original signal (0.2325ms)
✔ out-of-order updated/created events are separate signals; no provider or business state is available to handler (0.365959ms)
✔ retry headers grant no authority {} (0.152542ms)
✔ retry headers grant no authority {"square-retry-number":"1","square-retry-reason":"http_timeout"} (0.133917ms)
✔ retry headers grant no authority {"square-retry-number":"-999"} (0.125875ms)
✔ ACK waits for successful persistence; DB failure/body details never appear in response or logs (0.3635ms)
✔ method guard and missing config fail closed without pool factory (0.107459ms)
✔ explicit Sandbox Preview config only, fixed merchant/version/dedicated TLS receiver identity, no access-token dependency (1.368083ms)
✔ Next route with official Next server-only alias exports GET405 and unconfigured POST503 in isolated Node (no server/browser/DB) (157.596209ms)
✔ actually absent signature header, not just empty value, is 403 before inbox creation (0.307ms)
✔ staff500 diagnostic emits only server-generated correlation, fixed phase and allowlisted SQLSTATE (0.876375ms)
✔ unknown/inherited/getter codes and nested cause never leak into diagnostics (0.106625ms)
✔ Argon2id has independent salts and verifies only the supplied password (249.74925ms)
✔ canonical email is case/outer-space stable; password policy adds no composition rules (0.309083ms)
✔ role, permission and ALL scope are independently required for staff management (0.087667ms)
✔ staff input cannot grant unimplemented refund permissions or forge subject (0.4815ms)
✔ ordinary runtime without owned development connection fails closed and cannot attach a remote DB (0.213334ms)
✔ P5 real disk observation and exact safety floor; unavailable/invalid capacity is not success (14.834375ms)
✔ P5 cleanup requires matching successful log/run, stopped owner and no live PID; all others preserved (10.183583ms)
✔ transfer input rejects authority fields, impossible dates, model-free fake IDs and invalid pair quantities (2.2535ms)
✔ pair labels never create two assets; duplicate selected Asset or pool lines rejected (0.148833ms)
✔ forecast is not immediate stock, automatic receipt, late readiness or another-store capacity (0.234583ms)
✔ cancelled transfer keeps source PAIR protection while a promise needs reconciliation (0.107542ms)
✔ v1.2wear-only contract uses two independent quantity requirements; never one generic WEAR or one part (2.601125ms)
✔ wear ledger regular input accepts STANDARD parts with explicit sport compatibility (0.492583ms)
✔ independent golden same-member wear20percent then advance5percent (0.671ms)
✔ another member never receives equipment wear adjustment (0.183709ms)
✔ integrated Premium board promise required and exact variant selected (0.96825ms)
✔ quantity override forbids wear Assets and ambiguous multi-variant quantity promises (0.393166ms)
✔ all24 explicit approved wear prices and independent bundle golden cases remain stable (0.849125ms)
✔ explicit Premium day12350 and wear-only4750 golden preserve discount order (0.219666ms)
✔ WEAR-PRICE-01: SINGLE pole plus wear uses the pole price regardless of item order (3.041583ms)
✔ CI diagnostic forwarding preserves only the exact emitted safe schema and historical auth code (0.691584ms)
✔ split/coalesced/oversized child stderr never drops a valid record or forwards an unsafe suffix (2.25975ms)
✔ transport failure classification never exports messages, URLs, cookies or arbitrary codes (0.329334ms)
ℹ tests 382
ℹ suites 0
ℹ pass 382
ℹ fail 0
ℹ cancelled 0
ℹ skipped 0
ℹ todo 0
ℹ duration_ms 1937.869333
