✔ SQL repository commits INSERTED before resolving and binds exact metadata only (0.952291ms)
✔ SQL repository commits DUPLICATE before resolving and binds exact metadata only (0.102ms)
✔ SQL repository commits HASH_CONFLICT before resolving and binds exact metadata only (0.098375ms)
✔ failure/uncertain BEGIN rolls back/destroys connection, never retries or leaks errors (0.323083ms)
✔ failure/uncertain SET LOCAL rolls back/destroys connection, never retries or leaks errors (0.080708ms)
✔ failure/uncertain square_webhook.receive rolls back/destroys connection, never retries or leaks errors (0.091875ms)
✔ failure/uncertain COMMIT rolls back/destroys connection, never retries or leaks errors (0.173708ms)
✔ unknown database receipt fails before COMMIT (0.1525ms)
✔ SQL claim returns only safe signal/lease metadata; settle binds fencing token and bounded failure code (0.265542ms)
✔ empty queue and successful terminal mark; all transaction paths release (0.143917ms)
✔ static additive migration: environment-scoped durable dedupe, bounded audit/retries, no business/raw payload storage (0.206333ms)
✔ static queue fencing/crash recovery: SKIP LOCKED, expired lease reclaim, bounded attempts, DB clock after lock (0.075083ms)
✔ payment.created signed receipt persists only whitelisted signal metadata (24.074584ms)
✔ payment.updated signed receipt persists only whitelisted signal metadata (0.363041ms)
✔ missing/invalid signature 0 never opens inbox or parses malformed JSON (0.27175ms)
✔ missing/invalid signature 3 never opens inbox or parses malformed JSON (0.247166ms)
✔ missing/invalid signature 44 never opens inbox or parses malformed JSON (0.251791ms)
✔ signed malformed UTF8/JSON/envelope 7b rejects before persistence (0.251042ms)
✔ signed malformed UTF8/JSON/envelope ff rejects before persistence (0.182709ms)
✔ signed malformed UTF8/JSON/envelope 6e756c6c rejects before persistence (0.139958ms)
✔ signed malformed UTF8/JSON/envelope 5b5d rejects before persistence (0.141625ms)
✔ signed malformed UTF8/JSON/envelope 3432 rejects before persistence (0.183667ms)
✔ missing/invalid identity {"type":"payment.updated","merchant_id":"MLKDVEDH1ME21","data":{"objec (0.12575ms)
✔ missing/invalid identity {"event_id":"","type":"payment.updated","merchant_id":"MLKDVEDH1ME21", (0.09475ms)
✔ missing/invalid identity {"event_id":"xxxxxxxxxxxxxxxxxxxxxxxxxxxxxxxxxxxxxxxxxxxxxxxxxxxxxxxxx (0.107209ms)
✔ missing/invalid identity {"event_id":"bad\nline","type":"payment.updated","merchant_id":"MLKDVE (0.085708ms)
✔ missing/invalid identity {"event_id":"fixture-event","type":"payment.updated","merchant_id":"", (0.085333ms)
✔ missing/invalid identity {"event_id":"fixture-event","merchant_id":"MLKDVEDH1ME21","data":{"obj (0.143417ms)
✔ missing/invalid identity {"event_id":"fixture-event","type":"payment.updated","merchant_id":"ML (0.126541ms)
✔ missing/invalid identity {"event_id":"fixture-event","type":"payment.updated","merchant_id":"ML (0.092917ms)
✔ missing/invalid identity {"event_id":"fixture-event","type":"payment.updated","merchant_id":"ML (0.092625ms)
✔ signed wrong merchant rejected for supported and unsupported event (0.15825ms)
✔ unsupported signed correct-merchant envelope is explicitly ignored without a payment ACK/retry loop (0.106458ms)
✔ raw whitespace/order remain signed exactly; request host/forwarded headers cannot replace configured URL (0.253125ms)
✔ oversized body actual limit with content-length undefined (0.192208ms)
✔ oversized body actual limit with content-length 65537 (0.131292ms)
✔ oversized body actual limit with content-length 1 (0.147125ms)
✔ stream read once, exact 64KiB allowed; missing content length does not permit excess chunks (0.670958ms)
✔ stream read failure is redacted and never inserts (0.46575ms)
✔ 20 concurrent deliveries and same stored key after a lost ACK are deduped by fixture repository (2.19725ms)
✔ event ID reuse with different raw hash records conflict and preserves original signal (0.3575ms)
✔ out-of-order updated/created events are separate signals; no provider or business state is available to handler (0.521084ms)
✔ retry headers grant no authority {} (0.188166ms)
✔ retry headers grant no authority {"square-retry-number":"1","square-retry-reason":"http_timeout"} (0.151291ms)
✔ retry headers grant no authority {"square-retry-number":"-999"} (0.146042ms)
✔ ACK waits for successful persistence; DB failure/body details never appear in response or logs (0.390917ms)
✔ method guard and missing config fail closed without pool factory (0.110792ms)
✔ explicit Sandbox Preview config only, fixed merchant/version/dedicated TLS receiver identity, no access-token dependency (0.15075ms)
✔ Next route with official Next server-only alias exports GET405 and unconfigured POST503 in isolated Node (no server/browser/DB) (191.889791ms)
ℹ tests 49
ℹ suites 0
ℹ pass 49
ℹ fail 0
ℹ cancelled 0
ℹ skipped 0
ℹ todo 0
ℹ duration_ms 528.197166
