✔ operator two browser request callbacks dispatch only once; fsynced record survives response loss (60.682125ms)
✔ separate operator processes race for the same reservation: exactly one wins (66.450208ms)
✔ operator two browser request callbacks dispatch only once; fsynced record survives response loss (52.803375ms)
✔ separate operator processes race for the same reservation: exactly one wins (73.904083ms)
✔ R6 pure preflight exposes only flags/enums and requires no merchant metadata (1.168958ms)
✔ R6 blocks DEPLOYMENT_NOT_PREVIEW before fetch VERCEL_ENV (22.742167ms)
✔ R6 blocks NOT_SANDBOX before fetch SQUARE_ENVIRONMENT (0.534667ms)
✔ R6 blocks API_VERSION_MISMATCH before fetch SQUARE_API_VERSION (0.343958ms)
✔ R6 blocks APPLICATION_ID_INVALID before fetch SQUARE_SANDBOX_APPLICATION_ID (0.730375ms)
✔ R6 blocks APPLICATION_ID_INVALID before fetch SQUARE_SANDBOX_APPLICATION_ID (0.952791ms)
✔ R6 blocks LOCATION_ID_INVALID before fetch SQUARE_SANDBOX_LOCATION_ID (0.465041ms)
✔ R6 blocks LOCATION_ID_INVALID before fetch SQUARE_SANDBOX_LOCATION_ID (1.20475ms)
✔ R6 blocks CREDENTIAL_MISSING before fetch SQUARE_SANDBOX_ACCESS_TOKEN (0.215292ms)
✔ R6 blocks CREDENTIAL_FORMAT_INVALID before fetch SQUARE_SANDBOX_ACCESS_TOKEN (0.226166ms)
✔ R6 blocks PUBLIC_CREDENTIAL_EXPOSURE before fetch NEXT_PUBLIC_SQUARE_ACCESS_TOKEN (0.242292ms)
✔ R6 blocks CONFIGURATION_INVALID before fetch SQUARE_SANDBOX_MERCHANT_ID (0.193875ms)
✔ R6 blocks CONFIGURATION_INVALID before fetch SQUARE_SANDBOX_NOTIFICATION_URL (0.136458ms)
✔ R6 catches credentials reflected in unrelated NEXT_PUBLIC keys without returning values (0.064042ms)
✔ R6 GET preflight repeats safely; production and wrong intent are rejected (0.285792ms)
✔ R6 validates body, exact same-origin browser intent and method before dispatch (0.641708ms)
✔ R6 PASS and concurrent streamed one-shot issue only two exact Sandbox fetches (5.788333ms)
✔ R6 merchant failures terminate before locations and cannot be retried (0.94325ms)
✔ R6 location mismatch/state/capability results preserve their bounded evidence (1.195042ms)
✔ R6 network/unknown outcome stays structured and never retries (0.249375ms)
✔ R6 reflected token and raw provider diagnostics never appear in safe output (4.023875ms)
✔ R6 unexpected pre-dispatch internal exception has structured zero-dispatch output (0.263917ms)
✔ Square S1 service performs only exact two read-only Sandbox lookups on happy path (37.148042ms)
✔ Square S1 service fails fast on merchant lookup auth/429/5xx/network/timeout/schema and does not call locations (42.119625ms)
✔ Square S1 service enforces merchant active/Japanese/JPY and configured main location (0.815333ms)
✔ Square S1 service validates configured location state/currency/country/merchant and card capability (9.451208ms)
✔ Square S1 transport rejects non-identity endpoints, queries, and payment paths before credential read (0.388042ms)
✔ Square S1 acceptance blocks non-sandbox, non-POST, missing intent, and body/query inputs before fetch (3.654833ms)
✔ Square S1 acceptance rejects VERCEL_ENV=production even when SQUARE_ENVIRONMENT is SANDBOX (0.11825ms)
✔ Square S1 transport enforces strict identity headers/credentials and rejects redirect responses before body parse (0.171583ms)
✔ Square S1 acceptance redacts its actual injected synthetic token reflected in merchant identity (3.512708ms)
✔ Square S1 transport fails closed on oversized location payload (1.578125ms)
✔ Square S1 transport fails schema when provider content-type is not application/json (0.159667ms)
✔ Square S1 acceptance never exposes raw provider diagnostic body (0.299417ms)
✔ Square S1 acceptance hides secret fields and does not surface raw provider payload in response (0.340333ms)
✔ Square S1 acceptance applies an in-instance once guard without distributed semantics (0.393208ms)
✔ Square S1 accepts an empty streamed POST from Next Node adapter; concurrent duplicate never sends more than two calls in one instance (0.496125ms)
✔ R9 immutable manifest and fingerprint match; any identity/amount/source/key change fails (17.207041ms)
✔ R9 preflight is provider-free, booleans/enums only; local guard verification is explicitly separate (46.074375ms)
✔ R9 runtime preflight blocks VERCEL_ENV production (7.755875ms)
✔ R9 runtime preflight blocks VERCEL_ENV undefined (0.365167ms)
✔ R9 runtime preflight blocks SQUARE_ENVIRONMENT PRODUCTION (0.601417ms)
✔ R9 runtime preflight blocks SQUARE_API_VERSION 2025-01-01 (0.310125ms)
✔ R9 runtime preflight blocks SQUARE_SANDBOX_MERCHANT_ID other (0.270875ms)
✔ R9 runtime preflight blocks SQUARE_SANDBOX_APPLICATION_ID undefined (0.205041ms)
✔ R9 runtime preflight blocks SQUARE_SANDBOX_LOCATION_ID undefined (0.213792ms)
✔ R9 runtime preflight blocks SQUARE_SANDBOX_ACCESS_TOKEN undefined (0.27675ms)
✔ R9 runtime preflight blocks SQUARE_SANDBOX_ACCESS_TOKEN invalid token (0.160542ms)
✔ R9 runtime preflight blocks NEXT_PUBLIC_SQUARE_ACCESS_TOKEN fixture-public (0.202ms)
✔ R9 client body/query/method/origin/intent cannot supply payment parameters (0.604583ms)
✔ R9 exact completed payment PASS uses one create and zero unnecessary lookup (12.935667ms)
✔ R9 same-instance concurrent empty streams allow one controlled create (8.230417ms)
✔ R9 pending safe ID allows exactly one conditional GET; same key is never POSTed twice (0.651542ms)
✔ R9 still-pending lookup stops; malformed or absent provider ID never looks up (12.982417ms)
✔ R9 money/reference/location mismatches fail without lookup (2.559875ms)
✔ R9 missing/invalid completion date is not PASS; one safe-ID lookup still must satisfy timestamps (0.866459ms)
✔ R9 lookup ID mismatch cannot establish PASS (0.2825ms)
✔ R9 HTTP 401 stops without retry (0.35425ms)
✔ R9 HTTP 403 stops without retry (0.203625ms)
✔ R9 HTTP 429 stops without retry (0.188125ms)
✔ R9 HTTP 400 stops without retry (0.191666ms)
✔ R9 HTTP 500 stops without retry (3.931333ms)
✔ R9 network/parse/secret-reflection failures never leak raw response or exception (0.902291ms)
✔ R9 timeout aborts and preserves UNKNOWN; ignored transport does not create a retry (32.487084ms)
✔ R9 narrow transport rejects Production, refund, S1, query, wrong source/key/amount before credential access (1.088167ms)
✔ R10 immutable manifest pins existing payment/100JPY/key/reason and rejects altered identity (8.904458ms)
✔ R10 preflight has no provider call and exposes only safe flags/enums (13.593459ms)
✔ R10 preflight blocks VERCEL_ENV production (0.516458ms)
✔ R10 preflight blocks VERCEL_ENV undefined (0.345417ms)
✔ R10 preflight blocks SQUARE_ENVIRONMENT PRODUCTION (0.41075ms)
✔ R10 preflight blocks SQUARE_API_VERSION 2025-01-01 (0.317625ms)
✔ R10 preflight blocks SQUARE_SANDBOX_MERCHANT_ID other (0.269833ms)
✔ R10 preflight blocks SQUARE_SANDBOX_APPLICATION_ID undefined (0.253916ms)
✔ R10 preflight blocks SQUARE_SANDBOX_LOCATION_ID undefined (0.227375ms)
✔ R10 preflight blocks SQUARE_SANDBOX_ACCESS_TOKEN undefined (0.290375ms)
✔ R10 preflight blocks SQUARE_SANDBOX_ACCESS_TOKEN invalid token (0.285667ms)
✔ R10 preflight blocks NEXT_PUBLIC_SQUARE_ACCESS_TOKEN fixture-public (0.259875ms)
✔ R10 operator cannot inject payment/amount/key/location/query/body/method/origin (4.338209ms)
✔ R10 successful lookup then exact full refund: 1GET/1POST/0conditional, no CreatePayment (15.986625ms)
✔ R10 same-instance concurrent operator requests allow one whole workflow (0.752875ms)
✔ R10 mismatched or previously refunded Payment blocks refund and keeps GET budget1 (3.711041ms)
✔ R10 malformed Payment or contradictory errors cannot authorize refund (0.9735ms)
✔ R10 only valid PENDING refund permits exactly one bound GetRefund (9.086792ms)
✔ R10 malformed/mismatching/failed refund never triggers green-check lookup (35.107708ms)
✔ R10 conditional refund lookup must preserve exact refund ID and all evidence (1.331833ms)
✔ R10 payment HTTP401 stops without automatic/manual retry (0.363875ms)
✔ R10 payment HTTP403 stops without automatic/manual retry (14.848584ms)
✔ R10 payment HTTP429 stops without automatic/manual retry (0.326084ms)
✔ R10 payment HTTP404 stops without automatic/manual retry (0.253792ms)
✔ R10 payment HTTP400 stops without automatic/manual retry (0.853708ms)
✔ R10 payment HTTP500 stops without automatic/manual retry (0.477542ms)
✔ R10 refund HTTP401 stops without automatic/manual retry (0.411583ms)
✔ R10 refund HTTP403 stops without automatic/manual retry (0.655458ms)
✔ R10 refund HTTP429 stops without automatic/manual retry (0.379375ms)
✔ R10 refund HTTP404 stops without automatic/manual retry (0.37ms)
✔ R10 refund HTTP400 stops without automatic/manual retry (0.338917ms)
✔ R10 refund HTTP500 stops without automatic/manual retry (0.319209ms)
✔ R10 refundLookup HTTP401 stops without automatic/manual retry (0.3605ms)
✔ R10 refundLookup HTTP403 stops without automatic/manual retry (0.342292ms)
✔ R10 refundLookup HTTP429 stops without automatic/manual retry (0.422416ms)
✔ R10 refundLookup HTTP404 stops without automatic/manual retry (0.330208ms)
✔ R10 refundLookup HTTP400 stops without automatic/manual retry (0.336959ms)
✔ R10 refundLookup HTTP500 stops without automatic/manual retry (0.33125ms)
✔ R10 socket/parse/response loss stops at current call and never emits raw secrets (2.509209ms)
✔ R10 reflected refund ID cannot leak server token or trigger lookup (2.011083ms)
✔ R10 per-call timeout aborts even ignored fetch and never retries a refund (40.94675ms)
✔ R10 strict transport rejects wrong origin/ID/method/amount/key/reason before dispatch (1.725292ms)
✔ existing SandboxRefundTrial field checks remain isolated from R10 fixed reason/journal (0.356208ms)
✔ equipment input accepts one immutable whole Asset ID, never reservation payload or inferred identities (1.394292ms)
✔ P5-F1 runtime root keys resist even an accidental same-purpose message collision (1.118542ms)
✔ P5-F1 preserves the P4 read root vector and deterministic recovery replay; no default weak secret (0.70525ms)
✔ name and quantity alone keep seasonal ambiguity and units/intention unresolved; no invented SKU or stock (14.467417ms)
✔ exact sport/season/SKU narrows candidates without changing historical facts; repeated source is deterministic (0.532208ms)
✔ content CSV quotes/BOM/newlines, SET/KEEP/CLEAR and machine round-trip preserve literal values (12.838375ms)
✔ same target is atomic; valid other target survives forbidden price, HTML, duplicate and stale rows (0.573958ms)
✔ stored plan rejects stale revision and tampering; no stock or price fields can be changed (0.404917ms)
✔ CSV bounds and human formula escaping remain separate from machine export (5.301083ms)
✔ private release plans exact revisions and applies complete manifest/current/audit/outbox result atomically in fixture (19.095416ms)
✔ stale draft, current pointer, media checksum or expired rights cannot reuse a prior validation (1.188667ms)
✔ no partial release or hidden language fallback; internal/unprocessed photos and stale translation reject (0.585ms)
✔ restore creates a new private release and rechecks current rights/commercial mapping; never rewrites history (0.430167ms)
✔ server-stored bulk plan commits good targets and preserves invalid ones; idempotent response loss does not repeat revisions (9.268958ms)
✔ two editors of same revision: only one commits; old immutable content remains (0.585541ms)
✔ revocation after lock wait stops a previously authorized edit and replay (0.18ms)
✔ release current/audit/outbox commit once; another actor cannot steal a prepared plan (0.821834ms)
✔ rights or draft change after release preview fails without partial pointer/outbox update (0.865333ms)
✔ anonymous and empty identities are denied on server (0.979916ms)
✔ customer cannot enter staff or admin; staff cannot enter admin (0.091666ms)
✔ explicit allowed role is accepted (0.0615ms)
✔ telemetry only accepts foundation events (0.144083ms)
✔ worktree paths separate stable DB, role, ports and seed namespace (0.163042ms)
✔ occupied port fails rather than attaching to existing service (13.737584ms)
✔ ambient database target is refused without revealing it (0.361417ms)
S01_SCHEMA_MAX_BYTES [29965,30032,30074,30158]
✔ current schema maxima plus normal HOLD/amend/quote wrappers fit finite40KiB UTF8 (31.795458ms)
✔ readJson counts actual split UTF8 stream, ignores declared length, cancels overflow (15.507458ms)
✔ same scope continuation has future expiry and preserves all saved conditions/fingerprints (13.894625ms)
✔ single-member candidate validates full group scope and exact member/version (0.312125ms)
✔ after-close changed non-size conditions fall back to new intake; future new conditions accepted (0.319208ms)
✔ expiry, due, fixed/payment/attention and unproven acceptance are never exceptions (0.226ms)
✔ Tokyo golden AM/PM, whole-date occupancy, month/year boundaries and inclusive ten days (25.512916ms)
✔ bundle completeness, forbidden client expiry/identity, unique group member and variant candidates (1.636667ms)
✔ period solver finds flexible A155 constrained B150; bounded exhaustion is indeterminate (7.370708ms)
✔ payment contract never converts UNKNOWN to failure or late success to inventory confirmation (0.089167ms)
✔ E07 contract: 17:00 schedule is no receipt; sealed/departed additions denied; protected receipt still needs E07 (0.087417ms)
✔ cross-store source custody fence overlaps all later use, but not an earlier unrelated date (0.23275ms)
✔ pool timeout wording changes preserve bounded outcomes on read acquisition and write preflight (15.206333ms)
✔ coded authentication or permission errors and unknown failures never become retryable timeouts or leak details (0.204333ms)
✔ new intake separates contract start, same-day deadline and immutable conditions (20.720875ms)
✔ future quotes keep start bound; no backdated MULTIDAY or after-close first-day intake (0.14425ms)
✔ ledger lexical cm equivalence, never missing/other units or unknown sizes (0.162209ms)
✔ missing or invalid server write authorizer fails closed before any database access (0.734833ms)
✔ missing or invalid stock reconciler is rejected before any database access (0.095125ms)
✔ P5 media backup requires exact private encrypted off-host manifest and actual restore acknowledgement (9.636708ms)
✔ real decoder re-encodes and strips EXIF; identical bytes never inherit binding rights (178.718167ms)
✔ traversal, disguised SVG/HTML, extension mismatch, invalid decode and duplicate filename reject before any storage (10.335125ms)
✔ P0 bounded320/640/960/1440/1920 WebP and JPEG derivatives preserve aspect and strip metadata (451.25075ms)
✔ Owner P4 BALANCED values are adopted without approving ingress or production composition (1.612917ms)
✔ P5 dispatcher fixture: forged headers cannot bind a Request/clone; explicit metadata only (13.851ms)
✔ P5 canonical peer: IPv4/mapped/IPv6 representations, no lists/zone/padded or unknown peers (0.206167ms)
✔ transitive date/variant/group custody closure includes later chained requirements, not unrelated groups (1.847917ms)
✔ period search with Hall pruning agrees with independent exhaustive enumeration over 250 small fixed-capacity cases (36.29075ms)
✔ per-day feasibility cannot replace continuous-Asset witness and explicit search limit stays indeterminate (0.154416ms)
✔ photo transport decodes valid 9MiB and exact 10MiB without regex stack growth (44.234708ms)
✔ photo transport rejects oversized, noncanonical and malformed encodings (7.528125ms)
✔ photo candidates require exact existing offer, explicit role and bounded order; no fuzzy binding (0.696833ms)
✔ duplicate upload/concurrent terminal replies commit each photo once, byte reuse never grants rights (53.127917ms)
✔ fixed manifest rejects replaced bytes/duplicate names; malformed image records failure without publishing (0.381333ms)
✔ revocation while real decoder is running rejects commit and writes no private objects (30.967417ms)
✔ photo prepare matches the catalog from the acquired transaction, preserving replay candidates (0.345ms)
✔ database stop must wait for delayed socket end after pool.end resolves (0.500833ms)
✔ background connection errors fail closure without exposing attached client (0.335792ms)
✔ all 216 explicit amounts through product/duration calculation; no runtime curve (21.470916ms)
✔ half-day early explicit examples 5320 / 6460 / 2850 and integer HALF_UP (2.418083ms)
✔ JST previous-day 15:00 inclusive payment qualification; quote never qualifies payment (0.295459ms)
✔ explicit stacking, applicable coupon scope/window/min/cap; no negative totals or double discount (1.491583ms)
✔ mixed members eligibility/minimum basis; set components never become extra price lines (1.065ms)
✔ strict quote and coupon inputs reject prices, role, duplicates, dates, unknown product and incomplete table (1.146084ms)
✔ production guest JSON schema, exact approval hash and runtime inequalities; no default/owner values invented (41.949167ms)
✔ trusted ingress uses only request-object-bound dispatcher metadata; all browser IP spellings fail closed (17.58425ms)
✔ concrete Square transport pins Sandbox/API version/Bearer/auth binding, stable idempotency, no redirects/ambient credentials (55.305166ms)
✔ concrete Square allowlist rejects wrong host/location/path before credentials; revoked/expired/wrong merchant stops without network (0.963625ms)
✔ response loss/UNKNOWN never auto retries or changes key; credential/response diagnostics are masked (1.266958ms)
✔ transport abort cancels body read and settles hung fetch without retry; oversized/invalid JSON fails UNKNOWN (31.268292ms)
✔ signed duplicate/out-of-order webhook only performs current lookup; tamper and merchant/amount/currency mismatch rejected (4.227916ms)
✔ media provider separates private originals/derivatives, immutable digest, rights/revision checks and signed ticket bounds (29.925375ms)
✔ withdrawal requires exact CDN invalidation receipt; signed expiry/legal retention/references gate deletion, never auto-delete (1.085416ms)
✔ source staging preserves original/normalized provenance, exact match, explicit dry-run commit and same-source idempotency (1.261292ms)
✔ unresolved/ambiguous manufacturer/year/quantity rows never create stock; reductions/missing rows never delete assets; wear stays quantity (4.615875ms)
✔ all required operational codes reach a strict structured sink; secret/PII/error bodies cannot enter it (9.891542ms)
✔ secret lifecycle rejects missing/revoked/expired/duplicate active credentials and documents old-key grace without claiming rotation execution (0.336875ms)
✔ environment readers require explicit valid private metadata; public secret variables and invalid JSON fail closed without logging raw values (0.276875ms)
✔ P2-01 unapproved public environment names fail closed regardless of secret-like spelling (0.109166ms)
✔ P5 preflight never promotes documentation/fixtures/Owner targets to external PASS (0.665666ms)
✔ P5 exact CI requires repository/workflow/event/head/base/integration tree/run attempt/job success (1.061791ms)
✔ P5 offline preflight command emits JSON/human summary and exits2 with pending gates (397.955625ms)
✔ Square Sandbox adapter uses exact official request, stable key, bounded endpoint and no normal activation (1.147583ms)
✔ UNKNOWN without verified provider ID never sends another POST or invents get-by-idempotency (0.34025ms)
✔ Square auth/quota/timeout stops without automatic retry and masks raw response (1.926125ms)
✔ Square signed webhook uses fresh lookup rather than callback amount or status; rejects tamper, merchant and money mismatch (0.544792ms)
✔ private storage releases only current derivative and rechecks withdrawal/revision after read (7.280167ms)
✔ exact catalog/source plan preserves one ski pair as one Asset and duplicate receipt is idempotent (0.503417ms)
✔ manufacturer range, unknown ADD/REPLACE/store/unit and wrong season never become stock (0.482542ms)
✔ wear and poles require explicit quantity units with no generated individual IDs or invented200 total (0.288166ms)
✔ launch checklist fails closed on missing/expired/old-head/old-policy evidence; pass grants no deploy permission (0.385458ms)
✔ operational events and CWV distinguish LAB/FIELD and exclude arbitrary PII/body/session fields (0.216666ms)
✔ Square deadlines settle even when an injected dependency ignores cancellation; source failure never POSTs (10.102167ms)
✔ R2 SDK transport fixture: private immutable object, conditional replay, no public ACL or default network (117.581958ms)
✔ R2 presigning uses SDK and bounded original-only tickets; rights withdrawal requires matched purge receipt (17.145291ms)
✔ P5 R2 rotation uses current credential for next SDK operation, never the memoized old key (70.51675ms)
✔ owner rules use independent explicit targets and +1cm, no DIN or BSL computation (0.706ms)
✔ 145/150/155, anchored direction choice and deterministic shorter tie (0.202209ms)
✔ original absolute window includes both boundaries and excludes one centimetre outside (0.071458ms)
✔ real exact-size variant IDs, no age/class substitution, no hidden larger boots or text guessing (0.368958ms)
✔ snowboard does not require detailed age/weight/level, ski age13 boundary and forged fields reject (11.15175ms)
✔ one immutable pair ID resolves one cycle; no left/right child identifiers (0.846041ms)
✔ a saved scan can never retarget the latest cycle, version or already-received loan (0.080208ms)
✔ unknown/no active or ambiguous active cycle is not a successful receipt (0.231208ms)
✔ invalid saved scan and checkout timestamps cannot become a receipt candidate (0.075375ms)
✔ P6 one acceptance location is metadata only; it does not map or activate either internal store (0.649334ms)
✔ P6 metadata parser never reads credential values, including during error handling (0.306125ms)
✔ P6 rejects production/development, omitted mode/version, aliases and public settings (0.155708ms)
✔ P6 URL is exact non-secret HTTPS metadata, not inferred from request headers or aliases (1.146958ms)
✔ P5 activation metadata rejects production, missing/mixed mapping, credentials and automatic enablement (0.773458ms)
✔ P5 dual webhook keys verify exact URL/raw bytes, retire exactly at grace and never expose secret (1.092375ms)
✔ SQL repository commits INSERTED before resolving and binds exact metadata only (0.984583ms)
✔ SQL repository commits DUPLICATE before resolving and binds exact metadata only (0.106958ms)
✔ SQL repository commits HASH_CONFLICT before resolving and binds exact metadata only (0.106916ms)
✔ failure/uncertain BEGIN rolls back/destroys connection, never retries or leaks errors (0.298916ms)
✔ failure/uncertain SET LOCAL rolls back/destroys connection, never retries or leaks errors (0.080667ms)
✔ failure/uncertain square_webhook.receive rolls back/destroys connection, never retries or leaks errors (0.088458ms)
✔ failure/uncertain COMMIT rolls back/destroys connection, never retries or leaks errors (0.094125ms)
✔ unknown database receipt fails before COMMIT (0.112125ms)
✔ SQL claim returns only safe signal/lease metadata; settle binds fencing token and bounded failure code (0.256375ms)
✔ empty queue and successful terminal mark; all transaction paths release (0.211292ms)
✔ static additive migration: environment-scoped durable dedupe, bounded audit/retries, no business/raw payload storage (0.285042ms)
✔ static queue fencing/crash recovery: SKIP LOCKED, expired lease reclaim, bounded attempts, DB clock after lock (0.073167ms)
✔ pool acquisition failure also suppresses credential-bearing diagnostics without retry (0.097416ms)
✔ payment.created signed receipt persists only whitelisted signal metadata (32.921417ms)
✔ payment.updated signed receipt persists only whitelisted signal metadata (0.432ms)
✔ missing/invalid signature 0 never opens inbox or parses malformed JSON (3.425709ms)
✔ missing/invalid signature 3 never opens inbox or parses malformed JSON (2.500959ms)
✔ missing/invalid signature 44 never opens inbox or parses malformed JSON (0.888584ms)
✔ signed malformed UTF8/JSON/envelope 7b rejects before persistence (0.797083ms)
✔ signed malformed UTF8/JSON/envelope ff rejects before persistence (0.193875ms)
✔ signed malformed UTF8/JSON/envelope 6e756c6c rejects before persistence (0.165333ms)
✔ signed malformed UTF8/JSON/envelope 5b5d rejects before persistence (0.16225ms)
✔ signed malformed UTF8/JSON/envelope 3432 rejects before persistence (0.42775ms)
✔ missing/invalid identity {"type":"payment.updated","merchant_id":"MLKDVEDH1ME21","data":{"objec (0.225ms)
✔ missing/invalid identity {"event_id":"","type":"payment.updated","merchant_id":"MLKDVEDH1ME21", (0.12825ms)
✔ missing/invalid identity {"event_id":"xxxxxxxxxxxxxxxxxxxxxxxxxxxxxxxxxxxxxxxxxxxxxxxxxxxxxxxxx (0.108125ms)
✔ missing/invalid identity {"event_id":"bad\nline","type":"payment.updated","merchant_id":"MLKDVE (0.102292ms)
✔ missing/invalid identity {"event_id":"fixture-event","type":"payment.updated","merchant_id":"", (0.131417ms)
✔ missing/invalid identity {"event_id":"fixture-event","merchant_id":"MLKDVEDH1ME21","data":{"obj (0.134958ms)
✔ missing/invalid identity {"event_id":"fixture-event","type":"payment.updated","merchant_id":"ML (0.2385ms)
✔ missing/invalid identity {"event_id":"fixture-event","type":"payment.updated","merchant_id":"ML (0.144917ms)
✔ missing/invalid identity {"event_id":"fixture-event","type":"payment.updated","merchant_id":"ML (0.118792ms)
✔ signed wrong merchant rejected for supported and unsupported event (0.218667ms)
✔ unsupported signed correct-merchant envelope is explicitly ignored without a payment ACK/retry loop (0.141708ms)
✔ raw whitespace/order remain signed exactly; request host/forwarded headers cannot replace configured URL (0.295167ms)
✔ oversized body actual limit with content-length undefined (0.218709ms)
✔ oversized body actual limit with content-length 65537 (0.162917ms)
✔ oversized body actual limit with content-length 1 (0.158292ms)
✔ stream read once, exact 64KiB allowed; missing content length does not permit excess chunks (0.756125ms)
✔ stream read failure is redacted and never inserts (0.425375ms)
✔ 20 concurrent deliveries and same stored key after a lost ACK are deduped by fixture repository (1.883958ms)
✔ event ID reuse with different raw hash records conflict and preserves original signal (0.303917ms)
✔ out-of-order updated/created events are separate signals; no provider or business state is available to handler (0.473125ms)
✔ retry headers grant no authority {} (0.225875ms)
✔ retry headers grant no authority {"square-retry-number":"1","square-retry-reason":"http_timeout"} (3.076292ms)
✔ retry headers grant no authority {"square-retry-number":"-999"} (0.234583ms)
✔ ACK waits for successful persistence; DB failure/body details never appear in response or logs (0.511042ms)
✔ method guard and missing config fail closed without pool factory (0.126416ms)
✔ explicit Sandbox Preview config only, fixed merchant/version/dedicated TLS receiver identity, no access-token dependency (0.255666ms)
✔ Next route with official Next server-only alias exports GET405 and unconfigured POST503 in isolated Node (no server/browser/DB) (185.928709ms)
✔ actually absent signature header, not just empty value, is 403 before inbox creation (0.416584ms)
✔ staff500 diagnostic emits only server-generated correlation, fixed phase and allowlisted SQLSTATE (1.006167ms)
✔ unknown/inherited/getter codes and nested cause never leak into diagnostics (0.119958ms)
✔ Argon2id has independent salts and verifies only the supplied password (256.763792ms)
✔ canonical email is case/outer-space stable; password policy adds no composition rules (0.3545ms)
✔ role, permission and ALL scope are independently required for staff management (0.090292ms)
✔ staff input cannot grant unimplemented refund permissions or forge subject (0.513208ms)
✔ ordinary runtime without owned development connection fails closed and cannot attach a remote DB (0.224833ms)
✔ P5 real disk observation and exact safety floor; unavailable/invalid capacity is not success (2.333ms)
✔ P5 cleanup requires matching successful log/run, stopped owner and no live PID; all others preserved (9.948166ms)
✔ transfer input rejects authority fields, impossible dates, model-free fake IDs and invalid pair quantities (2.291292ms)
✔ pair labels never create two assets; duplicate selected Asset or pool lines rejected (0.141208ms)
✔ forecast is not immediate stock, automatic receipt, late readiness or another-store capacity (0.271334ms)
✔ cancelled transfer keeps source PAIR protection while a promise needs reconciliation (0.272875ms)
✔ v1.2wear-only contract uses two independent quantity requirements; never one generic WEAR or one part (4.051875ms)
✔ wear ledger regular input accepts STANDARD parts with explicit sport compatibility (0.468583ms)
✔ independent golden same-member wear20percent then advance5percent (0.510625ms)
✔ another member never receives equipment wear adjustment (0.193042ms)
✔ integrated Premium board promise required and exact variant selected (0.247625ms)
✔ quantity override forbids wear Assets and ambiguous multi-variant quantity promises (0.305291ms)
✔ all24 explicit approved wear prices and independent bundle golden cases remain stable (0.812291ms)
✔ explicit Premium day12350 and wear-only4750 golden preserve discount order (0.208291ms)
✔ WEAR-PRICE-01: SINGLE pole plus wear uses the pole price regardless of item order (4.409583ms)
✔ CI diagnostic forwarding preserves only the exact emitted safe schema and historical auth code (1.045833ms)
✔ split/coalesced/oversized child stderr never drops a valid record or forwards an unsafe suffix (2.356417ms)
✔ transport failure classification never exports messages, URLs, cookies or arbitrary codes (0.349ms)
ℹ tests 304
ℹ suites 0
ℹ pass 304
ℹ fail 0
ℹ cancelled 0
ℹ skipped 0
ℹ todo 0
ℹ duration_ms 1789.02275
