✔ operator two browser request callbacks dispatch only once; fsynced record survives response loss (64.270667ms)
✔ separate operator processes race for the same reservation: exactly one wins (103.63475ms)
✔ operator two browser request callbacks dispatch only once; fsynced record survives response loss (65.777625ms)
✔ separate operator processes race for the same reservation: exactly one wins (104.276084ms)
✔ R6 pure preflight exposes only flags/enums and requires no merchant metadata (1.151625ms)
✔ R6 blocks DEPLOYMENT_NOT_PREVIEW before fetch VERCEL_ENV (29.488125ms)
✔ R6 blocks NOT_SANDBOX before fetch SQUARE_ENVIRONMENT (2.354542ms)
✔ R6 blocks API_VERSION_MISMATCH before fetch SQUARE_API_VERSION (0.456333ms)
✔ R6 blocks APPLICATION_ID_INVALID before fetch SQUARE_SANDBOX_APPLICATION_ID (0.378084ms)
✔ R6 blocks APPLICATION_ID_INVALID before fetch SQUARE_SANDBOX_APPLICATION_ID (0.2665ms)
✔ R6 blocks LOCATION_ID_INVALID before fetch SQUARE_SANDBOX_LOCATION_ID (0.232208ms)
✔ R6 blocks LOCATION_ID_INVALID before fetch SQUARE_SANDBOX_LOCATION_ID (0.208083ms)
✔ R6 blocks CREDENTIAL_MISSING before fetch SQUARE_SANDBOX_ACCESS_TOKEN (7.970209ms)
✔ R6 blocks CREDENTIAL_FORMAT_INVALID before fetch SQUARE_SANDBOX_ACCESS_TOKEN (0.346583ms)
✔ R6 blocks PUBLIC_CREDENTIAL_EXPOSURE before fetch NEXT_PUBLIC_SQUARE_ACCESS_TOKEN (0.344542ms)
✔ R6 blocks CONFIGURATION_INVALID before fetch SQUARE_SANDBOX_MERCHANT_ID (0.254542ms)
✔ R6 blocks CONFIGURATION_INVALID before fetch SQUARE_SANDBOX_NOTIFICATION_URL (0.171625ms)
✔ R6 catches credentials reflected in unrelated NEXT_PUBLIC keys without returning values (0.071209ms)
✔ R6 GET preflight repeats safely; production and wrong intent are rejected (0.318417ms)
✔ R6 validates body, exact same-origin browser intent and method before dispatch (0.674125ms)
✔ R6 PASS and concurrent streamed one-shot issue only two exact Sandbox fetches (4.2785ms)
✔ R6 merchant failures terminate before locations and cannot be retried (5.309166ms)
✔ R6 location mismatch/state/capability results preserve their bounded evidence (1.670334ms)
✔ R6 network/unknown outcome stays structured and never retries (0.338125ms)
✔ R6 reflected token and raw provider diagnostics never appear in safe output (0.466416ms)
✔ R6 unexpected pre-dispatch internal exception has structured zero-dispatch output (0.20225ms)
✔ Square S1 service performs only exact two read-only Sandbox lookups on happy path (36.972333ms)
✔ Square S1 service fails fast on merchant lookup auth/429/5xx/network/timeout/schema and does not call locations (57.130875ms)
✔ Square S1 service enforces merchant active/Japanese/JPY and configured main location (0.839333ms)
✔ Square S1 service validates configured location state/currency/country/merchant and card capability (4.095583ms)
✔ Square S1 transport rejects non-identity endpoints, queries, and payment paths before credential read (0.379042ms)
✔ Square S1 acceptance blocks non-sandbox, non-POST, missing intent, and body/query inputs before fetch (1.543042ms)
✔ Square S1 acceptance rejects VERCEL_ENV=production even when SQUARE_ENVIRONMENT is SANDBOX (0.111125ms)
✔ Square S1 transport enforces strict identity headers/credentials and rejects redirect responses before body parse (0.170667ms)
✔ Square S1 acceptance redacts its actual injected synthetic token reflected in merchant identity (0.338708ms)
✔ Square S1 transport fails closed on oversized location payload (1.402417ms)
✔ Square S1 transport fails schema when provider content-type is not application/json (0.127958ms)
✔ Square S1 acceptance never exposes raw provider diagnostic body (0.254042ms)
✔ Square S1 acceptance hides secret fields and does not surface raw provider payload in response (0.298583ms)
✔ Square S1 acceptance applies an in-instance once guard without distributed semantics (0.356333ms)
✔ Square S1 accepts an empty streamed POST from Next Node adapter; concurrent duplicate never sends more than two calls in one instance (1.80125ms)
✔ R9 immutable manifest and fingerprint match; any identity/amount/source/key change fails (11.515958ms)
✔ R9 preflight is provider-free, booleans/enums only; local guard verification is explicitly separate (24.357666ms)
✔ R9 runtime preflight blocks VERCEL_ENV production (1.060583ms)
✔ R9 runtime preflight blocks VERCEL_ENV undefined (2.241666ms)
✔ R9 runtime preflight blocks SQUARE_ENVIRONMENT PRODUCTION (15.117167ms)
✔ R9 runtime preflight blocks SQUARE_API_VERSION 2025-01-01 (0.363583ms)
✔ R9 runtime preflight blocks SQUARE_SANDBOX_MERCHANT_ID other (0.260625ms)
✔ R9 runtime preflight blocks SQUARE_SANDBOX_APPLICATION_ID undefined (0.211042ms)
✔ R9 runtime preflight blocks SQUARE_SANDBOX_LOCATION_ID undefined (0.229459ms)
✔ R9 runtime preflight blocks SQUARE_SANDBOX_ACCESS_TOKEN undefined (1.137167ms)
✔ R9 runtime preflight blocks SQUARE_SANDBOX_ACCESS_TOKEN invalid token (0.247625ms)
✔ R9 runtime preflight blocks NEXT_PUBLIC_SQUARE_ACCESS_TOKEN fixture-public (0.325667ms)
✔ R9 client body/query/method/origin/intent cannot supply payment parameters (0.712083ms)
✔ R9 exact completed payment PASS uses one create and zero unnecessary lookup (7.42625ms)
✔ R9 same-instance concurrent empty streams allow one controlled create (0.775625ms)
✔ R9 pending safe ID allows exactly one conditional GET; same key is never POSTed twice (0.46425ms)
✔ R9 still-pending lookup stops; malformed or absent provider ID never looks up (1.632792ms)
✔ R9 money/reference/location mismatches fail without lookup (1.149084ms)
✔ R9 missing/invalid completion date is not PASS; one safe-ID lookup still must satisfy timestamps (0.989417ms)
✔ R9 lookup ID mismatch cannot establish PASS (0.366834ms)
✔ R9 HTTP 401 stops without retry (0.406833ms)
✔ R9 HTTP 403 stops without retry (0.387084ms)
✔ R9 HTTP 429 stops without retry (0.281375ms)
✔ R9 HTTP 400 stops without retry (46.822166ms)
✔ R9 HTTP 500 stops without retry (0.321667ms)
✔ R9 network/parse/secret-reflection failures never leak raw response or exception (0.812917ms)
✔ R9 timeout aborts and preserves UNKNOWN; ignored transport does not create a retry (11.096916ms)
✔ R9 narrow transport rejects Production, refund, S1, query, wrong source/key/amount before credential access (0.318708ms)
✔ R10 immutable manifest pins existing payment/100JPY/key/reason and rejects altered identity (8.70025ms)
✔ R10 preflight has no provider call and exposes only safe flags/enums (12.03675ms)
✔ R10 preflight blocks VERCEL_ENV production (0.490333ms)
✔ R10 preflight blocks VERCEL_ENV undefined (0.337334ms)
✔ R10 preflight blocks SQUARE_ENVIRONMENT PRODUCTION (0.425834ms)
✔ R10 preflight blocks SQUARE_API_VERSION 2025-01-01 (0.328625ms)
✔ R10 preflight blocks SQUARE_SANDBOX_MERCHANT_ID other (0.299583ms)
✔ R10 preflight blocks SQUARE_SANDBOX_APPLICATION_ID undefined (0.278917ms)
✔ R10 preflight blocks SQUARE_SANDBOX_LOCATION_ID undefined (0.273208ms)
✔ R10 preflight blocks SQUARE_SANDBOX_ACCESS_TOKEN undefined (0.328167ms)
✔ R10 preflight blocks SQUARE_SANDBOX_ACCESS_TOKEN invalid token (6.269458ms)
✔ R10 preflight blocks NEXT_PUBLIC_SQUARE_ACCESS_TOKEN fixture-public (0.574458ms)
✔ R10 operator cannot inject payment/amount/key/location/query/body/method/origin (1.029083ms)
✔ R10 successful lookup then exact full refund: 1GET/1POST/0conditional, no CreatePayment (28.181917ms)
✔ R10 same-instance concurrent operator requests allow one whole workflow (0.571958ms)
✔ R10 mismatched or previously refunded Payment blocks refund and keeps GET budget1 (2.615042ms)
✔ R10 malformed Payment or contradictory errors cannot authorize refund (0.691708ms)
✔ R10 only valid PENDING refund permits exactly one bound GetRefund (1.403875ms)
✔ R10 malformed/mismatching/failed refund never triggers green-check lookup (4.348459ms)
✔ R10 conditional refund lookup must preserve exact refund ID and all evidence (4.84775ms)
✔ R10 payment HTTP401 stops without automatic/manual retry (1.946625ms)
✔ R10 payment HTTP403 stops without automatic/manual retry (0.257666ms)
✔ R10 payment HTTP429 stops without automatic/manual retry (0.209042ms)
✔ R10 payment HTTP404 stops without automatic/manual retry (0.194042ms)
✔ R10 payment HTTP400 stops without automatic/manual retry (0.189542ms)
✔ R10 payment HTTP500 stops without automatic/manual retry (0.177375ms)
✔ R10 refund HTTP401 stops without automatic/manual retry (0.285459ms)
✔ R10 refund HTTP403 stops without automatic/manual retry (0.270083ms)
✔ R10 refund HTTP429 stops without automatic/manual retry (0.281125ms)
✔ R10 refund HTTP404 stops without automatic/manual retry (0.284667ms)
✔ R10 refund HTTP400 stops without automatic/manual retry (0.29025ms)
✔ R10 refund HTTP500 stops without automatic/manual retry (0.277375ms)
✔ R10 refundLookup HTTP401 stops without automatic/manual retry (0.319834ms)
✔ R10 refundLookup HTTP403 stops without automatic/manual retry (0.309ms)
✔ R10 refundLookup HTTP429 stops without automatic/manual retry (0.306ms)
✔ R10 refundLookup HTTP404 stops without automatic/manual retry (0.324583ms)
✔ R10 refundLookup HTTP400 stops without automatic/manual retry (0.356834ms)
✔ R10 refundLookup HTTP500 stops without automatic/manual retry (0.330583ms)
✔ R10 socket/parse/response loss stops at current call and never emits raw secrets (1.765291ms)
✔ R10 reflected refund ID cannot leak server token or trigger lookup (0.312792ms)
✔ R10 per-call timeout aborts even ignored fetch and never retries a refund (50.056709ms)
✔ R10 strict transport rejects wrong origin/ID/method/amount/key/reason before dispatch (0.740208ms)
✔ existing SandboxRefundTrial field checks remain isolated from R10 fixed reason/journal (0.292292ms)
✔ equipment input accepts one immutable whole Asset ID, never reservation payload or inferred identities (0.468584ms)
✔ P5-F1 runtime root keys resist even an accidental same-purpose message collision (0.550625ms)
✔ P5-F1 preserves the P4 read root vector and deterministic recovery replay; no default weak secret (0.927291ms)
✔ name and quantity alone keep seasonal ambiguity and units/intention unresolved; no invented SKU or stock (9.981625ms)
✔ exact sport/season/SKU narrows candidates without changing historical facts; repeated source is deterministic (0.580084ms)
✔ content CSV quotes/BOM/newlines, SET/KEEP/CLEAR and machine round-trip preserve literal values (13.342ms)
✔ same target is atomic; valid other target survives forbidden price, HTML, duplicate and stale rows (0.587666ms)
✔ stored plan rejects stale revision and tampering; no stock or price fields can be changed (0.416708ms)
✔ CSV bounds and human formula escaping remain separate from machine export (2.908584ms)
✔ private release plans exact revisions and applies complete manifest/current/audit/outbox result atomically in fixture (10.369792ms)
✔ stale draft, current pointer, media checksum or expired rights cannot reuse a prior validation (1.088375ms)
✔ no partial release or hidden language fallback; internal/unprocessed photos and stale translation reject (0.701083ms)
✔ restore creates a new private release and rechecks current rights/commercial mapping; never rewrites history (0.396625ms)
✔ server-stored bulk plan commits good targets and preserves invalid ones; idempotent response loss does not repeat revisions (9.179791ms)
✔ two editors of same revision: only one commits; old immutable content remains (0.572209ms)
✔ revocation after lock wait stops a previously authorized edit and replay (0.172084ms)
✔ release current/audit/outbox commit once; another actor cannot steal a prepared plan (0.81125ms)
✔ rights or draft change after release preview fails without partial pointer/outbox update (0.84725ms)
✔ anonymous and empty identities are denied on server (0.711584ms)
✔ customer cannot enter staff or admin; staff cannot enter admin (0.084458ms)
✔ explicit allowed role is accepted (0.061167ms)
✔ telemetry only accepts foundation events (0.144792ms)
✔ worktree paths separate stable DB, role, ports and seed namespace (0.769208ms)
✔ occupied port fails rather than attaching to existing service (14.22ms)
✔ ambient database target is refused without revealing it (0.106333ms)
S01_SCHEMA_MAX_BYTES [29965,30032,30074,30158]
✔ current schema maxima plus normal HOLD/amend/quote wrappers fit finite40KiB UTF8 (23.239583ms)
✔ readJson counts actual split UTF8 stream, ignores declared length, cancels overflow (30.872916ms)
✔ same scope continuation has future expiry and preserves all saved conditions/fingerprints (12.777958ms)
✔ single-member candidate validates full group scope and exact member/version (0.356833ms)
✔ after-close changed non-size conditions fall back to new intake; future new conditions accepted (0.317708ms)
✔ expiry, due, fixed/payment/attention and unproven acceptance are never exceptions (0.246125ms)
✔ Tokyo golden AM/PM, whole-date occupancy, month/year boundaries and inclusive ten days (8.275167ms)
✔ bundle completeness, forbidden client expiry/identity, unique group member and variant candidates (2.3585ms)
✔ period solver finds flexible A155 constrained B150; bounded exhaustion is indeterminate (9.896917ms)
✔ payment contract never converts UNKNOWN to failure or late success to inventory confirmation (0.11075ms)
✔ E07 contract: 17:00 schedule is no receipt; sealed/departed additions denied; protected receipt still needs E07 (0.102209ms)
✔ cross-store source custody fence overlaps all later use, but not an earlier unrelated date (0.255ms)
✔ pool timeout wording changes preserve bounded outcomes on read acquisition and write preflight (14.698291ms)
✔ coded authentication or permission errors and unknown failures never become retryable timeouts or leak details (0.220917ms)
✔ new intake separates contract start, same-day deadline and immutable conditions (11.556375ms)
✔ future quotes keep start bound; no backdated MULTIDAY or after-close first-day intake (0.179333ms)
✔ ledger lexical cm equivalence, never missing/other units or unknown sizes (0.18425ms)
✔ missing or invalid server write authorizer fails closed before any database access (0.7965ms)
✔ missing or invalid stock reconciler is rejected before any database access (0.099709ms)
✔ P5 media backup requires exact private encrypted off-host manifest and actual restore acknowledgement (13.075833ms)
✔ real decoder re-encodes and strips EXIF; identical bytes never inherit binding rights (139.37225ms)
✔ traversal, disguised SVG/HTML, extension mismatch, invalid decode and duplicate filename reject before any storage (6.303042ms)
✔ P0 bounded320/640/960/1440/1920 WebP and JPEG derivatives preserve aspect and strip metadata (493.052ms)
✔ Owner P4 BALANCED values are adopted without approving ingress or production composition (0.969125ms)
✔ P5 dispatcher fixture: forged headers cannot bind a Request/clone; explicit metadata only (23.348875ms)
✔ P5 canonical peer: IPv4/mapped/IPv6 representations, no lists/zone/padded or unknown peers (0.201208ms)
✔ transitive date/variant/group custody closure includes later chained requirements, not unrelated groups (0.949292ms)
✔ period search with Hall pruning agrees with independent exhaustive enumeration over 250 small fixed-capacity cases (38.725041ms)
✔ per-day feasibility cannot replace continuous-Asset witness and explicit search limit stays indeterminate (0.143875ms)
✔ photo transport decodes valid 9MiB and exact 10MiB without regex stack growth (65.787792ms)
✔ photo transport rejects oversized, noncanonical and malformed encodings (6.043583ms)
✔ photo candidates require exact existing offer, explicit role and bounded order; no fuzzy binding (0.689667ms)
✔ duplicate upload/concurrent terminal replies commit each photo once, byte reuse never grants rights (172.046084ms)
✔ fixed manifest rejects replaced bytes/duplicate names; malformed image records failure without publishing (6.52175ms)
✔ revocation while real decoder is running rejects commit and writes no private objects (64.514834ms)
✔ photo prepare matches the catalog from the acquired transaction, preserving replay candidates (0.374584ms)
✔ database stop must wait for delayed socket end after pool.end resolves (0.551958ms)
✔ background connection errors fail closure without exposing attached client (0.355041ms)
✔ all 216 explicit amounts through product/duration calculation; no runtime curve (25.358667ms)
✔ half-day early explicit examples 5320 / 6460 / 2850 and integer HALF_UP (0.519708ms)
✔ JST previous-day 15:00 inclusive payment qualification; quote never qualifies payment (0.897417ms)
✔ explicit stacking, applicable coupon scope/window/min/cap; no negative totals or double discount (4.619458ms)
✔ mixed members eligibility/minimum basis; set components never become extra price lines (0.29575ms)
✔ strict quote and coupon inputs reject prices, role, duplicates, dates, unknown product and incomplete table (0.4005ms)
✔ production guest JSON schema, exact approval hash and runtime inequalities; no default/owner values invented (53.274708ms)
✔ trusted ingress uses only request-object-bound dispatcher metadata; all browser IP spellings fail closed (45.860042ms)
✔ concrete Square transport pins Sandbox/API version/Bearer/auth binding, stable idempotency, no redirects/ambient credentials (46.00725ms)
✔ concrete Square allowlist rejects wrong host/location/path before credentials; revoked/expired/wrong merchant stops without network (0.994708ms)
✔ response loss/UNKNOWN never auto retries or changes key; credential/response diagnostics are masked (4.861291ms)
✔ transport abort cancels body read and settles hung fetch without retry; oversized/invalid JSON fails UNKNOWN (32.947625ms)
✔ signed duplicate/out-of-order webhook only performs current lookup; tamper and merchant/amount/currency mismatch rejected (1.346583ms)
✔ media provider separates private originals/derivatives, immutable digest, rights/revision checks and signed ticket bounds (0.674542ms)
✔ withdrawal requires exact CDN invalidation receipt; signed expiry/legal retention/references gate deletion, never auto-delete (0.30675ms)
✔ source staging preserves original/normalized provenance, exact match, explicit dry-run commit and same-source idempotency (1.158625ms)
✔ unresolved/ambiguous manufacturer/year/quantity rows never create stock; reductions/missing rows never delete assets; wear stays quantity (0.968083ms)
✔ all required operational codes reach a strict structured sink; secret/PII/error bodies cannot enter it (2.478917ms)
✔ secret lifecycle rejects missing/revoked/expired/duplicate active credentials and documents old-key grace without claiming rotation execution (0.306166ms)
✔ environment readers require explicit valid private metadata; public secret variables and invalid JSON fail closed without logging raw values (0.26725ms)
✔ P2-01 unapproved public environment names fail closed regardless of secret-like spelling (0.107959ms)
✔ P5 preflight never promotes documentation/fixtures/Owner targets to external PASS (0.617625ms)
✔ P5 exact CI requires repository/workflow/event/head/base/integration tree/run attempt/job success (0.620625ms)
✔ P5 offline preflight command emits JSON/human summary and exits2 with pending gates (404.412542ms)
✔ Square Sandbox adapter uses exact official request, stable key, bounded endpoint and no normal activation (2.277334ms)
✔ UNKNOWN without verified provider ID never sends another POST or invents get-by-idempotency (0.44975ms)
✔ Square auth/quota/timeout stops without automatic retry and masks raw response (3.211334ms)
✔ Square signed webhook uses fresh lookup rather than callback amount or status; rejects tamper, merchant and money mismatch (0.663ms)
✔ private storage releases only current derivative and rechecks withdrawal/revision after read (8.332833ms)
✔ exact catalog/source plan preserves one ski pair as one Asset and duplicate receipt is idempotent (0.56675ms)
✔ manufacturer range, unknown ADD/REPLACE/store/unit and wrong season never become stock (0.566125ms)
✔ wear and poles require explicit quantity units with no generated individual IDs or invented200 total (0.337834ms)
✔ launch checklist fails closed on missing/expired/old-head/old-policy evidence; pass grants no deploy permission (0.3765ms)
✔ operational events and CWV distinguish LAB/FIELD and exclude arbitrary PII/body/session fields (0.220208ms)
✔ Square deadlines settle even when an injected dependency ignores cancellation; source failure never POSTs (53.9155ms)
✔ R2 SDK transport fixture: private immutable object, conditional replay, no public ACL or default network (101.443333ms)
✔ R2 presigning uses SDK and bounded original-only tickets; rights withdrawal requires matched purge receipt (19.1215ms)
✔ P5 R2 rotation uses current credential for next SDK operation, never the memoized old key (116.506708ms)
✔ owner rules use independent explicit targets and +1cm, no DIN or BSL computation (0.722958ms)
✔ 145/150/155, anchored direction choice and deterministic shorter tie (0.191333ms)
✔ original absolute window includes both boundaries and excludes one centimetre outside (0.066042ms)
✔ real exact-size variant IDs, no age/class substitution, no hidden larger boots or text guessing (0.379958ms)
✔ snowboard does not require detailed age/weight/level, ski age13 boundary and forged fields reject (17.492917ms)
✔ one immutable pair ID resolves one cycle; no left/right child identifiers (0.892958ms)
✔ a saved scan can never retarget the latest cycle, version or already-received loan (0.081042ms)
✔ unknown/no active or ambiguous active cycle is not a successful receipt (0.233583ms)
✔ invalid saved scan and checkout timestamps cannot become a receipt candidate (0.080291ms)
✔ P6 one acceptance location is metadata only; it does not map or activate either internal store (0.686125ms)
✔ P6 metadata parser never reads credential values, including during error handling (0.319416ms)
✔ P6 rejects production/development, omitted mode/version, aliases and public settings (0.157ms)
✔ P6 URL is exact non-secret HTTPS metadata, not inferred from request headers or aliases (0.538208ms)
✔ P5 activation metadata rejects production, missing/mixed mapping, credentials and automatic enablement (0.796833ms)
✔ P5 dual webhook keys verify exact URL/raw bytes, retire exactly at grace and never expose secret (1.100041ms)
✔ SQL repository commits INSERTED before resolving and binds exact metadata only (0.982083ms)
✔ SQL repository commits DUPLICATE before resolving and binds exact metadata only (0.106333ms)
✔ SQL repository commits HASH_CONFLICT before resolving and binds exact metadata only (0.108834ms)
✔ failure/uncertain BEGIN rolls back/destroys connection, never retries or leaks errors (0.343667ms)
✔ failure/uncertain SET LOCAL rolls back/destroys connection, never retries or leaks errors (0.085833ms)
✔ failure/uncertain square_webhook.receive rolls back/destroys connection, never retries or leaks errors (0.099875ms)
✔ failure/uncertain COMMIT rolls back/destroys connection, never retries or leaks errors (0.100334ms)
✔ unknown database receipt fails before COMMIT (0.136ms)
✔ SQL claim returns only safe signal/lease metadata; settle binds fencing token and bounded failure code (0.265625ms)
✔ empty queue and successful terminal mark; all transaction paths release (0.142042ms)
✔ static additive migration: environment-scoped durable dedupe, bounded audit/retries, no business/raw payload storage (0.204291ms)
✔ static queue fencing/crash recovery: SKIP LOCKED, expired lease reclaim, bounded attempts, DB clock after lock (0.0665ms)
✔ payment.created signed receipt persists only whitelisted signal metadata (23.31975ms)
✔ payment.updated signed receipt persists only whitelisted signal metadata (0.404666ms)
✔ missing/invalid signature 0 never opens inbox or parses malformed JSON (0.270209ms)
✔ missing/invalid signature 3 never opens inbox or parses malformed JSON (0.24325ms)
✔ missing/invalid signature 44 never opens inbox or parses malformed JSON (0.288583ms)
✔ signed malformed UTF8/JSON/envelope 7b rejects before persistence (0.254458ms)
✔ signed malformed UTF8/JSON/envelope ff rejects before persistence (0.670292ms)
✔ signed malformed UTF8/JSON/envelope 6e756c6c rejects before persistence (0.244167ms)
✔ signed malformed UTF8/JSON/envelope 5b5d rejects before persistence (0.197125ms)
✔ signed malformed UTF8/JSON/envelope 3432 rejects before persistence (0.253042ms)
✔ missing/invalid identity {"type":"payment.updated","merchant_id":"MLKDVEDH1ME21","data":{"objec (0.183542ms)
✔ missing/invalid identity {"event_id":"","type":"payment.updated","merchant_id":"MLKDVEDH1ME21", (0.131792ms)
✔ missing/invalid identity {"event_id":"xxxxxxxxxxxxxxxxxxxxxxxxxxxxxxxxxxxxxxxxxxxxxxxxxxxxxxxxx (0.114ms)
✔ missing/invalid identity {"event_id":"bad\nline","type":"payment.updated","merchant_id":"MLKDVE (0.11225ms)
✔ missing/invalid identity {"event_id":"fixture-event","type":"payment.updated","merchant_id":"", (0.107083ms)
✔ missing/invalid identity {"event_id":"fixture-event","merchant_id":"MLKDVEDH1ME21","data":{"obj (0.125917ms)
✔ missing/invalid identity {"event_id":"fixture-event","type":"payment.updated","merchant_id":"ML (0.171792ms)
✔ missing/invalid identity {"event_id":"fixture-event","type":"payment.updated","merchant_id":"ML (0.135292ms)
✔ missing/invalid identity {"event_id":"fixture-event","type":"payment.updated","merchant_id":"ML (0.115125ms)
✔ signed wrong merchant rejected for supported and unsupported event (0.254875ms)
✔ unsupported signed correct-merchant envelope is explicitly ignored without a payment ACK/retry loop (0.219542ms)
✔ raw whitespace/order remain signed exactly; request host/forwarded headers cannot replace configured URL (0.36525ms)
✔ oversized body actual limit with content-length undefined (0.250042ms)
✔ oversized body actual limit with content-length 65537 (0.161167ms)
✔ oversized body actual limit with content-length 1 (0.160334ms)
✔ stream read once, exact 64KiB allowed; missing content length does not permit excess chunks (0.719083ms)
✔ stream read failure is redacted and never inserts (0.190583ms)
✔ 20 concurrent deliveries and same stored key after a lost ACK are deduped by fixture repository (2.0055ms)
✔ event ID reuse with different raw hash records conflict and preserves original signal (0.327792ms)
✔ out-of-order updated/created events are separate signals; no provider or business state is available to handler (0.656125ms)
✔ retry headers grant no authority {} (0.262375ms)
✔ retry headers grant no authority {"square-retry-number":"1","square-retry-reason":"http_timeout"} (0.203ms)
✔ retry headers grant no authority {"square-retry-number":"-999"} (0.192083ms)
✔ ACK waits for successful persistence; DB failure/body details never appear in response or logs (0.50875ms)
✔ method guard and missing config fail closed without pool factory (0.153208ms)
✔ explicit Sandbox Preview config only, fixed merchant/version/dedicated TLS receiver identity, no access-token dependency (0.18775ms)
✔ Next route with official Next server-only alias exports GET405 and unconfigured POST503 in isolated Node (no server/browser/DB) (148.548167ms)
✔ staff500 diagnostic emits only server-generated correlation, fixed phase and allowlisted SQLSTATE (1.414042ms)
✔ unknown/inherited/getter codes and nested cause never leak into diagnostics (0.12525ms)
✔ Argon2id has independent salts and verifies only the supplied password (265.583583ms)
✔ canonical email is case/outer-space stable; password policy adds no composition rules (0.313084ms)
✔ role, permission and ALL scope are independently required for staff management (0.090792ms)
✔ staff input cannot grant unimplemented refund permissions or forge subject (0.517667ms)
✔ ordinary runtime without owned development connection fails closed and cannot attach a remote DB (0.222416ms)
✔ P5 real disk observation and exact safety floor; unavailable/invalid capacity is not success (2.882666ms)
✔ P5 cleanup requires matching successful log/run, stopped owner and no live PID; all others preserved (9.570042ms)
✔ transfer input rejects authority fields, impossible dates, model-free fake IDs and invalid pair quantities (1.7045ms)
✔ pair labels never create two assets; duplicate selected Asset or pool lines rejected (0.139ms)
✔ forecast is not immediate stock, automatic receipt, late readiness or another-store capacity (0.21925ms)
✔ cancelled transfer keeps source PAIR protection while a promise needs reconciliation (0.097625ms)
✔ v1.2wear-only contract uses two independent quantity requirements; never one generic WEAR or one part (3.213208ms)
✔ wear ledger regular input accepts STANDARD parts with explicit sport compatibility (0.444458ms)
✔ independent golden same-member wear20percent then advance5percent (0.474792ms)
✔ another member never receives equipment wear adjustment (0.176625ms)
✔ integrated Premium board promise required and exact variant selected (0.751834ms)
✔ quantity override forbids wear Assets and ambiguous multi-variant quantity promises (0.806ms)
✔ all24 explicit approved wear prices and independent bundle golden cases remain stable (0.841667ms)
✔ explicit Premium day12350 and wear-only4750 golden preserve discount order (0.236958ms)
✔ WEAR-PRICE-01: SINGLE pole plus wear uses the pole price regardless of item order (6.007667ms)
✔ CI diagnostic forwarding preserves only the exact emitted safe schema and historical auth code (0.7155ms)
✔ split/coalesced/oversized child stderr never drops a valid record or forwards an unsafe suffix (6.186292ms)
✔ transport failure classification never exports messages, URLs, cookies or arbitrary codes (0.370041ms)
ℹ tests 302
ℹ suites 0
ℹ pass 302
ℹ fail 0
ℹ cancelled 0
ℹ skipped 0
ℹ todo 0
ℹ duration_ms 1795.01675
