
> zao-rental@0.1.0 build
> next build apps/web --webpack

▲ Next.js 16.3.4 (webpack)
✓ Running next.config.ts took 16ms

  Creating an optimized production build ...
✓ Compiled successfully in 1826ms
  Running TypeScript ...
  Finished TypeScript in 662ms ...
  Collecting page data using 10 workers ...
  Generating static pages using 10 workers (0/5) ...
  Generating static pages using 10 workers (1/5) 
  Generating static pages using 10 workers (2/5) 
  Generating static pages using 10 workers (3/5) 
✓ Generating static pages using 10 workers (5/5) in 256ms
  Finalizing page optimization ...
  Collecting build traces ...

Route (app)
┌ ○ /
├ ○ /_not-found
├ ƒ /admin
├ ƒ /api/admin
├ ƒ /api/health
├ ƒ /api/staff
├ ○ /customer
└ ƒ /staff


○  (Static)   prerendered as static content
ƒ  (Dynamic)  server-rendered on demand

