✔ physical scale 150/170 and common baseline (6.074667ms)
✔ physical scale 170/170 and common baseline (0.290542ms)
✔ physical scale 187/170 and common baseline (0.119ms)
✔ absent invalid and zero artwork do not invent renderer or images (9.672917ms)
✔ null RECOMMENDED never creates a ski (0.312667ms)
✔ null SHORTER never creates a ski (0.354542ms)
✔ null LONGER never creates a ski (0.282958ms)
✔ missing avatar omits only that layer (0.183791ms)
✔ missing boot omits only that layer (0.208333ms)
✔ missing jacket omits only that layer (0.171833ms)
✔ missing pants omits only that layer (0.06925ms)
✔ missing ski does not synthesize a product (16.900542ms)
✔ APPEARANCE_1 is presentation only (4.741791ms)
✔ APPEARANCE_2 is presentation only (5.973166ms)
✔ GENERIC_REFERENCE carries no model-name alt (5.338417ms)
✔ EXACT_PROMISE carries no model-name alt (6.965125ms)
✔ WEAR preserves overlays without any ski ratio (7.741792ms)
✔ SNOWBOARD mapper supplies no renderer payload (3.15975ms)
✔ invalid physical numbers and mismatched ratio are unavailable (0.344709ms)
✔ normalized overlay placement is deterministic; no mutation or business callbacks (35.433667ms)
✔ bilingual measurements and full disclaimer meaning are textual (26.012166ms)
✔ unsafe refs and nonaligned physical anchors do not become image URLs (0.838333ms)
✔ generated WebP alpha fixtures obey all five canonical artboards and physical bounds (190.363792ms)
✔ Avatar zero visuals leaves exact business object unchanged (1.242667ms)
✔ Avatar all inactive leaves exact business object unchanged (0.158125ms)
✔ Avatar rights denied leaves exact business object unchanged (0.1095ms)
✔ Avatar copies all three exact offered lengths and ratios, without changing selection/price/checks (0.204125ms)
✔ REGULAR never acquires a model guarantee even if a model photo/legacy promise is present (0.127875ms)
✔ PREMIUM uses only exact model/season/variant/length promise; mismatches use permitted generic (0.156833ms)
✔ missing candidate stays null and cannot be fabricated by a generic fallback (0.060167ms)
✔ invalid height null produces no visualization/ratio (0.048917ms)
✔ invalid height 0 produces no visualization/ratio (0.037125ms)
✔ invalid height -1 produces no visualization/ratio (0.065708ms)
✔ invalid height NaN produces no visualization/ratio (0.045458ms)
✔ invalid height Infinity produces no visualization/ratio (0.026ms)
✔ invalid candidate length 0 is not corrected to another size (0.051625ms)
✔ invalid candidate length -1 is not corrected to another size (0.038292ms)
✔ invalid candidate length NaN is not corrected to another size (0.024708ms)
✔ invalid candidate length Infinity is not corrected to another size (0.0285ms)
✔ WEAR-only has no ski ratios and illustrates only existing wear layers (0.086375ms)
✔ SNOWBOARD is never mapped to ski visualization or queried (0.046542ms)
✔ appearance is optional presentation and unknown types never choose a body (0.103541ms)
✔ expired/invalid rights timestamp 2034-12-31T00:00:00Z excludes fallback (0.03875ms)
✔ expired/invalid rights timestamp 2035-01-01T00:00:00Z excludes fallback (0.024584ms)
✔ expired/invalid rights timestamp invalid excludes fallback (0.023542ms)
✔ ambiguous generic defaults are refused and mapper output is deterministic across metadata order (0.058166ms)
✔ visual DB failure preserves business result; authorization/business errors remain errors before visual read (0.261583ms)
✔ a mismatched profile never supplies another member visualization (0.036125ms)
✔ frozen R15 hosted runner still refuses the extended plan before any DB operation (9.124417ms)
✔ non-finite ratios cannot create a body-only visualization of an invalid ski input (0.083292ms)
✔ visual fallback preserves price/business errors and labels optional generic layers (0.07525ms)
✔ private release plans exact revisions and applies complete manifest/current/audit/outbox result atomically in fixture (25.63025ms)
✔ stale draft, current pointer, media checksum or expired rights cannot reuse a prior validation (2.310542ms)
✔ no partial release or hidden language fallback; internal/unprocessed photos and stale translation reject (1.725625ms)
✔ restore creates a new private release and rechecks current rights/commercial mapping; never rewrites history (0.819375ms)
✔ server-stored bulk plan commits good targets and preserves invalid ones; idempotent response loss does not repeat revisions (13.717ms)
✔ two editors of same revision: only one commits; old immutable content remains (1.201958ms)
✔ revocation after lock wait stops a previously authorized edit and replay (0.169708ms)
✔ release current/audit/outbox commit once; another actor cannot steal a prepared plan (0.772458ms)
✔ rights or draft change after release preview fails without partial pointer/outbox update (0.625125ms)
✔ Tokyo golden AM/PM, whole-date occupancy, month/year boundaries and inclusive ten days (6.257042ms)
✔ bundle completeness, forbidden client expiry/identity, unique group member and variant candidates (0.860334ms)
✔ period solver finds flexible A155 constrained B150; bounded exhaustion is indeterminate (7.215458ms)
✔ payment contract never converts UNKNOWN to failure or late success to inventory confirmation (0.078125ms)
✔ E07 contract: 17:00 schedule is no receipt; sealed/departed additions denied; protected receipt still needs E07 (0.068875ms)
✔ cross-store source custody fence overlaps all later use, but not an earlier unrelated date (0.184041ms)
✔ P5 media backup requires exact private encrypted off-host manifest and actual restore acknowledgement (33.7045ms)
✔ real decoder re-encodes and strips EXIF; identical bytes never inherit binding rights (149.420292ms)
✔ traversal, disguised SVG/HTML, extension mismatch, invalid decode and duplicate filename reject before any storage (4.856208ms)
✔ P0 bounded320/640/960/1440/1920 WebP and JPEG derivatives preserve aspect and strip metadata (377.032084ms)
✔ projection PENDING existing business semantics (18.003333ms)
✔ projection COMPLETED existing business semantics (1.9085ms)
✔ projection FAILED existing business semantics (0.305959ms)
✔ projection CANCELED existing business semantics (0.302958ms)
✔ identity or provider contract mismatch providerId (0.150583ms)
✔ identity or provider contract mismatch referenceId (0.125125ms)
✔ identity or provider contract mismatch idempotencyKey (0.143792ms)
✔ identity or provider contract mismatch merchantId (0.422083ms)
✔ identity or provider contract mismatch locationId (0.292834ms)
✔ identity or provider contract mismatch amountJpy (3.874917ms)
✔ identity or provider contract mismatch currency (0.337084ms)
✔ identity or provider contract mismatch status (0.127375ms)
✔ identity or provider contract mismatch updatedAt (0.31275ms)
✔ identity or provider contract mismatch completedAt (0.223792ms)
✔ bounded JPY amount 0 (0.326291ms)
✔ bounded JPY amount -1 (0.107209ms)
✔ bounded JPY amount 1.1 (0.257916ms)
✔ bounded JPY amount 100000001 (0.229291ms)
✔ bounded JPY amount 9007199254740992 (0.217708ms)
✔ expired hold does not force confirmation/reacquire/refund (1.735084ms)
✔ missing gear does not force confirmation/reacquire/refund (0.732958ms)
✔ missing wear does not force confirmation/reacquire/refund (3.427042ms)
✔ transfer attention does not force confirmation/reacquire/refund (0.371708ms)
✔ canceled transfer does not force confirmation/reacquire/refund (0.229833ms)
✔ overdue unready transfer does not force confirmation/reacquire/refund (0.218875ms)
✔ snapshot hash does not force confirmation/reacquire/refund (0.200459ms)
✔ quote relation does not force confirmation/reacquire/refund (0.162458ms)
✔ quote hash does not force confirmation/reacquire/refund (0.189166ms)
✔ coupon redemption does not force confirmation/reacquire/refund (0.180458ms)
✔ missing quote does not force confirmation/reacquire/refund (0.146542ms)
✔ fixed allocation does not force confirmation/reacquire/refund (0.762584ms)
✔ released hold does not force confirmation/reacquire/refund (0.160041ms)
✔ successful hold does not force confirmation/reacquire/refund (0.152917ms)
✔ wrong reservation does not force confirmation/reacquire/refund (0.09175ms)
✔ wrong actor does not force confirmation/reacquire/refund (0.107459ms)
✔ production mode does not force confirmation/reacquire/refund (0.095042ms)
✔ return due exact boundary is closed even with remaining hold time (0.234834ms)
✔ early-discount qualification remains tied to provider completed time (0.172ms)
✔ chargeReady and snapshot conditions cannot be tampered even with a recomputed hash (0.936792ms)
✔ same timestamp changed payload is BLOCK_CONFLICT, overriding only the new projection path (0.545875ms)
✔ terminal completed and duplicate/stale observations never downgrade (0.772583ms)
✔ FAILED cannot be silently upgraded or retried (0.344042ms)
✔ CANCELED cannot be silently upgraded or retried (0.268708ms)
✔ completed truth in REVIEW requires an operator even if conditions later look repaired (0.275209ms)
✔ invalid projection reference truthFingerprint (0.436334ms)
✔ invalid projection reference observationFingerprint (0.169208ms)
✔ invalid projection reference expectedRevision (0.146625ms)
✔ invalid projection reference truthRevision (0.188ms)
✔ invalid projection reference bookingId (0.54425ms)
✔ invalid projection reference attemptId (0.237209ms)
✔ invalid projection reference jobId (0.212917ms)
✔ untrusted persisted source fails environment (0.477584ms)
✔ untrusted persisted source fails state (0.213375ms)
✔ untrusted persisted source fails securityBlocked (0.240208ms)
✔ untrusted persisted source fails truthRevision (0.175166ms)
✔ untrusted persisted source fails decision (0.189292ms)
✔ untrusted persisted source fails decisionFingerprint (0.175208ms)
✔ untrusted persisted source fails contextFingerprint (3.161458ms)
✔ untrusted persisted source fails paymentId (0.220625ms)
✔ untrusted persisted source fails merchantId (0.172334ms)
✔ untrusted persisted source fails observation (0.14875ms)
✔ only ten normalized provider fields cross the source boundary (0.397417ms)
✔ claim contract checks gear, wear, exact quantity and variant/model promise without inferred substitution (1.262958ms)
✔ Premium exact model/season/length stays in claim validation (0.477333ms)
✔ actual repository + scripted SQL: completion is one transaction, frozen commercial contract, safe audit (3.191917ms)
✔ two simultaneous projects commit once; replay checks precede old revision and changed source (2.225375ms)
✔ COMMIT response loss replays stored result without second projection/notification/history (8.244541ms)
✔ crash at BEGIN rolls back all business/history/journal changes (9.495375ms)
✔ crash at SET LOCAL rolls back all business/history/journal changes (1.887292ms)
✔ crash at SELECT pg_advisory_xact_lock(71820600) rolls back all business/history/journal changes (0.498083ms)
✔ crash at UPDATE rental_payment_attempts rolls back all business/history/journal changes (0.781709ms)
✔ crash at UPDATE rental_bookings rolls back all business/history/journal changes (0.632ms)
✔ crash at UPDATE inventory_holds rolls back all business/history/journal changes (0.634666ms)
✔ crash at INSERT INTO payment_projection.heads rolls back all business/history/journal changes (0.691917ms)
✔ crash at INSERT INTO payment_projection.events rolls back all business/history/journal changes (15.889541ms)
✔ crash at INSERT INTO payment_projection.job_receipts rolls back all business/history/journal changes (2.199042ms)
✔ crash at COMMIT rolls back all business/history/journal changes (6.887709ms)
✔ stale transaction revision rejects even after proposed writes and rolls back (0.630666ms)
✔ expired HOLD persists completed provider truth but not reservation or stock resurrection (0.510166ms)
✔ missing GEAR witness blocks completed projection in actual repository path (1.358583ms)
✔ missing WEAR witness blocks completed projection in actual repository path (1.125708ms)
✔ DB time is sampled after locks and before first business write (7.429083ms)
✔ transfer deadline crossing during source lock wait blocks at final decision (4.717625ms)
✔ PENDING repository transition keeps hold witness and TTL (1.711333ms)
✔ FAILED repository transition keeps hold witness and TTL (1.286625ms)
✔ CANCELED repository transition keeps hold witness and TTL (0.901334ms)
✔ normal or production database name is blocked before business lock (0.393167ms)
✔ source mutation blocks and performs no updates; attempt/version mismatch does not acquire source locks (7.020875ms)
✔ production constructor/method gate and no ambient HTTP (3.494167ms)
✔ same observation proof does not cross from Square Sandbox to a simulation booking (0.352625ms)
✔ expiry after first write is fenced by SQL and rolls back; same key later records blocked truth (2.547458ms)
✔ new R12 generation of an already projected observation links a new receipt without business/audit replay (6.798625ms)
✔ new job reference cannot borrow an old projection receipt without current source verification (1.674916ms)
✔ tampered saved result is rejected rather than returned as trusted internal data (6.993875ms)
✔ provider truth accepts PENDING as a proposal, UNKNOWN is local knowledge only (16.070125ms)
✔ provider truth accepts COMPLETED as a proposal, UNKNOWN is local knowledge only (0.331791ms)
✔ provider truth accepts FAILED as a proposal, UNKNOWN is local knowledge only (0.220875ms)
✔ provider truth accepts CANCELED as a proposal, UNKNOWN is local knowledge only (0.176166ms)
✔ evidence mismatch blocks providerId (0.205167ms)
✔ evidence mismatch blocks referenceId (0.24925ms)
✔ evidence mismatch blocks idempotencyKey (0.168042ms)
✔ evidence mismatch blocks merchantId (0.774ms)
✔ evidence mismatch blocks locationId (0.162625ms)
✔ evidence mismatch blocks amountJpy (0.176458ms)
✔ evidence mismatch blocks currency (0.122417ms)
✔ evidence mismatch blocks status (0.168167ms)
✔ evidence mismatch blocks updatedAt (0.134542ms)
✔ evidence mismatch blocks completedAt (0.103541ms)
✔ invalid provider response/time null (0.220709ms)
✔ invalid provider response/time {} (0.14075ms)
✔ invalid provider response/time {"providerId":"payment-fixture","referen (0.099542ms)
✔ invalid provider response/time {"providerId":"payment-fixture","referen (0.289208ms)
✔ invalid provider response/time {"providerId":"payment-fixture","referen (0.118375ms)
✔ invalid provider response/time {"providerId":"payment-fixture","referen (0.0885ms)
✔ duplicate fingerprint is canonical across key order and time zone; no receipt time in decision identity (0.296167ms)
✔ COMPLETED plus stale PENDING cannot downgrade; equal-time PENDING to COMPLETED is existing accepted behavior (0.3295ms)
✔ FAILED terminal does not restart, contradictory COMPLETED requires review (0.289458ms)
✔ CANCELED terminal does not restart, contradictory COMPLETED requires review (0.189375ms)
✔ retry budget is deterministic/bounded; input errors are not silently clamped (0.908875ms)
✔ receiver -> durable signal -> dispatcher -> one payment job: dedupe and out-of-order coalesce; no lookup before ACK (28.908ms)
✔ two workers, crash after claim, lease expiry and stale finalize fencing (shared-store fixture) (0.258375ms)
✔ dispatcher crash is atomic; future signal remains eligible after restart (0.116333ms)
✔ crash after provider response before finalize performs another read under new lease, never another payment (0.837709ms)
✔ lost finalize response after commit is recoverable by durable state without another lookup (0.238625ms)
✔ new signal during lookup remains READY work; terminal receives new generation without reversing old job (0.721459ms)
✔ AUTH_BLOCKED stays BLOCKED across new events; no automatic restart (0.190083ms)
✔ RATE_LIMITED stays BLOCKED across new events; no automatic restart (0.069333ms)
✔ NOT_FOUND_BLOCKED stays BLOCKED across new events; no automatic restart (0.055458ms)
✔ INVALID_RESPONSE_BLOCKED stays BLOCKED across new events; no automatic restart (0.051875ms)
✔ EVIDENCE_MISMATCH_BLOCKED stays BLOCKED across new events; no automatic restart (0.056541ms)
✔ NETWORK_RETRYABLE retries only when due; cap5 never resets on event (0.173875ms)
✔ PROVIDER_5XX_RETRYABLE retries only when due; cap5 never resets on event (0.112583ms)
✔ PENDING is not a terminal job; pending duplicate polls within budget and can reach COMPLETED (0.193583ms)
✔ deadline, final-attempt crash and fixture timeout are bounded with no real wait (0.121958ms)
✔ missing/wrong context stops before lookup; stale after context read also stops (0.399333ms)
✔ conflicting redelivery invalidates live lease and prevents automatic generation (0.116ms)
✔ Square fixture HTTP401 -> AUTH_BLOCKED (0.631125ms)
✔ Square fixture HTTP403 -> AUTH_BLOCKED (0.117834ms)
✔ Square fixture HTTP429 -> RATE_LIMITED (0.063834ms)
✔ Square fixture HTTP404 -> NOT_FOUND_BLOCKED (0.051042ms)
✔ Square fixture HTTP500 -> PROVIDER_5XX_RETRYABLE (0.063334ms)
✔ Square fixture HTTP503 -> PROVIDER_5XX_RETRYABLE (0.080541ms)
✔ Square fixture HTTP400 -> INVALID_RESPONSE_BLOCKED (0.054375ms)
✔ Square fixture HTTP302 -> INVALID_RESPONSE_BLOCKED (0.0515ms)
✔ Square fixture normalized observations, malformed response and network failures never leak raw payload/error (0.51675ms)
✔ worker fake-only path never invokes ambient fetch; diagnostics have no raw body/session/credential (0.256166ms)
✔ duplicate internal truth cannot bypass a contradictory FAILED business context (0.134959ms)
✔ AUTH_BLOCKED stops remaining batch and persists merchant circuit for new payments (0.349125ms)
✔ RATE_LIMITED stops remaining batch and persists merchant circuit for new payments (0.233583ms)
✔ internal stop codes and malformed provider port output are invalid response, not provider authority (0.252167ms)
✔ unlinked hash-conflicted inbox signal does not become a job in dispatcher fixture (0.072208ms)
✔ stale PENDING while newer PENDING exists remains retry work, not terminal (1.025416ms)
✔ cutoff crossed inside lookup cannot store an accepted observation (0.5355ms)
✔ R2 SDK transport fixture: private immutable object, conditional replay, no public ACL or default network (41.493916ms)
✔ R2 presigning uses SDK and bounded original-only tickets; rights withdrawal requires matched purge receipt (14.140375ms)
✔ owner rules use independent explicit targets and +1cm, no DIN or BSL computation (0.745917ms)
✔ 145/150/155, anchored direction choice and deterministic shorter tie (0.432583ms)
✔ original absolute window includes both boundaries and excludes one centimetre outside (0.129666ms)
✔ real exact-size variant IDs, no age/class substitution, no hidden larger boots or text guessing (0.718333ms)
✔ snowboard does not require detailed age/weight/level, ski age13 boundary and forged fields reject (2.718125ms)
✔ Argon2id has independent salts and verifies only the supplied password (255.001209ms)
✔ canonical email is case/outer-space stable; password policy adds no composition rules (0.379458ms)
✔ role, permission and ALL scope are independently required for staff management (0.071083ms)
✔ staff input cannot grant unimplemented refund permissions or forge subject (0.48ms)
✔ ordinary runtime without owned development connection fails closed and cannot attach a remote DB (0.24ms)
ℹ tests 235
ℹ suites 0
ℹ pass 235
ℹ fail 0
ℹ cancelled 0
ℹ skipped 0
ℹ todo 0
ℹ duration_ms 1330.7185
